36 lattice points in polytope (module generators)
0 Hilbert basis elements of recession monoid
20 vertices of polyhedron
0 extreme rays of recession cone
12 support hyperplanes of polyhedron (homogenized)

embedding dimension = 6
affine dimension of the polyhedron = 3
rank of recession monoid = 0 (polyhedron is polytope)

dehomogenization:
0 0 0 0 0 1 


module rank = 36

***********************************************************************

36 lattice points in polytope (module generators):
 5 7 6 6  7 1
 5 8 5 5  8 1
 6 5 7 6  7 1
 6 6 5 7  7 1
 6 6 6 5  8 1
 6 7 4 6  8 1
 6 7 5 4  9 1
 6 8 2 7  8 1
 6 8 3 5  9 1
 7 4 6 7  7 1
 7 4 7 5  8 1
 7 4 8 3  9 1
 7 5 5 6  8 1
 7 5 6 4  9 1
 7 5 7 2 10 1
 7 6 3 7  8 1
 7 6 4 5  9 1
 7 6 5 3 10 1
 7 7 1 8  8 1
 7 7 2 6  9 1
 7 7 3 4 10 1
 8 2 8 5  8 1
 8 2 9 3  9 1
 8 3 6 6  8 1
 8 3 7 4  9 1
 8 3 8 2 10 1
 8 4 4 7  8 1
 8 4 5 5  9 1
 8 4 6 3 10 1
 8 4 7 1 11 1
 8 5 3 6  9 1
 8 5 4 4 10 1
 9 1 8 4  9 1
 9 1 9 2 10 1
 9 2 7 3 10 1
 9 2 8 1 11 1

0 Hilbert basis elements of recession monoid:

20 vertices of polyhedron:
  5  7  6  6  7 1
  5  8  5  5  8 1
  7  4  6  7  7 1
  7  5  7  2 10 1
  7  7  3  4 10 1
  8  4  7  1 11 1
  9  1  8  4  9 1
  9  2  8  1 11 1
 11 14  9 14 14 2
 11 17  6 11 17 2
 14  7 14 13 14 2
 14  7 17  7 17 2
 18  1 18  7 18 2
 18  1 19  5 19 2
 18  5 13  5 21 2
 22 23 28 23 28 4
 25 31  6 31 31 4
 31 19 12 31 31 4
 31 25  6 25 37 4
 59 53  6 65 65 8

0 extreme rays of recession cone:

12 support hyperplanes of polyhedron (homogenized):
 -2  1  1  1 1  -4
 -1 -1 -1 -1 5 -11
 -1 -1 -1  2 2  -5
 -1 -1  0  1 1   0
 -1 -1  1  1 1  -3
 -1  0  0  0 1   0
 -1  0  1  1 0   0
 -1  1  1  0 0   0
  0 -1 -1  1 1   0
  0 -1  0  0 1   0
  0  0 -1  0 1   0
  0  0  0 -1 1   0

2 equations:
 1 0 -1 -2 -3  34
 0 1  2  3  4 -65

4 basis elements of generated  lattice:
 1 0 0 -4   3 0
 0 1 0 -3   2 0
 0 0 1 -2   1 0
 0 0 0 59 -28 1

