5 lattice points in polytope (module generators)
0 Hilbert basis elements of recession monoid
2 vertices of polyhedron
0 extreme rays of recession cone
2 support hyperplanes of polyhedron (homogenized)

embedding dimension = 4
affine dimension of the polyhedron = 1
rank of recession monoid = 0 (polyhedron is polytope)

dehomogenization:
0 0 0 1 


module rank = 5

***********************************************************************

5 lattice points in polytope (module generators):
 11 10 12 1
 12  8 13 1
 13  6 14 1
 14  4 15 1
 15  2 16 1

0 Hilbert basis elements of recession monoid:

2 vertices of polyhedron:
 15  2 16 1
 31 34 34 3

0 extreme rays of recession cone:

2 support hyperplanes of polyhedron (homogenized):
 0 -1  1  0
 0  0 -1 16

2 equations:
 1 0 -1   1
 0 1  2 -34

2 basis elements of generated  lattice:
 1 -2 1 0
 0 32 1 1

