78 lattice points in polytope (module generators)
0 Hilbert basis elements of recession monoid
204 vertices of polyhedron
0 extreme rays of recession cone
62 support hyperplanes of polyhedron (homogenized)

embedding dimension = 15
affine dimension of the polyhedron = 12
rank of recession monoid = 0 (polyhedron is polytope)

dehomogenization:
0 0 0 0 0 0 0 0 0 0 0 0 0 0 1 


module rank = 78

***********************************************************************

78 lattice points in polytope (module generators):
 0 1 2 1 1 1 1 1 1 1 1 1 1 3 1
 0 2 0 2 1 1 1 1 1 1 1 1 1 3 1
 0 2 1 0 2 1 1 1 1 1 1 1 1 3 1
 0 2 1 1 0 2 1 1 1 1 1 1 1 3 1
 0 2 1 1 1 0 2 1 1 1 1 1 1 3 1
 0 2 1 1 1 1 0 2 1 1 1 1 1 3 1
 0 2 1 1 1 1 1 0 2 1 1 1 1 3 1
 0 2 1 1 1 1 1 1 0 2 1 1 1 3 1
 0 2 1 1 1 1 1 1 1 0 2 1 1 3 1
 0 2 1 1 1 1 1 1 1 1 0 2 1 3 1
 0 2 1 1 1 1 1 1 1 1 1 0 2 3 1
 0 2 1 1 1 1 1 1 1 1 1 1 0 4 1
 1 0 1 2 1 1 1 1 1 1 1 1 1 3 1
 1 0 2 0 2 1 1 1 1 1 1 1 1 3 1
 1 0 2 1 0 2 1 1 1 1 1 1 1 3 1
 1 0 2 1 1 0 2 1 1 1 1 1 1 3 1
 1 0 2 1 1 1 0 2 1 1 1 1 1 3 1
 1 0 2 1 1 1 1 0 2 1 1 1 1 3 1
 1 0 2 1 1 1 1 1 0 2 1 1 1 3 1
 1 0 2 1 1 1 1 1 1 0 2 1 1 3 1
 1 0 2 1 1 1 1 1 1 1 0 2 1 3 1
 1 0 2 1 1 1 1 1 1 1 1 0 2 3 1
 1 0 2 1 1 1 1 1 1 1 1 1 0 4 1
 1 1 0 1 2 1 1 1 1 1 1 1 1 3 1
 1 1 0 2 0 2 1 1 1 1 1 1 1 3 1
 1 1 0 2 1 0 2 1 1 1 1 1 1 3 1
 1 1 0 2 1 1 0 2 1 1 1 1 1 3 1
 1 1 0 2 1 1 1 0 2 1 1 1 1 3 1
 1 1 0 2 1 1 1 1 0 2 1 1 1 3 1
 1 1 0 2 1 1 1 1 1 0 2 1 1 3 1
 1 1 0 2 1 1 1 1 1 1 0 2 1 3 1
 1 1 0 2 1 1 1 1 1 1 1 0 2 3 1
 1 1 0 2 1 1 1 1 1 1 1 1 0 4 1
 1 1 1 0 1 2 1 1 1 1 1 1 1 3 1
 1 1 1 0 2 0 2 1 1 1 1 1 1 3 1
 1 1 1 0 2 1 0 2 1 1 1 1 1 3 1
 1 1 1 0 2 1 1 0 2 1 1 1 1 3 1
 1 1 1 0 2 1 1 1 0 2 1 1 1 3 1
 1 1 1 0 2 1 1 1 1 0 2 1 1 3 1
 1 1 1 0 2 1 1 1 1 1 0 2 1 3 1
 1 1 1 0 2 1 1 1 1 1 1 0 2 3 1
 1 1 1 0 2 1 1 1 1 1 1 1 0 4 1
 1 1 1 1 0 1 2 1 1 1 1 1 1 3 1
 1 1 1 1 0 2 0 2 1 1 1 1 1 3 1
 1 1 1 1 0 2 1 0 2 1 1 1 1 3 1
 1 1 1 1 0 2 1 1 0 2 1 1 1 3 1
 1 1 1 1 0 2 1 1 1 0 2 1 1 3 1
 1 1 1 1 0 2 1 1 1 1 0 2 1 3 1
 1 1 1 1 0 2 1 1 1 1 1 0 2 3 1
 1 1 1 1 0 2 1 1 1 1 1 1 0 4 1
 1 1 1 1 1 0 1 2 1 1 1 1 1 3 1
 1 1 1 1 1 0 2 0 2 1 1 1 1 3 1
 1 1 1 1 1 0 2 1 0 2 1 1 1 3 1
 1 1 1 1 1 0 2 1 1 0 2 1 1 3 1
 1 1 1 1 1 0 2 1 1 1 0 2 1 3 1
 1 1 1 1 1 0 2 1 1 1 1 0 2 3 1
 1 1 1 1 1 0 2 1 1 1 1 1 0 4 1
 1 1 1 1 1 1 0 1 2 1 1 1 1 3 1
 1 1 1 1 1 1 0 2 0 2 1 1 1 3 1
 1 1 1 1 1 1 0 2 1 0 2 1 1 3 1
 1 1 1 1 1 1 0 2 1 1 0 2 1 3 1
 1 1 1 1 1 1 0 2 1 1 1 0 2 3 1
 1 1 1 1 1 1 0 2 1 1 1 1 0 4 1
 1 1 1 1 1 1 1 0 1 2 1 1 1 3 1
 1 1 1 1 1 1 1 0 2 0 2 1 1 3 1
 1 1 1 1 1 1 1 0 2 1 0 2 1 3 1
 1 1 1 1 1 1 1 0 2 1 1 0 2 3 1
 1 1 1 1 1 1 1 0 2 1 1 1 0 4 1
 1 1 1 1 1 1 1 1 0 1 2 1 1 3 1
 1 1 1 1 1 1 1 1 0 2 0 2 1 3 1
 1 1 1 1 1 1 1 1 0 2 1 0 2 3 1
 1 1 1 1 1 1 1 1 0 2 1 1 0 4 1
 1 1 1 1 1 1 1 1 1 0 1 2 1 3 1
 1 1 1 1 1 1 1 1 1 0 2 0 2 3 1
 1 1 1 1 1 1 1 1 1 0 2 1 0 4 1
 1 1 1 1 1 1 1 1 1 1 0 1 2 3 1
 1 1 1 1 1 1 1 1 1 1 0 2 0 4 1
 1 1 1 1 1 1 1 1 1 1 1 0 1 4 1

0 Hilbert basis elements of recession monoid:

204 vertices of polyhedron:
  0  1  2  1  1  1  1  1  1  1  1  1  1  3  1
  0  2  0  2  1  1  1  1  1  1  1  1  1  3  1
  0  2  1  0  2  1  1  1  1  1  1  1  1  3  1
  0  2  1  1  0  2  1  1  1  1  1  1  1  3  1
  0  2  1  1  1  0  2  1  1  1  1  1  1  3  1
  0  2  1  1  1  1  0  2  1  1  1  1  1  3  1
  0  2  1  1  1  1  1  0  2  1  1  1  1  3  1
  0  2  1  1  1  1  1  1  0  2  1  1  1  3  1
  0  2  1  1  1  1  1  1  1  0  2  1  1  3  1
  0  2  1  1  1  1  1  1  1  1  0  2  1  3  1
  0  2  1  1  1  1  1  1  1  1  1  0  2  3  1
  0  2  1  1  1  1  1  1  1  1  1  1  0  4  1
  1  0  1  2  1  1  1  1  1  1  1  1  1  3  1
  1  0  2  0  2  1  1  1  1  1  1  1  1  3  1
  1  0  2  1  0  2  1  1  1  1  1  1  1  3  1
  1  0  2  1  1  0  2  1  1  1  1  1  1  3  1
  1  0  2  1  1  1  0  2  1  1  1  1  1  3  1
  1  0  2  1  1  1  1  0  2  1  1  1  1  3  1
  1  0  2  1  1  1  1  1  0  2  1  1  1  3  1
  1  0  2  1  1  1  1  1  1  0  2  1  1  3  1
  1  0  2  1  1  1  1  1  1  1  0  2  1  3  1
  1  0  2  1  1  1  1  1  1  1  1  0  2  3  1
  1  0  2  1  1  1  1  1  1  1  1  1  0  4  1
  1  0  5  2  2  2  2  2  2  2  2  2  2  6  2
  1  1  0  1  2  1  1  1  1  1  1  1  1  3  1
  1  1  0  2  0  2  1  1  1  1  1  1  1  3  1
  1  1  0  2  1  0  2  1  1  1  1  1  1  3  1
  1  1  0  2  1  1  0  2  1  1  1  1  1  3  1
  1  1  0  2  1  1  1  0  2  1  1  1  1  3  1
  1  1  0  2  1  1  1  1  0  2  1  1  1  3  1
  1  1  0  2  1  1  1  1  1  0  2  1  1  3  1
  1  1  0  2  1  1  1  1  1  1  0  2  1  3  1
  1  1  0  2  1  1  1  1  1  1  1  0  2  3  1
  1  1  0  2  1  1  1  1  1  1  1  1  0  4  1
  1  1  1  0  1  2  1  1  1  1  1  1  1  3  1
  1  1  1  0  2  0  2  1  1  1  1  1  1  3  1
  1  1  1  0  2  1  0  2  1  1  1  1  1  3  1
  1  1  1  0  2  1  1  0  2  1  1  1  1  3  1
  1  1  1  0  2  1  1  1  0  2  1  1  1  3  1
  1  1  1  0  2  1  1  1  1  0  2  1  1  3  1
  1  1  1  0  2  1  1  1  1  1  0  2  1  3  1
  1  1  1  0  2  1  1  1  1  1  1  0  2  3  1
  1  1  1  0  2  1  1  1  1  1  1  1  0  4  1
  1  1  1  1  0  1  2  1  1  1  1  1  1  3  1
  1  1  1  1  0  2  0  2  1  1  1  1  1  3  1
  1  1  1  1  0  2  1  0  2  1  1  1  1  3  1
  1  1  1  1  0  2  1  1  0  2  1  1  1  3  1
  1  1  1  1  0  2  1  1  1  0  2  1  1  3  1
  1  1  1  1  0  2  1  1  1  1  0  2  1  3  1
  1  1  1  1  0  2  1  1  1  1  1  0  2  3  1
  1  1  1  1  0  2  1  1  1  1  1  1  0  4  1
  1  1  1  1  1  0  1  2  1  1  1  1  1  3  1
  1  1  1  1  1  0  2  0  2  1  1  1  1  3  1
  1  1  1  1  1  0  2  1  0  2  1  1  1  3  1
  1  1  1  1  1  0  2  1  1  0  2  1  1  3  1
  1  1  1  1  1  0  2  1  1  1  0  2  1  3  1
  1  1  1  1  1  0  2  1  1  1  1  0  2  3  1
  1  1  1  1  1  0  2  1  1  1  1  1  0  4  1
  1  1  1  1  1  1  0  1  2  1  1  1  1  3  1
  1  1  1  1  1  1  0  2  0  2  1  1  1  3  1
  1  1  1  1  1  1  0  2  1  0  2  1  1  3  1
  1  1  1  1  1  1  0  2  1  1  0  2  1  3  1
  1  1  1  1  1  1  0  2  1  1  1  0  2  3  1
  1  1  1  1  1  1  0  2  1  1  1  1  0  4  1
  1  1  1  1  1  1  1  0  1  2  1  1  1  3  1
  1  1  1  1  1  1  1  0  2  0  2  1  1  3  1
  1  1  1  1  1  1  1  0  2  1  0  2  1  3  1
  1  1  1  1  1  1  1  0  2  1  1  0  2  3  1
  1  1  1  1  1  1  1  0  2  1  1  1  0  4  1
  1  1  1  1  1  1  1  1  0  1  2  1  1  3  1
  1  1  1  1  1  1  1  1  0  2  0  2  1  3  1
  1  1  1  1  1  1  1  1  0  2  1  0  2  3  1
  1  1  1  1  1  1  1  1  0  2  1  1  0  4  1
  1  1  1  1  1  1  1  1  1  0  1  2  1  3  1
  1  1  1  1  1  1  1  1  1  0  2  0  2  3  1
  1  1  1  1  1  1  1  1  1  0  2  1  0  4  1
  1  1  1  1  1  1  1  1  1  1  0  1  2  3  1
  1  1  1  1  1  1  1  1  1  1  0  2  0  4  1
  1  1  1  1  1  1  1  1  1  1  1  0  1  4  1
  2  4  2  0  7  3  3  3  3  3  3  3  3  9  3
  3  2  3  0  7  3  3  3  3  3  3  3  3  9  3
  3  4  5  4  3  0  9  4  4  4  4  4  4 12  4
  3  5  3  5  3  0  9  4  4  4  4  4  4 12  4
  4  3  5  3  4  0  9  4  4  4  4  4  4 12  4
  4  4  0 12  5  5  5  5  5  5  5  5  5 15  5
  4  4  3  4  4  0  9  4  4  4  4  4  4 12  4
  4  5  5  6  5  5  4  0 11  5  5  5  5 15  5
  4  5  6  4  6  5  4  0 11  5  5  5  5 15  5
  4  6  4  6  4  6  4  0 11  5  5  5  5 15  5
  4  6  5  4  5  6  4  0 11  5  5  5  5 15  5
  5  4  5  6  5  4  5  0 11  5  5  5  5 15  5
  5  4  6  4  6  4  5  0 11  5  5  5  5 15  5
  5  5  4  6  4  5  5  0 11  5  5  5  5 15  5
  5  5  5  4  5  5  5  0 11  5  5  5  5 15  5
  5  6  6  6  7  6  6  6  5  0 13  6  6 18  6
  5  6  6  7  5  7  6  6  5  0 13  6  6 18  6
  5  6  7  5  7  5  7  6  5  0 13  6  6 18  6
  5  6  7  6  5  6  7  6  5  0 13  6  6 18  6
  5  7  5  6  7  6  5  7  5  0 13  6  6 18  6
  5  7  5  7  5  7  5  7  5  0 13  6  6 18  6
  5  7  6  5  7  5  6  7  5  0 13  6  6 18  6
  5  7  6  6  5  6  6  7  5  0 13  6  6 18  6
  5  8  8  5  0 16  7  7  7  7  7  7  7 21  7
  6  5  6  6  7  6  6  5  6  0 13  6  6 18  6
  6  5  6  7  5  7  6  5  6  0 13  6  6 18  6
  6  5  7  5  7  5  7  5  6  0 13  6  6 18  6
  6  5  7  6  5  6  7  5  6  0 13  6  6 18  6
  6  6  5  6  7  6  5  6  6  0 13  6  6 18  6
  6  6  5  7  5  7  5  6  6  0 13  6  6 18  6
  6  6  6  5  7  5  6  6  6  0 13  6  6 18  6
  6  6  6  6  5  6  6  6  6  0 13  6  6 18  6
  6  7  7  7  7  8  7  7  7  7  6  0 15 21  7
  6  7  7  7  8  6  8  7  7  7  6  0 15 21  7
  6  7  7  8  6  8  6  8  7  7  6  0 15 21  7
  6  7  7  8  7  6  7  8  7  7  6  0 15 21  7
  6  7  8  6  7  8  7  6  8  7  6  0 15 21  7
  6  7  8  6  8  6  8  6  8  7  6  0 15 21  7
  6  7  8  7  6  8  6  7  8  7  6  0 15 21  7
  6  7  8  7  7  6  7  7  8  7  6  0 15 21  7
  6  8  6  7  7  8  7  7  6  8  6  0 15 21  7
  6  8  6  7  8  6  8  7  6  8  6  0 15 21  7
  6  8  6  8  6  8  6  8  6  8  6  0 15 21  7
  6  8  6  8  7  6  7  8  6  8  6  0 15 21  7
  6  8  7  6  7  8  7  6  7  8  6  0 15 21  7
  6  8  7  6  8  6  8  6  7  8  6  0 15 21  7
  6  8  7  7  6  8  6  7  7  8  6  0 15 21  7
  6  8  7  7  7  6  7  7  7  8  6  0 15 21  7
  7  6  6  7  0 16  7  7  7  7  7  7  7 21  7
  7  6  7  7  7  8  7  7  7  6  7  0 15 21  7
  7  6  7  7  8  6  8  7  7  6  7  0 15 21  7
  7  6  7  8  6  8  6  8  7  6  7  0 15 21  7
  7  6  7  8  7  6  7  8  7  6  7  0 15 21  7
  7  6  8  6  7  8  7  6  8  6  7  0 15 21  7
  7  6  8  6  8  6  8  6  8  6  7  0 15 21  7
  7  6  8  7  6  8  6  7  8  6  7  0 15 21  7
  7  6  8  7  7  6  7  7  8  6  7  0 15 21  7
  7  7  6  7  7  8  7  7  6  7  7  0 15 21  7
  7  7  6  7  8  6  8  7  6  7  7  0 15 21  7
  7  7  6  8  6  8  6  8  6  7  7  0 15 21  7
  7  7  6  8  7  6  7  8  6  7  7  0 15 21  7
  7  7  7  6  7  8  7  6  7  7  7  0 15 21  7
  7  7  7  6  8  6  8  6  7  7  7  0 15 21  7
  7  7  7  7  6  8  6  7  7  7  7  0 15 21  7
  7  7  7  7  7  6  7  7  7  7  7  0 15 21  7
  7  9 10 10  9  7  0 20  9  9  9  9  9 27  9
  7 11  8  8 11  7  0 20  9  9  9  9  9 27  9
  9  7 10 10  7  9  0 20  9  9  9  9  9 27  9
  9  9  8  8  9  9  0 20  9  9  9  9  9 27  9
  9 11 11 12 12 11 11  9  0 24 11 11 11 33 11
  9 11 13 10 10 13 11  9  0 24 11 11 11 33 11
  9 13  9 12 12  9 13  9  0 24 11 11 11 33 11
  9 13 11 10 10 11 13  9  0 24 11 11 11 33 11
 11  9 11 12 12 11  9 11  0 24 11 11 11 33 11
 11  9 13 10 10 13  9 11  0 24 11 11 11 33 11
 11 11  9 12 12  9 11 11  0 24 11 11 11 33 11
 11 11 11 10 10 11 11 11  0 24 11 11 11 33 11
 11 13 13 13 14 14 13 13 13 11  0 28 13 39 13
 11 13 13 15 12 12 15 13 13 11  0 28 13 39 13
 11 13 15 11 14 14 11 15 13 11  0 28 13 39 13
 11 13 15 13 12 12 13 15 13 11  0 28 13 39 13
 11 15 11 13 14 14 13 11 15 11  0 28 13 39 13
 11 15 11 15 12 12 15 11 15 11  0 28 13 39 13
 11 15 13 11 14 14 11 13 15 11  0 28 13 39 13
 11 15 13 13 12 12 13 13 15 11  0 28 13 39 13
 13 11 13 13 14 14 13 13 11 13  0 28 13 39 13
 13 11 13 15 12 12 15 13 11 13  0 28 13 39 13
 13 11 15 11 14 14 11 15 11 13  0 28 13 39 13
 13 11 15 13 12 12 13 15 11 13  0 28 13 39 13
 13 13 11 13 14 14 13 11 13 13  0 28 13 39 13
 13 13 11 15 12 12 15 11 13 13  0 28 13 39 13
 13 13 13 11 14 14 11 13 13 13  0 28 13 39 13
 13 13 13 13 12 12 13 13 13 13  0 28 13 39 13
 13 15 15 15 15 16 16 15 15 15 15 13  0 62 15
 13 15 15 15 17 14 14 17 15 15 15 13  0 62 15
 13 15 15 17 13 16 16 13 17 15 15 13  0 62 15
 13 15 15 17 15 14 14 15 17 15 15 13  0 62 15
 13 15 17 13 15 16 16 15 13 17 15 13  0 62 15
 13 15 17 13 17 14 14 17 13 17 15 13  0 62 15
 13 15 17 15 13 16 16 13 15 17 15 13  0 62 15
 13 15 17 15 15 14 14 15 15 17 15 13  0 62 15
 13 17 13 15 15 16 16 15 15 13 17 13  0 62 15
 13 17 13 15 17 14 14 17 15 13 17 13  0 62 15
 13 17 13 17 13 16 16 13 17 13 17 13  0 62 15
 13 17 13 17 15 14 14 15 17 13 17 13  0 62 15
 13 17 15 13 15 16 16 15 13 15 17 13  0 62 15
 13 17 15 13 17 14 14 17 13 15 17 13  0 62 15
 13 17 15 15 13 16 16 13 15 15 17 13  0 62 15
 13 17 15 15 15 14 14 15 15 15 17 13  0 62 15
 15 13 15 15 15 16 16 15 15 15 13 15  0 62 15
 15 13 15 15 17 14 14 17 15 15 13 15  0 62 15
 15 13 15 17 13 16 16 13 17 15 13 15  0 62 15
 15 13 15 17 15 14 14 15 17 15 13 15  0 62 15
 15 13 17 13 15 16 16 15 13 17 13 15  0 62 15
 15 13 17 13 17 14 14 17 13 17 13 15  0 62 15
 15 13 17 15 13 16 16 13 15 17 13 15  0 62 15
 15 13 17 15 15 14 14 15 15 17 13 15  0 62 15
 15 15 13 15 15 16 16 15 15 13 15 15  0 62 15
 15 15 13 15 17 14 14 17 15 13 15 15  0 62 15
 15 15 13 17 13 16 16 13 17 13 15 15  0 62 15
 15 15 13 17 15 14 14 15 17 13 15 15  0 62 15
 15 15 15 13 15 16 16 15 13 15 15 15  0 62 15
 15 15 15 13 17 14 14 17 13 15 15 15  0 62 15
 15 15 15 15 13 16 16 13 15 15 15 15  0 62 15
 15 15 15 15 15 14 14 15 15 15 15 15  0 62 15

0 extreme rays of recession cone:

62 support hyperplanes of polyhedron (homogenized):
 -13   2   2  2  2  2  2  2  2  2  2  2  2  2 -17
 -11 -11 -11  4  4  4  4  4  4  4  4  4  4  4 -19
  -8  -8  -8 -8 -8 -8  7  7  7  7  7  7  7  7 -22
  -7  -7  -7 -7 -7 -7 -7  8  8  8  8  8  8  8 -23
  -4  -4  -4 -4 -4 -4 -4 -4 -4 -4 11 11 11 11 -26
  -4  -4   1  1  1  1  1  1  1  1  1  1  1  1  -6
  -3  -3  -3 -3 -3  2  2  2  2  2  2  2  2  2  -7
  -2  -2  -2 -2 -2 -2 -2 -2 -2 -2 -2 -2 13 13 -28
  -2  -2  -2 -2 -2 -2 -2 -2  3  3  3  3  3  3  -8
  -2  -2  -2 -2  1  1  1  1  1  1  1  1  1  1  -4
  -1  -1  -1 -1 -1 -1 -1 -1 -1 -1 -1 -1 -1 14 -29
  -1  -1  -1 -1 -1 -1 -1 -1 -1 -1 -1  4  4  4  -9
  -1  -1  -1 -1 -1 -1 -1 -1 -1  2  2  2  2  2  -5
  -1  -1  -1 -1 -1 -1  1  1  1  1  1  1  1  0   0
  -1  -1  -1 -1 -1  0  0  1  1  1  1  1  1  0   0
  -1  -1  -1 -1 -1  0  1  1  1  1  1  1  0  0   0
  -1  -1  -1 -1 -1  1  1  1  1  1  1  0  0  0   0
  -1  -1  -1 -1  0  0  0  0  1  1  1  1  1  0   0
  -1  -1  -1 -1  0  0  0  1  1  1  1  1  0  0   0
  -1  -1  -1 -1  0  0  1  1  1  1  1  0  0  0   0
  -1  -1  -1 -1  0  1  1  1  1  1  0  0  0  0   0
  -1  -1  -1 -1  1  1  1  1  1  0  0  0  0  0   0
  -1  -1  -1  0  0  0  0  0  0  1  1  1  1  0   0
  -1  -1  -1  0  0  0  0  0  1  1  1  1  0  0   0
  -1  -1  -1  0  0  0  0  1  1  1  1  0  0  0   0
  -1  -1  -1  0  0  0  1  1  1  1  0  0  0  0   0
  -1  -1  -1  0  0  1  1  1  1  0  0  0  0  0   0
  -1  -1  -1  0  1  1  1  1  0  0  0  0  0  0   0
  -1  -1  -1  1  1  1  1  0  0  0  0  0  0  0   0
  -1  -1   0  0  0  0  0  0  0  0  1  1  1  0   0
  -1  -1   0  0  0  0  0  0  0  1  1  1  0  0   0
  -1  -1   0  0  0  0  0  0  1  1  1  0  0  0   0
  -1  -1   0  0  0  0  0  1  1  1  0  0  0  0   0
  -1  -1   0  0  0  0  1  1  1  0  0  0  0  0   0
  -1  -1   0  0  0  1  1  1  0  0  0  0  0  0   0
  -1  -1   0  0  1  1  1  0  0  0  0  0  0  0   0
  -1  -1   0  1  1  1  0  0  0  0  0  0  0  0   0
  -1  -1   1  1  1  0  0  0  0  0  0  0  0  0   0
  -1   0   0  0  0  0  0  0  0  0  0  1  1  0   0
  -1   0   0  0  0  0  0  0  0  0  1  1  0  0   0
  -1   0   0  0  0  0  0  0  0  1  1  0  0  0   0
  -1   0   0  0  0  0  0  0  1  1  0  0  0  0   0
  -1   0   0  0  0  0  0  1  1  0  0  0  0  0   0
  -1   0   0  0  0  0  1  1  0  0  0  0  0  0   0
  -1   0   0  0  0  1  1  0  0  0  0  0  0  0   0
  -1   0   0  0  1  1  0  0  0  0  0  0  0  0   0
  -1   0   0  1  1  0  0  0  0  0  0  0  0  0   0
  -1   0   1  1  0  0  0  0  0  0  0  0  0  0   0
  -1   1   1  0  0  0  0  0  0  0  0  0  0  0   0
   0   0   0  0  0  0  0  0  0  0  0  0  1  0   0
   0   0   0  0  0  0  0  0  0  0  0  1  0  0   0
   0   0   0  0  0  0  0  0  0  0  1  0  0  0   0
   0   0   0  0  0  0  0  0  0  1  0  0  0  0   0
   0   0   0  0  0  0  0  0  1  0  0  0  0  0   0
   0   0   0  0  0  0  0  1  0  0  0  0  0  0   0
   0   0   0  0  0  0  1  0  0  0  0  0  0  0   0
   0   0   0  0  0  1  0  0  0  0  0  0  0  0   0
   0   0   0  0  1  0  0  0  0  0  0  0  0  0   0
   0   0   0  1  0  0  0  0  0  0  0  0  0  0   0
   0   0   1  0  0  0  0  0  0  0  0  0  0  0   0
   0   1   0  0  0  0  0  0  0  0  0  0  0  0   0
   1   0   0  0  0  0  0  0  0  0  0  0  0  0   0

2 equations:
 1 0 -1 -2 -3 -4 -5 -6 -7 -8 -9 -10 -11 -12  103
 0 1  2  3  4  5  6  7  8  9 10  11  12  13 -119

13 basis elements of generated  lattice:
 1 0 0 0 0 0 0 0 0 0 0 0 -13  12 0
 0 1 0 0 0 0 0 0 0 0 0 0 -12  11 0
 0 0 1 0 0 0 0 0 0 0 0 0 -11  10 0
 0 0 0 1 0 0 0 0 0 0 0 0 -10   9 0
 0 0 0 0 1 0 0 0 0 0 0 0  -9   8 0
 0 0 0 0 0 1 0 0 0 0 0 0  -8   7 0
 0 0 0 0 0 0 1 0 0 0 0 0  -7   6 0
 0 0 0 0 0 0 0 1 0 0 0 0  -6   5 0
 0 0 0 0 0 0 0 0 1 0 0 0  -5   4 0
 0 0 0 0 0 0 0 0 0 1 0 0  -4   3 0
 0 0 0 0 0 0 0 0 0 0 1 0  -3   2 0
 0 0 0 0 0 0 0 0 0 0 0 1  -2   1 0
 0 0 0 0 0 0 0 0 0 0 0 0  89 -73 1

