11 lattice points in polytope (module generators)
0 Hilbert basis elements of recession monoid
11 vertices of polyhedron
0 extreme rays of recession cone
11 support hyperplanes of polyhedron (homogenized)

embedding dimension = 13
affine dimension of the polyhedron = 10
rank of recession monoid = 0 (polyhedron is polytope)

dehomogenization:
0 0 0 0 0 0 0 0 0 0 0 0 1 


module rank = 11

***********************************************************************

11 lattice points in polytope (module generators):
 4 4 3 3 3 3 3 3 3 3 3 5 1
 5 2 4 3 3 3 3 3 3 3 3 5 1
 5 3 2 4 3 3 3 3 3 3 3 5 1
 5 3 3 2 4 3 3 3 3 3 3 5 1
 5 3 3 3 2 4 3 3 3 3 3 5 1
 5 3 3 3 3 2 4 3 3 3 3 5 1
 5 3 3 3 3 3 2 4 3 3 3 5 1
 5 3 3 3 3 3 3 2 4 3 3 5 1
 5 3 3 3 3 3 3 3 2 4 3 5 1
 5 3 3 3 3 3 3 3 3 2 4 5 1
 5 3 3 3 3 3 3 3 3 3 2 6 1

0 Hilbert basis elements of recession monoid:

11 vertices of polyhedron:
 4 4 3 3 3 3 3 3 3 3 3 5 1
 5 2 4 3 3 3 3 3 3 3 3 5 1
 5 3 2 4 3 3 3 3 3 3 3 5 1
 5 3 3 2 4 3 3 3 3 3 3 5 1
 5 3 3 3 2 4 3 3 3 3 3 5 1
 5 3 3 3 3 2 4 3 3 3 3 5 1
 5 3 3 3 3 3 2 4 3 3 3 5 1
 5 3 3 3 3 3 3 2 4 3 3 5 1
 5 3 3 3 3 3 3 3 2 4 3 5 1
 5 3 3 3 3 3 3 3 3 2 4 5 1
 5 3 3 3 3 3 3 3 3 3 2 6 1

0 extreme rays of recession cone:

11 support hyperplanes of polyhedron (homogenized):
 -11   2  2  2  2  2  2  2  2  2  2  2 -15
 -10 -10  3  3  3  3  3  3  3  3  3  3 -16
  -9  -9 -9  4  4  4  4  4  4  4  4  4 -17
  -8  -8 -8 -8  5  5  5  5  5  5  5  5 -18
  -7  -7 -7 -7 -7  6  6  6  6  6  6  6 -19
  -6  -6 -6 -6 -6 -6  7  7  7  7  7  7 -20
  -5  -5 -5 -5 -5 -5 -5  8  8  8  8  8 -21
  -4  -4 -4 -4 -4 -4 -4 -4  9  9  9  9 -22
  -3  -3 -3 -3 -3 -3 -3 -3 -3 10 10 10 -23
  -2  -2 -2 -2 -2 -2 -2 -2 -2 -2 11 11 -24
  -1  -1 -1 -1 -1 -1 -1 -1 -1 -1 -1 12 -25

2 equations:
 1 0 -1 -2 -3 -4 -5 -6 -7 -8 -9 -10  181
 0 1  2  3  4  5  6  7  8  9 10  11 -221

11 basis elements of generated  lattice:
 1 0 0 0 0 0 0 0 0 0 -11   10 0
 0 1 0 0 0 0 0 0 0 0 -10    9 0
 0 0 1 0 0 0 0 0 0 0  -9    8 0
 0 0 0 1 0 0 0 0 0 0  -8    7 0
 0 0 0 0 1 0 0 0 0 0  -7    6 0
 0 0 0 0 0 1 0 0 0 0  -6    5 0
 0 0 0 0 0 0 1 0 0 0  -5    4 0
 0 0 0 0 0 0 0 1 0 0  -4    3 0
 0 0 0 0 0 0 0 0 1 0  -3    2 0
 0 0 0 0 0 0 0 0 0 1  -2    1 0
 0 0 0 0 0 0 0 0 0 0 219 -179 1

