8 lattice points in polytope (module generators)
0 Hilbert basis elements of recession monoid
5 vertices of polyhedron
0 extreme rays of recession cone
5 support hyperplanes of polyhedron (homogenized)

embedding dimension = 5
affine dimension of the polyhedron = 2
rank of recession monoid = 0 (polyhedron is polytope)

dehomogenization:
0 0 0 0 1 


module rank = 8

***********************************************************************

8 lattice points in polytope (module generators):
  7 8 7  9 1
  8 6 8  9 1
  8 7 6 10 1
  9 4 9  9 1
  9 5 7 10 1
  9 6 5 11 1
 10 3 8 10 1
 10 4 6 11 1

0 Hilbert basis elements of recession monoid:

5 vertices of polyhedron:
  9  4  9  9 1
 13 18 13 18 2
 19 12  7 24 2
 31  8 23 31 3
 39 49 49 49 6

0 extreme rays of recession cone:

5 support hyperplanes of polyhedron (homogenized):
 -1 -1  1 1 0
 -1  0  0 1 0
 -1  1  1 0 0
  0 -1  0 1 0
  0  0 -1 1 0

2 equations:
 1 0 -1 -2  18
 0 1  2  3 -49

3 basis elements of generated  lattice:
 1 0 -3   2 0
 0 1 -2   1 0
 0 0 44 -13 1

