23 lattice points in polytope (module generators)
0 Hilbert basis elements of recession monoid
11 vertices of polyhedron
0 extreme rays of recession cone
9 support hyperplanes of polyhedron (homogenized)

embedding dimension = 6
affine dimension of the polyhedron = 3
rank of recession monoid = 0 (polyhedron is polytope)

dehomogenization:
0 0 0 0 0 1 


module rank = 23

***********************************************************************

23 lattice points in polytope (module generators):
 0 1 4 3 5 1
 0 1 5 1 6 1
 0 2 2 4 5 1
 0 2 3 2 6 1
 0 2 4 0 7 1
 0 3 0 5 5 1
 0 3 1 3 6 1
 0 3 2 1 7 1
 0 4 0 2 7 1
 0 4 1 0 8 1
 1 0 3 4 5 1
 1 0 4 2 6 1
 1 0 5 0 7 1
 1 1 1 5 5 1
 1 1 2 3 6 1
 1 1 3 1 7 1
 1 2 0 4 6 1
 1 2 1 2 7 1
 1 2 2 0 8 1
 1 3 0 1 8 1
 2 0 2 2 7 1
 2 0 3 0 8 1
 2 1 1 1 8 1

0 Hilbert basis elements of recession monoid:

11 vertices of polyhedron:
 0  1 12  1 12 2
 0  2 11  0 13 2
 0  3  0  5  5 1
 0  3 25 25 25 6
 0 14  0  0 25 3
 1  0 19  0 19 3
 3  0  3 10 10 2
 3  0 38 38 38 9
 5  5  0 21 21 4
 7  0  7  0 25 3
 7  7  0  7 31 4

0 extreme rays of recession cone:

9 support hyperplanes of polyhedron (homogenized):
 -1  0  1  1 0 0
 -1  1  1  0 0 0
  0 -1 -1  1 1 0
  0  0 -1  0 1 0
  0  0  0 -1 1 0
  0  0  0  1 0 0
  0  0  1  0 0 0
  0  1  0  0 0 0
  1  0  0  0 0 0

2 equations:
 1 0 -1 -2 -3  25
 0 1  2  3  4 -38

4 basis elements of generated  lattice:
 1 0 0 -4  3 0
 0 1 0 -3  2 0
 0 0 1 -2  1 0
 0 0 0 14 -1 1

