164 lattice points in polytope (module generators)
0 Hilbert basis elements of recession monoid
166 vertices of polyhedron
0 extreme rays of recession cone
25 support hyperplanes of polyhedron (homogenized)

embedding dimension = 8
affine dimension of the polyhedron = 5
rank of recession monoid = 0 (polyhedron is polytope)

dehomogenization:
0 0 0 0 0 0 0 1 


module rank = 164

***********************************************************************

164 lattice points in polytope (module generators):
 2 4 4 3 4 3 5 1
 2 4 5 2 3 4 5 1
 2 5 2 4 4 3 5 1
 2 5 3 2 5 3 5 1
 2 5 3 3 3 4 5 1
 2 5 3 3 4 2 6 1
 2 5 4 1 4 4 5 1
 2 5 4 2 2 5 5 1
 2 5 4 2 3 3 6 1
 2 6 1 4 4 2 6 1
 2 6 2 2 5 2 6 1
 2 6 2 3 3 3 6 1
 2 6 2 3 4 1 7 1
 2 6 3 1 4 3 6 1
 3 2 5 3 4 3 5 1
 3 2 5 4 2 4 5 1
 3 2 6 2 4 2 6 1
 3 2 6 3 2 3 6 1
 3 3 3 4 4 3 5 1
 3 3 3 5 2 4 5 1
 3 3 3 5 3 2 6 1
 3 3 4 2 5 3 5 1
 3 3 4 3 3 4 5 1
 3 3 4 3 4 2 6 1
 3 3 4 4 1 5 5 1
 3 3 4 4 2 3 6 1
 3 3 4 4 3 1 7 1
 3 3 5 1 4 4 5 1
 3 3 5 1 5 2 6 1
 3 3 5 2 2 5 5 1
 3 3 5 2 3 3 6 1
 3 3 5 2 4 1 7 1
 3 3 5 3 1 4 6 1
 3 3 5 3 2 2 7 1
 3 3 5 3 3 0 8 1
 3 4 2 3 5 3 5 1
 3 4 2 4 3 4 5 1
 3 4 2 4 4 2 6 1
 3 4 2 5 1 5 5 1
 3 4 2 5 2 3 6 1
 3 4 2 5 3 1 7 1
 3 4 3 2 4 4 5 1
 3 4 3 2 5 2 6 1
 3 4 3 3 2 5 5 1
 3 4 3 3 3 3 6 1
 3 4 3 3 4 1 7 1
 3 4 3 4 1 4 6 1
 3 4 3 4 2 2 7 1
 3 4 3 4 3 0 8 1
 3 4 4 0 5 4 5 1
 3 4 4 0 6 2 6 1
 3 4 4 1 3 5 5 1
 3 4 4 1 4 3 6 1
 3 4 4 1 5 1 7 1
 3 4 4 2 2 4 6 1
 3 4 4 2 3 2 7 1
 3 4 4 3 0 5 6 1
 3 4 4 3 1 3 7 1
 3 5 0 5 3 4 5 1
 3 5 0 6 2 3 6 1
 3 5 1 3 4 4 5 1
 3 5 1 3 5 2 6 1
 3 5 1 4 3 3 6 1
 3 5 1 4 4 1 7 1
 3 5 1 5 2 2 7 1
 3 5 1 5 3 0 8 1
 3 5 2 1 5 4 5 1
 3 5 2 1 6 2 6 1
 3 5 2 2 4 3 6 1
 3 5 2 2 5 1 7 1
 3 5 2 3 3 2 7 1
 3 5 3 0 5 3 6 1
 4 1 4 4 4 3 5 1
 4 1 4 5 2 4 5 1
 4 1 5 2 5 3 5 1
 4 1 5 3 3 4 5 1
 4 1 5 3 4 2 6 1
 4 1 5 4 1 5 5 1
 4 1 5 4 2 3 6 1
 4 1 6 1 5 2 6 1
 4 1 6 2 3 3 6 1
 4 1 6 2 4 1 7 1
 4 1 6 3 1 4 6 1
 4 1 6 3 2 2 7 1
 4 2 3 3 5 3 5 1
 4 2 3 4 3 4 5 1
 4 2 3 4 4 2 6 1
 4 2 3 5 1 5 5 1
 4 2 3 5 2 3 6 1
 4 2 3 5 3 1 7 1
 4 2 4 2 4 4 5 1
 4 2 4 2 5 2 6 1
 4 2 4 3 2 5 5 1
 4 2 4 3 3 3 6 1
 4 2 4 3 4 1 7 1
 4 2 4 4 1 4 6 1
 4 2 4 4 2 2 7 1
 4 2 5 0 5 4 5 1
 4 2 5 0 6 2 6 1
 4 2 5 1 3 5 5 1
 4 2 5 1 4 3 6 1
 4 2 5 1 5 1 7 1
 4 2 5 2 2 4 6 1
 4 2 5 2 3 2 7 1
 4 2 5 2 4 0 8 1
 4 2 5 3 1 3 7 1
 4 3 1 5 3 4 5 1
 4 3 1 6 2 3 6 1
 4 3 2 3 4 4 5 1
 4 3 2 3 5 2 6 1
 4 3 2 4 2 5 5 1
 4 3 2 4 3 3 6 1
 4 3 2 4 4 1 7 1
 4 3 2 5 1 4 6 1
 4 3 2 5 2 2 7 1
 4 3 3 1 5 4 5 1
 4 3 3 1 6 2 6 1
 4 3 3 2 3 5 5 1
 4 3 3 2 4 3 6 1
 4 3 3 2 5 1 7 1
 4 3 3 3 2 4 6 1
 4 3 3 3 3 2 7 1
 4 3 3 3 4 0 8 1
 4 3 3 4 0 5 6 1
 4 3 3 4 1 3 7 1
 4 3 4 0 4 5 5 1
 4 3 4 0 5 3 6 1
 4 3 4 0 6 1 7 1
 4 3 4 1 3 4 6 1
 4 3 4 1 4 2 7 1
 4 3 4 2 2 3 7 1
 4 4 0 4 4 4 5 1
 4 4 0 5 3 3 6 1
 4 4 0 6 2 2 7 1
 4 4 1 3 4 3 6 1
 4 4 1 3 5 1 7 1
 4 4 1 4 3 2 7 1
 4 4 1 4 4 0 8 1
 4 4 2 2 4 2 7 1
 5 0 5 2 4 4 5 1
 5 0 5 2 5 2 6 1
 5 0 5 3 2 5 5 1
 5 0 5 3 3 3 6 1
 5 0 5 3 4 1 7 1
 5 0 5 4 1 4 6 1
 5 0 6 0 6 2 6 1
 5 0 6 1 4 3 6 1
 5 0 6 1 5 1 7 1
 5 0 6 2 3 2 7 1
 5 1 4 1 5 4 5 1
 5 1 4 1 6 2 6 1
 5 1 4 2 3 5 5 1
 5 1 4 2 4 3 6 1
 5 1 4 2 5 1 7 1
 5 1 4 3 2 4 6 1
 5 1 4 3 3 2 7 1
 5 1 5 0 5 3 6 1
 5 1 5 0 6 1 7 1
 5 1 5 1 4 2 7 1
 5 1 5 1 5 0 8 1
 5 2 3 2 3 4 6 1
 5 2 3 2 4 2 7 1
 5 2 3 2 5 0 8 1
 5 2 3 3 2 3 7 1

0 Hilbert basis elements of recession monoid:

166 vertices of polyhedron:
   2   5   3   2   5   3   5  1
   2   6   3   1   4   3   6  1
   3   2   5   4   2   4   5  1
   3   2   6   2   4   2   6  1
   3   2   6   3   2   3   6  1
   3   3   3   5   3   2   6  1
   3   3   5   3   3   0   8  1
   3   4   2   5   1   5   5  1
   3   4   4   0   6   2   6  1
   3   4   4   3   0   5   6  1
   3   5   0   5   3   4   5  1
   3   5   0   6   2   3   6  1
   3   5   1   5   3   0   8  1
   3   5   2   1   5   4   5  1
   3   5   3   0   5   3   6  1
   4   2   3   5   3   1   7  1
   4   2   5   0   5   4   5  1
   4   2   5   1   3   5   5  1
   4   3   4   0   4   5   5  1
   4   3   4   0   6   1   7  1
   4   4   0   4   4   4   5  1
   4   4   0   6   2   2   7  1
   4   7   9   7   7   6  10  2
   5   0   5   3   2   5   5  1
   5   0   5   3   4   1   7  1
   5   0   5   4   1   4   6  1
   5   0   6   0   6   2   6  1
   5   0   6   1   4   3   6  1
   5   0   6   2   3   2   7  1
   5   1   4   1   5   4   5  1
   5   1   4   1   6   2   6  1
   5   1   5   0   5   3   6  1
   5   1   5   0   6   1   7  1
   5   1   5   1   5   0   8  1
   5   2   3   2   5   0   8  1
   5  10   3   6  10   6  10  2
   5  10   7   0  10   8  10  2
   5  10   7   2   6  10  10  2
   5  11   0  11   6   6  11  2
   5  11   6   0  10   7  11  2
   5  11   6   0  11   5  12  2
   6   5   7  10   5   7  10  2
   6   5  10   7   2  10  10  2
   6   7   9   6   0  11  11  2
   6   8   7   7   0  11  11  2
   6   9   7   0  12   3  13  2
   6  10   0   9   8   7  10  2
   6  10   0  12   5   4  13  2
   6  10   3   9   4   3  15  2
   7   8   7   0   8  10  10  2
   7  11  15   8   4  15  15  3
   7  16  10   0  16  10  16  3
   7  17   9   0  16   9  17  3
   8   8   0   8   9   6  11  2
   8   9  15   4  15   9  15  3
   8  10  15   2  15  10  15  3
   8  16   3   8  16   8  16  3
   8  21  15  10   4  21  21  4
   9   0  10   6   9   6  10  2
   9   0  10   9   3   9  10  2
   9   0  13   3   9   3  13  2
   9   0  13   6   3   6  13  2
   9   2   7   6  10   6  10  2
   9   2   7  10   2  10  10  2
   9   3  10   0   9   9  10  2
   9   5   4  10   0  11  11  2
   9   6   3   6   6  10  10  2
   9   7   2   7   9   0  16  2
   9   8  16   2  16   8  16  3
   9  12  20  12  15  12  20  4
   9  20  15   1  20  15  20  4
   9  21  25  12  12  21  25  5
   9  23   9   4  23   9  23  4
   9  25  11  22  18  15  25  5
   9  25  21  12   8  25  25  5
   9  31   5  22  18   9  31  5
  10   0  10   3  10   7  10  2
  10   0  10   3  11   5  11  2
  10   0  12   3   9   1  15  2
  10   1  11   0  10   7  11  2
  10   3   7   3   7  10  10  2
  10   5   5   5   5   6  14  2
  10   7  16   9   1  16  16  3
  10  13  13  19  13  12  20  4
  10  14   3   7  17   7  17  3
  10  14   4  14   6   4  23  3
  10  20   7  18   5  20  20  4
  10  22   0  23  11  11  23  4
  10  22   1  22   9  14  22  4
  11  20  13   0  18  18  20  4
  11  21  11   0  21  15  21  4
  11  21  11   0  25   7  25  4
  11  35  21  26  26  21  35  7
  11  35  31  16  16  31  35  7
  11  45  11  26  26  11  45  7
  11  45  18  19  19  18  45  7
  12  11  21  12   2  21  21  4
  12  17  15  12   2  15  27  4
  12  20   2  13  20  13  20  4
  13  25   6  25   7  24  25  5
  13  43  13  25  25   6  50  7
  14   0  15   7  15   9  15  3
  14   0  15  13   3  15  15  3
  14   7   7  14   0  15  18  3
  14  10   4  10  10   4  23  3
  15   4  14   1  17   1  23  3
  15   4  14   4  11   4  23  3
  15   5  13   2  13   5  22  3
  15  12  17  12   3  12  29  4
  15  17   0  15  19  14  20  4
  15  17   0  24  10   5  29  4
  16  16   0  23  11   5  29  4
  18   1  17  15  17  12  20  4
  18   1  17  20   7  17  20  4
  18  17  17  32  17  17  32  6
  18  22   1  17  25  17  25  5
  19   0  19  10  20  12  20  4
  19   0  19  18   4  20  20  4
  19  45  23   0  45  23  45  8
  20   3  20   0  20  17  20  4
  20   3  20   0  25   7  25  4
  20  10  10  11   9  11  29  4
  20  23  23  18   2  23  41  6
  21  34   0  43  17  17  43  7
  22  38  11  40   9  40  40  8
  22  87  45  32  32  45  87 14
  23   0  23  17  22  15  25  5
  23   0  23  24   8  22  25  5
  23  40  23   0  40  34  40  8
  24   0  31   9  21   3  37  5
  25  13  12  13  13  12  37  5
  26   9  17  32  17   9  40  6
  26  45   0  45  32  32  45  9
  27   7  20  28  20   7  41  6
  27  14  13  14  34  14  34  6
  27  30  64  30  30  30  64 11
  27  42  65  42  42  42  65 13
  27  65  19  65  42  42  65 13
  28  11  17  28   0  33  33  6
  29   0  29  26  11  18  37  6
  30  44  15  51   8  51  51 10
  32  37  37  60  37  37  60 12
  37  31  31   6  31  31  58  9
  41  34   7  34  50  34  50 10
  41  34   7  50  18  50  50 10
  43  43   0  55  31  48  55 11
  43  43   0  68  18  35  68 11
  45  23  23  22  23  23  66  9
  45 107   1 107  54  54 107 19
  46  65  65  46   0  89  89 16
  50  44  44  44   6  44  93 13
  55  28  28  28  27  28  81 11
  55  55   0  86  34  21  99 14
  56  83  81  58   0 111 111 20
  58  21  37  80  37  37  80 14
  61  61   0  80  59  59  80 16
  61  61   0 102  37  37 102 16
  62   0  67  53   9  67  67 13
  68  65  65   3  65  92  92 18
  71  71   0  71  83  64  90 18
  74  37  37  74   0  89  89 16
  76  17  59  90  59  59  90 18
  80  40  40  78   2  78 107 17
  83   0  83  72  11  88  88 17
  95  62  33 118   6 118 118 22
 222 111 111 111 111 242 242 46

0 extreme rays of recession cone:

25 support hyperplanes of polyhedron (homogenized):
 -5 -5  3  3  3  3 3 -11
 -3 -3 -3 -3  5  5 5 -13
 -3  1  1  1  1  1 1  -5
 -1 -1 -1 -1 -1 -1 7 -15
 -1 -1 -1 -1 -1  3 3  -7
 -1 -1 -1  1  1  1 1  -3
 -1 -1  0  1  1  1 0   0
 -1 -1  1  1  1  0 0   0
 -1  0  0  0  1  1 0   0
 -1  0  0  1  1  0 0   0
 -1  0  1  1  0  0 0   0
 -1  1  1  0  0  0 0   0
  0 -1 -1 -1  1  1 1   0
  0 -1 -1  0  0  1 1   0
  0 -1  0  0  0  0 1   0
  0  0 -1 -1  0  1 1   0
  0  0 -1  0  0  0 1   0
  0  0  0 -1 -1  1 1   0
  0  0  0 -1  0  0 1   0
  0  0  0  0 -1  0 1   0
  0  0  0  0  0 -1 1   0
  0  0  0  0  1  0 0   0
  0  0  0  1  0  0 0   0
  0  0  1  0  0  0 0   0
  0  1  0  0  0  0 0   0

2 equations:
 1 0 -1 -2 -3 -4 -5  57
 0 1  2  3  4  5  6 -82

6 basis elements of generated  lattice:
 1 0 0 0 0 -6   5 0
 0 1 0 0 0 -5   4 0
 0 0 1 0 0 -4   3 0
 0 0 0 1 0 -3   2 0
 0 0 0 0 1 -2   1 0
 0 0 0 0 0 68 -43 1

