188 lattice points in polytope (module generators)
0 Hilbert basis elements of recession monoid
911 vertices of polyhedron
0 extreme rays of recession cone
52 support hyperplanes of polyhedron (homogenized)

embedding dimension = 13
affine dimension of the polyhedron = 10
rank of recession monoid = 0 (polyhedron is polytope)

dehomogenization:
0 0 0 0 0 0 0 0 0 0 0 0 1 


module rank = 188

***********************************************************************

188 lattice points in polytope (module generators):
 1 3 3 2 2 2 2 2 2 2 2 4 1
 1 4 1 3 2 2 2 2 2 2 2 4 1
 1 4 2 1 3 2 2 2 2 2 2 4 1
 1 4 2 2 1 3 2 2 2 2 2 4 1
 1 4 2 2 2 1 3 2 2 2 2 4 1
 1 4 2 2 2 2 1 3 2 2 2 4 1
 1 4 2 2 2 2 2 1 3 2 2 4 1
 1 4 2 2 2 2 2 2 1 3 2 4 1
 1 4 2 2 2 2 2 2 2 1 3 4 1
 1 4 2 2 2 2 2 2 2 2 1 5 1
 2 1 4 2 2 2 2 2 2 2 2 4 1
 2 2 2 3 2 2 2 2 2 2 2 4 1
 2 2 3 1 3 2 2 2 2 2 2 4 1
 2 2 3 2 1 3 2 2 2 2 2 4 1
 2 2 3 2 2 1 3 2 2 2 2 4 1
 2 2 3 2 2 2 1 3 2 2 2 4 1
 2 2 3 2 2 2 2 1 3 2 2 4 1
 2 2 3 2 2 2 2 2 1 3 2 4 1
 2 2 3 2 2 2 2 2 2 1 3 4 1
 2 2 3 2 2 2 2 2 2 2 1 5 1
 2 3 0 4 2 2 2 2 2 2 2 4 1
 2 3 1 2 3 2 2 2 2 2 2 4 1
 2 3 1 3 1 3 2 2 2 2 2 4 1
 2 3 1 3 2 1 3 2 2 2 2 4 1
 2 3 1 3 2 2 1 3 2 2 2 4 1
 2 3 1 3 2 2 2 1 3 2 2 4 1
 2 3 1 3 2 2 2 2 1 3 2 4 1
 2 3 1 3 2 2 2 2 2 1 3 4 1
 2 3 1 3 2 2 2 2 2 2 1 5 1
 2 3 2 0 4 2 2 2 2 2 2 4 1
 2 3 2 1 2 3 2 2 2 2 2 4 1
 2 3 2 1 3 1 3 2 2 2 2 4 1
 2 3 2 1 3 2 1 3 2 2 2 4 1
 2 3 2 1 3 2 2 1 3 2 2 4 1
 2 3 2 1 3 2 2 2 1 3 2 4 1
 2 3 2 1 3 2 2 2 2 1 3 4 1
 2 3 2 1 3 2 2 2 2 2 1 5 1
 2 3 2 2 1 2 3 2 2 2 2 4 1
 2 3 2 2 1 3 1 3 2 2 2 4 1
 2 3 2 2 1 3 2 1 3 2 2 4 1
 2 3 2 2 1 3 2 2 1 3 2 4 1
 2 3 2 2 1 3 2 2 2 1 3 4 1
 2 3 2 2 1 3 2 2 2 2 1 5 1
 2 3 2 2 2 1 2 3 2 2 2 4 1
 2 3 2 2 2 1 3 1 3 2 2 4 1
 2 3 2 2 2 1 3 2 1 3 2 4 1
 2 3 2 2 2 1 3 2 2 1 3 4 1
 2 3 2 2 2 1 3 2 2 2 1 5 1
 2 3 2 2 2 2 1 2 3 2 2 4 1
 2 3 2 2 2 2 1 3 1 3 2 4 1
 2 3 2 2 2 2 1 3 2 1 3 4 1
 2 3 2 2 2 2 1 3 2 2 1 5 1
 2 3 2 2 2 2 2 1 2 3 2 4 1
 2 3 2 2 2 2 2 1 3 1 3 4 1
 2 3 2 2 2 2 2 1 3 2 1 5 1
 2 3 2 2 2 2 2 2 1 2 3 4 1
 2 3 2 2 2 2 2 2 1 3 1 5 1
 2 3 2 2 2 2 2 2 2 1 2 5 1
 3 0 3 3 2 2 2 2 2 2 2 4 1
 3 0 4 1 3 2 2 2 2 2 2 4 1
 3 0 4 2 1 3 2 2 2 2 2 4 1
 3 0 4 2 2 1 3 2 2 2 2 4 1
 3 0 4 2 2 2 1 3 2 2 2 4 1
 3 0 4 2 2 2 2 1 3 2 2 4 1
 3 0 4 2 2 2 2 2 1 3 2 4 1
 3 0 4 2 2 2 2 2 2 1 3 4 1
 3 0 4 2 2 2 2 2 2 2 1 5 1
 3 1 2 2 3 2 2 2 2 2 2 4 1
 3 1 2 3 1 3 2 2 2 2 2 4 1
 3 1 2 3 2 1 3 2 2 2 2 4 1
 3 1 2 3 2 2 1 3 2 2 2 4 1
 3 1 2 3 2 2 2 1 3 2 2 4 1
 3 1 2 3 2 2 2 2 1 3 2 4 1
 3 1 2 3 2 2 2 2 2 1 3 4 1
 3 1 2 3 2 2 2 2 2 2 1 5 1
 3 1 3 0 4 2 2 2 2 2 2 4 1
 3 1 3 1 2 3 2 2 2 2 2 4 1
 3 1 3 1 3 1 3 2 2 2 2 4 1
 3 1 3 1 3 2 1 3 2 2 2 4 1
 3 1 3 1 3 2 2 1 3 2 2 4 1
 3 1 3 1 3 2 2 2 1 3 2 4 1
 3 1 3 1 3 2 2 2 2 1 3 4 1
 3 1 3 1 3 2 2 2 2 2 1 5 1
 3 1 3 2 1 2 3 2 2 2 2 4 1
 3 1 3 2 1 3 1 3 2 2 2 4 1
 3 1 3 2 1 3 2 1 3 2 2 4 1
 3 1 3 2 1 3 2 2 1 3 2 4 1
 3 1 3 2 1 3 2 2 2 1 3 4 1
 3 1 3 2 1 3 2 2 2 2 1 5 1
 3 1 3 2 2 1 2 3 2 2 2 4 1
 3 1 3 2 2 1 3 1 3 2 2 4 1
 3 1 3 2 2 1 3 2 1 3 2 4 1
 3 1 3 2 2 1 3 2 2 1 3 4 1
 3 1 3 2 2 1 3 2 2 2 1 5 1
 3 1 3 2 2 2 1 2 3 2 2 4 1
 3 1 3 2 2 2 1 3 1 3 2 4 1
 3 1 3 2 2 2 1 3 2 1 3 4 1
 3 1 3 2 2 2 1 3 2 2 1 5 1
 3 1 3 2 2 2 2 1 2 3 2 4 1
 3 1 3 2 2 2 2 1 3 1 3 4 1
 3 1 3 2 2 2 2 1 3 2 1 5 1
 3 1 3 2 2 2 2 2 1 2 3 4 1
 3 1 3 2 2 2 2 2 1 3 1 5 1
 3 1 3 2 2 2 2 2 2 1 2 5 1
 3 2 1 2 2 3 2 2 2 2 2 4 1
 3 2 1 2 3 1 3 2 2 2 2 4 1
 3 2 1 2 3 2 1 3 2 2 2 4 1
 3 2 1 2 3 2 2 1 3 2 2 4 1
 3 2 1 2 3 2 2 2 1 3 2 4 1
 3 2 1 2 3 2 2 2 2 1 3 4 1
 3 2 1 2 3 2 2 2 2 2 1 5 1
 3 2 1 3 1 2 3 2 2 2 2 4 1
 3 2 1 3 1 3 1 3 2 2 2 4 1
 3 2 1 3 1 3 2 1 3 2 2 4 1
 3 2 1 3 1 3 2 2 1 3 2 4 1
 3 2 1 3 1 3 2 2 2 1 3 4 1
 3 2 1 3 1 3 2 2 2 2 1 5 1
 3 2 1 3 2 1 2 3 2 2 2 4 1
 3 2 1 3 2 1 3 1 3 2 2 4 1
 3 2 1 3 2 1 3 2 1 3 2 4 1
 3 2 1 3 2 1 3 2 2 1 3 4 1
 3 2 1 3 2 1 3 2 2 2 1 5 1
 3 2 1 3 2 2 1 2 3 2 2 4 1
 3 2 1 3 2 2 1 3 1 3 2 4 1
 3 2 1 3 2 2 1 3 2 1 3 4 1
 3 2 1 3 2 2 1 3 2 2 1 5 1
 3 2 1 3 2 2 2 1 2 3 2 4 1
 3 2 1 3 2 2 2 1 3 1 3 4 1
 3 2 1 3 2 2 2 1 3 2 1 5 1
 3 2 1 3 2 2 2 2 1 2 3 4 1
 3 2 1 3 2 2 2 2 1 3 1 5 1
 3 2 1 3 2 2 2 2 2 1 2 5 1
 3 2 2 1 2 2 3 2 2 2 2 4 1
 3 2 2 1 2 3 1 3 2 2 2 4 1
 3 2 2 1 2 3 2 1 3 2 2 4 1
 3 2 2 1 2 3 2 2 1 3 2 4 1
 3 2 2 1 2 3 2 2 2 1 3 4 1
 3 2 2 1 2 3 2 2 2 2 1 5 1
 3 2 2 1 3 1 2 3 2 2 2 4 1
 3 2 2 1 3 1 3 1 3 2 2 4 1
 3 2 2 1 3 1 3 2 1 3 2 4 1
 3 2 2 1 3 1 3 2 2 1 3 4 1
 3 2 2 1 3 1 3 2 2 2 1 5 1
 3 2 2 1 3 2 1 2 3 2 2 4 1
 3 2 2 1 3 2 1 3 1 3 2 4 1
 3 2 2 1 3 2 1 3 2 1 3 4 1
 3 2 2 1 3 2 1 3 2 2 1 5 1
 3 2 2 1 3 2 2 1 2 3 2 4 1
 3 2 2 1 3 2 2 1 3 1 3 4 1
 3 2 2 1 3 2 2 1 3 2 1 5 1
 3 2 2 1 3 2 2 2 1 2 3 4 1
 3 2 2 1 3 2 2 2 1 3 1 5 1
 3 2 2 1 3 2 2 2 2 1 2 5 1
 3 2 2 2 1 2 2 3 2 2 2 4 1
 3 2 2 2 1 2 3 1 3 2 2 4 1
 3 2 2 2 1 2 3 2 1 3 2 4 1
 3 2 2 2 1 2 3 2 2 1 3 4 1
 3 2 2 2 1 2 3 2 2 2 1 5 1
 3 2 2 2 1 3 1 2 3 2 2 4 1
 3 2 2 2 1 3 1 3 1 3 2 4 1
 3 2 2 2 1 3 1 3 2 1 3 4 1
 3 2 2 2 1 3 1 3 2 2 1 5 1
 3 2 2 2 1 3 2 1 2 3 2 4 1
 3 2 2 2 1 3 2 1 3 1 3 4 1
 3 2 2 2 1 3 2 1 3 2 1 5 1
 3 2 2 2 1 3 2 2 1 2 3 4 1
 3 2 2 2 1 3 2 2 1 3 1 5 1
 3 2 2 2 1 3 2 2 2 1 2 5 1
 3 2 2 2 2 1 2 2 3 2 2 4 1
 3 2 2 2 2 1 2 3 1 3 2 4 1
 3 2 2 2 2 1 2 3 2 1 3 4 1
 3 2 2 2 2 1 2 3 2 2 1 5 1
 3 2 2 2 2 1 3 1 2 3 2 4 1
 3 2 2 2 2 1 3 1 3 1 3 4 1
 3 2 2 2 2 1 3 1 3 2 1 5 1
 3 2 2 2 2 1 3 2 1 2 3 4 1
 3 2 2 2 2 1 3 2 1 3 1 5 1
 3 2 2 2 2 1 3 2 2 1 2 5 1
 3 2 2 2 2 2 1 2 2 3 2 4 1
 3 2 2 2 2 2 1 2 3 1 3 4 1
 3 2 2 2 2 2 1 2 3 2 1 5 1
 3 2 2 2 2 2 1 3 1 2 3 4 1
 3 2 2 2 2 2 1 3 1 3 1 5 1
 3 2 2 2 2 2 1 3 2 1 2 5 1
 3 2 2 2 2 2 2 1 2 2 3 4 1
 3 2 2 2 2 2 2 1 2 3 1 5 1
 3 2 2 2 2 2 2 1 3 1 2 5 1
 3 2 2 2 2 2 2 2 1 2 2 5 1

0 Hilbert basis elements of recession monoid:

911 vertices of polyhedron:
   1   3   3   2   2   2   2   2   2   2   2   4  1
   1   4   1   3   2   2   2   2   2   2   2   4  1
   1   4   2   1   3   2   2   2   2   2   2   4  1
   1   4   2   2   1   3   2   2   2   2   2   4  1
   1   4   2   2   2   1   3   2   2   2   2   4  1
   1   4   2   2   2   2   1   3   2   2   2   4  1
   1   4   2   2   2   2   2   1   3   2   2   4  1
   1   4   2   2   2   2   2   2   1   3   2   4  1
   1   4   2   2   2   2   2   2   2   1   3   4  1
   1   4   2   2   2   2   2   2   2   2   1   5  1
   2   1   4   2   2   2   2   2   2   2   2   4  1
   2   3   0   4   2   2   2   2   2   2   2   4  1
   2   3   2   0   4   2   2   2   2   2   2   4  1
   2   3   2   2   1   2   3   2   2   2   2   4  1
   2   3   2   2   1   3   1   3   2   2   2   4  1
   2   3   2   2   1   3   2   1   3   2   2   4  1
   2   3   2   2   1   3   2   2   1   3   2   4  1
   2   3   2   2   1   3   2   2   2   1   3   4  1
   2   3   2   2   1   3   2   2   2   2   1   5  1
   2   3   2   2   2   1   2   3   2   2   2   4  1
   2   3   2   2   2   1   3   1   3   2   2   4  1
   2   3   2   2   2   1   3   2   1   3   2   4  1
   2   3   2   2   2   1   3   2   2   1   3   4  1
   2   3   2   2   2   1   3   2   2   2   1   5  1
   2   3   2   2   2   2   1   2   3   2   2   4  1
   2   3   2   2   2   2   1   3   1   3   2   4  1
   2   3   2   2   2   2   1   3   2   1   3   4  1
   2   3   2   2   2   2   1   3   2   2   1   5  1
   2   3   2   2   2   2   2   1   2   3   2   4  1
   2   3   2   2   2   2   2   1   3   1   3   4  1
   2   3   2   2   2   2   2   1   3   2   1   5  1
   2   3   2   2   2   2   2   2   1   2   3   4  1
   2   3   2   2   2   2   2   2   1   3   1   5  1
   2   3   2   2   2   2   2   2   2   1   2   5  1
   3   0   3   3   2   2   2   2   2   2   2   4  1
   3   0   4   1   3   2   2   2   2   2   2   4  1
   3   0   4   2   1   3   2   2   2   2   2   4  1
   3   0   4   2   2   1   3   2   2   2   2   4  1
   3   0   4   2   2   2   1   3   2   2   2   4  1
   3   0   4   2   2   2   2   1   3   2   2   4  1
   3   0   4   2   2   2   2   2   1   3   2   4  1
   3   0   4   2   2   2   2   2   2   1   3   4  1
   3   0   4   2   2   2   2   2   2   2   1   5  1
   3   1   2   3   2   1   3   2   2   2   2   4  1
   3   1   2   3   2   2   1   3   2   2   2   4  1
   3   1   2   3   2   2   2   1   3   2   2   4  1
   3   1   2   3   2   2   2   2   1   3   2   4  1
   3   1   2   3   2   2   2   2   2   1   3   4  1
   3   1   2   3   2   2   2   2   2   2   1   5  1
   3   1   3   0   4   2   2   2   2   2   2   4  1
   3   1   3   2   1   2   3   2   2   2   2   4  1
   3   1   3   2   1   3   1   3   2   2   2   4  1
   3   1   3   2   1   3   2   1   3   2   2   4  1
   3   1   3   2   1   3   2   2   1   3   2   4  1
   3   1   3   2   1   3   2   2   2   1   3   4  1
   3   1   3   2   1   3   2   2   2   2   1   5  1
   3   1   3   2   2   1   2   3   2   2   2   4  1
   3   1   3   2   2   1   3   1   3   2   2   4  1
   3   1   3   2   2   1   3   2   1   3   2   4  1
   3   1   3   2   2   1   3   2   2   1   3   4  1
   3   1   3   2   2   1   3   2   2   2   1   5  1
   3   1   3   2   2   2   1   2   3   2   2   4  1
   3   1   3   2   2   2   1   3   1   3   2   4  1
   3   1   3   2   2   2   1   3   2   1   3   4  1
   3   1   3   2   2   2   1   3   2   2   1   5  1
   3   1   3   2   2   2   2   1   2   3   2   4  1
   3   1   3   2   2   2   2   1   3   1   3   4  1
   3   1   3   2   2   2   2   1   3   2   1   5  1
   3   1   3   2   2   2   2   2   1   2   3   4  1
   3   1   3   2   2   2   2   2   1   3   1   5  1
   3   1   3   2   2   2   2   2   2   1   2   5  1
   3   2   1   2   2   3   2   2   2   2   2   4  1
   3   2   1   2   3   1   3   2   2   2   2   4  1
   3   2   1   2   3   2   1   3   2   2   2   4  1
   3   2   1   2   3   2   2   1   3   2   2   4  1
   3   2   1   2   3   2   2   2   1   3   2   4  1
   3   2   1   2   3   2   2   2   2   1   3   4  1
   3   2   1   2   3   2   2   2   2   2   1   5  1
   3   2   1   3   1   2   3   2   2   2   2   4  1
   3   2   1   3   1   3   1   3   2   2   2   4  1
   3   2   1   3   1   3   2   1   3   2   2   4  1
   3   2   1   3   1   3   2   2   1   3   2   4  1
   3   2   1   3   1   3   2   2   2   1   3   4  1
   3   2   1   3   1   3   2   2   2   2   1   5  1
   3   2   1   3   2   1   2   3   2   2   2   4  1
   3   2   1   3   2   1   3   1   3   2   2   4  1
   3   2   1   3   2   1   3   2   1   3   2   4  1
   3   2   1   3   2   1   3   2   2   1   3   4  1
   3   2   1   3   2   1   3   2   2   2   1   5  1
   3   2   1   3   2   2   1   2   3   2   2   4  1
   3   2   1   3   2   2   1   3   1   3   2   4  1
   3   2   1   3   2   2   1   3   2   1   3   4  1
   3   2   1   3   2   2   1   3   2   2   1   5  1
   3   2   1   3   2   2   2   1   2   3   2   4  1
   3   2   1   3   2   2   2   1   3   1   3   4  1
   3   2   1   3   2   2   2   1   3   2   1   5  1
   3   2   1   3   2   2   2   2   1   2   3   4  1
   3   2   1   3   2   2   2   2   1   3   1   5  1
   3   2   1   3   2   2   2   2   2   1   2   5  1
   3   2   2   1   2   2   3   2   2   2   2   4  1
   3   2   2   1   2   3   1   3   2   2   2   4  1
   3   2   2   1   2   3   2   1   3   2   2   4  1
   3   2   2   1   2   3   2   2   1   3   2   4  1
   3   2   2   1   2   3   2   2   2   1   3   4  1
   3   2   2   1   2   3   2   2   2   2   1   5  1
   3   2   2   1   3   1   2   3   2   2   2   4  1
   3   2   2   1   3   1   3   1   3   2   2   4  1
   3   2   2   1   3   1   3   2   1   3   2   4  1
   3   2   2   1   3   1   3   2   2   1   3   4  1
   3   2   2   1   3   1   3   2   2   2   1   5  1
   3   2   2   1   3   2   1   2   3   2   2   4  1
   3   2   2   1   3   2   1   3   1   3   2   4  1
   3   2   2   1   3   2   1   3   2   1   3   4  1
   3   2   2   1   3   2   1   3   2   2   1   5  1
   3   2   2   1   3   2   2   1   2   3   2   4  1
   3   2   2   1   3   2   2   1   3   1   3   4  1
   3   2   2   1   3   2   2   1   3   2   1   5  1
   3   2   2   1   3   2   2   2   1   2   3   4  1
   3   2   2   1   3   2   2   2   1   3   1   5  1
   3   2   2   1   3   2   2   2   2   1   2   5  1
   3   2   2   2   1   2   2   3   2   2   2   4  1
   3   2   2   2   1   2   3   1   3   2   2   4  1
   3   2   2   2   1   2   3   2   1   3   2   4  1
   3   2   2   2   1   2   3   2   2   1   3   4  1
   3   2   2   2   1   2   3   2   2   2   1   5  1
   3   2   2   2   1   3   1   2   3   2   2   4  1
   3   2   2   2   1   3   1   3   1   3   2   4  1
   3   2   2   2   1   3   1   3   2   1   3   4  1
   3   2   2   2   1   3   1   3   2   2   1   5  1
   3   2   2   2   1   3   2   1   2   3   2   4  1
   3   2   2   2   1   3   2   1   3   1   3   4  1
   3   2   2   2   1   3   2   1   3   2   1   5  1
   3   2   2   2   1   3   2   2   1   2   3   4  1
   3   2   2   2   1   3   2   2   1   3   1   5  1
   3   2   2   2   1   3   2   2   2   1   2   5  1
   3   2   2   2   2   1   2   2   3   2   2   4  1
   3   2   2   2   2   1   2   3   1   3   2   4  1
   3   2   2   2   2   1   2   3   2   1   3   4  1
   3   2   2   2   2   1   2   3   2   2   1   5  1
   3   2   2   2   2   1   3   1   2   3   2   4  1
   3   2   2   2   2   1   3   1   3   1   3   4  1
   3   2   2   2   2   1   3   1   3   2   1   5  1
   3   2   2   2   2   1   3   2   1   2   3   4  1
   3   2   2   2   2   1   3   2   1   3   1   5  1
   3   2   2   2   2   1   3   2   2   1   2   5  1
   3   2   2   2   2   2   1   2   2   3   2   4  1
   3   2   2   2   2   2   1   2   3   1   3   4  1
   3   2   2   2   2   2   1   2   3   2   1   5  1
   3   2   2   2   2   2   1   3   1   2   3   4  1
   3   2   2   2   2   2   1   3   1   3   1   5  1
   3   2   2   2   2   2   1   3   2   1   2   5  1
   3   2   2   2   2   2   2   1   2   2   3   4  1
   3   2   2   2   2   2   2   1   2   3   1   5  1
   3   2   2   2   2   2   2   1   3   1   2   5  1
   3   2   2   2   2   2   2   2   1   2   2   5  1
   5   4   1   8   4   4   4   4   4   4   4   8  2
   5   4   4   5   4   4   4   1   7   4   4   8  2
   5   4   5   3   5   4   4   1   7   4   4   8  2
   5   5   0   7   5   4   4   4   4   4   4   8  2
   5   5   0   8   3   5   4   4   4   4   4   8  2
   5   5   0   8   4   3   5   4   4   4   4   8  2
   5   5   0   8   4   4   3   5   4   4   4   8  2
   5   5   0   8   4   4   4   3   5   4   4   8  2
   5   5   0   8   4   4   4   4   3   5   4   8  2
   5   5   0   8   4   4   4   4   4   3   5   8  2
   5   5   0   8   4   4   4   4   4   4   3   9  2
   5   5   3   5   3   5   4   1   7   4   4   8  2
   5   5   4   1   5   6   4   4   4   4   4   8  2
   5   5   4   1   7   2   6   4   4   4   4   8  2
   5   5   4   1   7   4   2   6   4   4   4   8  2
   5   5   4   1   7   4   4   2   6   4   4   8  2
   5   5   4   1   7   4   4   4   2   6   4   8  2
   5   5   4   1   7   4   4   4   4   2   6   8  2
   5   5   4   1   7   4   4   4   4   4   2  10  2
   5   5   4   3   4   5   4   1   7   4   4   8  2
   5  24  12  12  12  12  13  12  12  12  12  24  6
   5  24  12  12  12  13  11  13  12  12  12  24  6
   5  24  12  12  13  11  13  11  13  12  12  24  6
   5  24  12  12  13  12  11  12  13  12  12  24  6
   5  24  12  13  11  12  13  12  11  13  12  24  6
   5  24  12  13  11  13  11  13  11  13  12  24  6
   5  24  12  13  12  11  13  11  12  13  12  24  6
   5  24  12  13  12  12  11  12  12  13  12  24  6
   5  24  13  11  12  12  13  12  12  11  13  24  6
   5  24  13  11  12  13  11  13  12  11  13  24  6
   5  24  13  11  13  11  13  11  13  11  13  24  6
   5  24  13  11  13  12  11  12  13  11  13  24  6
   5  24  13  12  11  12  13  12  11  12  13  24  6
   5  24  13  12  11  13  11  13  11  12  13  24  6
   5  24  13  12  12  11  13  11  12  12  13  24  6
   5  24  13  12  12  12  11  12  12  12  13  24  6
   5  25  11  12  12  12  13  12  12  12  11  25  6
   5  25  11  12  12  13  11  13  12  12  11  25  6
   5  25  11  12  13  11  13  11  13  12  11  25  6
   5  25  11  12  13  12  11  12  13  12  11  25  6
   5  25  11  13  11  12  13  12  11  13  11  25  6
   5  25  11  13  11  13  11  13  11  13  11  25  6
   5  25  11  13  12  11  13  11  12  13  11  25  6
   5  25  11  13  12  12  11  12  12  13  11  25  6
   5  25  12  11  12  12  13  12  12  11  12  25  6
   5  25  12  11  12  13  11  13  12  11  12  25  6
   5  25  12  11  13  11  13  11  13  11  12  25  6
   5  25  12  11  13  12  11  12  13  11  12  25  6
   5  25  12  12  11  12  13  12  11  12  12  25  6
   5  25  12  12  11  13  11  13  11  12  12  25  6
   5  25  12  12  12  11  13  11  12  12  12  25  6
   5  25  12  12  12  12  11  12  12  12  12  25  6
   6   3   3   3   7   4   4   4   4   4   4   8  2
   6   3   4   5   4   3   5   1   7   4   4   8  2
   6   3   5   1   5   6   4   4   4   4   4   8  2
   6   3   5   1   7   4   2   6   4   4   4   8  2
   6   3   5   1   7   4   4   2   6   4   4   8  2
   6   3   5   1   7   4   4   4   2   6   4   8  2
   6   3   5   1   7   4   4   4   4   2   6   8  2
   6   3   5   1   7   4   4   4   4   4   2  10  2
   6   3   5   3   5   3   5   1   7   4   4   8  2
   6   4   2   5   5   1   7   4   4   4   4   8  2
   6   4   3   3   6   1   7   4   4   4   4   8  2
   6   4   3   5   3   4   5   1   7   4   4   8  2
   6   4   4   3   4   4   5   1   7   4   4   8  2
   7   6   8   6   6   1  11   6   6   6   6  12  3
   7   8   4   8   6   1  11   6   6   6   6  12  3
   8   6   7   6   6   2   7   9   6   6   6  12  3
   8   6   7   6   6   2  10   3   9   6   6  12  3
   8   6   7   6   6   2  10   6   3   9   6  12  3
   8   6   7   6   6   2  10   6   6   3   9  12  3
   8   6   7   6   6   2  10   6   6   6   3  15  3
   8   7   1  11   3   9   6   6   6   6   6  12  3
   8   7   1  11   6   6   3   9   6   6   6  12  3
   8   7   1  11   6   6   6   3   9   6   6  12  3
   8   7   1  11   6   6   6   6   3   9   6  12  3
   8   7   1  11   6   6   6   6   6   3   9  12  3
   8   7   1  11   6   6   6   6   6   6   3  15  3
   8   7   5   7   3   5  10   6   6   6   6  12  3
   8   7   5   7   3   9   6   2  10   6   6  12  3
   8   7   5   7   6   2   7   9   6   6   6  12  3
   8   7   5   7   6   2  10   3   9   6   6  12  3
   8   7   5   7   6   2  10   6   3   9   6  12  3
   8   7   5   7   6   2  10   6   6   3   9  12  3
   8   7   5   7   6   2  10   6   6   6   3  15  3
   8   7   6   5   4   9   6   2  10   6   6  12  3
   9   4   8   4   8   1  11   6   6   6   6  12  3
   9   5   4   9   1  11   6   6   6   6   6  12  3
   9   5   4   9   5   7   2  10   6   6   6  12  3
   9   5   4   9   6   5   7   2  10   6   6  12  3
   9   5   6   7   6   3   9   2  10   6   6  12  3
   9   5   7   2  10   2  10   6   6   6   6  12  3
   9   5   7   5   4   5  10   6   6   6   6  12  3
   9   5   7   5   7   2   7   9   6   6   6  12  3
   9   5   7   5   7   2  10   6   3   9   6  12  3
   9   5   7   5   7   2  10   6   6   3   9  12  3
   9   5   7   5   7   2  10   6   6   6   3  15  3
   9   6   3   8   6   7   2  10   6   6   6  12  3
   9   6   3   9   5   6   7   2  10   6   6  12  3
   9   6   4   6   8   1  11   6   6   6   6  12  3
   9   6   5   6   4   5  10   6   6   6   6  12  3
   9   6   5   6   7   2   7   9   6   6   6  12  3
   9   6   5   6   7   2  10   3   9   6   6  12  3
   9   6   5   6   7   2  10   6   3   9   6  12  3
   9   6   5   6   7   2  10   6   6   3   9  12  3
   9   6   5   6   7   2  10   6   6   6   3  15  3
   9   6   5   7   3   8   7   2  10   6   6  12  3
   9   6   5   7   5   4   9   2  10   6   6  12  3
   9   6   6   3   8   6   7   2  10   6   6  12  3
   9   6   6   5   4   8   7   2  10   6   6  12  3
   9   6   6   5   6   4   9   2  10   6   6  12  3
  11   8   8   9   8   8   8   3   9  12   8  16  4
  11   8   8   9   8   8   8   3  13   4  12  16  4
  11   8   8   9   8   8   8   3  13   8   4  20  4
  11   8   9   7   9   8   4   7  13   8   8  16  4
  11   8   9   7   9   8   8   3   9  12   8  16  4
  11   8   9   7   9   8   8   3  13   4  12  16  4
  11   8   9   7   9   8   8   3  13   8   4  20  4
  11   8   9   8   3   8  13   8   8   8   8  16  4
  11   9   2   9  13   8   8   8   8   8   8  16  4
  11   9   2  14   8   3  13   8   8   8   8  16  4
  11   9   7   9   4  12   7   9   8   3  13  16  4
  11   9   7   9   7   9   4   7  13   8   8  16  4
  11   9   7   9   7   9   4  12   8   3  13  16  4
  11   9   7   9   7   9   8   3   9  12   8  16  4
  11   9   7   9   7   9   8   3  13   4  12  16  4
  11   9   7   9   7   9   8   3  13   8   4  20  4
  11   9   8   3  12   9   8   3  13   8   8  16  4
  11   9   8   7   8   9   4   7  13   8   8  16  4
  11   9   8   7   8   9   8   3   9  12   8  16  4
  11   9   8   7   8   9   8   3  13   4  12  16  4
  11   9   8   7   8   9   8   3  13   8   4  20  4
  11   9   8   7   9   4  11   9   8   3  13  16  4
  11   9   8   7   9   7   5  12   8   3  13  16  4
  11   9   8   8   4  11   8   9   8   3  13  16  4
  11   9   8   8   7   5  11   9   8   3  13  16  4
  11   9   8   8   7   8   5  12   8   3  13  16  4
  11  12  12  10   1  19  10  10  10  10  10  20  5
  12   7   5  11   9   8   8   7   9   3  13  16  4
  12   7   5  12   7   9   8   7   9   3  13  16  4
  12   7   8   8   9   8   8   4  12   3  13  16  4
  12   7   8   9   7   9   8   4  12   3  13  16  4
  12   7   8   9   8   7   5   7  13   8   8  16  4
  12   7   8   9   8   7   9   3   9  12   8  16  4
  12   7   8   9   8   7   9   3  13   4  12  16  4
  12   7   8   9   8   7   9   3  13   8   4  20  4
  12   7   9   3  13   7   9   3  13   8   8  16  4
  12   7   9   7   9   3  13   3  13   8   8  16  4
  12   7   9   7   9   7   5   7  13   8   8  16  4
  12   7   9   7   9   7   9   3   9  12   8  16  4
  12   7   9   7   9   7   9   3  13   8   4  20  4
  12   7   9   8   4  11   9   7   9   3  13  16  4
  12   7   9   8   7   5  12   7   9   3  13  16  4
  12   7   9   8   7   8   9   4  12   3  13  16  4
  12   8   4  11   9   8   7   8   9   3  13  16  4
  12   8   4  12   7   9   7   8   9   3  13  16  4
  12   8   7   5  12   7   8   9   3  13   8  16  4
  12   8   7   5  12   8   7   8   9   3  13  16  4
  12   8   7   8   9   8   4  11   9   3  13  16  4
  12   8   7   8   9   8   7   5  12   3  13  16  4
  12   8   7   9   4  12   7   8   9   3  13  16  4
  12   8   7   9   7   8   5   7  13   8   8  16  4
  12   8   7   9   7   8   9   3   9  12   8  16  4
  12   8   7   9   7   8   9   3  13   4  12  16  4
  12   8   7   9   7   8   9   3  13   8   4  20  4
  12   8   7   9   7   9   4  11   9   3  13  16  4
  12   8   7   9   7   9   7   5  12   3  13  16  4
  12   8   8   4  11   8   8   9   3  13   8  16  4
  12   8   8   4  12   7   8   8   9   3  13  16  4
  12   8   8   7   8   8   5   7  13   8   8  16  4
  12   8   8   7   8   8   9   3   9  12   8  16  4
  12   8   8   7   8   8   9   3  13   4  12  16  4
  12   8   8   7   8   8   9   3  13   8   4  20  4
  12   8   8   7   9   4  11   8   9   3  13  16  4
  12   8   8   7   9   7   5  11   9   3  13  16  4
  12   8   8   7   9   7   8   5  12   3  13  16  4
  12   8   8   8   4  11   8   8   9   3  13  16  4
  12   8   8   8   7   5  11   8   9   3  13  16  4
  12   8   8   8   7   8   5  11   9   3  13  16  4
  12   8   8   8   7   8   8   5  12   3  13  16  4
  13  10  10  10  12  10  10  10  10   3  17  20  5
  13  10  10  12   8  12  10  10  10   3  17  20  5
  13  10  12   8  12   8  12  10  10   3  17  20  5
  13  10  12  10   8  10  12  10  10   3  17  20  5
  13  11  11  10   3  17   5  15  10  10  10  20  5
  13  11  11  10   3  17  10   5  15  10  10  20  5
  13  11  11  10   3  17  10  10   5  15  10  20  5
  13  11  11  10   3  17  10  10  10   5  15  20  5
  13  11  11  10   3  17  10  10  10  10   5  25  5
  13  12   8  10  12  10   8  12  10   3  17  20  5
  13  12   8  12   8  12   8  12  10   3  17  20  5
  13  12  10   8  12   8  10  12  10   3  17  20  5
  13  12  10  10   8  10  10  12  10   3  17  20  5
  14  10   4  17  10  10   4  16  10  10  10  20  5
  14  10   4  17  10  10  10   4  16  10  10  20  5
  14  10  10  10  11  10  10  10  10   4  11  25  5
  14  10  10  11   9  11  10  10   5   9  16  20  5
  14  10  10  11   9  11  10  10  10   4  11  25  5
  14  10  10  11  10  10   4  10  16  10  10  20  5
  14  10  11   3  17  10  10   4  16  10  10  20  5
  14  10  11   9  11   4  16  10  10   4  16  20  5
  14  10  11   9  11   9  11  10   5   9  16  20  5
  14  10  11   9  11   9  11  10  10   4  11  25  5
  14  10  11  10   4  15  11  10  10   4  16  20  5
  14  10  11  10   9   5  16  10  10   4  16  20  5
  14  10  11  10   9  10  11  10   5   9  16  20  5
  14  10  11  10   9  10  11  10  10   4  11  25  5
  14  11   3  16  11  10   4  16  10  10  10  20  5
  14  11   3  17   9  11  10   4  16  10  10  20  5
  14  11   9   5  16   9  11  10   4  16  10  20  5
  14  11   9   5  16  10   9  11  10   4  16  20  5
  14  11   9  10   6  15  10   9  11  10   4  26  5
  14  11   9  10  11  10   4  16  10   4  16  20  5
  14  11   9  10  11  10   9  11   5   9  16  20  5
  14  11   9  10  11  10   9  11  10   4  11  25  5
  14  11   9  11   5  14  11   9  11  10   4  26  5
  14  11   9  11   9   5  16   4  16  10  10  20  5
  14  11   9  11   9  11   9  11   5   9  16  20  5
  14  11   9  11   9  11   9  11  10   4  11  25  5
  14  11  10   4  15  10  11  10   4  16  10  20  5
  14  11  10   4  16   9  10  11  10   4  16  20  5
  14  11  10   9   6  15   9  10  11  10   4  26  5
  14  11  10   9  11   9  10  11   5   9  16  20  5
  14  11  10   9  11   9  10  11  10   4  11  25  5
  14  11  10  10   5  14  10  10  11  10   4  26  5
  14  11  10  10   9  10  10  11   5   9  16  20  5
  14  11  10  10   9  10  10  11  10   4  11  25  5
  15   8   8  14   1  19  10  10  10  10  10  20  5
  15   8  10  10  12  10  10   8  12   3  17  20  5
  15   8  10  12   8  12  10   8  12   3  17  20  5
  15   8  12   8  12   8  12   8  12   3  17  20  5
  15   8  12  10   8  10  12   8  12   3  17  20  5
  15   9   9  12   3  12  15  10  10  10  10  20  5
  15   9   9  12   3  17  10   5  15  10  10  20  5
  15   9   9  12   3  17  10  10   5  15  10  20  5
  15   9   9  12   3  17  10  10  10   5  15  20  5
  15   9   9  12   3  17  10  10  10  10   5  25  5
  15   9  10   5  16  10   9  11   4  16  10  20  5
  15   9  10   5  16  10  10   9  11   4  16  20  5
  15   9  10  10  11  10  10   9   6   9  16  20  5
  15   9  10  10  11  10  10   9  11   4  11  25  5
  15   9  10  11   4  16  10   9  11   4  16  20  5
  15   9  10  11   9  11  10   9   6   9  16  20  5
  15   9  10  11   9  11  10   9  11   4  11  25  5
  15   9  11   4  15  11   9  11   4  16  10  20  5
  15   9  11   4  16   9  11   9  11   4  16  20  5
  15   9  11   9   6  15   9  11   9  11   4  26  5
  15   9  11   9  11   4  16   9  11   4  16  20  5
  15   9  11   9  11   9  11   4  16   4  16  20  5
  15   9  11   9  11   9  11   9   6   9  16  20  5
  15   9  11   9  11   9  11   9  11   4  11  25  5
  15   9  11  10   5  14  10  11   9  11   4  26  5
  15   9  11  10   9  10  11   9   6   9  16  20  5
  15   9  11  10   9  10  11   9  11   4  11  25  5
  15  10   8  10  12  10   8  10  12   3  17  20  5
  15  10   8  12   8  12   8  10  12   3  17  20  5
  15  10   9   6  13  12   3  17  10  10  10  20  5
  15  10   9   9   7  15   3  17  10  10  10  20  5
  15  10   9  10   6  15  10   9  10  11   4  26  5
  15  10   9  10  10   5  10  16  10  10  10  20  5
  15  10   9  10  11   4  15  11   4  16  10  20  5
  15  10   9  10  11  10   9  10   6   9  16  20  5
  15  10   9  10  11  10   9  10  11   4  11  25  5
  15  10   9  11   5  14  11   9  10  11   4  26  5
  15  10   9  11   9  11   9  10   6   9  16  20  5
  15  10   9  11   9  11   9  10  11   4  11  25  5
  15  10  10   8  12   8  10  10  12   3  17  20  5
  15  10  10   9   6  15   9  10  10  11   4  26  5
  15  10  10   9  11   9  10  10   6   9  16  20  5
  15  10  10   9  11   9  10  10  11   4  11  25  5
  15  10  10  10   5  14  10  10  10  11   4  26  5
  15  10  10  10   8  10  10  10  12   3  17  20  5
  15  10  10  10   9  10  10  10   6   9  16  20  5
  15  10  10  10   9  10  10  10  11   4  11  25  5
  16  13  13  12   4  13  19  12  12  12  12  24  6
  17  12   5  19  13  12  12  12  12   5  19  24  6
  17  12   5  20  11  13  12  12  12   5  19  24  6
  17  12  12   5  20  12  12  12   5  19  12  24  6
  17  12  12   5  20  12  12  12  12   5  19  24  6
  17  12  12  12  13  12  12   5  19   5  19  24  6
  17  12  12  12  13  12  12  12   5  12  19  24  6
  17  12  12  13   4  20  12   5  19  12  12  24  6
  17  12  12  13   4  20  12  12  12   5  19  24  6
  17  12  12  13  11  13  12   5  19   5  19  24  6
  17  12  13   4  19  13  12  12   5  19  12  24  6
  17  12  13   4  20  11  13  12  12   5  19  24  6
  17  12  13  11   6  19  11  13  12  12   5  31  6
  17  12  13  11  12  13  12   5  12  19  12  24  6
  17  12  13  12   5  18  12  13  12  12   5  31  6
  17  13   4  19  13  12  11  13  12   5  19  24  6
  17  13   4  20  11  13  11  13  12   5  19  24  6
  17  13  11  12  12  13  12   5  19  12   5  31  6
  17  13  11  13  11   6  18  13  12   5  19  24  6
  17  13  11  13  11  12  13   5  19  12   5  31  6
  17  13  11  13  11  13  11   6  19   5  19  24  6
  17  13  12  11  12  12  13   5  12  19  12  24  6
  17  13  12  11  12  13  11   6  19  12   5  31  6
  17  14  16  16  14  14   3  25  14  14  14  28  7
  17  18  12  12  18  14   3  25  14  14  14  28  7
  18  10  13  13   5  19   4  20  12  12  12  24  6
  18  11  11   7  11  20  12  12  12  12  12  24  6
  18  11  11  14   4  20   5  19  12  12  12  24  6
  18  11  12  12   6  19  12  12  11  13   5  31  6
  18  11  12  13   5  18  13  12  11  13   5  31  6
  18  11  12  13  11  13   5  18  13   5  19  24  6
  18  11  13  11  12  13  11  13   5  19   5  31  6
  18  12  11  12  13   5  18  12  13   5  19  24  6
  18  12  11  13  11  12  12   6  19   5  19  24  6
  18  12  11  13  11  12  13   5  18  13   5  31  6
  18  12  12  11  12  12  12   6  12  19  12  24  6
  18  12  12  11  12  12  12   6  19   5  19  24  6
  19  14  15  15  14  14   5  23   7  21  14  28  7
  19  14  15  15  14  14   5  23  14   7  21  28  7
  19  14  15  15  14  14   5  23  14  14   7  35  7
  19  15  14  15  14   5  23   6  22  14  14  28  7
  19  15  15  14   5  22  15  14  14   6  22  28  7
  19  16  13   6  23  14   5  23  14  14  14  28  7
  19  16  13  13  16  14   5  16  21  14  14  28  7
  19  16  13  13  16  14   5  23   7  21  14  28  7
  19  16  13  13  16  14   5  23  14  14   7  35  7
  19  16  14  13   8  19  16  14   5  23  14  28  7
  19  16  14  13  13   9  21  14   5  23  14  28  7
  20  13  16  13  15   5  23  14  14   6  22  28  7
  20  14  14  14   6  23  14  14  14  14   6  36  7
  20  14  14  14  15   5  23  14  14   6  22  28  7
  20  14  14  15   5  22  15  14  14  14   6  36  7
  20  14  14  15  13  14  15  14  14   6  14  36  7
  20  14  15  14  13  14  14  15  14   6  14  36  7
  20  15  12  15  15   5  15  22  14  14  14  28  7
  20  15  14  14  13  14  14  14  15   6  14  36  7
  21  10  16  16  10  18   3  25  14  14  14  28  7
  21  12   9  20  15  14  12  16   5  23  14  28  7
  21  12  14  15  15  14   7  21   5  23  14  28  7
  21  12  15  15  12   9  12  23  14  14  14  28  7
  21  12  15  15  12  16   5  16  21  14  14  28  7
  21  12  15  15  12  16   5  23   7  21  14  28  7
  21  12  15  15  12  16   5  23  14   7  21  28  7
  21  12  15  15  12  16   5  23  14  14   7  35  7
  21  12  16  13   8  21  12  16   5  23  14  28  7
  21  12  16  13  13  16   7  21   5  23  14  28  7
  21  13  13  16   5  23  14  13  15   6  22  28  7
  21  13  14  14  15  14  13  14   7  14  22  28  7
  21  14   7  20  15  12  14  16   5  23  14  28  7
  21  14  12  12  14  18   3  25  14  14  14  28  7
  21  14  12  15  15  12   9  21   5  23  14  28  7
  21  14  13  13  14  16   5  16  21  14  14  28  7
  21  14  13  13  14  16   5  23   7  21  14  28  7
  21  14  13  13  14  16   5  23  14   7  21  28  7
  21  14  13  13  14  16   5  23  14  14   7  35  7
  21  14  13  14  13   8  22   5  23  14  14  28  7
  21  14  13  14  15  13  14  14   7  14  22  28  7
  21  14  14  13   8  19  14  16   5  23  14  28  7
  21  14  14  13  13   9  19  16   5  23  14  28  7
  21  14  14  13  13  14   9  21   5  23  14  28  7
  21  14  14  14  13  14  14  14  14   7  14  36  7
  22  16  17  17  16  16   6  17  25  16  16  32  8
  22  17  16  16  17  16   6  26   7  25  16  32  8
  22  17  16  16  17  16   6  26  16   7  25  32  8
  22  17  17   5  17  26  16  16  16  16  16  32  8
  22  17  17  15   7  26  15  17  16  16   7  41  8
  22  17  17  16   6  25  16  17  16  16   7  41  8
  22  18  15  15  18   7  15  26  16  16  16  32  8
  22  18  15  15  18  16   6  26  16   7  25  32  8
  23  15  17  17  15  17   6  17  25  16  16  32  8
  23  15  17  17  15  17   6  26  16   7  25  32  8
  23  16  16  16  16  17   6  26  16  16   7  41  8
  23  17  14  17  17   6  25  17  16   7  25  32  8
  23  17  15  15  17  17   6  17  25  16  16  32  8
  23  17  15  15  17  17   6  26  16   7  25  32  8
  23  18  18  20  20  18  18  18   5  31  18  36  9
  23  18  22  16  16  22  18  18   5  31  18  36  9
  23  22  14  20  20  14  22  18   5  31  18  36  9
  23  22  18  16  16  18  22  18   5  31  18  36  9
  24  15  15  17   7  26  16  16  15  17   7  41  8
  24  15  15  18   6  25  17  16  15  17   7  41  8
  24  16  14  17  17   7  23  18   6  26  16  32  8
  24  16  15  15  16   9  15  26  16  16  16  32  8
  24  16  15  16  16   8  23  18   6  26  16  32  8
  24  16  15  16  16  15   9  25   6  26  16  32  8
  25  18  18  19  19  18  18  18   7  29   9  45  9
  25  18  19  18  19  18  18   7  29   8  28  36  9
  25  18  19  19  18   7  18  29  18  18  18  36  9
  25  18  20  16  19  19   9  27  18  18   7  47  9
  25  18  20  17   8  29  18  18   7  29  18  36  9
  25  18  20  17  17  20  18  18   7  20  27  36  9
  25  18  20  17  17  20  18  18   7  29   9  45  9
  25  18  20  18  17  17  11  27  18  18   7  47  9
  25  19  17  20  17  19  18   7  29   8  28  36  9
  25  19  19  16   9  29  18   7  29  18  18  36  9
  25  19  19  16  19  19  18   7  19  28  18  36  9
  25  19  19  17   8  28  19  18   7  29  18  36  9
  25  20  16  19  19   7  29  18   7  29  18  36  9
  25  20  16  19  19  16  20   9  16  29  18  36  9
  25  20  16  19  19  16  20  18   7  20  27  36  9
  25  20  16  19  19  16  20  18   7  29   9  45  9
  25  20  17  17  20  17   8  29   8  28  18  36  9
  25  20  17  18  17  20  18   7  29  18   8  46  9
  25  20  18  16  19  19   9  25  20  18   7  47  9
  25  20  18  17  17  18  20  18   7  20  27  36  9
  25  20  18  17  17  18  20  18   7  29   9  45  9
  25  20  18  18  17  10  25  18  20  18   7  47  9
  25  20  18  18  17  17  11  25  20  18   7  47  9
  25  20  18  18  17  17  18  11  27  18   7  47  9
  26  19  16  19  19   7  28  19   7  29  18  36  9
  26  19  16  19  19  16  10  28   7  29  18  36  9
  26  19  16  20  16  19  19   7  29  18   8  46  9
  26  19  18  16  18  19  19   7  19  28  18  36  9
  27  14  18  20  20  18  14  22   5  31  18  36  9
  27  14  22  16  16  22  14  22   5  31  18  36  9
  27  16  11  25  19  19  18  18  16  20   7  47  9
  27  16  11  27  17  17  20  18  16  20   7  47  9
  27  16  18  18  19  19  18  18   9  27   7  47  9
  27  16  18  19  19  18  16  11  16  29  18  36  9
  27  16  18  19  19  18  16  20   7  20  27  36  9
  27  16  18  19  19  18  16  20   7  29   9  45  9
  27  16  18  20  17  10  27  18  16  20   7  47  9
  27  16  18  20  17  17  20  18   9  27   7  47  9
  27  16  19  19  16  19   8  19  28  18  18  36  9
  27  16  19  19  16  19  19   8  28   7  29  36  9
  27  16  19  19  16  20   7  28  19   8  28  36  9
  27  16  20  16  19  19   9  27  16  20   7  47  9
  27  16  20  17  17  20  16  11  16  29  18  36  9
  27  16  20  17  17  20  16  20   7  20  27  36  9
  27  16  20  18  17  10  25  20  16  20   7  47  9
  27  16  20  18  17  17  11  27  16  20   7  47  9
  27  16  20  18  17  17  18  20   9  27   7  47  9
  27  17  17  20   7  27  20   7  29  18  18  36  9
  27  17  17  20  17  17  10  17  29  18  18  36  9
  27  17  17  20  17  17  20   7  29   8  28  36  9
  27  17  18  18  17  20   7  29  17  19   8  46  9
  27  17  19  17  17  10  26  20   7  29  18  36  9
  27  18   9  25  19  19  18  16  18  20   7  47  9
  27  18   9  27  17  17  20  16  18  20   7  47  9
  27  18  14  20  20  14  18  22   5  31  18  36  9
  27  18  16  11  26  19  18  16  18  20   7  47  9
  27  18  16  18  19  19  18   9  25  20   7  47  9
  27  18  16  18  19  19  18  16  11  27   7  47  9
  27  18  16  19  18  19   8  26  20   7  29  36  9
  27  18  16  19  19  16  18  11  16  29  18  36  9
  27  18  16  19  19  16  18  20   7  20  27  36  9
  27  18  16  19  19  16  18  20   7  29   9  45  9
  27  18  16  20  17  10  27  16  18  20   7  47  9
  27  18  16  20  17  17  20  16  11  27   7  47  9
  27  18  17  17  18  20   7  28  19   8  28  36  9
  27  18  17  19  16  19  17  10  28   7  29  36  9
  27  18  18   9  26  19  16  18  18  20   7  47  9
  27  18  18  16  16  18  18  22   5  31  18  36  9
  27  18  18  16  19  19   9  25  18  20   7  47  9
  27  18  18  16  19  19  16  11  25  20   7  47  9
  27  18  18  16  19  19  16  18  11  27   7  47  9
  27  18  18  17  17  18  18  20   7  20  27  36  9
  27  18  18  17  17  18  18  20   7  29   9  45  9
  27  18  18  17  18  17  18  10  28   7  29  36  9
  27  18  18  18  17  10  25  18  18  20   7  47  9
  27  18  18  18  17  17  11  25  18  20   7  47  9
  27  18  18  18  17  17  18  11  25  20   7  47  9
  27  18  18  18  17  17  18  18  11  27   7  47  9
  28  20  20  21  21  20  20  20   8  21  31  40 10
  28  20  21  20  20  21  20  20   8  32   9  51 10
  28  20  21  20  21  20   8  20  32  20  20  40 10
  28  20  22  19  19  22  20   9  19  32  20  40 10
  28  21  19  21  21  19  21  20   8  21  31  40 10
  28  21  21  19  19  21  21  20   8  21  31  40 10
  28  21  21  20   8  30  21  21  20   8  32  40 10
  28  22  18  20  21  21  20   9  31  20   8  52 10
  28  22  18  22  19  19  22   9  31  20   8  52 10
  28  22  19  19  22  19   9  32  20   8  32  40 10
  28  22  19  21  19  19  21  10  31  20   8  52 10
  28  22  20  18  21  21  18  11  31  20   8  52 10
  28  22  20  19  19  20  22   9  19  32  20  40 10
  28  22  20  19  20  20  19  11  31  20   8  52 10
  29  19  20  21  21  20  19  21   8  21  31  40 10
  29  19  22  19  19  22  19  10  19  32  20  40 10
  29  19  22  19  19  22  19  21   8  32   9  51 10
  29  21  18  20  21  21  20   9  30  21   8  52 10
  29  21  18  21  21  18  21  21   8  21  31  40 10
  29  21  20  18  21  21  18  11  30  21   8  52 10
  29  21  20  19  19  20  21  21   8  21  31  40 10
  29  22  22  22  24  24  22  22  22  22   7  59 11
  29  22  22  26  20  20  26  22  22  22   7  59 11
  29  22  26  18  24  24  18  26  22  22   7  59 11
  29  22  26  22  20  20  22  26  22  22   7  59 11
  29  26  18  22  24  24  22  18  26  22   7  59 11
  29  26  18  26  20  20  26  18  26  22   7  59 11
  29  26  22  18  24  24  18  22  26  22   7  59 11
  29  26  22  22  20  20  22  22  26  22   7  59 11
  30  18  22  18  21  21  18  22   9  31   8  52 10
  30  18  22  19  19  22  18  22   8  32   9  51 10
  30  19  19  21  21  19  19  11  19  32  20  40 10
  30  19  19  22   8  32  19  19  22   8  32  40 10
  30  19  21  18  21  21  18  21  10  31   8  52 10
  30  19  21  19  19  21  19  11  19  32  20  40 10
  30  20  18  21  20  20  21   9  29  22   8  52 10
  30  20  18  22  19  19  22   9  29  22   8  52 10
  30  20  19  21  19  19  21  10  29  22   8  52 10
  30  20  20  19  19  20  20  11  19  32  20  40 10
  30  20  20  19  20  20  19  11  29  22   8  52 10
  30  20  20  19  20  20  19  20  11  31   8  52 10
  30  23  23  23  22   8  23  35  22  22  22  44 11
  31  22   9  36  23  22  22  22   9  35  22  44 11
  31  22  22  23  23  22  22   9  22  35  22  44 11
  31  22  22  24  21  10  35  22  22  22   9  57 11
  31  22  23  22  22  23  22   9  22  35  22  44 11
  31  22  23  23  20  23  23  22  22   9  23  56 11
  31  22  24  20  23  23  20  24  22  11  20  57 11
  31  22  24  22  21  10  33  24  22  22   9  57 11
  31  23  21  23  23   8  36  22   9  35  22  44 11
  31  23  23  22  20  22  23  23  22   9  23  56 11
  31  24   7  36  23  20  24  22   9  35  22  44 11
  31  24  19  24  23   8  36  22   9  35  22  44 11
  31  24  20  11  34  23  22  20  24  22   9  57 11
  31  24  20  22  23  23  22  20  24  11  20  57 11
  31  24  20  24  21  10  35  20  24  22   9  57 11
  31  24  20  24  21  21  24  20  24  11  20  57 11
  31  24  21  21  24  21  21  24  10  21  35  44 11
  31  24  22   9  34  23  20  22  24  22   9  57 11
  31  24  22  20  23  23  20  22  24  11  20  57 11
  32  21  23  23  20  23  23  21  23   9  23  56 11
  32  23  20  23  22  23  20  23  23   9  23  56 11
  32  23  21  23  20  23  21  23  23   9  23  56 11
  32  23  22  22  20  22  22  23  23   9  23  56 11
  32  32   0  52  26  26  26  27  26  26  26  52 13
  32  32   0  52  26  26  27  25  27  26  26  52 13
  32  32   0  52  26  27  25  27  25  27  26  52 13
  32  32   0  52  26  27  26  25  26  27  26  52 13
  32  32   0  52  27  25  26  27  26  25  27  52 13
  32  32   0  52  27  25  27  25  27  25  27  52 13
  32  32   0  52  27  26  25  27  25  26  27  52 13
  32  32   0  52  27  26  26  25  26  26  27  52 13
  32  32   0  53  25  26  26  27  26  26  25  53 13
  32  32   0  53  25  26  27  25  27  26  25  53 13
  32  32   0  53  25  27  25  27  25  27  25  53 13
  32  32   0  53  25  27  26  25  26  27  25  53 13
  32  32   0  53  26  25  26  27  26  25  26  53 13
  32  32   0  53  26  25  27  25  27  25  26  53 13
  32  32   0  53  26  26  25  27  25  26  26  53 13
  32  32   0  53  26  26  26  25  26  26  26  53 13
  33  18  22  22  24  24  22  22  18  26   7  59 11
  33  18  22  26  20  20  26  22  18  26   7  59 11
  33  18  26  18  24  24  18  26  18  26   7  59 11
  33  18  26  22  20  20  22  26  18  26   7  59 11
  33  20  22  11  34  23  22  22  20  24   9  57 11
  33  20  22  22  23  23  22  22  20  13  20  57 11
  33  20  22  23  23  22  20  23  10  23  34  44 11
  33  20  22  24  21  21  24  22  20  13  20  57 11
  33  20  24   9  34  23  20  24  20  24   9  57 11
  33  20  24  20  23  23  20  24  20  13  20  57 11
  33  20  24  22  21  21  22  24  20  13  20  57 11
  33  21  21  21  12  21  36  22  22  22  22  44 11
  33  21  21  22  24  22  21  21  12  21  35  44 11
  33  22  18  22  24  24  22  18  22  26   7  59 11
  33  22  18  26  20  20  26  18  22  26   7  59 11
  33  22  20  22  23  23  22  20  22  13  20  57 11
  33  22  20  23  23  20  22  23  10  23  34  44 11
  33  22  20  24  21  21  24  20  22  13  20  57 11
  33  22  21  21  22  22  11  22  35  22  22  44 11
  33  22  21  21  24  21  21  22  12  21  35  44 11
  33  22  22  18  24  24  18  22  22  26   7  59 11
  33  22  22  20  23  23  20  22  22  13  20  57 11
  33  22  22  22  20  20  22  22  22  26   7  59 11
  33  25  25  25   8  40  10  38  24  24  24  48 12
  34  24  24  25  24  25  24  24  10  24  38  48 12
  34  24  24  26  23  23  26  24  24  11  23  62 12
  34  24  25  24  24  24  25  24  10  24  38  48 12
  34  24  25  25  23  23  12  38  24  24  10  62 12
  34  24  26  24  23  23  24  26  24  11  23  62 12
  34  25  23  24  25  25  24  10  38  24  10  62 12
  34  25  23  26  23  23  26  10  38  24  10  62 12
  34  25  23  26  23  23  26  23  25  11  23  62 12
  34  25  25  22  12  38  22  25  25  24  10  62 12
  34  25  25  22  25  25  22  12  38  24  10  62 12
  34  25  25  24  10  36  24  25  25  24  10  62 12
  34  26  23  23  25  25  10  36  26  24  10  62 12
  34  26  23  23  25  25  23  23  26  11  23  62 12
  34  26  23  25  23  23  25  23  26  11  23  62 12
  34  26  24  24  23  23  24  24  26  11  23  62 12
  35  23  24  26  23  23  26  24  23  12  23  62 12
  35  23  25  23  25  25  23  25  10  38  10  62 12
  35  23  25  25  23  23  12  38  23  25  10  62 12
  35  23  26  24  23  23  24  26  23  12  23  62 12
  35  25  23  23  25  25  10  36  25  25  10  62 12
  35  28  28  25  10  43  26  26  11  41  26  52 13
  36  22  25  23  25  25  22  26  10  38  10  62 12
  36  22  25  25  22  25  11  36  26  10  38  48 12
  36  22  25  25  22  25  25  22  25  11  25  61 12
  36  22  26  23  23  25  23  26  10  38  10  62 12
  36  23  23  23  13  38   8  40  24  24  24  48 12
  36  23  23  24  12  38  24  23  23  26  10  62 12
  36  23  23  24  25  25  24  23  23  13  23  62 12
  36  23  23  26  10  36  26  23  23  26  10  62 12
  36  23  23  26  23  23  26  10  36  26  10  62 12
  36  23  23  26  23  23  26  23  23  13  23  62 12
  36  23  25  23  23  25  23  25  11  38  10  62 12
  36  23  25  24  23  23  24  25  23  13  23  62 12
  36  24  23  23  25  25  23  23  24  13  23  62 12
  36  24  23  24  23  24  24  12  24  38  24  48 12
  36  24  23  25  23  23  25  23  24  13  23  62 12
  36  24  24  24  23  23  24  24  24  13  23  62 12
  36  27  26  27  27  26  10  42  11  41  26  52 13
  36  27  27  27   9  27  42  26  26  26  26  52 13
  37   0  52  26  26  26  27  27  26  26  26  52 13
  37   0  52  26  26  28  25  25  28  26  26  52 13
  37   0  52  26  28  24  27  27  24  28  26  52 13
  37   0  52  26  28  26  25  25  26  28  26  52 13
  37   0  52  28  24  26  27  27  26  24  28  52 13
  37   0  52  28  24  28  25  25  28  24  28  52 13
  37   0  52  28  26  24  27  27  24  26  28  52 13
  37   0  52  28  26  26  25  25  26  26  28  52 13
  37   0  54  24  26  26  27  27  26  26  24  54 13
  37   0  54  24  26  28  25  25  28  26  24  54 13
  37   0  54  24  28  24  27  27  24  28  24  54 13
  37   0  54  24  28  26  25  25  26  28  24  54 13
  37   0  54  26  24  26  27  27  26  24  26  54 13
  37   0  54  26  24  28  25  25  28  24  26  54 13
  37   0  54  26  26  24  27  27  24  26  26  54 13
  37   0  54  26  26  26  25  25  26  26  26  54 13
  37  25  29  25  25  12  42  26  11  41  26  52 13
  37  26  11  41  27  27  26  26  26  26  11  67 13
  37  26  11  43  25  25  28  26  26  26  11  67 13
  37  26  26  11  42  27  26  26  26  26  11  67 13
  37  26  26  26  27  27  26  26  11  41  11  67 13
  37  26  26  26  27  27  26  26  26  11  26  67 13
  37  26  26  27  10  43  26  26  11  41  26  52 13
  37  26  26  27  26  26  27  26  26  11  26  67 13
  37  26  27  26  26  26  26  27  26  11  26  67 13
  37  26  28   9  42  27  24  28  26  26  11  67 13
  37  26  28  25  25  26  28  26  11  26  41  52 13
  37  28   9  41  27  27  26  24  28  26  11  67 13
  37  28   9  43  25  25  28  24  28  26  11  67 13
  37  28  26  25  25  26  26  28  11  26  41  52 13
  39  24  27  27  24  26  13  41  24  28  11  67 13
  39  24  28  24  27  12  39  28  24  28  11  67 13
  39  26  24  26  27  12  41  24  26  28  11  67 13
  39  26  25  25  26  25  14  41  10  42  26  52 13
  39  26  25  25  26  28  11  39  26  28  11  67 13
  39  26  25  26  26  25  26  26  13  26  41  52 13
  39  26  26  25  25  26  26  26  13  26  41  52 13
  39  26  26  25  25  26  26  26  13  41  11  67 13
  39  28  29  29  29  28  28  11  29  44  28  56 14
  39  29  28  29  28  29  28  11  45  12  44  56 14
  39  31  27  27  27  31  12  27  45  28  28  56 14
  40  27  29  29  29  27  29  11  29  44  28  56 14
  40  28  28  29  28  28  29  11  45  28  12  72 14
  40  28  30  27  28  27  28  30  28  12  28  72 14
  40  29  29  25  29  29  29  11  29  44  28  56 14
  40  30  26  29  26  30  29  11  45  28  12  72 14
  40  30  28  27  28  27  28  28  30  12  28  72 14
  41  32  30  32  29  12  49  30  30  30  13  77 15
  42  28  27  27  27  28  15  27  45  28  28  56 14
  42  28  27  28  27  28  27  15  44  11  45  56 14
  42  28  27  28  28  28  27  28  28  14  28  72 14
  42  28  28  27  28  27  28  28  28  14  28  72 14
  43  30  30  30  31  12  49  30  30  30  13  77 15
  44  33  33  33  33  32  12  52  14  50  32  64 16
  45  28  28  33  12  49  28  32  13  47  30  60 15
  45  28  30  30  31  31  30  28  30  15  30  77 15
  45  30  28  30  31  31  28  30  30  15  30  77 15
  45  32  33  32  33  33  32  32  13  51  14  82 16
  45  33  32  32  33  33  12  52  32  32  14  82 16
  47  35  35  35  35  34  13  35  54  34  34  68 17
  48  29  33  33  33  29  33  15  33  50  32  64 16
  48  32  31  31  31  31  18  50  12  52  32  64 16
  48  32  32  31  31  32  31  32  17  50  13  83 16
  48  34  34  35  35  35  34  34  34  14  35  87 17
  48  34  37  33  33  33  37  34  15  33  54  68 17
  48  35  33  35  35  35  33  35  34  14  35  87 17
  48  35  35  35  31  35  35  35  34  14  35  87 17
  48  37  34  33  33  33  34  37  15  33  54  68 17
  49  33  34  35  35  35  34  33  35  14  35  87 17
  49  33  37  33  33  33  37  33  16  33  54  68 17
  49  35  32  35  35  35  32  35  35  14  35  87 17
  49  35  35  32  35  32  35  35  35  14  35  87 17
  49  35  35  34  31  34  35  35  35  14  35  87 17
  50  37  37  36  37  37  36  14  58  36  16  92 18
  51  32  34  32  37  14  55  34  32  36  15  87 17
  51  33  33  33  33  18  33  55  34  34  34  68 17
  51  33  33  33  37  33  33  33  18  33  54  68 17
  51  33  35  33  33  33  35  33  18  33  54  68 17
  51  34  34  33  33  33  34  34  18  33  54  68 17
  52  35  35  40  35  35  38  14  58  36  16  92 18
  52  38  33  37  37  37  33  37  38  15  37  92 18
  52  38  33  38  33  38  38  14  38  56  36  72 18
  53  37  33  37  37  37  33  37  37  16  37  92 18
  53  39  39  39  39  14  39  61  38  38  38  76 19
  54  36  35  35  36  35  19  52  40  14  58  72 18
  56  40  41  41  41  41  40  40  16  64  18 102 20
  57  35  38  39  39  39  38  35  39  18  39  97 19
  57  38  35  39  39  39  35  38  39  18  39  97 19
  59  42  43  43  43  43  42  42  17  43  66  84 21
  59  46  41  41  41  41  46  18  41  67  42  84 21
  60  36  41  41  41  41  36  44  16  64  18 102 20
  60  36  44  39  39  39  39  44  18  62  16 104 20
  60  40  40  39  39  39  39  40  22  62  16 104 20
  60  41  43  43  43  43  41  43  17  43  66  84 21
  62  40  45  40  40  45  40  45  17  67  18 108 21
  62  46  46  41  46  41  46  46  44  18  46 112 22
  63  38  45  39  44  44  19  65  38  46  17 109 21
  63  38  45  39  44  44  39  45  18  66  17 109 21
  63  38  45  43  40  40  23  65  38  46  17 109 21
  63  39  44  39  44  44  39  44  19  66  17 109 21
  63  39  45  40  40  45  39  46  17  67  18 108 21
  63  40  43  43  40  40  23  63  40  46  17 109 21
  63  42  41  39  44  44  19  61  42  46  17 109 21
  63  42  41  41  41  41  42  22  41  67  42  84 21
  63  42  41  41  42  42  21  61  42  46  17 109 21
  64  46  40  45  46  45  40  46  46  18  46 112 22
  64  46  44  41  46  41  44  46  46  18  46 112 22
  66  42  42  47  42  47  42  42  24  42  70  88 22
  66  47  47  47  42  47  47  47  47  19  47 118 23
  67  49  49  49  49  49  48  19  49  76  48  96 24
  70  51  51  51  51  51  19  81  21  79  50 100 25
  71  50  54  49  49  49  49  54  50  22  49 129 25
  71  54  50  49  49  49  49  50  54  22  49 129 25
  72  44  49  49  49  49  44  49  23  49  75  96 24
  72  47  47  47  47  47  25  47  77  48  48  96 24
  72  49  54  49  49  49  49  54  49  23  49 129 25
  73  53  53  53  53  53  20  53  83  52  52 104 26
  75  44  54  49  49  54  21  79  19  81  50 100 25
  75  46  51  51  46  56  19  81  21  79  50 100 25
  75  49  49  49  49  49  26  79  19  81  50 100 25
  75  49  51  49  49  49  49  51  49  26  49 129 25
  75  50  50  49  49  49  49  50  50  26  49 129 25
  77  54  55  53  56  56  21  87  54  54  23 139 27
  77  54  55  55  54  54  23  87  54  54  23 139 27
  77  56  53  53  56  56  21  85  56  54  23 139 27
  82  58  59  59  59  59  59  58  58  24  59 149 29
  82  63  57  57  57  57  57  63  25  57  92 116 29
  83  56  61  61  56  56  27  93  58  58  25 149 29
  83  57  59  59  59  59  59  57  59  24  59 149 29
  83  62  55  55  62  60  23  89  62  58  25 149 29
  87  58  57  57  57  57  57  58  30  57  92 116 29
  87  63  63  63  63  63  63  62  25  99  27 159 31
  87  64  62  63  63  62  64  62  25  99  27 159 31
  89  64  64  59  59  64  64  64  25  64  97 124 31
  90  65  65  65  65  65  65  64  26  65 101 128 32
  93  62  60  62  61  61  62  60  33  97  25 161 31
  93  62  61  61  61  61  61  61  33  97  25 161 31
  96  63  63  63  63  63  63  33  63 102  64 128 32
  96  69  69  69  69  69  69  27  69 108  68 136 34
  99  61  67  67  67  67  67  61  67  32  67 169 33
  99  76  66  71  71  66  76  66  33 111  31 179 35
 101  74  64  74  69  69  74  64  37 109  29 181 35
 108  82  75  75  75  75  75  75  82  33  75 196 38
 111  72  72  72  77  77  72  72  72  39  72 191 37
 114  76  75  75  75  75  75  75  76  39  75 196 38
 116  83  83  83  83  83  83  83  82  34  83 211 41
 119  85  85  85  85  85  85  85  34 134  36 216 42
 121  88  86  88  87  87  88  86  35 137  37 221 43
 122  87  87  87  87  87  87  87  35  87 136 172 43
 123  81  81  81  81  81  81  81  42  81 130 164 41
 126  76  90  83  83  83  83  90  36 132  34 218 42
 126  78  85  85  85  85  78  92  34 134  36 216 42
 126  83  83  83  83  83  83  83  43 132  34 218 42
 129  86  84  85  85  84  86  84  45 135  35 223 43
 151 107 107 107 107 107 107 107 107  44 107 273 53
 153 101 101 101 101 101 101 101 101  52 101 263 51

0 extreme rays of recession cone:

52 support hyperplanes of polyhedron (homogenized):
 -11   2  2  2  2  2  2  2  2  2  2  2 -15
 -10 -10  3  3  3  3  3  3  3  3  3  3 -16
  -9  -9 -9  4  4  4  4  4  4  4  4  4 -17
  -8  -8 -8 -8  5  5  5  5  5  5  5  5 -18
  -7  -7 -7 -7 -7  6  6  6  6  6  6  6 -19
  -6  -6 -6 -6 -6 -6  7  7  7  7  7  7 -20
  -5  -5 -5 -5 -5 -5 -5  8  8  8  8  8 -21
  -4  -4 -4 -4 -4 -4 -4 -4  9  9  9  9 -22
  -3  -3 -3 -3 -3 -3 -3 -3 -3 10 10 10 -23
  -2  -2 -2 -2 -2 -2 -2 -2 -2 -2 11 11 -24
  -1  -1 -1 -1 -1 -1 -1 -1 -1 -1 -1 12 -25
  -1  -1 -1 -1 -1  1  1  1  1  1  1  0   0
  -1  -1 -1 -1  0  0  1  1  1  1  1  0   0
  -1  -1 -1 -1  0  1  1  1  1  1  0  0   0
  -1  -1 -1 -1  1  1  1  1  1  0  0  0   0
  -1  -1 -1  0  0  0  0  1  1  1  1  0   0
  -1  -1 -1  0  0  0  1  1  1  1  0  0   0
  -1  -1 -1  0  0  1  1  1  1  0  0  0   0
  -1  -1 -1  0  1  1  1  1  0  0  0  0   0
  -1  -1 -1  1  1  1  1  0  0  0  0  0   0
  -1  -1  0  0  0  0  0  0  1  1  1  0   0
  -1  -1  0  0  0  0  0  1  1  1  0  0   0
  -1  -1  0  0  0  0  1  1  1  0  0  0   0
  -1  -1  0  0  0  1  1  1  0  0  0  0   0
  -1  -1  0  0  1  1  1  0  0  0  0  0   0
  -1  -1  0  1  1  1  0  0  0  0  0  0   0
  -1  -1  1  1  1  0  0  0  0  0  0  0   0
  -1   0  0  0  0  0  0  0  0  1  1  0   0
  -1   0  0  0  0  0  0  0  1  1  0  0   0
  -1   0  0  0  0  0  0  1  1  0  0  0   0
  -1   0  0  0  0  0  1  1  0  0  0  0   0
  -1   0  0  0  0  1  1  0  0  0  0  0   0
  -1   0  0  0  1  1  0  0  0  0  0  0   0
  -1   0  0  1  1  0  0  0  0  0  0  0   0
  -1   0  1  1  0  0  0  0  0  0  0  0   0
  -1   1  1  0  0  0  0  0  0  0  0  0   0
   0  -1 -1 -1 -1 -1  0  1  1  1  1  1   0
   0  -1 -1 -1 -1  0  0  0  1  1  1  1   0
   0  -1 -1 -1  0  0  0  0  0  1  1  1   0
   0  -1 -1  0  0  0  0  0  0  0  1  1   0
   0  -1  0  0  0  0  0  0  0  0  0  1   0
   0   0 -1 -1 -1 -1 -1  1  1  1  1  1   0
   0   0 -1 -1 -1 -1  0  0  1  1  1  1   0
   0   0 -1 -1 -1  0  0  0  0  1  1  1   0
   0   0 -1 -1  0  0  0  0  0  0  1  1   0
   0   0 -1  0  0  0  0  0  0  0  0  1   0
   0   0  0 -1 -1 -1 -1  0  1  1  1  1   0
   0   0  0 -1 -1 -1  0  0  0  1  1  1   0
   0   0  0 -1 -1  0  0  0  0  0  1  1   0
   0   0  0 -1  0  0  0  0  0  0  0  1   0
   0   0  1  0  0  0  0  0  0  0  0  0   0
   0   1  0  0  0  0  0  0  0  0  0  0   0

2 equations:
 1 0 -1 -2 -3 -4 -5 -6 -7 -8 -9 -10  130
 0 1  2  3  4  5  6  7  8  9 10  11 -157

11 basis elements of generated  lattice:
 1 0 0 0 0 0 0 0 0 0 -11   10 0
 0 1 0 0 0 0 0 0 0 0 -10    9 0
 0 0 1 0 0 0 0 0 0 0  -9    8 0
 0 0 0 1 0 0 0 0 0 0  -8    7 0
 0 0 0 0 1 0 0 0 0 0  -7    6 0
 0 0 0 0 0 1 0 0 0 0  -6    5 0
 0 0 0 0 0 0 1 0 0 0  -5    4 0
 0 0 0 0 0 0 0 1 0 0  -4    3 0
 0 0 0 0 0 0 0 0 1 0  -3    2 0
 0 0 0 0 0 0 0 0 0 1  -2    1 0
 0 0 0 0 0 0 0 0 0 0 140 -113 1

