367 lattice points in polytope (module generators)
0 Hilbert basis elements of recession monoid
1218 vertices of polyhedron
0 extreme rays of recession cone
43 support hyperplanes of polyhedron (homogenized)

embedding dimension = 10
affine dimension of the polyhedron = 7
rank of recession monoid = 0 (polyhedron is polytope)

dehomogenization:
0 0 0 0 0 0 0 0 0 1 


module rank = 367

***********************************************************************

367 lattice points in polytope (module generators):
 1 2 2 4 2 2 2 2 4 1
 1 2 3 2 3 2 2 2 4 1
 1 2 3 3 1 3 2 2 4 1
 1 2 3 3 2 1 3 2 4 1
 1 2 3 3 2 2 1 3 4 1
 1 2 3 3 2 2 2 1 5 1
 1 2 4 0 4 2 2 2 4 1
 1 2 4 1 2 3 2 2 4 1
 1 2 4 1 3 1 3 2 4 1
 1 2 4 1 3 2 1 3 4 1
 1 2 4 1 3 2 2 1 5 1
 1 2 4 2 0 4 2 2 4 1
 1 2 4 2 1 2 3 2 4 1
 1 2 4 2 1 3 1 3 4 1
 1 2 4 2 1 3 2 1 5 1
 1 2 4 2 2 0 4 2 4 1
 1 2 4 2 2 1 2 3 4 1
 1 2 4 2 2 1 3 1 5 1
 1 2 4 2 2 2 1 2 5 1
 1 3 1 3 3 2 2 2 4 1
 1 3 1 4 1 3 2 2 4 1
 1 3 1 4 2 1 3 2 4 1
 1 3 1 4 2 2 1 3 4 1
 1 3 1 4 2 2 2 1 5 1
 1 3 2 1 4 2 2 2 4 1
 1 3 2 2 2 3 2 2 4 1
 1 3 2 2 3 1 3 2 4 1
 1 3 2 2 3 2 1 3 4 1
 1 3 2 2 3 2 2 1 5 1
 1 3 2 3 0 4 2 2 4 1
 1 3 2 3 1 2 3 2 4 1
 1 3 2 3 1 3 1 3 4 1
 1 3 2 3 1 3 2 1 5 1
 1 3 2 3 2 0 4 2 4 1
 1 3 2 3 2 1 2 3 4 1
 1 3 2 3 2 1 3 1 5 1
 1 3 2 3 2 2 0 4 4 1
 1 3 2 3 2 2 1 2 5 1
 1 3 2 3 2 2 2 0 6 1
 1 3 3 0 3 3 2 2 4 1
 1 3 3 0 4 1 3 2 4 1
 1 3 3 0 4 2 1 3 4 1
 1 3 3 0 4 2 2 1 5 1
 1 3 3 1 1 4 2 2 4 1
 1 3 3 1 2 2 3 2 4 1
 1 3 3 1 2 3 1 3 4 1
 1 3 3 1 2 3 2 1 5 1
 1 3 3 1 3 0 4 2 4 1
 1 3 3 1 3 1 2 3 4 1
 1 3 3 1 3 1 3 1 5 1
 1 3 3 1 3 2 1 2 5 1
 1 3 3 1 3 2 2 0 6 1
 1 3 3 2 0 3 3 2 4 1
 1 3 3 2 0 4 1 3 4 1
 1 3 3 2 0 4 2 1 5 1
 1 3 3 2 1 1 4 2 4 1
 1 3 3 2 1 2 2 3 4 1
 1 3 3 2 1 2 3 1 5 1
 1 3 3 2 1 3 1 2 5 1
 1 3 3 2 2 0 3 3 4 1
 1 3 3 2 2 0 4 1 5 1
 1 3 3 2 2 1 2 2 5 1
 1 4 0 2 4 2 2 2 4 1
 1 4 0 3 2 3 2 2 4 1
 1 4 0 3 3 1 3 2 4 1
 1 4 0 3 3 2 1 3 4 1
 1 4 0 3 3 2 2 1 5 1
 1 4 0 4 1 2 3 2 4 1
 1 4 0 4 1 3 1 3 4 1
 1 4 0 4 1 3 2 1 5 1
 1 4 0 4 2 0 4 2 4 1
 1 4 0 4 2 1 2 3 4 1
 1 4 0 4 2 1 3 1 5 1
 1 4 0 4 2 2 1 2 5 1
 1 4 1 1 3 3 2 2 4 1
 1 4 1 1 4 1 3 2 4 1
 1 4 1 1 4 2 1 3 4 1
 1 4 1 1 4 2 2 1 5 1
 1 4 1 2 2 2 3 2 4 1
 1 4 1 2 2 3 1 3 4 1
 1 4 1 2 2 3 2 1 5 1
 1 4 1 2 3 0 4 2 4 1
 1 4 1 2 3 1 2 3 4 1
 1 4 1 2 3 1 3 1 5 1
 1 4 1 2 3 2 0 4 4 1
 1 4 1 2 3 2 1 2 5 1
 1 4 1 3 1 1 4 2 4 1
 1 4 1 3 1 2 2 3 4 1
 1 4 1 3 1 2 3 1 5 1
 1 4 1 3 1 3 1 2 5 1
 1 4 1 3 1 3 2 0 6 1
 1 4 1 3 2 0 3 3 4 1
 1 4 1 3 2 0 4 1 5 1
 1 4 1 3 2 1 2 2 5 1
 1 4 2 0 3 2 3 2 4 1
 1 4 2 0 3 3 1 3 4 1
 1 4 2 0 3 3 2 1 5 1
 1 4 2 0 4 1 2 3 4 1
 1 4 2 0 4 1 3 1 5 1
 1 4 2 0 4 2 1 2 5 1
 1 4 2 1 2 2 2 3 4 1
 1 4 2 1 2 2 3 1 5 1
 1 4 2 1 2 3 1 2 5 1
 1 4 2 1 2 3 2 0 6 1
 1 4 2 1 3 1 2 2 5 1
 1 4 2 2 1 2 2 2 5 1
 2 1 2 3 3 2 2 2 4 1
 2 1 2 4 1 3 2 2 4 1
 2 1 2 4 2 1 3 2 4 1
 2 1 2 4 2 2 1 3 4 1
 2 1 2 4 2 2 2 1 5 1
 2 1 3 1 4 2 2 2 4 1
 2 1 3 2 2 3 2 2 4 1
 2 1 3 2 3 1 3 2 4 1
 2 1 3 2 3 2 1 3 4 1
 2 1 3 2 3 2 2 1 5 1
 2 1 3 3 0 4 2 2 4 1
 2 1 3 3 1 2 3 2 4 1
 2 1 3 3 1 3 1 3 4 1
 2 1 3 3 1 3 2 1 5 1
 2 1 3 3 2 0 4 2 4 1
 2 1 3 3 2 1 2 3 4 1
 2 1 3 3 2 1 3 1 5 1
 2 1 3 3 2 2 0 4 4 1
 2 1 3 3 2 2 1 2 5 1
 2 1 3 3 2 2 2 0 6 1
 2 1 4 0 3 3 2 2 4 1
 2 1 4 0 4 1 3 2 4 1
 2 1 4 0 4 2 1 3 4 1
 2 1 4 0 4 2 2 1 5 1
 2 1 4 1 1 4 2 2 4 1
 2 1 4 1 2 2 3 2 4 1
 2 1 4 1 2 3 1 3 4 1
 2 1 4 1 2 3 2 1 5 1
 2 1 4 1 3 0 4 2 4 1
 2 1 4 1 3 1 2 3 4 1
 2 1 4 1 3 1 3 1 5 1
 2 1 4 1 3 2 1 2 5 1
 2 1 4 1 3 2 2 0 6 1
 2 1 4 2 0 3 3 2 4 1
 2 1 4 2 0 4 1 3 4 1
 2 1 4 2 0 4 2 1 5 1
 2 1 4 2 1 1 4 2 4 1
 2 1 4 2 1 2 2 3 4 1
 2 1 4 2 1 2 3 1 5 1
 2 1 4 2 1 3 1 2 5 1
 2 1 4 2 2 0 3 3 4 1
 2 1 4 2 2 0 4 1 5 1
 2 1 4 2 2 1 2 2 5 1
 2 2 1 2 4 2 2 2 4 1
 2 2 1 3 2 3 2 2 4 1
 2 2 1 3 3 1 3 2 4 1
 2 2 1 3 3 2 1 3 4 1
 2 2 1 3 3 2 2 1 5 1
 2 2 1 4 0 4 2 2 4 1
 2 2 1 4 1 2 3 2 4 1
 2 2 1 4 1 3 1 3 4 1
 2 2 1 4 1 3 2 1 5 1
 2 2 1 4 2 0 4 2 4 1
 2 2 1 4 2 1 2 3 4 1
 2 2 1 4 2 1 3 1 5 1
 2 2 1 4 2 2 0 4 4 1
 2 2 1 4 2 2 1 2 5 1
 2 2 1 4 2 2 2 0 6 1
 2 2 2 1 3 3 2 2 4 1
 2 2 2 1 4 1 3 2 4 1
 2 2 2 1 4 2 1 3 4 1
 2 2 2 1 4 2 2 1 5 1
 2 2 2 2 1 4 2 2 4 1
 2 2 2 2 2 2 3 2 4 1
 2 2 2 2 2 3 1 3 4 1
 2 2 2 2 2 3 2 1 5 1
 2 2 2 2 3 0 4 2 4 1
 2 2 2 2 3 1 2 3 4 1
 2 2 2 2 3 1 3 1 5 1
 2 2 2 2 3 2 0 4 4 1
 2 2 2 2 3 2 1 2 5 1
 2 2 2 2 3 2 2 0 6 1
 2 2 2 3 0 3 3 2 4 1
 2 2 2 3 0 4 1 3 4 1
 2 2 2 3 0 4 2 1 5 1
 2 2 2 3 1 1 4 2 4 1
 2 2 2 3 1 2 2 3 4 1
 2 2 2 3 1 2 3 1 5 1
 2 2 2 3 1 3 0 4 4 1
 2 2 2 3 1 3 1 2 5 1
 2 2 2 3 1 3 2 0 6 1
 2 2 2 3 2 0 3 3 4 1
 2 2 2 3 2 0 4 1 5 1
 2 2 2 3 2 1 1 4 4 1
 2 2 2 3 2 1 2 2 5 1
 2 2 2 3 2 1 3 0 6 1
 2 2 2 3 2 2 0 3 5 1
 2 2 2 3 2 2 1 1 6 1
 2 2 3 0 2 4 2 2 4 1
 2 2 3 0 3 2 3 2 4 1
 2 2 3 0 3 3 1 3 4 1
 2 2 3 0 3 3 2 1 5 1
 2 2 3 0 4 0 4 2 4 1
 2 2 3 0 4 1 2 3 4 1
 2 2 3 0 4 1 3 1 5 1
 2 2 3 0 4 2 1 2 5 1
 2 2 3 0 4 2 2 0 6 1
 2 2 3 1 1 3 3 2 4 1
 2 2 3 1 1 4 1 3 4 1
 2 2 3 1 1 4 2 1 5 1
 2 2 3 1 2 1 4 2 4 1
 2 2 3 1 2 2 2 3 4 1
 2 2 3 1 2 2 3 1 5 1
 2 2 3 1 2 3 1 2 5 1
 2 2 3 1 2 3 2 0 6 1
 2 2 3 1 3 0 3 3 4 1
 2 2 3 1 3 0 4 1 5 1
 2 2 3 1 3 1 2 2 5 1
 2 2 3 1 3 1 3 0 6 1
 2 2 3 1 3 2 1 1 6 1
 2 2 3 2 0 2 4 2 4 1
 2 2 3 2 0 3 2 3 4 1
 2 2 3 2 0 3 3 1 5 1
 2 2 3 2 0 4 1 2 5 1
 2 2 3 2 1 1 3 3 4 1
 2 2 3 2 1 1 4 1 5 1
 2 2 3 2 1 2 2 2 5 1
 2 2 3 2 2 0 3 2 5 1
 2 3 0 2 3 3 2 2 4 1
 2 3 0 2 4 1 3 2 4 1
 2 3 0 2 4 2 1 3 4 1
 2 3 0 2 4 2 2 1 5 1
 2 3 0 3 2 2 3 2 4 1
 2 3 0 3 2 3 1 3 4 1
 2 3 0 3 2 3 2 1 5 1
 2 3 0 3 3 0 4 2 4 1
 2 3 0 3 3 1 2 3 4 1
 2 3 0 3 3 1 3 1 5 1
 2 3 0 3 3 2 0 4 4 1
 2 3 0 3 3 2 1 2 5 1
 2 3 0 4 1 1 4 2 4 1
 2 3 0 4 1 2 2 3 4 1
 2 3 0 4 1 2 3 1 5 1
 2 3 0 4 1 3 1 2 5 1
 2 3 0 4 1 3 2 0 6 1
 2 3 0 4 2 0 3 3 4 1
 2 3 0 4 2 0 4 1 5 1
 2 3 0 4 2 1 2 2 5 1
 2 3 1 1 3 2 3 2 4 1
 2 3 1 1 3 3 1 3 4 1
 2 3 1 1 3 3 2 1 5 1
 2 3 1 1 4 0 4 2 4 1
 2 3 1 1 4 1 2 3 4 1
 2 3 1 1 4 1 3 1 5 1
 2 3 1 1 4 2 0 4 4 1
 2 3 1 1 4 2 1 2 5 1
 2 3 1 2 2 1 4 2 4 1
 2 3 1 2 2 2 2 3 4 1
 2 3 1 2 2 2 3 1 5 1
 2 3 1 2 2 3 0 4 4 1
 2 3 1 2 2 3 1 2 5 1
 2 3 1 2 2 3 2 0 6 1
 2 3 1 2 3 0 3 3 4 1
 2 3 1 2 3 0 4 1 5 1
 2 3 1 2 3 1 1 4 4 1
 2 3 1 2 3 1 2 2 5 1
 2 3 1 2 3 2 0 3 5 1
 2 3 1 3 1 1 3 3 4 1
 2 3 1 3 1 1 4 1 5 1
 2 3 1 3 1 2 2 2 5 1
 2 3 1 3 1 2 3 0 6 1
 2 3 1 3 1 3 1 1 6 1
 2 3 1 3 2 0 3 2 5 1
 2 3 2 0 3 2 2 3 4 1
 2 3 2 0 3 2 3 1 5 1
 2 3 2 0 3 3 1 2 5 1
 2 3 2 0 3 3 2 0 6 1
 2 3 2 0 4 1 2 2 5 1
 2 3 2 1 2 2 2 2 5 1
 2 3 2 1 2 2 3 0 6 1
 2 3 2 1 2 3 1 1 6 1
 3 0 3 1 3 3 2 2 4 1
 3 0 3 1 4 1 3 2 4 1
 3 0 3 1 4 2 1 3 4 1
 3 0 3 1 4 2 2 1 5 1
 3 0 3 2 1 4 2 2 4 1
 3 0 3 2 2 2 3 2 4 1
 3 0 3 2 2 3 1 3 4 1
 3 0 3 2 2 3 2 1 5 1
 3 0 3 2 3 0 4 2 4 1
 3 0 3 2 3 1 2 3 4 1
 3 0 3 2 3 1 3 1 5 1
 3 0 3 2 3 2 1 2 5 1
 3 0 3 3 0 3 3 2 4 1
 3 0 3 3 0 4 1 3 4 1
 3 0 3 3 0 4 2 1 5 1
 3 0 3 3 1 2 2 3 4 1
 3 0 3 3 1 2 3 1 5 1
 3 0 3 3 1 3 0 4 4 1
 3 0 3 3 1 3 1 2 5 1
 3 0 3 3 2 1 2 2 5 1
 3 0 3 3 2 1 3 0 6 1
 3 0 4 0 3 2 3 2 4 1
 3 0 4 0 3 3 1 3 4 1
 3 0 4 0 3 3 2 1 5 1
 3 0 4 0 4 0 4 2 4 1
 3 0 4 0 4 1 2 3 4 1
 3 0 4 0 4 1 3 1 5 1
 3 0 4 0 4 2 1 2 5 1
 3 0 4 1 2 1 4 2 4 1
 3 0 4 1 2 2 2 3 4 1
 3 0 4 1 2 2 3 1 5 1
 3 0 4 1 2 3 1 2 5 1
 3 0 4 1 3 0 3 3 4 1
 3 0 4 1 3 0 4 1 5 1
 3 0 4 1 3 1 2 2 5 1
 3 0 4 1 3 1 3 0 6 1
 3 0 4 2 1 2 2 2 5 1
 3 1 2 1 2 4 2 2 4 1
 3 1 2 1 3 2 3 2 4 1
 3 1 2 1 3 3 1 3 4 1
 3 1 2 1 3 3 2 1 5 1
 3 1 2 1 4 0 4 2 4 1
 3 1 2 1 4 1 2 3 4 1
 3 1 2 1 4 1 3 1 5 1
 3 1 2 1 4 2 1 2 5 1
 3 1 2 2 1 3 3 2 4 1
 3 1 2 2 1 4 1 3 4 1
 3 1 2 2 1 4 2 1 5 1
 3 1 2 2 2 1 4 2 4 1
 3 1 2 2 2 2 2 3 4 1
 3 1 2 2 2 2 3 1 5 1
 3 1 2 2 2 3 0 4 4 1
 3 1 2 2 2 3 1 2 5 1
 3 1 2 2 3 0 3 3 4 1
 3 1 2 2 3 0 4 1 5 1
 3 1 2 2 3 1 2 2 5 1
 3 1 2 2 3 1 3 0 6 1
 3 1 2 3 0 3 2 3 4 1
 3 1 2 3 0 3 3 1 5 1
 3 1 2 3 0 4 0 4 4 1
 3 1 2 3 0 4 1 2 5 1
 3 1 2 3 1 2 1 4 4 1
 3 1 2 3 1 2 2 2 5 1
 3 1 2 3 1 2 3 0 6 1
 3 1 2 3 1 3 0 3 5 1
 3 1 2 3 2 1 2 1 6 1
 3 1 3 0 3 1 4 2 4 1
 3 1 3 0 3 2 2 3 4 1
 3 1 3 0 3 2 3 1 5 1
 3 1 3 0 3 3 1 2 5 1
 3 1 3 0 4 0 3 3 4 1
 3 1 3 0 4 0 4 1 5 1
 3 1 3 0 4 1 2 2 5 1
 3 1 3 0 4 1 3 0 6 1
 3 1 3 1 2 1 3 3 4 1
 3 1 3 1 2 1 4 1 5 1
 3 1 3 1 2 2 2 2 5 1
 3 1 3 1 2 2 3 0 6 1
 3 1 3 1 3 0 3 2 5 1
 3 1 3 1 3 0 4 0 6 1
 3 1 3 1 3 1 2 1 6 1
 3 2 1 2 2 1 3 3 4 1
 3 2 1 2 2 1 4 1 5 1
 3 2 1 2 2 2 1 4 4 1
 3 2 1 2 2 2 2 2 5 1
 3 2 1 2 2 2 3 0 6 1
 3 2 1 2 2 3 0 3 5 1
 3 2 1 2 3 0 3 2 5 1
 3 2 1 3 1 2 2 1 6 1
 3 2 2 1 2 2 2 1 6 1

0 Hilbert basis elements of recession monoid:

1218 vertices of polyhedron:
   1   2  2   4   2   2   2   2   4  1
   1   2  4   0   4   2   2   2   4  1
   1   2  4   1   3   2   1   3   4  1
   1   2  4   2   0   4   2   2   4  1
   1   2  4   2   1   3   1   3   4  1
   1   2  4   2   1   3   2   1   5  1
   1   2  4   2   2   0   4   2   4  1
   1   2  4   2   2   1   2   3   4  1
   1   2  4   2   2   1   3   1   5  1
   1   2  4   2   2   2   1   2   5  1
   1   3  2   3   2   2   0   4   4  1
   1   3  2   3   2   2   2   0   6  1
   1   3  3   0   4   2   1   3   4  1
   1   3  3   1   3   0   4   2   4  1
   1   3  3   1   3   2   2   0   6  1
   1   3  3   2   0   4   1   3   4  1
   1   3  3   2   0   4   2   1   5  1
   1   3  3   2   1   1   4   2   4  1
   1   3  3   2   2   0   3   3   4  1
   1   3  3   2   2   0   4   1   5  1
   1   4  0   2   4   2   2   2   4  1
   1   4  0   3   2   3   2   2   4  1
   1   4  0   3   3   2   2   1   5  1
   1   4  0   4   1   2   3   2   4  1
   1   4  0   4   1   3   1   3   4  1
   1   4  0   4   1   3   2   1   5  1
   1   4  0   4   2   0   4   2   4  1
   1   4  0   4   2   1   2   3   4  1
   1   4  0   4   2   1   3   1   5  1
   1   4  0   4   2   2   1   2   5  1
   1   4  1   1   3   3   2   2   4  1
   1   4  1   1   4   2   2   1   5  1
   1   4  1   2   3   0   4   2   4  1
   1   4  1   2   3   2   0   4   4  1
   1   4  1   3   1   1   4   2   4  1
   1   4  1   3   1   3   2   0   6  1
   1   4  1   3   2   0   3   3   4  1
   1   4  1   3   2   0   4   1   5  1
   1   4  2   0   3   2   3   2   4  1
   1   4  2   0   3   3   1   3   4  1
   1   4  2   0   3   3   2   1   5  1
   1   4  2   0   4   1   2   3   4  1
   1   4  2   0   4   1   3   1   5  1
   1   4  2   0   4   2   1   2   5  1
   1   4  2   1   2   2   2   3   4  1
   1   4  2   1   2   3   2   0   6  1
   1   4  2   1   3   1   2   2   5  1
   1   4  2   2   1   2   2   2   5  1
   1   8  4   4   1   8   4   4   8  2
   1   8  4   5   0   7   5   4   8  2
   1   8  4   5   3   1   8   4   8  2
   1   8  5   3   1   8   3   5   8  2
   1   8  5   4   0   7   4   5   8  2
   1   9  3   5   2   3   7   3   9  2
   1   9  3   5   2   5   5   1  11  2
   1   9  4   3   3   6   3   2  11  2
   1   9  4   3   4   5   2   3  11  2
   1   9  4   4   2   4   4   5   9  2
   1   9  4   4   2   4   5   3  10  2
   1   9  4   4   2   5   3   4  10  2
   1  12  8   6   5   2   9   8  12  3
   1  14  4   8   5   2  11   4  14  3
   1  14  6   4   5   9   3   7  14  3
   1  14  6   4   7   7   3   5  16  3
   1  14  6   5   6   6   4   5  16  3
   1  14  6   6   3   6   7   6  14  3
   1  14  6   6   3   7   5   7  14  3
   1  14  6   6   3   7   6   5  15  3
   1  14  6   6   5   4   6   6  15  3
   1  19  5   8   7  12   8   5  19  4
   1  19  5  11   4   9  11   5  19  4
   1  19  8   5   7  12   5   8  19  4
   1  19  8   8   4   9   8   8  19  4
   1  24 10  10   8   7  10  11  24  5
   1  24 10  10   8   7  11   9  25  5
   1  24 10  10   8   8   9  10  25  5
   1  28 20   8  17  17   7  21  28  7
   1  28 20  14  11  11  13  21  28  7
   1  34 14   8  17  17   7  15  34  7
   1  34 14  14  11  10  15  14  34  7
   1  34 14  14  11  11  13  15  34  7
   1  34 14  14  11  11  14  13  35  7
   1  36 18  18  22  22  18  18  36  9
   1  36 18  26  14  14  26  18  36  9
   1  36 26  10  22  22  10  26  36  9
   1  36 26  18  14  14  18  26  36  9
   1  44 10  18  22  22  18  10  44  9
   1  44 10  26  14  14  26  10  44  9
   1  44 18  10  22  22  10  18  44  9
   1  44 18  18  14  14  18  18  44  9
   2   1  3   3   2   0   4   2   4  1
   2   1  3   3   2   2   0   4   4  1
   2   1  3   3   2   2   2   0   6  1
   2   1  4   0   4   2   1   3   4  1
   2   1  4   1   1   4   2   2   4  1
   2   1  4   1   3   2   2   0   6  1
   2   1  4   2   0   3   3   2   4  1
   2   1  4   2   0   4   1   3   4  1
   2   1  4   2   0   4   2   1   5  1
   2   1  4   2   1   1   4   2   4  1
   2   1  4   2   2   0   3   3   4  1
   2   1  4   2   2   0   4   1   5  1
   2   2  1   4   2   0   4   2   4  1
   2   2  1   4   2   2   0   4   4  1
   2   2  1   4   2   2   2   0   6  1
   2   2  3   0   2   4   2   2   4  1
   2   2  3   0   4   0   4   2   4  1
   2   2  3   0   4   2   2   0   6  1
   2   2  3   1   3   2   1   1   6  1
   2   2  3   2   0   2   4   2   4  1
   2   2  3   2   0   4   1   2   5  1
   2   2  3   2   2   0   3   2   5  1
   2   3  0   2   3   3   2   2   4  1
   2   3  0   2   4   1   3   2   4  1
   2   3  0   2   4   2   1   3   4  1
   2   3  0   2   4   2   2   1   5  1
   2   3  0   3   3   2   0   4   4  1
   2   3  0   4   1   1   4   2   4  1
   2   3  0   4   1   3   2   0   6  1
   2   3  0   4   2   0   3   3   4  1
   2   3  0   4   2   0   4   1   5  1
   2   3  1   1   4   0   4   2   4  1
   2   3  1   1   4   2   0   4   4  1
   2   3  1   2   3   2   0   3   5  1
   2   3  1   3   1   1   3   3   4  1
   2   3  1   3   1   3   1   1   6  1
   2   3  1   3   2   0   3   2   5  1
   2   3  2   0   3   2   2   3   4  1
   2   3  2   0   3   2   3   1   5  1
   2   3  2   0   3   3   1   2   5  1
   2   3  2   0   3   3   2   0   6  1
   2   3  2   0   4   1   2   2   5  1
   2   3  2   1   2   2   3   0   6  1
   2   3  2   1   2   3   1   1   6  1
   2   3  8   4   5   3   5   4   8  2
   2   3  8   5   3   5   3   5   8  2
   2   3  8   5   4   3   4   5   8  2
   2   3  9   3   4   5   4   3   9  2
   2   3  9   3   5   3   5   3   9  2
   2   3  9   4   3   5   3   4   9  2
   2   3  9   4   4   3   4   4   9  2
   2   4  7   5   4   4   4   1  11  2
   2   4  8   3   5   4   4   1  11  2
   2   5  6   5   4   4   0   8   8  2
   2   6  5   5   3   5   0   8   8  2
   2   6  5   5   4   3   1   8   8  2
   2   6  5   5   4   4   0   7   9  2
   2   7  1   8   4   4   1   7   8  2
   2   7  1   8   4   4   4   1  11  2
   2   7  2   7   0   8   4   4   8  2
   2   7  4   5   4   4   1   4  11  2
   2   7  5   0   8   1   7   4   8  2
   2   7  5   0   8   4   4   1  11  2
   2   7  5   1   3   8   4   4   8  2
   2   7  5   3   5   1   7   1  11  2
   2   7  5   4   0   5   7   4   8  2
   2   7  5   4   0   7   5   2  10  2
   2   7  5   4   0   8   2   5   9  2
   2   7  5   4   0   8   3   3  10  2
   2   7  5   4   4   1   5   4  10  2
   2   8  0   7   5   4   1   7   8  2
   2   8  0   8   3   5   4   1  11  2
   2   8  3   0   8   4   5   4   8  2
   2   8  3   0   8   5   3   5   8  2
   2   8  3   0   9   3   5   3   9  2
   2   8  3   0   9   4   3   4   9  2
   2   8  3   1   8   1   7   4   8  2
   2   8  3   2   7   4   0   8   8  2
   2   8  3   3   5   5   0   8   8  2
   2   8  3   3   6   3   1   8   8  2
   2   8  3   3   6   4   0   7   9  2
   2   8  3   5   2   3   5   6   8  2
   2   8  3   5   2   6   2   3  11  2
   2   8  3   5   4   1   5   4  10  2
   2   8  4   0   7   5   4   1  11  2
   2   8  4   3   3   4   6   1  11  2
   2   9 15   8   9   9   8   8  16  4
   2   9 16   7   9   9   7   9  16  4
   2   9 16   9   7   7   9   9  16  4
   2  12  6   0  12   6   7   6  12  3
   2  12  7   6   1   7   9   7  12  3
   2  13  0  11   4   9   6   5  13  3
   2  13  0  12   3   8   7   5  13  3
   2  13  5   1   9   9   6   5  13  3
   2  13  6   0   9   9   5   6  13  3
   2  13  6   5   4   9   3   5  16  3
   2  16  1  16   8   8   9   8  16  4
   2  16  8   9   8   1  16   8  16  4
   2  16  9   0  16   9   7   9  16  4
   2  17  0  17   7   7  10   7  17  4
   2  17  9   6   9   9   4   6  22  4
   2  18  6  10   7   3  14   3  21  4
   2  18  7   0  16   9   7   7  18  4
   2  23  7  13   7  10  13   2  28  5
   2  23 10   7  10  13   7   5  28  5
   2  38 10  16  19  19  16   5  43  8
   2  38 10  22  13  13  22   5  43  8
   2  38 13  19  13  13  19   8  43  8
   2  38 16  10  19  19  10  11  43  8
   2  38 16  13  16  16  13  11  43  8
   3   0  3   1   3   3   2   2   4  1
   3   0  3   1   4   1   3   2   4  1
   3   0  3   1   4   2   1   3   4  1
   3   0  3   1   4   2   2   1   5  1
   3   0  3   2   1   4   2   2   4  1
   3   0  3   2   3   0   4   2   4  1
   3   0  3   2   3   2   1   2   5  1
   3   0  3   3   0   3   3   2   4  1
   3   0  3   3   0   4   1   3   4  1
   3   0  3   3   0   4   2   1   5  1
   3   0  3   3   1   3   0   4   4  1
   3   0  3   3   2   1   2   2   5  1
   3   0  3   3   2   1   3   0   6  1
   3   0  4   0   3   2   3   2   4  1
   3   0  4   0   3   3   1   3   4  1
   3   0  4   0   3   3   2   1   5  1
   3   0  4   0   4   0   4   2   4  1
   3   0  4   0   4   1   2   3   4  1
   3   0  4   0   4   2   1   2   5  1
   3   0  4   1   2   1   4   2   4  1
   3   0  4   1   2   3   1   2   5  1
   3   0  4   1   3   0   3   3   4  1
   3   0  4   1   3   0   4   1   5  1
   3   0  4   1   3   1   3   0   6  1
   3   0  4   2   1   2   2   2   5  1
   3   1  2   1   2   4   2   2   4  1
   3   1  2   1   3   3   2   1   5  1
   3   1  2   1   4   0   4   2   4  1
   3   1  2   1   4   1   2   3   4  1
   3   1  2   1   4   2   1   2   5  1
   3   1  2   2   3   0   3   3   4  1
   3   1  2   2   3   1   3   0   6  1
   3   1  2   3   0   4   0   4   4  1
   3   1  2   3   1   2   1   4   4  1
   3   1  2   3   1   3   0   3   5  1
   3   1  2   3   2   1   2   1   6  1
   3   1  3   0   3   1   4   2   4  1
   3   1  3   0   3   2   2   3   4  1
   3   1  3   0   3   3   1   2   5  1
   3   1  3   0   4   0   3   3   4  1
   3   1  3   0   4   0   4   1   5  1
   3   1  3   0   4   1   3   0   6  1
   3   1  3   1   2   1   3   3   4  1
   3   1  3   1   2   2   3   0   6  1
   3   1  3   1   3   0   3   2   5  1
   3   1  3   1   3   0   4   0   6  1
   3   1  3   1   3   1   2   1   6  1
   3   2  1   2   2   1   3   3   4  1
   3   2  1   2   2   1   4   1   5  1
   3   2  1   2   2   2   1   4   4  1
   3   2  1   2   2   2   3   0   6  1
   3   2  1   2   2   3   0   3   5  1
   3   2  1   2   3   0   3   2   5  1
   3   2  1   3   1   2   2   1   6  1
   3   2  2   1   2   2   2   1   6  1
   3   3  7   5   4   4   0   8   8  2
   3   5 13   6   5   7   3   8  13  3
   3   5 13   6   5   7   5   4  15  3
   3   5 13   6   6   5   4   8  13  3
   3   5 13   6   6   5   6   4  15  3
   3   6  1   8   0   8   4   4   8  2
   3   6  4   5   4   0   8   1  11  2
   3   6  5   0   4   8   4   4   8  2
   3   6  5   4   0   8   2   4  10  2
   3   6 11   7   6   6   1  11  12  3
   3   7  3   0   7   5   5   4   8  2
   3   7  3   0   7   6   3   5   8  2
   3   7  3   0   9   3   5   2  10  2
   3   7  3   0   9   4   3   3  10  2
   3   7  3   1   8   4   0   8   8  2
   3   7  3   3   4   6   0   8   8  2
   3   7  3   3   6   4   0   6  10  2
   3  10  7   7   6   6   1   7  16  3
   3  10  8   4   8   6   3   4  17  3
   3  10 20  10  10  12  10  10  20  5
   3  10 20  10  11  10  11  10  20  5
   3  11  1  12   1  11   6   6  12  3
   3  11  7   0   7  11   6   6  12  3
   3  11  7   6   1  11   3   6  15  3
   3  12  4   8   4   8   3   4  17  3
   3  12  5   0  10   8   7   6  12  3
   3  12  5   0  10   9   5   7  12  3
   3  12  5   0  13   5   7   3  15  3
   3  12  5   0  13   6   5   4  15  3
   3  12  5   1  12   6   1  11  12  3
   3  12  5   5   8   2   5  11  12  3
   3  12  6   4   6   5   9   1  17  3
   3  12 20   8  11  11   5  15  20  5
   3  12 20  10   9   9   7  15  20  5
   3  15 10   7   1  16   4  12  16  4
   3  15 10   8   0  15   5  12  16  4
   3  16  8   8   3  14   2  14  16  4
   3  17  7   9   4   7  13   3  21  4
   3  18 24  18  12  12  18  14  28  7
   3  18 28  10  16  16  10  18  28  7
   3  18 28  14  12  12  14  18  28  7
   3  19 13   9   0  20   9  12  20  5
   3  20 12   0  19  11   5  15  20  5
   3  20 12   8   3  19   5  15  20  5
   3  20 12  10   1  17   7  15  20  5
   3  22  8  10   7  15  10   1  29  5
   3  22  8  12   8   5  17   3  27  5
   3  22 10   0  19  11   5  13  22  5
   3  22 10   9  10   6  10   9  26  5
   3  28  4  24  16  16  14  14  28  7
   3  28  4  28  12  12  18  14  28  7
   3  28 14   4  26  16  14  14  28  7
   3  28 14  18  12   2  28  14  28  7
   3  28 18   0  26  16  10  18  28  7
   3  28 18  14  12   5  18  21  28  7
   3  32  0  24  16  16  14  10  32  7
   3  32  0  28  12  12  18  10  32  7
   3  32 10   4  26  16  14  10  32  7
   3  32 12  16  12   7  21   7  37  7
   3  32 12  16  12  12  11  12  37  7
   3  32 14   0  26  16  10  14  32  7
   3  32 14  12  14   9  17   9  37  7
   4   2  7   4   5   4   0   8   8  2
   4   2  7   5   4   4   0   7   9  2
   4   4  5   5   4   1   3   8   8  2
   4   4  5   5   4   4   0   5  11  2
   4   5  4   1   8   4   0   8   8  2
   4   5  4   4   5   4   0   5  11  2
   4   5  4   5   0   4   8   4   8  2
   4   5  4   5   4   0   7   2  11  2
   4   5  5   0   4   7   5   4   8  2
   4   5  5   0   4   8   3   5   8  2
   4   5  5   0   4   8   4   3   9  2
   4   5  5   1   3   8   2   6   8  2
   4   5  5   2   2   5   7   4   8  2
   4   5  5   4   0   5   5   6   8  2
   4   5  5   4   0   5   7   2  10  2
   4   5  5   4   0   7   3   4  10  2
   4   6  3   1   8   3   1   8   8  2
   4   6  3   1   8   4   0   7   9  2
   4   6  3   2   7   4   0   6  10  2
   4   6  3   3   6   1   3   8   8  2
   4   6  4   0   7   3   6   1  11  2
   4   6  4   0   7   5   2   3  11  2
   4   7 17   7   8   9   8   3  21  4
   4   7 17   7   9   7   9   3  21  4
   4  11 13   8   7   0  17   7  17  4
   4  14  9   9   0  16   8   3  21  4
   4  14  9   9   8   1   9  14  16  4
   4  14 10   7   1  16   8   3  21  4
   4  15  9   7   9   3   9   7  21  4
   4  15  9   8   2   9  13   4  20  4
   4  15 16  10   9   0  20  11  20  5
   4  16  3  13   7   0  16   9  16  4
   4  16  7   0  16   4  13   8  16  4
   4  16  7   0  17   3  13   7  17  4
   4  19  0  22   8  11  11   8  22  5
   4  20  1  19   4  17  10  10  20  5
   4  20  1  20   3  16  11  10  20  5
   4  20 10   1  13  17  10  10  20  5
   4  20 11   0  13  17   9  11  20  5
   4  20 11  10   3  11  11  15  20  5
   4  20 17  13  11   0  24  13  24  6
   4  21  4  16   9   0  21   9  21  5
   4  21  9   0  16  14  11   9  21  5
   4  21 15  14  11   0  25  11  25  6
   4  22 13  13  13  13   0  24  24  6
   4  24  9  17  11   0  24  13  24  6
   4  24 11  11  15  13   0  24  24  6
   4  25  7  18  11   0  25  11  25  6
   4  26  0  22  13  13  12   5  31  6
   4  26  0  24  11  11  14   5  31  6
   4  26 10   2  23  13  12   5  31  6
   4  26 11  13  11   6  13  11  31  6
   4  26 12   0  23  13  10   7  31  6
   4  31 11  14  11  20  14   1  41  7
   4  32  2  31  17  17  17  16  32  8
   4  34  0  31  17  17  17  14  34  8
   4  40 23  23  17  17  10  36  40 10
   4  43 17  26  17  17  26   4  56 10
   4  43 23  14  23  23  14  10  56 10
   4  46 17  17  23  23   4  30  46 10
   5   0  5   7   4   5   4   4   8  2
   5   0  5   7   5   3   5   4   8  2
   5   0  5   8   3   5   3   5   8  2
   5   0  5   8   4   3   4   5   8  2
   5   0  8   1   7   5   4   4   8  2
   5   0  8   1   8   3   5   4   8  2
   5   0  8   4   1   8   4   4   8  2
   5   0  8   4   5   0   8   4   8  2
   5   0  8   5   0   8   3   5   8  2
   5   0  8   5   3   5   0   8   8  2
   5   0  8   5   3   5   3   2  11  2
   5   0  9   0   7   5   4   3   9  2
   5   0  9   0   8   3   5   3   9  2
   5   0  9   3   5   0   8   3   9  2
   5   0  9   4   1   7   2   5   9  2
   5   0  9   4   1   7   3   3  10  2
   5   0  9   4   4   1   5   5   9  2
   5   0  9   4   4   1   6   3  10  2
   5   1  4   5   7   4   4   4   8  2
   5   1  4   8   1   7   4   4   8  2
   5   1  4   8   4   1   7   4   8  2
   5   1  4   8   4   4   1   7   8  2
   5   1  4   8   4   4   4   1  11  2
   5   1  7   5   4   4   1   4  11  2
   5   1  8   0   5   7   4   4   8  2
   5   1  8   0   8   4   4   1  11  2
   5   2  3   4   8   4   4   4   8  2
   5   2  3   8   0   8   4   4   8  2
   5   2  6   5   0   8   4   1  11  2
   5   3  2   7   5   0   8   4   8  2
   5   3  2   8   3   5   0   8   8  2
   5   3  2   8   4   3   5   0  12  2
   5   3  4   6   4   1   7   0  12  2
   5   3  5   5   0   8   0   8   8  2
   5   3  5   5   3   2   3   8   8  2
   5   3  5   5   3   5   0   5  11  2
   5   4  1   4   6   6   4   4   8  2
   5   4  1   4   8   2   6   4   8  2
   5   4  1   4   8   4   2   6   8  2
   5   4  1   4   8   4   4   2  10  2
   5   4  1   5   7   4   4   1  11  2
   5   4  1   6   2   8   4   4   8  2
   5   4  1   8   0   6   6   4   8  2
   5   4  1   8   0   8   2   6   8  2
   5   4  1   8   0   8   4   2  10  2
   5   4  1   8   4   1   4   7   8  2
   5   4  1   8   4   1   7   1  11  2
   5   4  1   8   4   4   1   4  11  2
   5   4  2   3   8   4   4   1  11  2
   5   4  3   2   4   8   4   4   8  2
   5   4  4   1   4   8   4   3   9  2
   5   4  4   4   1   4   8   4   8  2
   5   4  4   4   1   8   0   8   8  2
   5   4  4   5   0   8   2   3  11  2
   5   4  4   5   4   1   4   4  11  2
   5   4  5   0   5   7   4   1  11  2
   5   4  5   0   8   1   7   1  11  2
   5   4  5   4   1   4   5   4  10  2
   5   5  0   5   5   4   6   4   8  2
   5   5  0   5   5   6   2   6   8  2
   5   5  0   5   5   6   4   2  10  2
   5   5  0   5   6   5   4   1  11  2
   5   5  0   5   7   0   8   4   8  2
   5   5  0   5   7   2   6   2  10  2
   5   5  0   5   7   3   2   7   8  2
   5   5  0   5   7   4   1   6   9  2
   5   5  0   5   7   4   2   4  10  2
   5   5  0   6   4   6   4   1  11  2
   5   5  0   6   5   5   0   8   8  2
   5   5  0   6   6   4   1   5  10  2
   5   5  0   7   3   2   8   4   8  2
   5   5  0   7   5   0   6   6   8  2
   5   5  0   7   5   0   8   2  10  2
   5   5  0   7   5   1   4   7   8  2
   5   5  0   7   5   3   2   5  10  2
   5   5  0   8   2   3   5   6   8  2
   5   5  0   8   2   3   7   2  10  2
   5   5  0   8   2   5   5   0  12  2
   5   5  0   8   2   6   2   3  11  2
   5   5  0   8   3   2   7   1  11  2
   5   5  0   8   4   1   5   4  10  2
   5   5  1   6   5   0   5   7   8  2
   5   5  2   3   5   2   8   4   8  2
   5   5  2   3   7   0   8   2  10  2
   5   5  2   5   5   0   5   6   9  2
   5   5  2   6   2   3   7   0  12  2
   5   5  3   3   5   5   0   5  11  2
   5   5  3   5   2   3   5   3  11  2
   5   5  4   1   5   4   6   0  12  2
   5   8  7   7   6   0   7  11  12  3
   5   8  8   5   0  12   4   9  12  3
   5   8  8   5   0  13   3   8  13  3
   5   9 20  11   9  11   3  17  20  5
   5   9 20  11  10   9   4  17  20  5
   5  10  5   0  12   7   1  11  12  3
   5  10  5   0  13   6   1  10  13  3
   5  13  9   9   0  16   2  14  16  4
   5  13 28  17  13  13  13  17  28  7
   5  13 31  14  13  13  13  14  31  7
   5  15 29  12  15  15   7  20  29  7
   5  18 10  12  10   1  19   3  27  5
   5  20  8   8   9  15   1  19  20  5
   5  20  8   8  14  10   1  14  25  5
   5  20  9   0  20  11   3  17  20  5
   5  20  9   0  21  10   3  16  21  5
   5  20 38  14  20  20  14  20  38  9
   5  21 16  10   0  24  13  13  24  6
   5  21 16  10   0  26  11  11  26  6
   5  22 15  12   0  23  12   7  30  6
   5  22 22  14  13   0  27  16  28  7
   5  28 14  16   3  14  25  14  28  7
   5  30  0  28  13  13   9  19  30  7
   5  30  6  22  13   0  29  12  30  7
   5  30 11   0  30  12  17  12  30  7
   5  30 11   0  30  15  11  15  30  7
   5  30 13   0  22  21  13  13  30  7
   5  30 13   0  28  15  13   7  36  7
   5  30 14   0  27   8  19  14  30  7
   5  36 18   2  36  18  20  18  36  9
   5  40 16  16  13  27   5  27  40  9
   5  40 16  16  20  20   5  20  47  9
   6   0  6   5   5   1   5   6   8  2
   6   0  6   6   3   3   3   7   8  2
   6   0  6   6   3   5   1   5  10  2
   6   0  6   6   4   3   3   3  11  2
   6   0  7   0   8   4   5   4   8  2
   6   0  7   0   8   5   3   5   8  2
   6   0  7   0   9   3   5   3   9  2
   6   0  7   0   9   4   3   4   9  2
   6   0  7   1   5   7   4   4   8  2
   6   0  7   4   3   6   0   8   8  2
   6   0  7   5   1   6   5   1  11  2
   6   0  7   5   1   7   0   8   8  2
   6   0  7   5   2   5   1   8   8  2
   6   0  7   5   2   6   0   7   9  2
   6   0  7   5   4   2   4   3  11  2
   6   0  8   0   8   3   5   1  11  2
   6   0  8   3   3   3   5   6   8  2
   6   1  5   1   8   4   5   4   8  2
   6   1  5   1   8   5   3   5   8  2
   6   1  5   1   9   3   5   3   9  2
   6   1  5   1   9   4   3   4   9  2
   6   1  6   0   9   4   2   5   9  2
   6   1  6   0   9   4   3   3  10  2
   6   1  6   5   2   4   2   8   8  2
   6   1  6   5   2   6   0   6  10  2
   6   2  4   5   5   1   7   0  12  2
   6   2  5   1   5   7   4   2  10  2
   6   2  5   5   1   5   2   8   8  2
   6   2  5   5   1   7   0   6  10  2
   6   2  6   0   6   5   5   1  11  2
   6   2  6   0   8   3   3   3  11  2
   6   2 12   7   6   0  11   7  12  3
   6   2 13   5   1  12   6   5  13  3
   6   2 13   6   0  12   5   6  13  3
   6   2 13   6   6   0  11   6  13  3
   6   3  3   3   3   6   6   4   8  2
   6   3  3   3   3   8   2   6   8  2
   6   3  3   3   3   8   4   2  10  2
   6   3  3   3   5   6   0   8   8  2
   6   3  3   3   7   0   6   6   8  2
   6   3  3   3   7   3   3   3  11  2
   6   3  3   4   6   0   8   1  11  2
   6   3  3   5   1   8   0   8   8  2
   6   3  3   6   0   6   3   7   8  2
   6   3  3   6   0   6   6   1  11  2
   6   3  3   6   0   8   1   5  10  2
   6   3  4   2   4   7   0   8   8  2
   6   3  4   2   7   0   8   1  11  2
   6   3  4   4   3   3   3   8   8  2
   6   3  5   1   5   4   6   0  12  2
   6   3  5   1   6   2   7   0  12  2
   6   3  5   1   7   1   5   3  11  2
   6   3  5   2   4   3   7   0  12  2
   6   3  5   3   3   3   5   3  11  2
   6   4  2   4   5   1   5   7   8  2
   6   4  2   4   5   1   8   1  11  2
   6   4  2   4   5   4   2   4  11  2
   6   4  2   5   3   3   7   0  12  2
   6   4  3   3   4   3   3   8   8  2
   6   4  3   3   4   3   7   0  12  2
   6   4  3   4   3   3   6   1  12  2
   6   4  3   4   4   2   4   4  11  2
   6   7  6   8   6   0  12   1  17  3
   6   7  7   7   6   0   7  10  13  3
   6   8  4   9   1  11   6   0  18  3
   6   8  7   3   4  11   6   0  18  3
   6  11 11   6   0  16   9   9  16  4
   6  11 11   6   0  18   7   7  18  4
   6  14 28  14  14  15  14   5  37  7
   6  21 14  13   0  24   4  20  24  6
   6  23 12  13  12   4  13  12  31  6
   6  24 11  11   8  11  11  20  24  6
   6  24 11  11  14   5  11  14  30  6
   6  28 14   0  20  22  15  14  28  7
   6  28 14   0  28   6  23  14  28  7
   6  38 23  21   0  40  21  21  40 10
   7   0 14   6   4   8   3   6  15  3
   7   0 14   6   6   4   5   6  15  3
   7   2 11   7   6   6   1   7  16  3
   7   2 12   4   8   6   3   4  17  3
   7   2 12   6   1   6  11   6  12  3
   7   5 16   8   7   0  16   9  16  4
   7   5 16   8   7   0  17   7  17  4
   7   6  7   0  13   6   1  10  13  3
   7   6  7   0  13   6   5   2  17  3
   7   6  8   0  12   6   3   4  17  3
   7   7  0   7  12   5   6   7  12  3
   7   7  0  12   6   1  12   6  12  3
   7   7  0  12   7   0  11   7  12  3
   7   7  0  12   7   4   3  11  12  3
   7   7  7   0   7   7  10   6  12  3
   7   7  7   0   7  10   4   9  12  3
   7   7  7   0   7  11   3   8  13  3
   7   7  7   0   7  11   6   2  16  3
   7   7  7   0  11   7   3   4  17  3
   7   7  7   3   4  10   7   0  18  3
   7   7  7   4   3  11   3   4  17  3
   7   7  7   6   1   7   7   6  15  3
   7   8  0   7  11   6   1  11  12  3
   7   8  0  10   8   6   1   8  15  3
   7   8  0  12   4   8   3   4  17  3
   7   8  3   7   8   0   7  11  12  3
   7   8  6   1   8   9   3   4  17  3
   7   8 13   8   7   0  13  12  16  4
   7   8 13   8   7   0  17   4  20  4
   7  13  0   7  16   8   9   8  16  4
   7  13  0   7  16   9   7   9  16  4
   7  13  0   7  17   7   9   7  17  4
   7  13  0   7  17   8   7   8  17  4
   7  13  0  16   7   0  16   9  16  4
   7  13  0  16   7   0  17   7  17  4
   7  13  3  13   4   3  16   9  16  4
   7  13  3  13   4   3  17   7  17  4
   7  13  3  13   7   0  13  12  16  4
   7  13  7   0  13   7  13   8  16  4
   7  13  7   0  17   3  13   4  20  4
   7  15 34  15  15  18  15   8  41  8
   7  16 40  16  16  22  16  16  40  9
   7  18  7   0  20  10  13  10  20  5
   7  18  7   0  20  13   7  13  20  5
   7  18  7   0  23   7  13   7  23  5
   7  18  7   0  23  10   7  10  23  5
   7  18 38  18  17  17  18  11  45  9
   7  19 36  17  19  19   7  29  36  9
   7  20 34  20  17  17  20   7  47  9
   7  22 48  22  20  20  22  22  48 11
   7  27 52  27  27  27  27  27  52 13
   7  29 19  17   0  31  17   7  41  8
   7  36  2  36  17  17   9  29  36  9
   7  36 19   0  36  19   7  29  36  9
   7  36 20   0  35   8  27  20  36  9
   7  37  0  37   7  27  20  17  37  9
   7  37  0  37  17  17  10  27  37  9
   7  37  0  37  17  17  20   7  47  9
   7  38  0  34  19  19   7  27  38  9
   7  44  0  44  22  24  24  22  44 11
   7  44  0  44  24  22  22  24  44 11
   7  44 24  24  20   7  24  37  44 11
   7  46 20   0  46  20  26  20  46 11
   7  46 20  26  20   7  39   7  59 11
   7  48 18   0  46  20  26  18  48 11
   7  52  2  52  26  28  28  26  52 13
   7  52  2  52  27  27  27  27  52 13
   7  52 26  26  29  29   1  51  52 13
   8   0  8  11   6   2   9   7  12  3
   8   0  8  11   6   5   3  10  12  3
   8   0 12   0  12   6   7   6  12  3
   8   0 12   0  12   7   5   7  12  3
   8   0 12   0  13   5   7   5  13  3
   8   0 13   5   7   1  11   2  16  3
   8   0 13   6   2   6   9   6  13  3
   8   0 13   6   2  10   3   6  15  3
   8   0 13   6   6   2   7   6  15  3
   8   1  7   5  12   6   6   6  12  3
   8   1  7  11   0  12   6   6  12  3
   8   1 12   6   2   6   7   9  12  3
   8   1 12   6   2   6  10   3  15  3
   8   3 15  10   8   7   1  16  16  4
   8   4  8   0  12   7   1  11  12  3
   8   5  3   5  12   6   2  10  12  3
   8   5  3   5  12   6   6   2  16  3
   8   5  7   7   1  11   1   7  16  3
   8   5  8   0  12   5   4   4  17  3
   8   7  1   7   8   8   0  12  12  3
   8   7  1   8   6   9   0  12  12  3
   8   7  1   9   7   7   1   7  16  3
   8   7  1   9   8   0   8  10  12  3
   8   7  3   5  10   0   8  10  12  3
   8   7  4   7   4   4  11   0  18  3
   8  10 10   5   3  16   8   1  23  4
   8  10 17  10   8   0  20  12  20  5
   8  10 17  10   8   0  22   8  22  5
   8  11  0  17   8   0  15   8  17  4
   8  12  7   1  16   3   7  14  16  4
   8  17  3  17   8   0  20  12  20  5
   8  17  3  17   8   0  22   8  22  5
   8  17  8   0  20   5  17  10  20  5
   8  17  8   0  22   3  17   8  22  5
   8  21 41  18  21  21  18  10  52 10
   8  23 53  23  23  23  23  23  53 12
   8  32 23  17   0  37   9  26  37  9
   8  32 25  25  19  19   2  40  40 10
   8  38  0  44  19  19  19  19  44 10
   8  40 29  19   0  47  19  22  47 11
   8  42 15  15  29  21   0  38  42 10
   8  42 18   0  41  19  22   9  51 10
   8  42 19  19  12  30   8  19  53 10
   8  53 31  28  31  31  28   2  82 14
   8  72 37  45  31   4  72  37  72 18
   8  73 35  46  31   4  73  35  73 18
   9   0  9   2  12   6   7   6  12  3
   9   0  9   2  12   7   5   7  12  3
   9   0  9   2  13   5   7   5  13  3
   9   0  9   2  13   6   5   6  13  3
   9   0 10   8   6   4   5   4  17  3
   9   0 11   0  13   6   3   8  13  3
   9   0 11   0  13   6   5   4  15  3
   9   0 11   7   2   7   9   2  16  3
   9   0 12   4   5   7   8   1  17  3
   9   0 12   4   8   1  11   1  17  3
   9   0 12   4   8   4   5   4  17  3
   9   0 12   5   4   5  10   2  16  3
   9   0 12   5   4   8   4   5  16  3
   9   0 12   5   7   2   7   5  16  3
   9   0 19   8   5  11   4   9  19  4
   9   0 19   8   5  11   5   7  20  4
   9   0 19   8   8   5   7   9  19  4
   9   0 19   8   8   5   8   7  20  4
   9   2  7   2  13   6   3   8  13  3
   9   2  7   2  13   6   5   4  15  3
   9   2  9   0  13   6   3   6  15  3
   9   4  8   1   8   4   8   9  12  3
   9   5  4   5  10   0  12   2  16  3
   9   5  4   6   4   5  12   6  12  3
   9   5  4   9   1   8   9   0  18  3
   9   5  5   4   5   5  12   6  12  3
   9   5  5   4   5  11   0  12  12  3
   9   5  5   7   2   8   9   0  18  3
   9   5  7   2   7   5  10   0  18  3
   9   6  3   7   5   4   6  11  12  3
   9   6  4   6   5   4  11   0  18  3
   9   6  5   4   7   6   3   6  17  3
   9   6  5   6   4   5   6   5  17  3
   9   8 11   8   1   8  11  12  16  4
   9   8 11   8   1   8  15   4  20  4
   9   9  0  18   8   7   3  12  18  4
   9   9  0  18   8   7   7   4  22  4
   9   9  9   0   9  15   9   8  16  4
   9   9  9   0   9  16   7   9  16  4
   9   9  9   9   0   9  12  11  16  4
   9   9  9   9   0   9  15   5  19  4
   9   9  9   9   0  12   6  14  16  4
   9   9  9   9   0  16   2  10  20  4
   9   9  9   9   8   1   9   9  21  4
   9  10 10  16  10  10   9   0  31  5
   9  10 16   4  16  10   9   0  31  5
   9  11  5  11   4   5  15   1  23  4
   9  11  6   3  11  12   0  16  16  4
   9  11  8   1  12  11   4   5  23  4
   9  16  4  16   9   0  21   4  26  5
   9  16  9   0  16  15   3  17  20  5
   9  16  9   0  21  10   3  12  25  5
   9  21 47  22  21  21  13  30  47 11
   9  21 47  22  21  21  21  14  55 11
   9  32  0  36  22  16  16  22  36  9
   9  32  0  40  18  16  16  18  40  9
   9  32 20  20   1  35   5  31  36  9
   9  34  0  38  18  17   8  27  38  9
   9  34  0  38  18  17  17   9  47  9
   9  34 19  19  18   6  19  19  46  9
   9  36 24  20   1  40  20   8  52 10
   9  36 66  36  36  36  36  34  68 17
   9  40 28  21   0  44  12  33  44 11
   9  44  2  42  23  23   7  37  44 11
   9  44 23   0  30  37  21  23  44 11
   9  44 23   0  44   9  35  23  44 11
   9  46 20   0  45  10  35  20  46 11
   9  52 28  28   5  43  13  43  52 13
   9  56 24  24  24  32   9  24  71 13
   9  96 40  40  40  40  25  40 111 21
  10   1 16   9   8   2   8  14  16  4
  10   2 15   8   9   8   2   8  22  4
  10   4 21   9  10   0  21   9  21  5
  10   7  3   7  16   9   7   9  16  4
  10   7  3   7  17   7   9   7  17  4
  10   7  3   7  17   8   7   8  17  4
  10   7 10   0  16   1  16   8  16  4
  10   7 10   0  17   0  16   7  17  4
  10   9  1   9   9  14   8   8  16  4
  10   9  1   9  15   8   2  14  16  4
  10  10  0  10  13   9   1  15  16  4
  10  10  0  13   7  12   1  15  16  4
  10  10  0  13  10   0  16   9  16  4
  10  10  0  13  10   0  17   7  17  4
  10  10  0  15   7  10   3   7  22  4
  10  10  7   3  14   3   7  10  20  4
  10  11 12  12  10   0  11  19  20  5
  10  14  0  10  20  10  11  10  20  5
  10  25 47  24  25  25  24   8  64 12
  10  38 21  21   6  34   8  21  51 10
  10  39 28  21   0  45  21  11  56 11
  10  48 24   1  48   9  40  24  48 12
  10  49 23   0  49  10  39  23  49 12
  11   0 11  13   9   7   9   2  22  4
  11   0 11  14   8   7   8   3  22  4
  11   0 15  10   8   7   4   7  22  4
  11   0 16   8   3   8  14   8  16  4
  11   0 17   0  11  13   8   7  17  4
  11   0 17   0  15   9   4  11  17  4
  11   0 17   0  15   9   8   3  21  4
  11   0 17   0  16   7   5  11  17  4
  11   0 20  10  10  14  10  10  20  5
  11   0 20  10  14   6  14  10  20  5
  11   0 20  14   6  14   6  14  20  5
  11   0 20  14  10   6  10  14  20  5
  11   0 24   6  10  14  10   6  24  5
  11   0 24   6  14   6  14   6  24  5
  11   0 24  10   6  14   6  10  24  5
  11   0 24  10  10   6  10  10  24  5
  11   5  6  14   8   3  13   0  24  4
  11   6 24  13  11   0  24  13  24  6
  11   7  4   7   7  16   8   8  16  4
  11   8  3   8  14   8   3   8  21  4
  11   9  2   9   9   4  16   8  16  4
  11   9  2   9   9  12   0  16  16  4
  11   9  2   9  12   9   2   9  21  4
  11   9  2   9  13   0  16   4  20  4
  11   9  2  14   4   7  13   0  24  4
  11   9  6   5  10  11   0  11  21  4
  11   9  6   6   8  12   0  11  21  4
  11  10 10  14  10  10   1  10  29  5
  11  10 12  10  12  10   1  10  29  5
  11  11 11  11  11   0  11  18  21  5
  11  12  0  20  12   9   2  19  20  5
  11  12 12   0  11  19   5  15  20  5
  11  14  6  14   6   5  19   1  29  5
  11  18  0  25  11   0  25  11  25  6
  11  19  9   2  24  13   0  24  24  6
  11  19  9   2  25  12   0  23  25  6
  11  42  0  44  24  21   8  37  44 11
  11  47  0  50   8  39  25  22  50 12
  11  47  0  50  22  25  25   8  64 12
  11  52  0  52  11  42  27  26  52 13
  12   0 15   0  12  12   9   8  16  4
  12   0 15   0  12  13   7   9  16  4
  12   0 15   0  16   9   3  13  16  4
  12   0 15   0  17   7   9   3  21  4
  12   0 15   9   3   9   6  14  16  4
  12   0 15   9   3  13   2  10  20  4
  12   0 16   3  12   0  16   9  16  4
  12   0 16   3  12   0  17   7  17  4
  12   0 20  13  10   2  15  13  20  5
  12   0 20  13  10   7   5  18  20  5
  12   0 23   7   5  18  10   7  23  5
  12   0 23   7  10  13  10   2  28  5
  12   0 23   7  13   7  13   2  28  5
  12   0 23  10   2  18   7  10  23  5
  12   0 23  10  10   2  15  10  23  5
  12   1 11  20  11   8  11  11  20  5
  12   3  9   3  16   9   3  13  16  4
  12   3  9   3  17   7   9   3  21  4
  12   3 12   0  16   1  16   8  16  4
  12   3 12   0  17   0  16   7  17  4
  12   3 13   0  15   0  16   9  16  4
  12   3 13   0  15   0  17   7  17  4
  12   3 13   3   9   3  16   9  16  4
  12   3 13   3   9   3  17   7  17  4
  12   3 13   3  12   0  13  12  16  4
  12   5  7   5  15   5  11   1  23  4
  12   5  9   3  11  12   0  16  16  4
  12   5 11   1  15   1  15   1  23  4
  12   5 11   1  15   5   7   5  23  4
  12   5 11   5   7   5  15   1  23  4
  12   5 11   5  11   1  11   5  23  4
  12   6  6   9   3   9  15   8  16  4
  12   6  6  12   0  13  11   1  23  4
  12   7  5   7   7   6  16   8  16  4
  12   7  5   7   7  14   0  16  16  4
  12   7  7   5   7  12   2  16  16  4
  12   7  7   5   7  14   0  14  18  4
  12   7  7   5   9  12   0  12  20  4
  12   7  7   7   5  10   4  16  16  4
  12   7  7   7   5  14   0  12  20  4
  12   7  7  10   2  10   7   7  22  4
  12   8  4   9   8   4   8  15  16  4
  12   8  5   8   7   5   8  15  16  4
  12   8  6   6   8  11   1  11  21  4
  12   8  7   5  10   5   7   8  22  4
  12   8  7   7   7   6   7   7  23  4
  12  10  2  10  20  10  11  10  20  5
  12  11 11  11   1  11  11  17  20  5
  12  12  0  21  10   2  12  15  21  5
  12  12  0  21  10   2  17   5  26  5
  12  13  7  13   7   5  13   7  28  5
  12  17 10   2  25  12   0  23  25  6
  12  56  0  56  29  28  11  46  56 14
  12  56 29  29  10  29  29  44  56 14
  12  58 25   0  58  12  45  26  58 14
  12  78 35  35  35  20  35  35  93 18
  13   0 20  12  10   3  10  17  20  5
  13   0 21  11  10   3  10  16  21  5
  13   0 21  11  10   8   5  11  26  5
  13   0 22   8   5  17  10   3  27  5
  13   0 22   8  10  12   5   8  27  5
  13   2 18  12   1  19  10   3  27  5
  13   2 19   1  20  10   3  17  20  5
  13  11 11   2  11  17   5   8  27  5
  13  12  1  12  12  15  10   3  27  5
  13  12  1  12  17  10   3  12  25  5
  13  14 10  17   0  24  12   1  35  6
  13  14 14   9   4  24  12   1  35  6
  13  14 14  13   0  24   4  13  31  6
  13  15 11   2  24  13   0  24  24  6
  13  22 13   0  28   7  13  23  28  7
  13  22 13   0  29   6  13  22  29  7
  13  46 28  28  28  26   5  28  71 13
  13  94  0  94  44  50  50  44  94 23
  13  94  0  94  47  47  47  47  94 23
  14   0 14   7  19  11  10  10  20  5
  14   0 14   7  20   9  11  10  20  5
  14   0 14  16   1  20  10  10  20  5
  14   0 14  17   0  20   9  11  20  5
  14   0 20   1  13  17  10  10  20  5
  14   0 20   1  20   9   5  16  20  5
  14   0 21   0  20   9  11   3  27  5
  14   0 21   5  14   0  21   9  21  5
  14   0 21   9   5  16   5   9  26  5
  14   0 21  10   4  10  11  14  21  5
  14   0 21  10   4  10  15   6  25  5
  14   1 13  17  10  10   4  10  26  5
  14   3 11  24  14  11  11  14  24  6
  14   3 11  26  12  11  11  12  26  6
  14  11  3  11  14   0  20  12  20  5
  14  11  3  11  14   0  22   8  22  5
  14  11  3  11  16   0  14  16  20  5
  14  13  1  24   2  23  13  12  24  6
  14  13  1  26   0  23  13  10  26  6
  14  14  0  14  24  11  10  15  24  6
  14  68  1  68  13  56  35  34  68 17
  14  74  0  71  37  37  37  14  94 18
  15   0 18  12   6   9   6  19  20  5
  15   0 18  12   6  14   1  14  25  5
  15   2 15   0  20  10  13  10  20  5
  15   2 15   0  20  13   7  13  20  5
  15   2 15   0  23   7  13   7  23  5
  15   2 15   0  23  10   7  10  23  5
  15   3 15   0  15  15  12  10  20  5
  15   3 15   0  15  17   8  12  20  5
  15   3 15   0  20  12   3  17  20  5
  15   3 15   0  22   8  12   3  27  5
  15   3 17   3  15   0  20  12  20  5
  15   3 17   3  15   0  22   8  22  5
  15   3 28  17  14  11   4  27  28  7
  15   4 11  14  11   4  15   0  31  5
  15   4 15   0  15  16   9   6  25  5
  15   4 16   4  16   4  15   0  31  5
  15   8  7   8  15   0  20  12  20  5
  15   8  7   8  15   0  22   8  22  5
  15   8  7  15   8   7   8   8  29  5
  15   8  8   9   6   9  20  10  20  5
  15   9  6   9  15   0  15  16  20  5
  15   9  9   6   9  17   1  14  25  5
  15   9  9   9   6   9   9  19  20  5
  15   9 11   4  11   9  15   0  31  5
  15  10  5  12  10  10   5  10  28  5
  15  10  5  13  10   5  10  10  27  5
  15  10  6  10  10   5  10  19  20  5
  15  13  2  13  23  12  12   4  32  6
  15  13  2  24   2  13  21  12  24  6
  15  13  2  24   2  22  12   3  33  6
  15  15  0  22  14   1  15  20  24  6
  15  15  0  24   8  15   7   8  34  6
  15  15 16  16  15   0  15  27  28  7
  15  16 15  15  16   0  15  27  28  7
  15  18  0  15  27  15  15  14  28  7
  15  20 11   4  27  14   1  20  35  7
  15  20 12  12  12  20   3  12  41  7
  15  33 68  37  33  33  13  57  68 17
  15  70 31   0  70  35  11  55  70 17
  16  10 37  18  16   0  37  18  37  9
  16  11  5  22   0  24   3  21  24  6
  16  11 36  16   0  36  19  19  36  9
  16  13 13   3  13  16  16   0  36  6
  16  13 13   6  10  13  19   0  36  6
  16  39 85  39  39  39  39  23 101 20
  16  46 41  41  32  30   0  65  65 16
  16  64 23  23  50  30   0  65  65 16
  16  80 55  41   0  94  41  41  94 22
  17   0 17  20  12   5  12  19  24  6
  17   7 17   0  24   0  24  13  24  6
  17  10 10  17   0  20  16   1  35  6
  17  13  9   8  13  18   0  17  31  6
  17  17  0  28   6  11  26  14  28  7
  17  17  0  28  15   2  17  23  28  7
  17  21  0  32  17   0  32  17  32  8
  17  23 23  17   0  37   9  17  46  9
  17  28 13  13  28  17   0  28  45  9
  17  63 46  34   0  74  35  17  92 18
  18   0 23   0  23  14   4  20  24  6
  18   0 23  13   5  18   5  13  31  6
  18   0 23  13  10   8  10  13  31  6
  18   0 28  14  17  11  17   1  41  7
  18   0 29   0  29  13  16  13  29  7
  18   0 31   8  20  11  17   1  41  7
  18   5 18   0  18  18  13   5  31  6
  18   5 18   0  18  19   4  20  24  6
  18   5 18   0  24   0  24  13  24  6
  18  11  7  11  11   7  24  13  24  6
  18  11  7  11  11   7  25  11  25  6
  18  11  7  11  18   0  25   4  32  6
  18  11 11   7  11  14  18   0  36  6
  18  11 11  10   8  11  21   0  36  6
  18  11 11  11  11  11   7  11  35  6
  18  14  4  14  27  14  14   4  38  7
  18  14 14  17   1  27   4  14  38  7
  18  17  1  24  17   1  17  24  28  7
  18  17  8  17  17   1  17  17  35  7
  18  17 11   7  21  17   1  17  38  7
  18  19 16  19  16   2  19  16  43  8
  18  22 13   5  30   5  13  30  32  8
  18  22 13  13  22   5  13  22  40  8
  18  69 37  37  37  13  37  37  93 18
  19   0 19  23  14  16  14   5  37  7
  19   0 19  23  16   3  25  14  28  7
  19   0 19  25  12  16   3  25  28  7
  19   0 19  25  12  16  12   7  37  7
  19   0 28  16   3  16  21  16  28  7
  19   0 28  16   3  25   3  25  28  7
  19   0 28  16   3  25  12   7  37  7
  19   0 28  16  12   7  12  25  28  7
  19   0 28  16  12  16   3  16  37  7
  19   0 30  10  18  12   9  10  39  7
  19   0 30  12   7  12  25  12  30  7
  19   1 28   1  28  13   6  23  28  7
  19   2 17  31  17  17  17  16  32  8
  19   2 27   0  29  14   5  22  29  7
  19  10 19   0  29  14   5  14  37  7
  19  14  5  25  14   5  14  14  37  7
  19  16  3  23  16   3  16  16  35  7
  19  18 22  22  18   1  18  35  36  9
  19  19  0  30  19   0  32  17  32  8
  19  22 22  10   9  35  18   1  53  9
  19  26 19  26  19   0  41   4  56 10
  19  82  0  88  41  41  19  63  88 21
  19  82  0  88  41  41  41  19 110 21
  19  88 48  48  48  48  11  48 125 23
  20   0 20   8  28  15  13  15  28  7
  20   0 20   8  29  13  15  13  29  7
  20   0 28   0  20  22  15  14  28  7
  20   0 28   0  20  23  13  15  28  7
  20   0 28   0  28  15   5  23  28  7
  20   0 28   0  29  13  15   5  37  7
  20   0 29  13   7  13  23   6  36  7
  20  11 46  20   0  46  21  21  46 11
  20  15  5  30   0  34  15  15  34  8
  20  17  3  32   2  30   5  27  32  8
  20  20  0  27  20  17   3  20  41  8
  20  49 95  49  49  49  49  17 127 24
  20  66 56  56  43  43   0  89  89 22
  21   0 26  16  10  16   5  16  37  7
  21   0 29  22  16  13  16   5  46  8
  21   5 21   0  26  18   3  25  28  7
  21   6 21   0  27  16   5  16  35  7
  21  10 16  16   5  16  10  16  37  7
  21  11 10  21  11  11  10  11  41  7
  21  11 11  20   1  20  21   1  41  7
  21  11 11  20  11  10  11  11  41  7
  21  13 12  13   9  12  25   0  42  7
  21  14 12  12  12  14   9  12  41  7
  21  15  6  30   0  21  27  16  32  8
  21  15  6  30   0  32  16   5  43  8
  21  17 17  17   4  17  17  17  41  8
  21  34 16   5  45  21   0  44  45 11
  22   0 33  14  19  14   8  14  44  8
  22  85 60  47   0  98  47  22 123 24
  22 109  0 109  22  87  56  53 109 27
  23   0 23  26  15  17   6  17  41  8
  23   0 23  26  16  15   8  15  42  8
  23   0 32  17   6  17  15  26  32  8
  23   0 32  17   6  26   6  17  41  8
  23   0 36   2  36  18  20  18  36  9
  23   0 38   0  38  14  22  16  38  9
  23  10 50  23   0  50  23  23  50 12
  23  17  6  17  17   6  32  18  32  8
  23  17  6  17  17   6  34  14  34  8
  23  20 20   3  20  20  20  27  36  9
  23  21 21  23   0  42  19   4  57 10
  23  23  0  40  23  19   4  38  40 10
  23  23  0  44  16   7  37  16  44 10
  23  23  0  44  20   3  33  20  44 10
  24   0 43  23  20  14  10  33  43 10
  24  10 19  19   5  24   5  19  43  8
  24  10 19  19  10  14  10  19  43  8
  24  12 55  24   0  54  25  24  55 13
  24  13 24   0  37   0  37  17  37  9
  24  15 13  11  15  26   0  24  40  8
  24  16 13  16  13  11  16  13  46  8
  24  20 23  23  20   4  20  23  53 10
  24  23 23   1  23  36  20   4  56 10
  24  31 19  19  17  33   5  19  64 11
  25   8 48  25   0  48  25  25  48 12
  25  17 25   0  43  17  23   2  58 10
  25  19 19   6  19  19  28   0  54  9
  25  25  9  25  25   0  25  36  40 10
  26   4 22  47  22  19  22  22  47 11
  27   7 20  27   7  27   0  37  37  9
  27   7 27   0  37   0  37  17  37  9
  27   8 27   0  35   0  36  20  36  9
  27   8 27   0  35   0  38  16  38  9
  27  10 22  22  10  22   5  22  49  9
  27  14 14  26   1  27  26   1  53  9
  27  14 14  26  14  14  13  14  53  9
  27  17 10  17  17  27   0  37  37  9
  27  17 17  10  17  17  30   0  54  9
  27  18 16  16  13  16  16  16  51  9
  27  22 27   0  45  22   9  18  61 11
  27  33 33  33  27   0  33  52  56 14
  27  41  0  27  59  27  27  27  59 14
  27  47 13  48  13  47  27   0  93 15
  27  47 31  12  31  47  27   0  93 15
  28   0 41  21  20   8  20  21  51 10
  28  23 23  23   5  41   5  23  60 11
  29   9 20  32  20   9  29   0  62 10
  29  21  8  21  29   0  42   8  52 10
  29  28 28  28  28  28   1  28  75 13
  29  29  0  43  29   0  50  22  50 12
  29  29  0  50   8  21  43  22  50 12
  29  29  0  50   8  39  25   4  68 12
  29  29  0  50  22   7  43   8  64 12
  29 140  2 140  71  71  27 115 140 35
  30   9 30   9  30   0  30  32  40 10
  30  17 17  26   4  30  13  17  56 10
  30  19 19  19  11  19  19  19  55 10
  30  20 17  17  20  13  17  20  56 10
  30  29 29  29   1  51   7  29  68 13
  30  41 41   0  30  64  33  33  64 16
  30  41 41   0  30  66  31  31  66 16
  31   0 31  14  44  22  23  22  44 11
  31   0 45   0  45  20  11  34  45 11
  31  31 31  31   0  31  54  29  56 14
  32  23  9  23  32   0  32  36  44 11
  32  47 47  32   0  47  63  38  72 18
  33   0 40  33   0  48  25  25  48 12
  33   0 40  33   0  50  23  23  50 12
  33   4 29  56  29  29  29  29  56 14
  33  10 28  28  10  33   0  33  56 11
  33  22 18  18  22  22  11  22  63 11
  33  22 19  19  17  24  14  19  64 11
  33  26 29   4  51  26   7  26  71 13
  33  30  3  30  54  30  30  28  56 14
  33  31 31  31   2  31  51  11  73 14
  33  43  0  33  64  33  33  33  64 16
  34  17 17  34   0  48  27  27  48 12
  34  17 17  34   0  54  21  21  54 12
  34  27  7  27  59  27  27  27  59 14
  34  40 53  53  40  34   0  83  83 20
  34  53 53  34   0  86  37  17 106 20
  34  56 26   9  73  34   0  73  73 18
  34  66 27  27  66  34   0  83  83 20
  35  38 38  38  38  34   1  38  97 17
  35  45 45   0  35  74  35  35  74 18
  36 154 55  55 117  73   0 154 154 38
  37  11 26  70  26  35  35  26  70 16
  37  28  9  28  28  37   0  53  53 13
  37  32  5  70  32  29   8  53  70 16
  37  35  2  70  26  35  35   2  94 16
  37  37  0  38  64  29  29  38  64 16
  37  37  0  70  24  37  35   2  94 16
  38  20 71  51  40  38   0  81  81 20
  38  27 19  19  27  38   0  38  67 13
  38  33  5  33  64  33  33  33  64 16
  38  33  5  64   2  64  33  33  64 16
  39  24 24  15  24  24  24  47  52 13
  39  39  0  59  39  31   8  39  82 16
  41  41  0  72  44  32   9  67  72 18
  41  41  0  75  41  32   9  64  75 18
  42  23 23  23  19  23  56  29  56 14
  42  23 23  23  19  23  57  27  57 14
  43  31 31  12  31  31  43   0  93 15
  43  43  0  80  40  47  47  40  80 20
  43  43  0  80  54  33  33  54  80 20
  43  43  0  94  26  47  47  26  94 20
  43  43  0  94  40  33  33  40  94 20
  44  44 44   0  44  71  17  59  76 19
  45  29 16  42  16  29  45   0  93 15
  45  29 29  16  29  29  45   0  93 15
  45  35 35  10  35  74  35  35  74 18
  45  53 53   0  45  88  45  45  88 22
  46  29 29  17  29  58   0  64  64 16
  47   7 40  80  40  43  43  40  80 20
  47  37 10  86  40  37  37  10 116 20
  47  47  0  86  40  37  17  40 106 20
  47 230  0 230 115 115  47 183 230 57
  48   0 55  41  14  48   0  65  65 16
  48  14 41  41  14  34  14  65  65 16
  48  29 29  29  19  29  57   1  95 16
  49  49  0  49  73  39  10  71  80 20
  49  49  0  82  30  49  19  30 112 20
  51  30 30  30  30  21  30  67  68 17
  51  51  0  51  81  48  48  44  88 22
  51  51  0  51  88  41  41  51  88 22
  53  44  9  88   0  88  46  46  88 22
  53  45 45   8  45  88  45  45  88 22
  53  53 53  53   0  96  10  90  96 24
  53  53 53  53   0 100   6  86 100 24
  54   0 54  61   0  76  39  39  76 19
  54   0 54  61   0  78  37  37  78 19
  54  14 47  47   7  61   0  74  74 18
  54  46 27  27  46  54   0  83  83 20
  54  47 47  47  47   7  47  47 119 22
  55  55  0  96  14  87  53  48  96 24
  55  55  0 106   4  87  53  38 106 24
  55  55  0 106  38  53  53   4 140 24
  57  57 57  57  57   0  57 100 104 26
  60  14 53  53  14  60   0  83  83 20
  60  37 30  30  37  60   0  83  83 20
  63  63  0  63  63  84  54  52 104 26
  63  63  0  63  97  50  50  26 134 26
  65  65  0  65 113  51  51  65 113 28
  66  41 41  41  25  57  25  41 125 22
  66  41 41  41  41  25  41  41 125 22
  66  43 33  33  43  66   0  66 112 22
  67  67  0 118  16  93  25  84 118 28
  73  73  0  73 107  62  62  22 158 30
  73 117 55  18 154  73   0 154 154 38
  77  77  0 128  26 105  23 108 128 32
  84  55 42  55  42  42  97   0 171 28
  85   0 85  85   0 116  61  61 116 29
  85   0 85  85   0 122  55  55 122 29
  86  73 13 146   0 146  73  73 146 36
  87  61 26  96  26  61  87   0 186 30
  89  16 73 164  73  73  73  73 164 38
  96  55 55  41  55 110   0 130 130 32
 106  53 53 106   0 144  15 135 144 36
 106  53 53 106   0 150   9 129 150 36
 108  61 61  61  47 122   0 148 148 36
 150  75 75 150   0 226  95  55 266 52
 170  85 85  85  85 232 122 122 232 58
 170  85 85  85  85 244 110 110 244 58
 186  93 93 186   0 186 207 137 256 64

0 extreme rays of recession cone:

43 support hyperplanes of polyhedron (homogenized):
 -7 -7  3  3  3  3  3  3 3 -13
 -4  1  1  1  1  1  1  1 1  -6
 -3 -3 -3 -3 -3 -3  7  7 7 -17
 -3 -3 -3  2  2  2  2  2 2  -7
 -2 -2 -2 -2 -2  3  3  3 3  -8
 -1 -1 -1 -1 -1 -1 -1 -1 9 -19
 -1 -1 -1 -1 -1 -1 -1  4 4  -9
 -1 -1 -1 -1  1  1  1  1 1  -3
 -1 -1 -1  0  1  1  1  1 0   0
 -1 -1 -1  1  1  1  1  0 0   0
 -1 -1  0  0  0  1  1  1 0   0
 -1 -1  0  0  1  1  1  0 0   0
 -1 -1  0  1  1  1  0  0 0   0
 -1 -1  1  1  1  0  0  0 0   0
 -1  0  0  0  0  0  1  1 0   0
 -1  0  0  0  0  1  1  0 0   0
 -1  0  0  0  1  1  0  0 0   0
 -1  0  0  1  1  0  0  0 0   0
 -1  0  1  1  0  0  0  0 0   0
 -1  1  1  0  0  0  0  0 0   0
  0 -1 -1 -1 -1  1  1  1 1   0
  0 -1 -1 -1  0  0  1  1 1   0
  0 -1 -1  0  0  0  0  1 1   0
  0 -1  0  0  0  0  0  0 1   0
  0  0 -1 -1 -1  0  1  1 1   0
  0  0 -1 -1  0  0  0  1 1   0
  0  0 -1  0  0  0  0  0 1   0
  0  0  0 -1 -1 -1  1  1 1   0
  0  0  0 -1 -1  0  0  1 1   0
  0  0  0 -1  0  0  0  0 1   0
  0  0  0  0 -1 -1  0  1 1   0
  0  0  0  0 -1  0  0  0 1   0
  0  0  0  0  0 -1 -1  1 1   0
  0  0  0  0  0 -1  0  0 1   0
  0  0  0  0  0  0 -1  0 1   0
  0  0  0  0  0  0  0 -1 1   0
  0  0  0  0  0  0  0  1 0   0
  0  0  0  0  0  0  1  0 0   0
  0  0  0  0  0  1  0  0 0   0
  0  0  0  0  1  0  0  0 0   0
  0  0  0  1  0  0  0  0 0   0
  0  0  1  0  0  0  0  0 0   0
  0  1  0  0  0  0  0  0 0   0

2 equations:
 1 0 -1 -2 -3 -4 -5 -6 -7  73
 0 1  2  3  4  5  6  7  8 -94

8 basis elements of generated  lattice:
 1 0 0 0 0 0 0 -8   7 0
 0 1 0 0 0 0 0 -7   6 0
 0 0 1 0 0 0 0 -6   5 0
 0 0 0 1 0 0 0 -5   4 0
 0 0 0 0 1 0 0 -4   3 0
 0 0 0 0 0 1 0 -3   2 0
 0 0 0 0 0 0 1 -2   1 0
 0 0 0 0 0 0 0 74 -53 1

