212 lattice points in polytope (module generators)
0 Hilbert basis elements of recession monoid
956 vertices of polyhedron
0 extreme rays of recession cone
41 support hyperplanes of polyhedron (homogenized)

embedding dimension = 11
affine dimension of the polyhedron = 8
rank of recession monoid = 0 (polyhedron is polytope)

dehomogenization:
0 0 0 0 0 0 0 0 0 0 1 


module rank = 212

***********************************************************************

212 lattice points in polytope (module generators):
 3 3 5 3 3 3 3 3 3 5 1
 3 4 3 4 3 3 3 3 3 5 1
 3 4 4 2 4 3 3 3 3 5 1
 3 4 4 3 2 4 3 3 3 5 1
 3 4 4 3 3 2 4 3 3 5 1
 3 4 4 3 3 3 2 4 3 5 1
 3 4 4 3 3 3 3 2 4 5 1
 3 4 4 3 3 3 3 3 2 6 1
 3 5 1 5 3 3 3 3 3 5 1
 3 5 2 3 4 3 3 3 3 5 1
 3 5 2 4 2 4 3 3 3 5 1
 3 5 2 4 3 2 4 3 3 5 1
 3 5 2 4 3 3 2 4 3 5 1
 3 5 2 4 3 3 3 2 4 5 1
 3 5 2 4 3 3 3 3 2 6 1
 3 5 3 1 5 3 3 3 3 5 1
 3 5 3 2 3 4 3 3 3 5 1
 3 5 3 2 4 2 4 3 3 5 1
 3 5 3 2 4 3 2 4 3 5 1
 3 5 3 2 4 3 3 2 4 5 1
 3 5 3 2 4 3 3 3 2 6 1
 3 5 3 3 2 3 4 3 3 5 1
 3 5 3 3 2 4 2 4 3 5 1
 3 5 3 3 2 4 3 2 4 5 1
 3 5 3 3 2 4 3 3 2 6 1
 3 5 3 3 3 2 3 4 3 5 1
 3 5 3 3 3 2 4 2 4 5 1
 3 5 3 3 3 2 4 3 2 6 1
 3 5 3 3 3 3 2 3 4 5 1
 3 5 3 3 3 3 2 4 2 6 1
 3 5 3 3 3 3 3 2 3 6 1
 4 2 4 4 3 3 3 3 3 5 1
 4 2 5 2 4 3 3 3 3 5 1
 4 2 5 3 2 4 3 3 3 5 1
 4 2 5 3 3 2 4 3 3 5 1
 4 2 5 3 3 3 2 4 3 5 1
 4 2 5 3 3 3 3 2 4 5 1
 4 2 5 3 3 3 3 3 2 6 1
 4 3 2 5 3 3 3 3 3 5 1
 4 3 3 3 4 3 3 3 3 5 1
 4 3 3 4 2 4 3 3 3 5 1
 4 3 3 4 3 2 4 3 3 5 1
 4 3 3 4 3 3 2 4 3 5 1
 4 3 3 4 3 3 3 2 4 5 1
 4 3 3 4 3 3 3 3 2 6 1
 4 3 4 1 5 3 3 3 3 5 1
 4 3 4 2 3 4 3 3 3 5 1
 4 3 4 2 4 2 4 3 3 5 1
 4 3 4 2 4 3 2 4 3 5 1
 4 3 4 2 4 3 3 2 4 5 1
 4 3 4 2 4 3 3 3 2 6 1
 4 3 4 3 1 5 3 3 3 5 1
 4 3 4 3 2 3 4 3 3 5 1
 4 3 4 3 2 4 2 4 3 5 1
 4 3 4 3 2 4 3 2 4 5 1
 4 3 4 3 2 4 3 3 2 6 1
 4 3 4 3 3 1 5 3 3 5 1
 4 3 4 3 3 2 3 4 3 5 1
 4 3 4 3 3 2 4 2 4 5 1
 4 3 4 3 3 2 4 3 2 6 1
 4 3 4 3 3 3 2 3 4 5 1
 4 3 4 3 3 3 2 4 2 6 1
 4 3 4 3 3 3 3 2 3 6 1
 4 4 1 4 4 3 3 3 3 5 1
 4 4 1 5 2 4 3 3 3 5 1
 4 4 1 5 3 2 4 3 3 5 1
 4 4 1 5 3 3 2 4 3 5 1
 4 4 1 5 3 3 3 2 4 5 1
 4 4 1 5 3 3 3 3 2 6 1
 4 4 2 2 5 3 3 3 3 5 1
 4 4 2 3 3 4 3 3 3 5 1
 4 4 2 3 4 2 4 3 3 5 1
 4 4 2 3 4 3 2 4 3 5 1
 4 4 2 3 4 3 3 2 4 5 1
 4 4 2 3 4 3 3 3 2 6 1
 4 4 2 4 2 3 4 3 3 5 1
 4 4 2 4 2 4 2 4 3 5 1
 4 4 2 4 2 4 3 2 4 5 1
 4 4 2 4 2 4 3 3 2 6 1
 4 4 2 4 3 1 5 3 3 5 1
 4 4 2 4 3 2 3 4 3 5 1
 4 4 2 4 3 2 4 2 4 5 1
 4 4 2 4 3 2 4 3 2 6 1
 4 4 2 4 3 3 2 3 4 5 1
 4 4 2 4 3 3 2 4 2 6 1
 4 4 2 4 3 3 3 2 3 6 1
 4 4 3 1 4 4 3 3 3 5 1
 4 4 3 1 5 2 4 3 3 5 1
 4 4 3 1 5 3 2 4 3 5 1
 4 4 3 1 5 3 3 2 4 5 1
 4 4 3 1 5 3 3 3 2 6 1
 4 4 3 2 3 3 4 3 3 5 1
 4 4 3 2 3 4 2 4 3 5 1
 4 4 3 2 3 4 3 2 4 5 1
 4 4 3 2 3 4 3 3 2 6 1
 4 4 3 2 4 2 3 4 3 5 1
 4 4 3 2 4 2 4 2 4 5 1
 4 4 3 2 4 2 4 3 2 6 1
 4 4 3 2 4 3 2 3 4 5 1
 4 4 3 2 4 3 2 4 2 6 1
 4 4 3 2 4 3 3 2 3 6 1
 4 4 3 3 2 3 3 4 3 5 1
 4 4 3 3 2 3 4 2 4 5 1
 4 4 3 3 2 3 4 3 2 6 1
 4 4 3 3 2 4 2 3 4 5 1
 4 4 3 3 2 4 2 4 2 6 1
 4 4 3 3 2 4 3 2 3 6 1
 4 4 3 3 3 2 3 3 4 5 1
 4 4 3 3 3 2 3 4 2 6 1
 4 4 3 3 3 2 4 2 3 6 1
 4 4 3 3 3 3 2 3 3 6 1
 5 1 4 3 4 3 3 3 3 5 1
 5 1 4 4 2 4 3 3 3 5 1
 5 1 4 4 3 2 4 3 3 5 1
 5 1 4 4 3 3 2 4 3 5 1
 5 1 4 4 3 3 3 2 4 5 1
 5 1 4 4 3 3 3 3 2 6 1
 5 1 5 1 5 3 3 3 3 5 1
 5 1 5 2 3 4 3 3 3 5 1
 5 1 5 2 4 2 4 3 3 5 1
 5 1 5 2 4 3 2 4 3 5 1
 5 1 5 2 4 3 3 2 4 5 1
 5 1 5 2 4 3 3 3 2 6 1
 5 1 5 3 2 3 4 3 3 5 1
 5 1 5 3 2 4 2 4 3 5 1
 5 1 5 3 2 4 3 2 4 5 1
 5 1 5 3 2 4 3 3 2 6 1
 5 1 5 3 3 2 3 4 3 5 1
 5 1 5 3 3 2 4 2 4 5 1
 5 1 5 3 3 2 4 3 2 6 1
 5 1 5 3 3 3 2 3 4 5 1
 5 1 5 3 3 3 2 4 2 6 1
 5 1 5 3 3 3 3 2 3 6 1
 5 2 3 2 5 3 3 3 3 5 1
 5 2 3 3 3 4 3 3 3 5 1
 5 2 3 3 4 2 4 3 3 5 1
 5 2 3 3 4 3 2 4 3 5 1
 5 2 3 3 4 3 3 2 4 5 1
 5 2 3 3 4 3 3 3 2 6 1
 5 2 3 4 1 5 3 3 3 5 1
 5 2 3 4 2 3 4 3 3 5 1
 5 2 3 4 2 4 2 4 3 5 1
 5 2 3 4 2 4 3 2 4 5 1
 5 2 3 4 2 4 3 3 2 6 1
 5 2 3 4 3 2 3 4 3 5 1
 5 2 3 4 3 2 4 2 4 5 1
 5 2 3 4 3 2 4 3 2 6 1
 5 2 3 4 3 3 2 3 4 5 1
 5 2 3 4 3 3 2 4 2 6 1
 5 2 3 4 3 3 3 2 3 6 1
 5 2 4 1 4 4 3 3 3 5 1
 5 2 4 1 5 2 4 3 3 5 1
 5 2 4 1 5 3 2 4 3 5 1
 5 2 4 1 5 3 3 2 4 5 1
 5 2 4 1 5 3 3 3 2 6 1
 5 2 4 2 3 3 4 3 3 5 1
 5 2 4 2 3 4 2 4 3 5 1
 5 2 4 2 3 4 3 2 4 5 1
 5 2 4 2 3 4 3 3 2 6 1
 5 2 4 2 4 1 5 3 3 5 1
 5 2 4 2 4 2 3 4 3 5 1
 5 2 4 2 4 2 4 2 4 5 1
 5 2 4 2 4 2 4 3 2 6 1
 5 2 4 2 4 3 2 3 4 5 1
 5 2 4 2 4 3 2 4 2 6 1
 5 2 4 2 4 3 3 2 3 6 1
 5 2 4 3 2 3 3 4 3 5 1
 5 2 4 3 2 3 4 2 4 5 1
 5 2 4 3 2 3 4 3 2 6 1
 5 2 4 3 2 4 2 3 4 5 1
 5 2 4 3 2 4 2 4 2 6 1
 5 2 4 3 2 4 3 2 3 6 1
 5 2 4 3 3 2 3 3 4 5 1
 5 2 4 3 3 2 3 4 2 6 1
 5 2 4 3 3 2 4 2 3 6 1
 5 2 4 3 3 3 2 3 3 6 1
 5 3 2 3 3 3 4 3 3 5 1
 5 3 2 3 3 4 2 4 3 5 1
 5 3 2 3 3 4 3 2 4 5 1
 5 3 2 3 3 4 3 3 2 6 1
 5 3 2 3 4 1 5 3 3 5 1
 5 3 2 3 4 2 3 4 3 5 1
 5 3 2 3 4 2 4 2 4 5 1
 5 3 2 3 4 2 4 3 2 6 1
 5 3 2 3 4 3 2 3 4 5 1
 5 3 2 3 4 3 2 4 2 6 1
 5 3 2 3 4 3 3 2 3 6 1
 5 3 2 4 2 3 3 4 3 5 1
 5 3 2 4 2 3 4 2 4 5 1
 5 3 2 4 2 3 4 3 2 6 1
 5 3 2 4 2 4 2 3 4 5 1
 5 3 2 4 2 4 2 4 2 6 1
 5 3 2 4 2 4 3 2 3 6 1
 5 3 2 4 3 2 3 3 4 5 1
 5 3 2 4 3 2 3 4 2 6 1
 5 3 2 4 3 2 4 2 3 6 1
 5 3 2 4 3 3 2 3 3 6 1
 5 3 3 2 3 3 3 4 3 5 1
 5 3 3 2 3 3 4 2 4 5 1
 5 3 3 2 3 3 4 3 2 6 1
 5 3 3 2 3 4 2 3 4 5 1
 5 3 3 2 3 4 2 4 2 6 1
 5 3 3 2 3 4 3 2 3 6 1
 5 3 3 2 4 2 3 3 4 5 1
 5 3 3 2 4 2 3 4 2 6 1
 5 3 3 2 4 2 4 2 3 6 1
 5 3 3 2 4 3 2 3 3 6 1
 5 3 3 3 2 3 3 3 4 5 1
 5 3 3 3 2 3 3 4 2 6 1
 5 3 3 3 2 3 4 2 3 6 1
 5 3 3 3 2 4 2 3 3 6 1
 5 3 3 3 3 2 3 3 3 6 1

0 Hilbert basis elements of recession monoid:

956 vertices of polyhedron:
   3   3   5   3   3   3   3   3   3   5  1
   3   4   4   3   3   3   2   4   3   5  1
   3   4   4   3   3   3   3   2   4   5  1
   3   4   4   3   3   3   3   3   2   6  1
   3   5   1   5   3   3   3   3   3   5  1
   3   5   2   4   2   4   3   3   3   5  1
   3   5   2   4   3   3   2   4   3   5  1
   3   5   2   4   3   3   3   2   4   5  1
   3   5   2   4   3   3   3   3   2   6  1
   3   5   3   1   5   3   3   3   3   5  1
   3   5   3   2   3   4   3   3   3   5  1
   3   5   3   2   4   2   4   3   3   5  1
   3   5   3   2   4   3   2   4   3   5  1
   3   5   3   2   4   3   3   2   4   5  1
   3   5   3   2   4   3   3   3   2   6  1
   3   5   3   3   2   3   4   3   3   5  1
   3   5   3   3   2   4   2   4   3   5  1
   3   5   3   3   2   4   3   2   4   5  1
   3   5   3   3   2   4   3   3   2   6  1
   3   5   3   3   3   2   3   4   3   5  1
   3   5   3   3   3   2   4   2   4   5  1
   3   5   3   3   3   2   4   3   2   6  1
   3   5   3   3   3   3   2   3   4   5  1
   3   5   3   3   3   3   2   4   2   6  1
   3   5   3   3   3   3   3   2   3   6  1
   4   2   5   3   3   3   2   4   3   5  1
   4   2   5   3   3   3   3   2   4   5  1
   4   2   5   3   3   3   3   3   2   6  1
   4   3   4   3   1   5   3   3   3   5  1
   4   3   4   3   3   1   5   3   3   5  1
   4   4   1   5   2   4   3   3   3   5  1
   4   4   1   5   3   3   2   4   3   5  1
   4   4   1   5   3   3   3   2   4   5  1
   4   4   1   5   3   3   3   3   2   6  1
   4   4   2   2   5   3   3   3   3   5  1
   4   4   2   4   3   1   5   3   3   5  1
   4   4   3   1   4   4   3   3   3   5  1
   4   4   3   1   5   2   4   3   3   5  1
   4   4   3   1   5   3   2   4   3   5  1
   4   4   3   1   5   3   3   2   4   5  1
   4   4   3   1   5   3   3   3   2   6  1
   4   4   3   3   2   3   3   4   3   5  1
   4   4   3   3   2   3   4   2   4   5  1
   4   4   3   3   2   3   4   3   2   6  1
   4   4   3   3   2   4   2   3   4   5  1
   4   4   3   3   2   4   2   4   2   6  1
   4   4   3   3   2   4   3   2   3   6  1
   4   4   3   3   3   2   3   3   4   5  1
   4   4   3   3   3   2   3   4   2   6  1
   4   4   3   3   3   2   4   2   3   6  1
   4   4   3   3   3   3   2   3   3   6  1
   5   1   4   3   4   3   3   3   3   5  1
   5   1   4   4   2   4   3   3   3   5  1
   5   1   4   4   3   2   4   3   3   5  1
   5   1   4   4   3   3   2   4   3   5  1
   5   1   4   4   3   3   3   2   4   5  1
   5   1   4   4   3   3   3   3   2   6  1
   5   1   5   1   5   3   3   3   3   5  1
   5   1   5   2   3   4   3   3   3   5  1
   5   1   5   2   4   3   2   4   3   5  1
   5   1   5   2   4   3   3   2   4   5  1
   5   1   5   2   4   3   3   3   2   6  1
   5   1   5   3   2   3   4   3   3   5  1
   5   1   5   3   2   4   2   4   3   5  1
   5   1   5   3   2   4   3   2   4   5  1
   5   1   5   3   2   4   3   3   2   6  1
   5   1   5   3   3   2   3   4   3   5  1
   5   1   5   3   3   2   4   2   4   5  1
   5   1   5   3   3   2   4   3   2   6  1
   5   1   5   3   3   3   2   3   4   5  1
   5   1   5   3   3   3   2   4   2   6  1
   5   1   5   3   3   3   3   2   3   6  1
   5   2   3   2   5   3   3   3   3   5  1
   5   2   3   4   1   5   3   3   3   5  1
   5   2   3   4   3   2   3   4   3   5  1
   5   2   3   4   3   2   4   3   2   6  1
   5   2   3   4   3   3   2   3   4   5  1
   5   2   3   4   3   3   2   4   2   6  1
   5   2   3   4   3   3   3   2   3   6  1
   5   2   4   1   4   4   3   3   3   5  1
   5   2   4   1   5   2   4   3   3   5  1
   5   2   4   1   5   3   2   4   3   5  1
   5   2   4   1   5   3   3   2   4   5  1
   5   2   4   1   5   3   3   3   2   6  1
   5   2   4   2   4   1   5   3   3   5  1
   5   2   4   3   2   3   3   4   3   5  1
   5   2   4   3   2   3   4   2   4   5  1
   5   2   4   3   2   3   4   3   2   6  1
   5   2   4   3   2   4   2   3   4   5  1
   5   2   4   3   2   4   2   4   2   6  1
   5   2   4   3   2   4   3   2   3   6  1
   5   2   4   3   3   2   3   3   4   5  1
   5   2   4   3   3   2   3   4   2   6  1
   5   2   4   3   3   2   4   2   3   6  1
   5   2   4   3   3   3   2   3   3   6  1
   5   3   2   3   3   3   4   3   3   5  1
   5   3   2   3   3   4   2   4   3   5  1
   5   3   2   3   3   4   3   2   4   5  1
   5   3   2   3   3   4   3   3   2   6  1
   5   3   2   3   4   1   5   3   3   5  1
   5   3   2   3   4   2   3   4   3   5  1
   5   3   2   3   4   2   4   2   4   5  1
   5   3   2   3   4   2   4   3   2   6  1
   5   3   2   3   4   3   2   3   4   5  1
   5   3   2   3   4   3   2   4   2   6  1
   5   3   2   3   4   3   3   2   3   6  1
   5   3   2   4   2   3   3   4   3   5  1
   5   3   2   4   2   3   4   2   4   5  1
   5   3   2   4   2   3   4   3   2   6  1
   5   3   2   4   2   4   2   3   4   5  1
   5   3   2   4   2   4   2   4   2   6  1
   5   3   2   4   2   4   3   2   3   6  1
   5   3   2   4   3   2   3   3   4   5  1
   5   3   2   4   3   2   3   4   2   6  1
   5   3   2   4   3   2   4   2   3   6  1
   5   3   2   4   3   3   2   3   3   6  1
   5   3   3   2   3   3   3   4   3   5  1
   5   3   3   2   3   3   4   2   4   5  1
   5   3   3   2   3   3   4   3   2   6  1
   5   3   3   2   3   4   2   3   4   5  1
   5   3   3   2   3   4   2   4   2   6  1
   5   3   3   2   3   4   3   2   3   6  1
   5   3   3   2   4   2   3   3   4   5  1
   5   3   3   2   4   2   3   4   2   6  1
   5   3   3   2   4   2   4   2   3   6  1
   5   3   3   2   4   3   2   3   3   6  1
   5   3   3   3   2   3   3   3   4   5  1
   5   3   3   3   2   3   3   4   2   6  1
   5   3   3   3   2   3   4   2   3   6  1
   5   3   3   3   2   4   2   3   3   6  1
   5   3   3   3   3   2   3   3   3   6  1
   6   9   7   6   6   3   9   6   6  10  2
   6  10   5   7   6   3   9   6   6  10  2
   7   8   7   6   2  10   6   6   6  10  2
   8   7   7   5   3  10   6   6   6  10  2
   8   7   7   6   2   9   7   6   6  10  2
   8   7   7   6   2  10   5   7   6  10  2
   8   7   7   6   2  10   6   5   7  10  2
   8   7   7   6   2  10   6   6   5  11  2
   9   3  10   6   3   9   6   6   6  10  2
   9   3  10   6   6   3   9   6   6  10  2
   9   4   5  10   6   6   6   6   6  10  2
   9   6   3  10   6   6   6   6   4  12  2
   9   6   6   7   6   6   6   3   7  12  2
   9   6   7   5   7   6   4   5   9  10  2
   9   6   7   5   7   6   6   3   7  12  2
   9   6   7   6   3   6   9   6   6  10  2
   9   7   2   7   9   6   6   6   6  10  2
   9   7   2   9   5   8   6   6   6  10  2
   9   7   2   9   7   6   6   4   8  10  2
   9   7   2   9   7   6   6   6   4  12  2
   9   7   2  10   4   7   7   6   6  10  2
   9   7   2  10   4   8   5   7   6  10  2
   9   7   2  10   4   8   6   5   7  10  2
   9   7   2  10   4   8   6   6   5  11  2
   9   7   2  10   5   7   4   8   6  10  2
   9   7   2  10   5   7   6   6   4  12  2
   9   7   2  10   6   3   9   6   6  10  2
   9   7   2  10   6   5   5   8   6  10  2
   9   7   2  10   6   5   7   4   8  10  2
   9   7   2  10   6   5   7   6   4  12  2
   9   7   2  10   6   6   4   7   7  10  2
   9   7   2  10   6   6   4   8   5  11  2
   9   7   2  10   6   6   5   5   8  10  2
   9   7   2  10   6   6   5   7   4  12  2
   9   7   2  10   6   6   6   4   7  11  2
   9   7   2  10   6   6   6   5   5  12  2
   9   7   5   7   5   7   4   5   9  10  2
   9   7   5   7   5   7   6   3   7  12  2
   9   7   6   3   7   6   8   6   6  10  2
   9   7   6   3   7   8   4   8   6  10  2
   9   7   6   3   7   8   6   6   4  12  2
   9   7   6   3   8   7   6   3   9  10  2
   9   7   6   3   9   4   6   8   6  10  2
   9   7   6   3   9   4   8   4   8  10  2
   9   7   6   3   9   4   8   6   4  12  2
   9   7   6   3   9   6   4   6   8  10  2
   9   7   6   3   9   6   4   8   4  12  2
   9   7   6   3   9   6   6   4   6  12  2
   9   7   6   5   6   7   4   5   9  10  2
   9   7   6   5   6   7   6   3   7  12  2
   9  14   9  10   9   9   9   5  13  15  3
   9  14  10   8  10   9   9   5  13  15  3
   9  14  10   9   4  14   9   9   9  15  3
   9  15   8  10   8  10   9   5  13  15  3
   9  15   9   8   9  10   9   5  13  15  3
  10   2   9   7   3   9   6   6   6  10  2
  10   2  10   5   7   3   9   6   6  10  2
  10   5   5   5   9   6   4   8   6  10  2
  10   5   5   5   9   6   6   4   8  10  2
  10   5   5   5   9   6   6   6   4  12  2
  10   5   5   7   3  10   6   6   6  10  2
  10   5   5   8   2   9   7   6   6  10  2
  10   5   5   8   2  10   5   7   6  10  2
  10   5   5   8   2  10   6   5   7  10  2
  10   5   5   8   2  10   6   6   5  11  2
  10   5   5   8   6   4   8   3   9  10  2
  10   5   6   7   6   5   5   5   9  10  2
  10   5   6   7   6   5   7   3   7  12  2
  10   5   7   3   7   8   4   8   6  10  2
  10   5   7   3   7   8   6   4   8  10  2
  10   5   7   3   7   8   6   6   4  12  2
  10   5   7   3   9   5   7   3   9  10  2
  10   5   7   3   9   6   4   6   8  10  2
  10   5   7   3   9   6   4   8   4  12  2
  10   5   7   3   9   6   6   4   6  12  2
  10   5   7   5   7   3   9   3   9  10  2
  10   5   7   5   7   5   5   5   9  10  2
  10   5   7   5   7   5   7   3   7  12  2
  10   6   4   6   7   7   3   9   6  10  2
  10   6   4   7   5   5   9   6   6  10  2
  10   6   4   7   5   8   3   9   6  10  2
  10   6   4   7   7   3   7   8   6  10  2
  10   6   4   7   7   3   9   4   8  10  2
  10   6   4   7   7   3   9   6   4  12  2
  10   6   4   8   4   7   7   3   9  10  2
  10   6   4   8   5   5   8   3   9  10  2
  10   6   5   5   6   5   9   6   6  10  2
  10   6   5   5   8   3   7   8   6  10  2
  10   6   5   5   8   3   9   4   8  10  2
  10   6   5   5   8   3   9   6   4  12  2
  10   6   5   5   8   5   6   7   3  13  2
  10   6   5   7   4   6   8   3   9  10  2
  10   6   5   7   5   6   5   5   9  10  2
  10   6   5   7   5   6   7   3   7  12  2
  10   6   6   4   6   7   7   3   9  10  2
  10   6   6   4   7   5   8   3   9  10  2
  10   6   6   4   7   6   6   7   3  13  2
  10   6   6   5   5   6   8   3   9  10  2
  10   6   6   5   6   6   5   5   9  10  2
  10   6   6   5   6   6   7   3   7  12  2
  11  20  13  12  11  13   8  15  13  20  4
  11  20  13  12  11  13  11   9  16  20  4
  11  20  13  12  12  11   9  15  13  20  4
  11  20  13  12  12  11  12   9  16  20  4
  11  21  11  12   9  16  12  12  11  21  4
  11  21  11  12  12  13  12  12   8  24  4
  11  21  11  13   8  16  11  13  11  21  4
  11  21  11  13  11  13   8  16  11  21  4
  11  21  11  13  11  13  11  13   8  24  4
  11  21  11  13  12  11   9  16  11  21  4
  11  21  11  13  12  11  12  13   8  24  4
  11  21  12  11   9  16  12  11  12  21  4
  11  21  12  11  12  13  12  11   9  24  4
  11  21  12  11  13   8  16  11  12  21  4
  11  21  12  11  13  11  13   8  15  21  4
  11  21  12  11  13  11  13  11   9  24  4
  11  21  12  12   8  16  11  12  12  21  4
  11  21  12  12  11  13   8  15  12  21  4
  11  21  12  12  11  13  11   9  15  21  4
  11  21  12  12  11  13  11  12   9  24  4
  11  21  12  12  12   8  15  12  12  21  4
  11  21  12  12  12  11   9  15  12  21  4
  11  21  12  12  12  11  12   9  15  21  4
  11  21  12  12  12  11  12  12   9  24  4
  13   9   9  10  10   9   9   9   4  20  3
  13   9  11   8   8  11   9   9   4  20  3
  13   9  11   9   9   4  11  12   9  15  3
  13   9  11   9   9   4  14   6  12  15  3
  13   9  11   9   9   4  14   9   6  18  3
  13  10  10   9   4  10  13   9   9  15  3
  13  11   2  15   9   9  10   9   9  15  3
  13  11   2  15   9  10   8  10   9  15  3
  13  11   2  15  10   8  10   8  10  15  3
  13  11   2  15  10   9   8   9  10  15  3
  13  11   2  16   8   9  10   9   8  16  3
  13  11   2  16   8  10   8  10   8  16  3
  13  11   2  16   9   8  10   8   9  16  3
  13  11   2  16   9   9   8   9   9  16  3
  13  11   7  10  10   7  11   9   4  20  3
  13  11   7  11   6   7  14   9   9  15  3
  13  11   7  11   6  12   9   4  14  15  3
  13  11   7  11   9   4  11  12   9  15  3
  13  11   7  11   9   4  14   6  12  15  3
  13  11   7  11   9   4  14   9   6  18  3
  13  11   9   7   8  12   9   4  14  15  3
  13  11   9   8   8   9  11   9   4  20  3
  13  25  15  15  15  17  15  15  15  25  5
  13  25  15  15  17  13  17  15  15  25  5
  13  25  15  17  13  17  13  17  15  25  5
  13  25  15  17  15  13  15  17  15  25  5
  13  25  17  13  15  17  15  13  17  25  5
  13  25  17  13  17  13  17  13  17  25  5
  13  25  17  15  13  17  13  15  17  25  5
  13  25  17  15  15  13  15  15  17  25  5
  13  27  13  15  15  17  15  15  13  27  5
  13  27  13  15  17  13  17  15  13  27  5
  13  27  13  17  13  17  13  17  13  27  5
  13  27  13  17  15  13  15  17  13  27  5
  13  27  15  13  15  17  15  13  15  27  5
  13  27  15  13  17  13  17  13  15  27  5
  13  27  15  15  13  17  13  15  15  27  5
  13  27  15  15  15  13  15  15  15  27  5
  14   4  10  14   9   9   9   9   9  15  3
  14   4  14  10   9   9   9   5  13  15  3
  14   4  15   8  10   9   9   5  13  15  3
  14   9   9   5  14   9   9   9   5  19  3
  14   9   9  10   4  14   9   5  13  15  3
  14   9  10   4  13  10   9   9   5  19  3
  14   9  10   8   9  10   9   5   9  19  3
  14   9  10   9   9   5  10   9  12  15  3
  14   9  10   9   9   5  10  12   6  18  3
  14   9  10   9   9   5  13   6   9  18  3
  14  10   4  14   6  12   6  12   9  15  3
  14  10   4  14   6  12   9   9   6  18  3
  14  10   4  14   9   9   6   9  12  15  3
  14  10   4  14   9   9   6  12   6  18  3
  14  10   4  14   9   9   9   6   9  18  3
  14  10   8  10   6   8  10  12   9  15  3
  14  10   8  10   6   8  13   9   6  18  3
  14  10   8  10   6  12   6   8  13  15  3
  14  10   8  10   6  12   9   5  10  18  3
  14  10   8  10   9   5  10   9  12  15  3
  14  10   8  10   9   5  10  12   6  18  3
  14  10   8  10   9   5  13   6   9  18  3
  14  10   9   5  10  12   9   5  13  15  3
  14  10   9   8   7  12   6   8  13  15  3
  14  10   9   8   7  12   9   5  10  18  3
  14  10   9   8   9   9  10   5   9  19  3
  14  25  15  16  14  16   9  21  15  25  5
  14  25  15  16  15  14  10  21  15  25  5
  14  25  16  14  15  16  15   9  21  25  5
  14  25  16  14  16   9  21  14  16  25  5
  14  25  16  14  16  14  16   9  21  25  5
  14  25  16  15  15   9  20  15  16  25  5
  14  26  14  15  16   9  21  15  14  26  5
  14  26  14  15  16  14  16  15   9  31  5
  14  26  14  16  15   9  20  16  14  26  5
  14  26  15  14  15  16  15   9  20  26  5
  15   3  14  10   9   8  10   5  13  15  3
  15   3  15   8  10   8  10   5  13  15  3
  15   7   8  12   7  11   4  14   9  15  3
  15   7   8  12   9   7  11   4  14  15  3
  15   7   9  10  10   9   7  11   4  20  3
  15   7   9  11   9   6  12   4  14  15  3
  15   7  10  10   5  13   4  14   9  15  3
  15   7  11   4  14   4  14   9   9  15  3
  15   7  11   7   8   7  14   9   9  15  3
  15   7  11   7  11   4  11  12   9  15  3
  15   7  11   7  11   4  14   9   6  18  3
  15   7  11   8   8  11   7  11   4  20  3
  15   8   7  12   4  11  12   9   9  15  3
  15   8   7  12   4  14   9   6  12  15  3
  15   8   7  12   4  14   9   9   6  18  3
  15   8   7  12   8   7   8  13   9  15  3
  15   8   7  12   8  10   5  10  12  15  3
  15   8   7  12   8  10   5  13   6  18  3
  15   8   7  12   9   8   7   8  13  15  3
  15   8   7  12   9   8  10   5  10  18  3
  15   8   8   7   8  14   9   9   9  15  3
  15   8   8  11   4  14   5  13   9  15  3
  15   8   9  10   9   6   9   8  13  15  3
  15   8   9  10   9   6  12   5  10  18  3
  15   8  10   5  10   8  13   9   9  15  3
  15   8  10   5  13   5  10  12   9  15  3
  15   8  10   5  13   5  13   9   6  18  3
  15   8  10   8   7   8  10  12   9  15  3
  15   8  10   8   7   8  13   9   6  18  3
  15   8  10   8  10   5  10  12   6  18  3
  15   9   6   9  11   9  10   5  13  15  3
  15   9   6   9  12   8   9  10   5  19  3
  15   9   6  10   9  11   4  14   9  15  3
  15   9   6  11   9  10   5  10  12  15  3
  15   9   6  11   9  10   5  13   6  18  3
  15   9   6  12   7   9  11   4  14  15  3
  15   9   6  12   8   9   7   8  13  15  3
  15   9   6  12   8   9  10   5  10  18  3
  15   9   7   9   8   7  14   9   9  15  3
  15   9   7   9  11   4  11  12   9  15  3
  15   9   7   9  11   4  14   6  12  15  3
  15   9   7   9  11   4  14   9   6  18  3
  15   9   7  10  10   7   9  11   4  20  3
  15   9   7  11   6  10  11   4  14  15  3
  15   9   7  11   7   8  12   4  14  15  3
  15   9   8   7   9  12   4  14   9  15  3
  15   9   8   7  12   8   7  12   5  19  3
  15   9   8   9   7   8  13   9   6  18  3
  15   9   8   9  10   5  10   9  12  15  3
  15   9   8   9  10   5  13   6   9  18  3
  15   9   8  10   6  11   7   8  13  15  3
  15   9   8  10   6  11  10   5  10  18  3
  15   9   8  10   8   7   9   8  13  15  3
  15   9   8  10   8   7  12   5  10  18  3
  15   9   9   6   9  11   9  10   5  19  3
  15   9   9   6  10   9  11   4  14  15  3
  15   9   9   6  11   7  11  10   5  19  3
  15   9   9   6  11   9   7   8  13  15  3
  15   9   9   6  11   9   7  12   5  19  3
  15   9   9   6  11   9  10   5  10  18  3
  15   9   9   7   8  10  11   4  14  15  3
  15   9   9   7   9   8  12   4  14  15  3
  15   9   9   8   7  11   7   8  13  15  3
  15   9   9   8   7  11  10   5  10  18  3
  15   9   9   8   8   9   9  11   4  20  3
  15   9   9   8   9   7   9   8  13  15  3
  15   9   9   8   9   7  12   5  10  18  3
  15   9   9   8   9   9   9   6   9  19  3
  15  23  16  16  15  15   8  22  15  25  5
  15  25  14  14  17  15   8  22  15  25  5
  17  12  12  15  12  12  12   5  19  20  4
  17  12  15   9  15  12  12   5  19  20  4
  17  15   9  15   9  15  12   5  19  20  4
  17  15  12   9  12  15  12   5  19  20  4
  17  30  18  18  11  26  18  18  18  30  6
  17  30  18  18  19  10  26  18  18  30  6
  17  30  18  19  10  26  17  19  18  30  6
  17  30  18  19  18  10  25  19  18  30  6
  17  30  18  19  18  17  18  12  25  30  6
  17  30  19  17  11  26  18  17  19  30  6
  17  30  19  17  18  19  18  17  12  37  6
  17  30  19  18  10  26  17  18  19  30  6
  17  31  17  19  17  19  17  12  24  31  6
  18  12  13  13  12  12   6  13  17  20  4
  18  13   5  20  12  12   7  17  12  20  4
  18  13   5  20  12  12  12   7  17  20  4
  18  13  12  12  13  12   6  18   7  25  4
  18  13  13   5  13  18  12  12  12  20  4
  18  14   4  19  13  12   7  17  12  20  4
  18  14   4  20  11  13  12   7  17  20  4
  18  14  11  11  14   7  11  18  12  20  4
  19  11  13  13  11  13   6  13  17  20  4
  19  12  13  11  13  12   8  11  13  24  4
  19  12  13  12   7  12  13  16  12  20  4
  19  12  13  12   7  12  17   8  16  20  4
  19  12  13  12   7  12  17  12   8  24  4
  19  13   6  13  13  16  12  12  12  20  4
  19  13   6  13  17  12  12   8  16  20  4
  19  13   6  13  17  12  12  12   8  24  4
  19  13   6  18   8  11  17  12  12  20  4
  19  13   6  18   8  16  12   7  17  20  4
  19  13   6  18  12   7  13  16  12  20  4
  19  13   6  18  12   7  17   8  16  20  4
  19  13   6  18  12   7  17  12   8  24  4
  19  13  11  11  13  13   6  13  17  20  4
  19  13  11  13   8  11  17   7  17  20  4
  19  13  11  13  11  13   8  11  13  24  4
  19  13  12   7  13  15  13  12   7  25  4
  19  13  12   7  16   9  16  12   7  25  4
  19  13  12   7  16  13   8  11  17  20  4
  19  13  12   7  16  13  12   7  13  24  4
  19  13  12  11  12  13   8  11  13  24  4
  20   3  20  13  11   9  16  11  13  20  4
  20   3  20  13  12   8  15  12  13  20  4
  20   3  21  12  11   9  16  11  12  21  4
  20   3  21  12  12   8  15  12  12  21  4
  20   9  12  15  12   9  15   5  19  20  4
  20   9  15   9  15   9  15   5  19  20  4
  20  11   9  11  11  18  12  12  12  20  4
  20  11   9  11  17  11  13   7  17  20  4
  20  11   9  11  17  12  11  13   7  25  4
  20  11   9  16   6  18   7  17  12  20  4
  20  11  12   8  17  12   8  16   7  25  4
  20  11  12  13  12  11   9  11  13  24  4
  20  11  13   7  13  16  11  13   7  25  4
  20  11  13   7  16  13   8  16   7  25  4
  20  11  13   7  17   7  17   7  17  20  4
  20  11  13   7  17  11   9  11  17  20  4
  20  11  13   7  17  11  13   7  13  24  4
  20  11  13  11   9  11  17   7  17  20  4
  20  11  13  11  13   7  13  11  17  20  4
  20  11  13  11  13   7  17   7  13  24  4
  20  11  13  11  13  11   9  11  13  24  4
  20  12   8  15  12   8  12  17  12  20  4
  20  12   9  15   9  12  15   5  19  20  4
  20  12  10  13  13   7  15  14   6  26  4
  20  12  11   9  16   7  16  13   7  25  4
  20  12  11   9  16  11  12   9  11  25  4
  20  12  11  11  12   9  11  18  12  20  4
  20  12  11  12   9  11  12  17  12  20  4
  20  12  11  12  12   8  15  14   6  26  4
  20  12  11  12  12  11   9  17   6  26  4
  20  12  11  12  13   7  13  16   7  25  4
  20  12  11  13  11  12   9  11  13  24  4
  20  12  12   9  12  12  15   5  19  20  4
  20  34  22  22  20  22  12  30  21  35  7
  20  34  22  22  21  20  13  30  21  35  7
  20  35  21  21  21  22  12  30  21  35  7
  20  35  21  21  21  22  21  12  30  35  7
  20  35  21  21  22  20  13  30  21  35  7
  20  35  22  19  22  22  21  12  30  35  7
  21  17  17  15   6  24  10  20  15  25  5
  21  17  17  15   6  24  15  10  20  25  5
  21  17  17  15   6  24  15  15  10  30  5
  21  33  21  22  22  21  21  21  12  44  7
  21  33  23  20  20  23  21  21  12  44  7
  21  35  21  20  20  21  23  21  12  44  7
  23   7  24  16  15  15   8  22  15  25  5
  23  15   8  24  15  15   8  22  15  25  5
  23  15   8  24  15  15  15   8  22  25  5
  23  15  15  17  15  15   8  15  22  25  5
  23  15  16  15  16  15   8  15  22  25  5
  23  15  17   6  24  15  15   8  22  25  5
  23  15  17  14  14  17  15   9  14  32  5
  23  16  16  15   8  22  10  15  20  25  5
  23  16  16  15   8  22  10  20  10  30  5
  23  16  16  15   8  22  15  10  15  30  5
  23  17   6  22  17  15   8  22  15  25  5
  23  17   6  24  13  17  15   8  22  25  5
  23  17  13  10  22  13  17  15   8  32  5
  23  17  13  17  13  10  22   8  22  25  5
  23  17  15   8  20  15  17  15   8  32  5
  23  17  15  14  11  15  20  15   8  32  5
  23  17  15  14  14  15  17   9  14  32  5
  23  39  25  24  24  25  24  24  14  50  8
  23  40  23  25  25  23  25  24  14  50  8
  23  40  23  26  23  25  23  15  34  40  8
  23  41  22  25  25  22  26  24  14  50  8
  23  41  23  23  25  25  14  34  23  41  8
  23  41  23  23  26  23  15  34  23  41  8
  23  41  23  24  24  23  26  24  14  50  8
  24  14  17  14  14  17  14  10  14  32  5
  24  15   9  22  15  15   9  21  10  30  5
  24  15   9  22  15  15  15   9  16  30  5
  24  15  15  16  15  15   9  15  16  30  5
  24  15  16   8  22  15  10  14  21  25  5
  24  15  16   8  22  15  15   9  16  30  5
  24  16   8  16  21  15   9  21  15  25  5
  24  16   8  21  16  15   9  16  20  25  5
  24  16   8  21  16  15   9  21  10  30  5
  24  16   8  22  14  16  10  14  21  25  5
  24  16   8  22  14  16  15   9  16  30  5
  24  16  14  10  21   9  21  15   9  31  5
  24  16  14  10  21  14  16  10  14  31  5
  24  16  14  16  14  10  16  14  21  25  5
  24  16  14  16  14  10  21   9  16  30  5
  24  16  15  14  15  11  20   9  15  31  5
  25   4  25  15  15  10  21  15  15  25  5
  25   4  25  15  16   9  20  16  15  25  5
  25   4  25  16  14  15  16   9  21  25  5
  25   4  25  16  15  14  15  10  21  25  5
  25   4  26  14  15  10  21  15  14  26  5
  25   4  26  14  16   9  20  16  14  26  5
  25   5  24  16  13  17   8  22  15  25  5
  25  13  12  19  16  15  10  20   8  32  5
  25  13  13  19   6  19  20  15  15  25  5
  25  13  13  19   6  24  15  10  20  25  5
  25  13  13  19   6  24  15  15  10  30  5
  25  13  15  10  22  15  13  17   8  32  5
  25  13  17   8  20  17  13  17   8  32  5
  25  13  17  14  11  20  10  20   8  32  5
  25  14  14  16  16  14  14  11  14  32  5
  25  14  14  17   8  17  20  15  10  30  5
  25  14  14  17   8  22  15  10  15  30  5
  25  14  15  10  21  15  14  11  14  31  5
  25  14  16   9  20  16  14  11  14  31  5
  25  14  16  14  14  16  14  11  14  32  5
  25  15  10  19  15  15  10  15  21  25  5
  25  15  10  19  16  13  12  20   8  32  5
  25  15  13  12  16  19   6  24  15  25  5
  25  15  13  13  14  20   6  24  15  25  5
  25  15  13  15  15  10  15  22  15  25  5
  25  15  13  15  17   8  20  17   8  32  5
  25  15  14  11  18  17   8  17  20  25  5
  25  15  14  11  18  17   8  22  10  30  5
  25  15  14  14  12  20   8  17  20  25  5
  25  15  14  14  12  20   8  22  10  30  5
  25  15  14  15  11  14  21   8  22  25  5
  25  15  14  15  16   9  20  11  14  31  5
  25  15  15  10  19  15  15  10  15  31  5
  25  15  15  14  11  15  18  17   8  32  5
  25  15  15  14  11  18  12  20   8  32  5
  25  15  15  14  11  19  15  10  15  31  5
  25  15  15  14  14  12  15  20   8  32  5
  25  15  15  14  14  15  15  11  14  32  5
  25  15  15  14  15  11  19  10  15  31  5
  25  15  15  14  15  15  11  14  15  31  5
  25  47  27  25  28  27  28  25  19  55  9
  26  44  29  26  26  29  27  26  17  56  9
  26  46  27  26  26  27  29  26  17  56  9
  27  19  19  19   8  28  10  26  18  30  6
  27  20   7  30  10  26  18  18  18  30  6
  28  19  19  18  10  19  19  24  18  30  6
  28  19  19  18  10  19  25  12  24  30  6
  28  19  19  18  10  19  25  18  12  36  6
  28  50  31  31  28  32  18  41  31  50 10
  28  50  31  31  30  28  20  41  31  50 10
  28  52  28  31  31  28  31  31  18  62 10
  29  16  13  26   6  30  18  18  18  30  6
  29  18  11  26  18  11  18  25  18  30  6
  29  18  11  26  18  18  11  18  25  30  6
  29  18  18  19  10  26  18  11  19  36  6
  29  18  18  19  18  11  18  18  25  30  6
  29  18  19  10  19  25  18  18  11  37  6
  29  18  19  17  12  25  18  11  18  37  6
  29  19  10  19  24  19  18  11  25  30  6
  29  19  10  19  25  17  19  18  11  37  6
  29  19  18  11  24  18  19  11  18  37  6
  29  21  24  24  21  21   8  34  21  35  7
  29  27  18  18  27  21   8  34  21  35  7
  30  16  19  19  11  19  16  26  18  30  6
  30  16  19  19  11  25  10  20  24  30  6
  30  16  19  19  11  25  10  26  12  36  6
  30  17  17  13  17  26  18  12  24  30  6
  30  17  17  13  17  26  18  18  12  36  6
  30  17  17  17  13  26   8  28  18  30  6
  30  17  17  20  10  20  17  25  18  30  6
  30  17  17  20  10  26  11  19  24  30  6
  30  17  17  20  10  26  11  25  12  36  6
  30  18  12  23  19  11  23  20  10  38  6
  30  18  16  19  19  11  19  24  10  38  6
  30  18  17  13  22  13  17  26  18  30  6
  30  18  17  17  14  17  17  26  18  30  6
  30  18  17  18  17  18  18  12  18  38  6
  30  18  17  18  18  12  18  18  25  30  6
  31  21  23  23  21  21  10  32  14  42  7
  31  23  21  23  21  10  32  12  30  35  7
  31  25   6  35  15  27  22  21  21  35  7
  31  25   6  35  15  28  20  22  21  35  7
  31  25   6  35  22  20  22  14  28  35  7
  31  25   6  35  22  21  20  15  28  35  7
  31  25   6  36  14  27  22  21  20  36  7
  31  25   6  36  14  28  20  22  20  36  7
  31  25   6  36  20  21  22  21  14  42  7
  31  25   6  36  20  22  14  28  20  36  7
  31  25   6  36  20  22  20  22  14  42  7
  31  25   6  36  21  20  22  14  27  36  7
  31  25   6  36  21  20  22  20  15  42  7
  31  25   6  36  21  21  14  27  21  36  7
  31  25   6  36  21  21  20  15  27  36  7
  31  25   6  36  21  21  20  21  15  42  7
  31  25  19  12  32  21  10  32  21  35  7
  31  25  19  19  25  21  10  25  28  35  7
  31  25  19  19  25  21  10  32  14  42  7
  31  25  21  19  16  24  25  21  10  46  7
  31  25  21  19  19  18  28  21  10  46  7
  32  21  22  22  22  21  21  11  22  44  7
  32  24  20  20  20  24  12  20  31  35  7
  33   9  33  22  22  21  21  21  12  44  7
  33   9  35  20  20  23  21  21  12  44  7
  33  20  22  22  22  20  22  11  22  44  7
  33  22  21  22  21  12  30  13  22  42  7
  33  22  22  18  22  22  22  11  22  44  7
  33  23  17  23  23  10  23  30  21  35  7
  33  23  20  13  30  21  12  23  28  35  7
  33  23  20  13  30  21  12  30  14  42  7
  33  23  20  20  23  21  12  23  21  42  7
  34  21  13  21  30  21  21  13  29  35  7
  34  21  13  21  30  21  21  21  13  43  7
  34  21  21  13  30  21  21  13  21  43  7
  34  21  21  22  12  30  13  21  29  35  7
  34  21  22  12  29  22  21  13  21  43  7
  34  22  12  29  22  12  22  29  21  35  7
  34  22  19  22  22  12  22  22  28  35  7
  34  22  20  14  28  22  12  22  29  35  7
  34  22  21  19  16  27  22  12  22  43  7
  34  38  27   7  45  27  28  28  27  45  9
  34  38  27   7  45  29  26  26  29  45  9
  34  38  27   7  47  25  28  28  25  47  9
  34  38  27   7  47  27  26  26  27  47  9
  34  60  38  35  35  38  35  35  24  74 12
  35   5  30  26  21  22  22  21  21  35  7
  35   5  30  26  23  20  20  23  21  35  7
  35   5  30  28  19  22  22  19  23  35  7
  35   5  30  28  21  20  20  21  23  35  7
  35   5  35  21  23  20  15  28  21  35  7
  35   5  35  23  21  20  15  26  23  35  7
  35   5  37  19  16  27  22  21  19  37  7
  35   5  37  19  21  22  22  21  14  42  7
  35   5  37  19  23  20  15  28  19  37  7
  35   5  37  19  23  20  20  23  14  42  7
  35   5  37  21  14  27  22  19  21  37  7
  35   5  37  21  19  22  22  14  26  37  7
  35   5  37  21  19  22  22  19  16  42  7
  35   5  37  21  21  20  15  26  21  37  7
  35   5  37  21  21  20  20  16  26  37  7
  35   5  37  21  21  20  20  21  16  42  7
  35   7  33  22  22  21  19  23  12  44  7
  35   7  35  20  20  23  19  23  12  44  7
  35  15  24  24  15  27   8  34  21  35  7
  35  17  18  26  23  21  17  25  10  46  7
  35  17  21  23  23  21  14  28  10  46  7
  35  17  23  23  17  18  17  32  21  35  7
  35  17  23  23  17  25  10  25  28  35  7
  35  17  23  23  17  25  10  32  14  42  7
  35  17  25  19  16  28  17  25  10  46  7
  35  17  25  19  19  25  14  28  10  46  7
  35  19  16  27  22  21  19  16  19  44  7
  35  19  21  22  22  21  14  21  19  44  7
  35  19  22  22  19  16  19  30  14  42  7
  35  19  22  22  19  23  12  23  21  42  7
  35  19  23  20  15  28  19  16  19  44  7
  35  19  23  20  20  23  14  21  19  44  7
  35  20  15  28  20  20  15  20  30  35  7
  35  20  20  23  12  23  28  12  30  35  7
  35  20  20  23  20  15  20  20  30  35  7
  35  20  22  20  15  20  27  23  12  44  7
  35  20  22  20  20  15  22  28  12  44  7
  35  21  14  26  23  17  21  25  10  46  7
  35  21  14  27  15  26  21  23  12  44  7
  35  21  14  27  21  20  15  29  12  44  7
  35  21  14  27  22  19  21  16  19  44  7
  35  21  17  23  23  17  18  28  10  46  7
  35  21  18  18  21  27   8  34  21  35  7
  35  21  19  19  21  25  10  25  28  35  7
  35  21  19  19  21  25  10  32  14  42  7
  35  21  19  21  19  16  30  10  32  35  7
  35  21  19  22  22  19  16  21  19  44  7
  35  21  20  20  20  21  15  20  31  35  7
  35  21  20  20  21  23  12  23  21  42  7
  35  21  20  21  15  20  27  23  12  44  7
  35  21  20  21  20  15  29  12  23  42  7
  35  21  20  21  21  14  21  29  12  44  7
  35  21  21  19  16  24  21  25  10  46  7
  35  21  21  19  19  18  24  25  10  46  7
  35  21  21  19  19  21  18  28  10  46  7
  35  32  32  27   8  45  27  28  27  45  9
  35  32  32  27   8  45  28  26  28  45  9
  35  32  32  27   8  46  26  28  26  46  9
  35  32  32  27   8  46  27  26  27  46  9
  36  25  25  25  25  24  12  36  14  50  8
  38  24  25  25  24  24  14  25  25  48  8
  38  25  24  25  24  14  25  24  33  40  8
  38  25  25  13  25  34  16  32  24  40  8
  38  26  23  15  34  15  23  34  24  40  8
  38  26  23  23  26  15  23  26  32  40  8
  38  26  24  23  17  30  26  15  23  50  8
  38  26  24  23  23  18  32  15  23  50  8
  39  23  25  25  23  25  14  25  25  48  8
  39  24  24  15  24  34  24  24  15  49  8
  39  25  23  23  25  25  14  25  25  48  8
  39  25  24  15  31  25  25  14  25  49  8
  40   6  40  26  22  25  25  15  33  40  8
  40   6  40  26  24  23  23  17  33  40  8
  40   6  41  25  22  25  25  15  32  41  8
  40   6  41  25  24  23  23  17  32  41  8
  40   6  42  22  25  24  24  25  15  49  8
  40  21  25  25  25  21  25  15  25  50  8
  40  22  25  25  15  32  15  25  33  40  8
  40  22  25  25  22  18  22  25  33  40  8
  40  23  17  31  25  23  23  17  23  50  8
  40  23  23  17  23  34  23  25  15  49  8
  40  23  23  25  25  23  17  23  23  50  8
  40  23  25  23  17  31  23  17  23  50  8
  40  23  25  23  23  25  17  23  23  50  8
  40  24  22  25  25  15  31  18  22  50  8
  40  24  23  23  23  23  18  34  12  52  8
  40  24  23  24  23  17  24  23  34  40  8
  40  24  24  23  17  30  24  17  23  50  8
  40  24  24  23  23  18  30  17  23  50  8
  40  24  24  23  23  24  18  23  23  50  8
  40  32   8  45  27  28  17  37  27  45  9
  40  32   8  45  28  27  17  36  28  45  9
  41  27  29  29  27  14  27  40  27  45  9
  41  27  31  25  16  40  27  27  14  58  9
  41  29  29  23  18  40  27  14  40  45  9
  41  29  29  23  29  29  27  14  29  56  9
  41  29  29  25  16  38  29  27  14  58  9
  41  31  23  29  29  14  40  27  14  58  9
  41  31  23  29  29  23  31  18  23  58  9
  41  31  25  25  31  25  16  40  16  56  9
  43  27  28  28  27  16  27  38  18  54  9
  43  28  27  27  28  27  16  28  27  55  9
  43  28  28  15  28  28  37  27  27  45  9
  43  28  28  15  28  38  27  27  17  55  9
  43  28  28  25  18  38  18  25  38  45  9
  43  28  28  25  28  28  18  25  28  55  9
  43  28  28  26  17  28  37  27  16  56  9
  43  29  23  29  29  14  38  29  14  58  9
  43  29  23  29  29  23  20  38  14  58  9
  43  29  24  29  24  29  29  14  29  56  9
  43  29  25  28  28  16  38  18  25  56  9
  43  29  26  17  38  26  17  38  17  55  9
  43  29  26  26  29  17  26  38  17  55  9
  43  29  26  26  29  26  17  29  26  55  9
  43  29  27  23  27  29  29  14  29  56  9
  44  26  28  28  16  38  16  28  37  45  9
  44  26  29  26  18  37  26  18  26  56  9
  44  26  29  26  26  29  18  26  26  56  9
  44  28  16  36  28  28  16  28  37  45  9
  44  28  16  37  28  25  19  37  16  56  9
  44  28  25  28  28  16  28  37  16  56  9
  44  28  25  28  28  16  37  19  25  56  9
  44  28  25  28  28  25  19  28  25  56  9
  45   5  45  27  27  29  29  27  27  45  9
  45   5  45  27  31  25  25  31  27  45  9
  45   5  45  31  23  29  29  23  31  45  9
  45   5  45  31  27  25  25  27  31  45  9
  45   5  49  23  27  29  29  27  23  49  9
  45   5  49  23  31  25  25  31  23  49  9
  45   5  49  27  23  29  29  23  27  49  9
  45   5  49  27  27  25  25  27  27  49  9
  45   7  45  27  18  37  28  27  27  45  9
  45   7  45  29  16  37  28  25  29  45  9
  45   7  47  26  26  28  28  17  35  47  9
  45   7  47  26  28  26  26  19  35  47  9
  45  16  38   7  45  27  28  28  27  45  9
  45  16  38   7  45  29  26  26  29  45  9
  45  16  38   7  47  25  28  28  25  47  9
  45  16  38   7  47  27  26  26  27  47  9
  45  23  27  29  29  27  23  22  23  58  9
  45  23  29  29  23  29  16  29  38  45  9
  45  23  31  25  25  31  23  22  23  58  9
  45  25  25  31  14  36  31  14  40  45  9
  45  25  25  31  25  25  20  25  40  45  9
  45  25  28  28  25  28  17  28  28  54  9
  45  25  29  25  25  20  34  31  14  58  9
  45  26  26  19  26  26  39  27  27  45  9
  45  26  26  29  16  36  29  16  29  54  9
  45  26  26  29  26  26  19  26  29  54  9
  45  27  23  29  29  23  27  22  23  58  9
  45  27  26  19  34  27  18  27  38  45  9
  45  27  26  27  27  18  35  19  26  56  9
  45  27  26  27  27  26  19  27  26  56  9
  45  33  12  49  31  30  30  30  18  62 10
  45  35  10  49  31  28  32  30  18  62 10
  48  30  31  31  30  18  30  31  41  50 10
  48  30  32  29  19  42  30  19  29  62 10
  48  31  30  18  43  30  18  42  19  61 10
  48  31  31  17  31  42  30  18  42  50 10
  48  31  31  17  42  31  30  18  31  61 10
  48  31  31  28  20  42  30  18  31  61 10
  48  31  31  29  19  41  31  19  29  62 10
  49   9  50  32  28  31  31  18  42  50 10
  49   9  50  32  30  29  29  20  42  50 10
  49  35  35  35  33  16  35  48  33  55 11
  50  29  29  21  29  42  16  44  30  50 10
  50  29  29  21  41  29  29  21  29  62 10
  50  29  29  32  18  40  21  29  42  50 10
  50  29  31  29  29  21  39  21  29  62 10
  50  30  29  29  30  21  29  30  42  50 10
  50  30  29  30  21  38  30  20  30  62 10
  50  94  54  53  53  54  53  53  38 110 18
  51  33  18  50  35  33  33  33  18  70 11
  51  33  33  35  35  33  33  18  33  70 11
  51  33  35  33  33  35  33  18  33  70 11
  51  35  31  35  35  16  50  33  18  70 11
  51  37  14  50  35  29  37  33  18  70 11
  51  37  27  37  35  16  50  33  18  70 11
  52  34  34  34  33  19  34  46  22  66 11
  52  36  32  32  24  44  20  32  47  55 11
  53  11  57  31  33  34  34  33  20  68 11
  53  11  57  32  32  34  34  32  21  68 11
  53  33  34  33  34  33  20  33  34  67 11
  53  34  34  19  34  45  34  33  20  68 11
  53  35  18  47  23  42  35  33  20  68 11
  53  35  18  47  34  31  35  22  31  68 11
  53  35  30  35  23  30  47  33  20  68 11
  53  35  30  35  34  19  47  22  31  68 11
  55   9  55  33  35  32  32  35  20  68 11
  55   9  55  34  34  32  32  34  21  68 11
  55  31  24  43  19  48  31  35  20  68 11
  55  31  24  43  31  36  19  47  20  68 11
  55  31  31  31  24  31  50  33  33  55 11
  55  32  32  32  23  32  47  33  22  66 11
  55  33  22  43  32  33  33  22  33  68 11
  55  33  31  31  33  33  22  33  48  55 11
  55  33  32  23  42  32  23  46  19  69 11
  55  33  32  32  24  41  23  32  47  55 11
  55  33  32  32  33  23  32  46  19  69 11
  55  33  32  33  32  23  43  22  33  68 11
  55  33  32  33  32  33  23  32  33  68 11
  55  37  37  37  37  37  36  19  37  76 12
  57  37  37  37  20  52  22  50  24  72 12
  57  37  37  37  36  21  37  37  49  60 12
  57  43  43  37  20  60  39  39  22  82 13
  58  37  35  37  37  21  51  23  35  74 12
  58  38  20  51  37  21  51  36  22  74 12
  59  41  39  41  41  39  20  58  22  82 13
  59  41  41  41  18  41  58  39  39  65 13
  60  35  35  35  25  50  20  40  48  60 12
  60  35  35  35  35  35  25  35  53  60 12
  60  36  35  35  35  26  35  35  51  60 12
  60  40  40  40  40  40  20  40  57  65 13
  61  37  45  37  37  24  58  39  22  82 13
  61  39  39  41  20  60  39  39  22  82 13
  61  41  41  38  23  56  26  52  24  80 13
  62  40  40  40  22  40  55  39  26  78 13
  62  40  40  40  22  56  24  40  53  65 13
  63  38  42  38  25  38  55  39  24  80 13
  63  39  24  55  40  39  39  24  39  80 13
  63  39  39  40  40  39  24  39  39  80 13
  63  39  40  23  56  39  24  39  54  65 13
  63  39  40  39  24  55  39  24  39  80 13
  65  38  38  38  27  54  22  56  25  79 13
  65  39  37  37  39  37  28  56  20  84 13
  65  39  38  38  28  48  28  54  22  82 13
  65  39  38  38  38  28  38  54  22  82 13
  65  39  38  38  39  39  26  39  39  80 13
  66  44  44  41  25  60  42  27  41  86 14
  67  43  43  43  24  43  59  27  57  70 14
  67  45  41  41  41  45  26  41  45  84 14
  68  41  45  41  41  27  59  27  41  86 14
  68  43  43  25  57  43  43  25  43  86 14
  68  43  43  39  29  57  43  25  43  86 14
  68  44  39  44  29  54  44  24  44  86 14
  70  39  43  43  43  27  55  27  43  86 14
  70  39  43  43  43  39  31  39  43  86 14
  70  39  44  26  57  44  26  58  25  87 14
  71  17  75  45  47  44  27  64  45  75 15
  71  17  75  47  45  44  27  62  47  75 15
  72  46  45  46  46  45  27  46  45  92 15
  72  46  46  46  26  46  46  62  45  75 15
  73  45  28  63  27  64  45  45  28  92 15
  73  45  45  46  27  64  45  28  45  92 15
  75  13  75  45  43  48  27  64  45  75 15
  75  13  75  47  41  48  27  62  47  75 15
  75  41  41  51  24  68  41  49  26  94 15
  75  43  43  48  27  64  43  32  43  92 15
  75  44  44  44  31  44  44  64  45  75 15
  75  45  44  44  45  44  31  45  44  93 15
  77  53  53  53  53  51  26  53  74  85 17
  78  47  49  49  49  29  67  29  49  98 16
  79  52  52  52  52  52  52  27  52 108 17
  80  12  84  47  47  48  48  47  33  98 16
  80  46  46  51  29  68  29  67  30  98 16
  80  47  47  47  33  47  67  27  69  80 16
  80  47  47  47  47  47  47  33  47 102 16
  81  19  85  51  51  52  52  51  30 106 17
  81  19  87  49  49  54  52  51  30 106 17
  82  51  52  52  52  51  31  51  52 104 17
  82  52  30  73  52  51  31  71  32 104 17
  83  17  83  53  53  50  50  53  30 106 17
  85  15  83  53  53  50  48  55  30 106 17
  85  15  87  49  49  54  48  55  30 106 17
  85  49  49  49  49  36  49  76  51  85 17
  85  51  50  50  50  51  35  50  51 105 17
  86  58  53  53  53  38  73  33  53 112 18
  87  59  59  59  59  28  59  84  57  95 19
  89  71  18 101  59  60  62  60  38 122 20
  89  71  18 101  61  58  62  58  40 122 20
  90  54  53  53  53  38  69  37  53 112 18
  91  58  58  58  58  57  34  58  58 116 19
  93  59  34  79  54  59  59  34  59 116 19
  93  59  54  59  54  39  79  34  59 116 19
  95  57  56  56  56  56  40  56  56 118 19
  96  61  61  61  61  35  85  37  61 122 20
  97  71  61  61  61  61  71  36  61 134 21
 101  64  64  64  64  37  64  88  40 128 21
 105  63  61  61  61  61  63  44  61 134 21
 106  67  67  67  67  39  67  67  91 110 22
 110  62  67  67  43  91  38  94  40 136 22
 110  65  65  65  45  85  45  65  93 110 22
 110  65  65  65  65  45  65  65  93 110 22
 115  68  68  68  47  68  89  75  40 144 23
 115  68  68  68  47  89  47  96  40 144 23
 115  68  68  68  68  47  68  96  40 144 23
 115  77  77  77  77  77  38 112  42 158 25
 125  63  83  73  73  83  42 108  38 162 25
 125  67  77  77  67  87  38 112  42 158 25
 125  69  79  74  74  79  46  79  69 156 25
 125  71  76  76  71  81  44  81  71 154 25
 125  73  73  73  73  73  52 108  38 162 25
 134  67  67 110  24 135  81  84  81 135 27
 134  67  67 110  24 135  84  78  84 135 27
 134  67  67 110  24 138  78  84  78 138 27
 134  67  67 110  24 138  81  78  81 138 27
 145  91  91  91  91  91  54  91  91 184 30
 150  89  89  89  61 117  89  61  89 186 30
 150  89  89  89  89  61 117  61  89 186 30
 150  89  89  89  89  89  61  89  89 186 30
 150  94  94  94  56 132  93  57  94 190 31
 155  97  97  97  58 136  58 134  60 196 32
 160 100 100 100  60 140  60 100 137 165 33
 204 127 127 127  77 177 127  77 127 258 42
 204 127 127 127 127  77 177  77 127 258 42
 209 130 130 130  79 130 181 129  80 264 43

0 extreme rays of recession cone:

41 support hyperplanes of polyhedron (homogenized):
 -9  2  2  2  2  2  2  2  2  2 -13
 -8 -8  3  3  3  3  3  3  3  3 -14
 -7 -7 -7  4  4  4  4  4  4  4 -15
 -6 -6 -6 -6  5  5  5  5  5  5 -16
 -5 -5 -5 -5 -5  6  6  6  6  6 -17
 -4 -4 -4 -4 -4 -4  7  7  7  7 -18
 -3 -3 -3 -3 -3 -3 -3  8  8  8 -19
 -2 -2 -2 -2 -2 -2 -2 -2  9  9 -20
 -1 -1 -1 -1 -1 -1 -1 -1 -1 10 -21
 -1 -1 -1 -1  1  1  1  1  1  0   0
 -1 -1 -1  0  0  1  1  1  1  0   0
 -1 -1 -1  0  1  1  1  1  0  0   0
 -1 -1 -1  1  1  1  1  0  0  0   0
 -1 -1  0  0  0  0  1  1  1  0   0
 -1 -1  0  0  0  1  1  1  0  0   0
 -1 -1  0  0  1  1  1  0  0  0   0
 -1 -1  0  1  1  1  0  0  0  0   0
 -1 -1  1  1  1  0  0  0  0  0   0
 -1  0  0  0  0  0  0  1  1  0   0
 -1  0  0  0  0  0  1  1  0  0   0
 -1  0  0  0  0  1  1  0  0  0   0
 -1  0  0  0  1  1  0  0  0  0   0
 -1  0  0  1  1  0  0  0  0  0   0
 -1  0  1  1  0  0  0  0  0  0   0
 -1  1  1  0  0  0  0  0  0  0   0
  0 -1 -1 -1 -1  0  1  1  1  1   0
  0 -1 -1 -1  0  0  0  1  1  1   0
  0 -1 -1  0  0  0  0  0  1  1   0
  0 -1  0  0  0  0  0  0  0  1   0
  0  0 -1 -1 -1 -1  1  1  1  1   0
  0  0 -1 -1 -1  0  0  1  1  1   0
  0  0 -1 -1  0  0  0  0  1  1   0
  0  0 -1  0  0  0  0  0  0  1   0
  0  0  0 -1 -1 -1  0  1  1  1   0
  0  0  0 -1 -1  0  0  0  1  1   0
  0  0  0 -1  0  0  0  0  0  1   0
  0  0  0  0 -1 -1 -1  1  1  1   0
  0  0  0  0 -1 -1  0  0  1  1   0
  0  0  0  0 -1  0  0  0  0  1   0
  0  0  0  0  0 -1 -1  0  1  1   0
  0  0  0  0  0 -1  0  0  0  1   0

2 equations:
 1 0 -1 -2 -3 -4 -5 -6 -7 -8  123
 0 1  2  3  4  5  6  7  8  9 -157

9 basis elements of generated  lattice:
 1 0 0 0 0 0 0 0  -9    8 0
 0 1 0 0 0 0 0 0  -8    7 0
 0 0 1 0 0 0 0 0  -7    6 0
 0 0 0 1 0 0 0 0  -6    5 0
 0 0 0 0 1 0 0 0  -5    4 0
 0 0 0 0 0 1 0 0  -4    3 0
 0 0 0 0 0 0 1 0  -3    2 0
 0 0 0 0 0 0 0 1  -2    1 0
 0 0 0 0 0 0 0 0 149 -115 1

