14 lattice points in polytope (module generators)
0 Hilbert basis elements of recession monoid
5 vertices of polyhedron
0 extreme rays of recession cone
5 support hyperplanes of polyhedron (homogenized)

embedding dimension = 5
affine dimension of the polyhedron = 2
rank of recession monoid = 0 (polyhedron is polytope)

dehomogenization:
0 0 0 0 1 


module rank = 14

***********************************************************************

14 lattice points in polytope (module generators):
 0 4 6  6 1
 0 5 4  7 1
 0 6 2  8 1
 0 7 0  9 1
 1 3 5  7 1
 1 4 3  8 1
 1 5 1  9 1
 2 1 6  7 1
 2 2 4  8 1
 2 3 2  9 1
 2 4 0 10 1
 3 0 5  8 1
 3 1 3  9 1
 3 2 1 10 1

0 Hilbert basis elements of recession monoid:

5 vertices of polyhedron:
  0  4  6  6 1
  0  7  0  9 1
  7  0  7 18 2
 12  0 34 34 5
 14 14  0 52 5

0 extreme rays of recession cone:

5 support hyperplanes of polyhedron (homogenized):
 -1 1  1 0 0
  0 0 -1 1 0
  0 0  1 0 0
  0 1  0 0 0
  1 0  0 0 0

2 equations:
 1 0 -1 -2  18
 0 1  2  3 -34

3 basis elements of generated  lattice:
 1 0 -3 2 0
 0 1 -2 1 0
 0 0 14 2 1

