5 lattice points in polytope (module generators)
0 Hilbert basis elements of recession monoid
17 vertices of polyhedron
0 extreme rays of recession cone
10 support hyperplanes of polyhedron (homogenized)

embedding dimension = 7
affine dimension of the polyhedron = 4
rank of recession monoid = 0 (polyhedron is polytope)

dehomogenization:
0 0 0 0 0 0 1 


module rank = 5

***********************************************************************

5 lattice points in polytope (module generators):
 0 0 0 1 3 4 1
 0 0 0 2 1 5 1
 0 0 1 0 2 5 1
 0 0 1 1 0 6 1
 0 1 0 0 1 6 1

0 Hilbert basis elements of recession monoid:

17 vertices of polyhedron:
  0 0 0  2 11  11  3
  0 0 0  5  0  11  2
  0 0 2  0 19  19  5
  0 0 5  0  0  19  3
  0 1 0  0  1   6  1
  0 2 0  0 27  27  7
  0 5 0  5  0  38  6
  0 5 5  0  0  46  7
  1 0 1  0 27  27  7
  1 0 1  1  0  13  2
  2 1 1  1  1  26  4
  2 2 0  2 73  73 19
  5 0 5  0  5  57  9
  5 5 0  5  5  76 12
  5 5 0 10  0  84 13
  5 5 5  0  5  84 13
 10 5 5 10  0 138 21

0 extreme rays of recession cone:

10 support hyperplanes of polyhedron (homogenized):
 -1 -1 1 1  1 0 0
 -1  0 0 1  1 0 0
 -1  0 1 1  0 0 0
 -1  1 1 0  0 0 0
  0  0 0 0 -1 1 0
  0  0 0 0  1 0 0
  0  0 0 1  0 0 0
  0  0 1 0  0 0 0
  0  1 0 0  0 0 0
  1  0 0 0  0 0 0

2 equations:
 1 0 -1 -2 -3 -4  27
 0 1  2  3  4  5 -35

5 basis elements of generated  lattice:
 1 0 0 0  0 7 1
 0 1 0 0  1 6 1
 0 0 1 0  2 5 1
 0 0 0 1 -2 1 0
 0 0 0 0  5 3 1

