221 lattice points in polytope (module generators)
0 Hilbert basis elements of recession monoid
1556 vertices of polyhedron
0 extreme rays of recession cone
54 support hyperplanes of polyhedron (homogenized)

embedding dimension = 14
affine dimension of the polyhedron = 11
rank of recession monoid = 0 (polyhedron is polytope)

dehomogenization:
0 0 0 0 0 0 0 0 0 0 0 0 0 1 


module rank = 221

***********************************************************************

221 lattice points in polytope (module generators):
 0 0 3 1 1 1 1 1 1 1 1 1 3 1
 0 1 1 2 1 1 1 1 1 1 1 1 3 1
 0 1 2 0 2 1 1 1 1 1 1 1 3 1
 0 1 2 1 0 2 1 1 1 1 1 1 3 1
 0 1 2 1 1 0 2 1 1 1 1 1 3 1
 0 1 2 1 1 1 0 2 1 1 1 1 3 1
 0 1 2 1 1 1 1 0 2 1 1 1 3 1
 0 1 2 1 1 1 1 1 0 2 1 1 3 1
 0 1 2 1 1 1 1 1 1 0 2 1 3 1
 0 1 2 1 1 1 1 1 1 1 0 2 3 1
 0 1 2 1 1 1 1 1 1 1 1 0 4 1
 0 2 0 1 2 1 1 1 1 1 1 1 3 1
 0 2 0 2 0 2 1 1 1 1 1 1 3 1
 0 2 0 2 1 0 2 1 1 1 1 1 3 1
 0 2 0 2 1 1 0 2 1 1 1 1 3 1
 0 2 0 2 1 1 1 0 2 1 1 1 3 1
 0 2 0 2 1 1 1 1 0 2 1 1 3 1
 0 2 0 2 1 1 1 1 1 0 2 1 3 1
 0 2 0 2 1 1 1 1 1 1 0 2 3 1
 0 2 0 2 1 1 1 1 1 1 1 0 4 1
 0 2 1 0 1 2 1 1 1 1 1 1 3 1
 0 2 1 0 2 0 2 1 1 1 1 1 3 1
 0 2 1 0 2 1 0 2 1 1 1 1 3 1
 0 2 1 0 2 1 1 0 2 1 1 1 3 1
 0 2 1 0 2 1 1 1 0 2 1 1 3 1
 0 2 1 0 2 1 1 1 1 0 2 1 3 1
 0 2 1 0 2 1 1 1 1 1 0 2 3 1
 0 2 1 0 2 1 1 1 1 1 1 0 4 1
 0 2 1 1 0 1 2 1 1 1 1 1 3 1
 0 2 1 1 0 2 0 2 1 1 1 1 3 1
 0 2 1 1 0 2 1 0 2 1 1 1 3 1
 0 2 1 1 0 2 1 1 0 2 1 1 3 1
 0 2 1 1 0 2 1 1 1 0 2 1 3 1
 0 2 1 1 0 2 1 1 1 1 0 2 3 1
 0 2 1 1 0 2 1 1 1 1 1 0 4 1
 0 2 1 1 1 0 1 2 1 1 1 1 3 1
 0 2 1 1 1 0 2 0 2 1 1 1 3 1
 0 2 1 1 1 0 2 1 0 2 1 1 3 1
 0 2 1 1 1 0 2 1 1 0 2 1 3 1
 0 2 1 1 1 0 2 1 1 1 0 2 3 1
 0 2 1 1 1 0 2 1 1 1 1 0 4 1
 0 2 1 1 1 1 0 1 2 1 1 1 3 1
 0 2 1 1 1 1 0 2 0 2 1 1 3 1
 0 2 1 1 1 1 0 2 1 0 2 1 3 1
 0 2 1 1 1 1 0 2 1 1 0 2 3 1
 0 2 1 1 1 1 0 2 1 1 1 0 4 1
 0 2 1 1 1 1 1 0 1 2 1 1 3 1
 0 2 1 1 1 1 1 0 2 0 2 1 3 1
 0 2 1 1 1 1 1 0 2 1 0 2 3 1
 0 2 1 1 1 1 1 0 2 1 1 0 4 1
 0 2 1 1 1 1 1 1 0 1 2 1 3 1
 0 2 1 1 1 1 1 1 0 2 0 2 3 1
 0 2 1 1 1 1 1 1 0 2 1 0 4 1
 0 2 1 1 1 1 1 1 1 0 1 2 3 1
 0 2 1 1 1 1 1 1 1 0 2 0 4 1
 0 2 1 1 1 1 1 1 1 1 0 1 4 1
 1 0 1 1 2 1 1 1 1 1 1 1 3 1
 1 0 1 2 0 2 1 1 1 1 1 1 3 1
 1 0 1 2 1 0 2 1 1 1 1 1 3 1
 1 0 1 2 1 1 0 2 1 1 1 1 3 1
 1 0 1 2 1 1 1 0 2 1 1 1 3 1
 1 0 1 2 1 1 1 1 0 2 1 1 3 1
 1 0 1 2 1 1 1 1 1 0 2 1 3 1
 1 0 1 2 1 1 1 1 1 1 0 2 3 1
 1 0 1 2 1 1 1 1 1 1 1 0 4 1
 1 0 2 0 1 2 1 1 1 1 1 1 3 1
 1 0 2 0 2 0 2 1 1 1 1 1 3 1
 1 0 2 0 2 1 0 2 1 1 1 1 3 1
 1 0 2 0 2 1 1 0 2 1 1 1 3 1
 1 0 2 0 2 1 1 1 0 2 1 1 3 1
 1 0 2 0 2 1 1 1 1 0 2 1 3 1
 1 0 2 0 2 1 1 1 1 1 0 2 3 1
 1 0 2 0 2 1 1 1 1 1 1 0 4 1
 1 0 2 1 0 1 2 1 1 1 1 1 3 1
 1 0 2 1 0 2 0 2 1 1 1 1 3 1
 1 0 2 1 0 2 1 0 2 1 1 1 3 1
 1 0 2 1 0 2 1 1 0 2 1 1 3 1
 1 0 2 1 0 2 1 1 1 0 2 1 3 1
 1 0 2 1 0 2 1 1 1 1 0 2 3 1
 1 0 2 1 0 2 1 1 1 1 1 0 4 1
 1 0 2 1 1 0 1 2 1 1 1 1 3 1
 1 0 2 1 1 0 2 0 2 1 1 1 3 1
 1 0 2 1 1 0 2 1 0 2 1 1 3 1
 1 0 2 1 1 0 2 1 1 0 2 1 3 1
 1 0 2 1 1 0 2 1 1 1 0 2 3 1
 1 0 2 1 1 0 2 1 1 1 1 0 4 1
 1 0 2 1 1 1 0 1 2 1 1 1 3 1
 1 0 2 1 1 1 0 2 0 2 1 1 3 1
 1 0 2 1 1 1 0 2 1 0 2 1 3 1
 1 0 2 1 1 1 0 2 1 1 0 2 3 1
 1 0 2 1 1 1 0 2 1 1 1 0 4 1
 1 0 2 1 1 1 1 0 1 2 1 1 3 1
 1 0 2 1 1 1 1 0 2 0 2 1 3 1
 1 0 2 1 1 1 1 0 2 1 0 2 3 1
 1 0 2 1 1 1 1 0 2 1 1 0 4 1
 1 0 2 1 1 1 1 1 0 1 2 1 3 1
 1 0 2 1 1 1 1 1 0 2 0 2 3 1
 1 0 2 1 1 1 1 1 0 2 1 0 4 1
 1 0 2 1 1 1 1 1 1 0 1 2 3 1
 1 0 2 1 1 1 1 1 1 0 2 0 4 1
 1 0 2 1 1 1 1 1 1 1 0 1 4 1
 1 1 0 1 1 2 1 1 1 1 1 1 3 1
 1 1 0 1 2 0 2 1 1 1 1 1 3 1
 1 1 0 1 2 1 0 2 1 1 1 1 3 1
 1 1 0 1 2 1 1 0 2 1 1 1 3 1
 1 1 0 1 2 1 1 1 0 2 1 1 3 1
 1 1 0 1 2 1 1 1 1 0 2 1 3 1
 1 1 0 1 2 1 1 1 1 1 0 2 3 1
 1 1 0 1 2 1 1 1 1 1 1 0 4 1
 1 1 0 2 0 1 2 1 1 1 1 1 3 1
 1 1 0 2 0 2 0 2 1 1 1 1 3 1
 1 1 0 2 0 2 1 0 2 1 1 1 3 1
 1 1 0 2 0 2 1 1 0 2 1 1 3 1
 1 1 0 2 0 2 1 1 1 0 2 1 3 1
 1 1 0 2 0 2 1 1 1 1 0 2 3 1
 1 1 0 2 0 2 1 1 1 1 1 0 4 1
 1 1 0 2 1 0 1 2 1 1 1 1 3 1
 1 1 0 2 1 0 2 0 2 1 1 1 3 1
 1 1 0 2 1 0 2 1 0 2 1 1 3 1
 1 1 0 2 1 0 2 1 1 0 2 1 3 1
 1 1 0 2 1 0 2 1 1 1 0 2 3 1
 1 1 0 2 1 0 2 1 1 1 1 0 4 1
 1 1 0 2 1 1 0 1 2 1 1 1 3 1
 1 1 0 2 1 1 0 2 0 2 1 1 3 1
 1 1 0 2 1 1 0 2 1 0 2 1 3 1
 1 1 0 2 1 1 0 2 1 1 0 2 3 1
 1 1 0 2 1 1 0 2 1 1 1 0 4 1
 1 1 0 2 1 1 1 0 1 2 1 1 3 1
 1 1 0 2 1 1 1 0 2 0 2 1 3 1
 1 1 0 2 1 1 1 0 2 1 0 2 3 1
 1 1 0 2 1 1 1 0 2 1 1 0 4 1
 1 1 0 2 1 1 1 1 0 1 2 1 3 1
 1 1 0 2 1 1 1 1 0 2 0 2 3 1
 1 1 0 2 1 1 1 1 0 2 1 0 4 1
 1 1 0 2 1 1 1 1 1 0 1 2 3 1
 1 1 0 2 1 1 1 1 1 0 2 0 4 1
 1 1 0 2 1 1 1 1 1 1 0 1 4 1
 1 1 1 0 1 1 2 1 1 1 1 1 3 1
 1 1 1 0 1 2 0 2 1 1 1 1 3 1
 1 1 1 0 1 2 1 0 2 1 1 1 3 1
 1 1 1 0 1 2 1 1 0 2 1 1 3 1
 1 1 1 0 1 2 1 1 1 0 2 1 3 1
 1 1 1 0 1 2 1 1 1 1 0 2 3 1
 1 1 1 0 1 2 1 1 1 1 1 0 4 1
 1 1 1 0 2 0 1 2 1 1 1 1 3 1
 1 1 1 0 2 0 2 0 2 1 1 1 3 1
 1 1 1 0 2 0 2 1 0 2 1 1 3 1
 1 1 1 0 2 0 2 1 1 0 2 1 3 1
 1 1 1 0 2 0 2 1 1 1 0 2 3 1
 1 1 1 0 2 0 2 1 1 1 1 0 4 1
 1 1 1 0 2 1 0 1 2 1 1 1 3 1
 1 1 1 0 2 1 0 2 0 2 1 1 3 1
 1 1 1 0 2 1 0 2 1 0 2 1 3 1
 1 1 1 0 2 1 0 2 1 1 0 2 3 1
 1 1 1 0 2 1 0 2 1 1 1 0 4 1
 1 1 1 0 2 1 1 0 1 2 1 1 3 1
 1 1 1 0 2 1 1 0 2 0 2 1 3 1
 1 1 1 0 2 1 1 0 2 1 0 2 3 1
 1 1 1 0 2 1 1 0 2 1 1 0 4 1
 1 1 1 0 2 1 1 1 0 1 2 1 3 1
 1 1 1 0 2 1 1 1 0 2 0 2 3 1
 1 1 1 0 2 1 1 1 0 2 1 0 4 1
 1 1 1 0 2 1 1 1 1 0 1 2 3 1
 1 1 1 0 2 1 1 1 1 0 2 0 4 1
 1 1 1 0 2 1 1 1 1 1 0 1 4 1
 1 1 1 1 0 1 1 2 1 1 1 1 3 1
 1 1 1 1 0 1 2 0 2 1 1 1 3 1
 1 1 1 1 0 1 2 1 0 2 1 1 3 1
 1 1 1 1 0 1 2 1 1 0 2 1 3 1
 1 1 1 1 0 1 2 1 1 1 0 2 3 1
 1 1 1 1 0 1 2 1 1 1 1 0 4 1
 1 1 1 1 0 2 0 1 2 1 1 1 3 1
 1 1 1 1 0 2 0 2 0 2 1 1 3 1
 1 1 1 1 0 2 0 2 1 0 2 1 3 1
 1 1 1 1 0 2 0 2 1 1 0 2 3 1
 1 1 1 1 0 2 0 2 1 1 1 0 4 1
 1 1 1 1 0 2 1 0 1 2 1 1 3 1
 1 1 1 1 0 2 1 0 2 0 2 1 3 1
 1 1 1 1 0 2 1 0 2 1 0 2 3 1
 1 1 1 1 0 2 1 0 2 1 1 0 4 1
 1 1 1 1 0 2 1 1 0 1 2 1 3 1
 1 1 1 1 0 2 1 1 0 2 0 2 3 1
 1 1 1 1 0 2 1 1 0 2 1 0 4 1
 1 1 1 1 0 2 1 1 1 0 1 2 3 1
 1 1 1 1 0 2 1 1 1 0 2 0 4 1
 1 1 1 1 0 2 1 1 1 1 0 1 4 1
 1 1 1 1 1 0 1 1 2 1 1 1 3 1
 1 1 1 1 1 0 1 2 0 2 1 1 3 1
 1 1 1 1 1 0 1 2 1 0 2 1 3 1
 1 1 1 1 1 0 1 2 1 1 0 2 3 1
 1 1 1 1 1 0 1 2 1 1 1 0 4 1
 1 1 1 1 1 0 2 0 1 2 1 1 3 1
 1 1 1 1 1 0 2 0 2 0 2 1 3 1
 1 1 1 1 1 0 2 0 2 1 0 2 3 1
 1 1 1 1 1 0 2 0 2 1 1 0 4 1
 1 1 1 1 1 0 2 1 0 1 2 1 3 1
 1 1 1 1 1 0 2 1 0 2 0 2 3 1
 1 1 1 1 1 0 2 1 0 2 1 0 4 1
 1 1 1 1 1 0 2 1 1 0 1 2 3 1
 1 1 1 1 1 0 2 1 1 0 2 0 4 1
 1 1 1 1 1 0 2 1 1 1 0 1 4 1
 1 1 1 1 1 1 0 1 1 2 1 1 3 1
 1 1 1 1 1 1 0 1 2 0 2 1 3 1
 1 1 1 1 1 1 0 1 2 1 0 2 3 1
 1 1 1 1 1 1 0 1 2 1 1 0 4 1
 1 1 1 1 1 1 0 2 0 1 2 1 3 1
 1 1 1 1 1 1 0 2 0 2 0 2 3 1
 1 1 1 1 1 1 0 2 0 2 1 0 4 1
 1 1 1 1 1 1 0 2 1 0 1 2 3 1
 1 1 1 1 1 1 0 2 1 0 2 0 4 1
 1 1 1 1 1 1 0 2 1 1 0 1 4 1
 1 1 1 1 1 1 1 0 1 1 2 1 3 1
 1 1 1 1 1 1 1 0 1 2 0 2 3 1
 1 1 1 1 1 1 1 0 1 2 1 0 4 1
 1 1 1 1 1 1 1 0 2 0 1 2 3 1
 1 1 1 1 1 1 1 0 2 0 2 0 4 1
 1 1 1 1 1 1 1 0 2 1 0 1 4 1
 1 1 1 1 1 1 1 1 0 1 1 2 3 1
 1 1 1 1 1 1 1 1 0 1 2 0 4 1
 1 1 1 1 1 1 1 1 0 2 0 1 4 1
 1 1 1 1 1 1 1 1 1 0 1 1 4 1

0 Hilbert basis elements of recession monoid:

1556 vertices of polyhedron:
  0  0  3  1  1  1  1  1  1   1   1   1   3  1
  0  1  2  0  2  1  1  1  1   1   1   1   3  1
  0  1  2  1  0  2  1  1  1   1   1   1   3  1
  0  1  2  1  1  0  2  1  1   1   1   1   3  1
  0  1  2  1  1  1  0  2  1   1   1   1   3  1
  0  1  2  1  1  1  1  0  2   1   1   1   3  1
  0  1  2  1  1  1  1  1  0   2   1   1   3  1
  0  1  2  1  1  1  1  1  1   0   2   1   3  1
  0  1  2  1  1  1  1  1  1   1   0   2   3  1
  0  1  2  1  1  1  1  1  1   1   1   0   4  1
  0  2  0  1  2  1  1  1  1   1   1   1   3  1
  0  2  0  2  0  2  1  1  1   1   1   1   3  1
  0  2  0  2  1  0  2  1  1   1   1   1   3  1
  0  2  0  2  1  1  0  2  1   1   1   1   3  1
  0  2  0  2  1  1  1  0  2   1   1   1   3  1
  0  2  0  2  1  1  1  1  0   2   1   1   3  1
  0  2  0  2  1  1  1  1  1   0   2   1   3  1
  0  2  0  2  1  1  1  1  1   1   0   2   3  1
  0  2  0  2  1  1  1  1  1   1   1   0   4  1
  0  2  1  0  1  2  1  1  1   1   1   1   3  1
  0  2  1  0  2  0  2  1  1   1   1   1   3  1
  0  2  1  0  2  1  0  2  1   1   1   1   3  1
  0  2  1  0  2  1  1  0  2   1   1   1   3  1
  0  2  1  0  2  1  1  1  0   2   1   1   3  1
  0  2  1  0  2  1  1  1  1   0   2   1   3  1
  0  2  1  0  2  1  1  1  1   1   0   2   3  1
  0  2  1  0  2  1  1  1  1   1   1   0   4  1
  0  2  1  1  0  1  2  1  1   1   1   1   3  1
  0  2  1  1  0  2  0  2  1   1   1   1   3  1
  0  2  1  1  0  2  1  0  2   1   1   1   3  1
  0  2  1  1  0  2  1  1  0   2   1   1   3  1
  0  2  1  1  0  2  1  1  1   0   2   1   3  1
  0  2  1  1  0  2  1  1  1   1   0   2   3  1
  0  2  1  1  0  2  1  1  1   1   1   0   4  1
  0  2  1  1  1  0  1  2  1   1   1   1   3  1
  0  2  1  1  1  0  2  0  2   1   1   1   3  1
  0  2  1  1  1  0  2  1  0   2   1   1   3  1
  0  2  1  1  1  0  2  1  1   0   2   1   3  1
  0  2  1  1  1  0  2  1  1   1   0   2   3  1
  0  2  1  1  1  0  2  1  1   1   1   0   4  1
  0  2  1  1  1  1  0  1  2   1   1   1   3  1
  0  2  1  1  1  1  0  2  0   2   1   1   3  1
  0  2  1  1  1  1  0  2  1   0   2   1   3  1
  0  2  1  1  1  1  0  2  1   1   0   2   3  1
  0  2  1  1  1  1  0  2  1   1   1   0   4  1
  0  2  1  1  1  1  1  0  1   2   1   1   3  1
  0  2  1  1  1  1  1  0  2   0   2   1   3  1
  0  2  1  1  1  1  1  0  2   1   0   2   3  1
  0  2  1  1  1  1  1  0  2   1   1   0   4  1
  0  2  1  1  1  1  1  1  0   1   2   1   3  1
  0  2  1  1  1  1  1  1  0   2   0   2   3  1
  0  2  1  1  1  1  1  1  0   2   1   0   4  1
  0  2  1  1  1  1  1  1  1   0   1   2   3  1
  0  2  1  1  1  1  1  1  1   0   2   0   4  1
  0  2  1  1  1  1  1  1  1   1   0   1   4  1
  0  3  0  5  2  2  2  2  2   2   2   2   6  2
  0  4  1  0  5  2  2  2  2   2   2   2   6  2
  0  5  4  3  2  0  7  3  3   3   3   3   9  3
  0  6  2  4  2  0  7  3  3   3   3   3   9  3
  0  7  4  5  4  4  3  0  9   4   4   4  12  4
  0  7  5  3  5  4  3  0  9   4   4   4  12  4
  0  8  3  5  3  5  3  0  9   4   4   4  12  4
  0  8  4  3  4  5  3  0  9   4   4   4  12  4
  0  9  5  5  6  5  5  5  4   0  11   5  15  5
  0  9  5  6  4  6  5  5  4   0  11   5  15  5
  0  9  6  3  0 12  5  5  5   5   5   5  15  5
  0  9  6  4  6  4  6  5  4   0  11   5  15  5
  0  9  6  5  4  5  6  5  4   0  11   5  15  5
  0 10  4  5  6  5  4  6  4   0  11   5  15  5
  0 10  4  6  4  6  4  6  4   0  11   5  15  5
  0 10  5  4  6  4  5  6  4   0  11   5  15  5
  0 10  5  5  4  5  5  6  4   0  11   5  15  5
  0 11  6  6  6  7  6  6  6   6   5   0  25  6
  0 11  6  6  7  5  7  6  6   6   5   0  25  6
  0 11  6  7  5  7  5  7  6   6   5   0  25  6
  0 11  6  7  6  5  6  7  6   6   5   0  25  6
  0 11  7  5  6  7  6  5  7   6   5   0  25  6
  0 11  7  5  7  5  7  5  7   6   5   0  25  6
  0 11  7  6  5  7  5  6  7   6   5   0  25  6
  0 11  7  6  6  5  6  6  7   6   5   0  25  6
  0 12  5  6  6  7  6  6  5   7   5   0  25  6
  0 12  5  6  7  5  7  6  5   7   5   0  25  6
  0 12  5  7  5  7  5  7  5   7   5   0  25  6
  0 12  5  7  6  5  6  7  5   7   5   0  25  6
  0 12  6  5  6  7  6  5  6   7   5   0  25  6
  0 12  6  5  7  5  7  5  6   7   5   0  25  6
  0 12  6  6  5  7  5  6  6   7   5   0  25  6
  0 12  6  6  6  5  6  6  6   7   5   0  25  6
  0 12  8  8  7  5  0 16  7   7   7   7  21  7
  0 14  6  6  9  5  0 16  7   7   7   7  21  7
  0 16  9 10 10  9  9  7  0  20   9   9  27  9
  0 16 11  8  8 11  9  7  0  20   9   9  27  9
  0 18  7 10 10  7 11  7  0  20   9   9  27  9
  0 18  9  8  8  9 11  7  0  20   9   9  27  9
  0 20 11 11 12 12 11 11 11   9   0  24  33 11
  0 20 11 13 10 10 13 11 11   9   0  24  33 11
  0 20 13  9 12 12  9 13 11   9   0  24  33 11
  0 20 13 11 10 10 11 13 11   9   0  24  33 11
  0 22  9 11 12 12 11  9 13   9   0  24  33 11
  0 22  9 13 10 10 13  9 13   9   0  24  33 11
  0 22 11  9 12 12  9 11 13   9   0  24  33 11
  0 22 11 11 10 10 11 11 13   9   0  24  33 11
  1  0  1  1  2  1  1  1  1   1   1   1   3  1
  1  0  1  2  0  2  1  1  1   1   1   1   3  1
  1  0  1  2  1  0  2  1  1   1   1   1   3  1
  1  0  1  2  1  1  0  2  1   1   1   1   3  1
  1  0  1  2  1  1  1  0  2   1   1   1   3  1
  1  0  1  2  1  1  1  1  0   2   1   1   3  1
  1  0  1  2  1  1  1  1  1   0   2   1   3  1
  1  0  1  2  1  1  1  1  1   1   0   2   3  1
  1  0  1  2  1  1  1  1  1   1   1   0   4  1
  1  0  2  0  1  2  1  1  1   1   1   1   3  1
  1  0  2  0  2  0  2  1  1   1   1   1   3  1
  1  0  2  0  2  1  0  2  1   1   1   1   3  1
  1  0  2  0  2  1  1  0  2   1   1   1   3  1
  1  0  2  0  2  1  1  1  0   2   1   1   3  1
  1  0  2  0  2  1  1  1  1   0   2   1   3  1
  1  0  2  0  2  1  1  1  1   1   0   2   3  1
  1  0  2  0  2  1  1  1  1   1   1   0   4  1
  1  0  2  1  0  1  2  1  1   1   1   1   3  1
  1  0  2  1  0  2  0  2  1   1   1   1   3  1
  1  0  2  1  0  2  1  0  2   1   1   1   3  1
  1  0  2  1  0  2  1  1  0   2   1   1   3  1
  1  0  2  1  0  2  1  1  1   0   2   1   3  1
  1  0  2  1  0  2  1  1  1   1   0   2   3  1
  1  0  2  1  0  2  1  1  1   1   1   0   4  1
  1  0  2  1  1  0  1  2  1   1   1   1   3  1
  1  0  2  1  1  0  2  0  2   1   1   1   3  1
  1  0  2  1  1  0  2  1  0   2   1   1   3  1
  1  0  2  1  1  0  2  1  1   0   2   1   3  1
  1  0  2  1  1  0  2  1  1   1   0   2   3  1
  1  0  2  1  1  0  2  1  1   1   1   0   4  1
  1  0  2  1  1  1  0  1  2   1   1   1   3  1
  1  0  2  1  1  1  0  2  0   2   1   1   3  1
  1  0  2  1  1  1  0  2  1   0   2   1   3  1
  1  0  2  1  1  1  0  2  1   1   0   2   3  1
  1  0  2  1  1  1  0  2  1   1   1   0   4  1
  1  0  2  1  1  1  1  0  1   2   1   1   3  1
  1  0  2  1  1  1  1  0  2   0   2   1   3  1
  1  0  2  1  1  1  1  0  2   1   0   2   3  1
  1  0  2  1  1  1  1  0  2   1   1   0   4  1
  1  0  2  1  1  1  1  1  0   1   2   1   3  1
  1  0  2  1  1  1  1  1  0   2   0   2   3  1
  1  0  2  1  1  1  1  1  0   2   1   0   4  1
  1  0  2  1  1  1  1  1  1   0   1   2   3  1
  1  0  2  1  1  1  1  1  1   0   2   0   4  1
  1  0  2  1  1  1  1  1  1   1   0   1   4  1
  1  0  5  0  4  2  2  2  2   2   2   2   6  2
  1  0  5  2  0  4  2  2  2   2   2   2   6  2
  1  0  5  2  2  0  4  2  2   2   2   2   6  2
  1  0  5  2  2  2  0  4  2   2   2   2   6  2
  1  0  5  2  2  2  2  0  4   2   2   2   6  2
  1  0  5  2  2  2  2  2  0   4   2   2   6  2
  1  0  5  2  2  2  2  2  2   0   4   2   6  2
  1  0  5  2  2  2  2  2  2   2   0   4   6  2
  1  0  5  2  2  2  2  2  2   2   2   0   8  2
  1  1  0  1  1  2  1  1  1   1   1   1   3  1
  1  1  0  1  2  0  2  1  1   1   1   1   3  1
  1  1  0  1  2  1  0  2  1   1   1   1   3  1
  1  1  0  1  2  1  1  0  2   1   1   1   3  1
  1  1  0  1  2  1  1  1  0   2   1   1   3  1
  1  1  0  1  2  1  1  1  1   0   2   1   3  1
  1  1  0  1  2  1  1  1  1   1   0   2   3  1
  1  1  0  1  2  1  1  1  1   1   1   0   4  1
  1  1  0  2  0  1  2  1  1   1   1   1   3  1
  1  1  0  2  0  2  0  2  1   1   1   1   3  1
  1  1  0  2  0  2  1  0  2   1   1   1   3  1
  1  1  0  2  0  2  1  1  0   2   1   1   3  1
  1  1  0  2  0  2  1  1  1   0   2   1   3  1
  1  1  0  2  0  2  1  1  1   1   0   2   3  1
  1  1  0  2  0  2  1  1  1   1   1   0   4  1
  1  1  0  2  1  0  1  2  1   1   1   1   3  1
  1  1  0  2  1  0  2  0  2   1   1   1   3  1
  1  1  0  2  1  0  2  1  0   2   1   1   3  1
  1  1  0  2  1  0  2  1  1   0   2   1   3  1
  1  1  0  2  1  0  2  1  1   1   0   2   3  1
  1  1  0  2  1  0  2  1  1   1   1   0   4  1
  1  1  0  2  1  1  0  1  2   1   1   1   3  1
  1  1  0  2  1  1  0  2  0   2   1   1   3  1
  1  1  0  2  1  1  0  2  1   0   2   1   3  1
  1  1  0  2  1  1  0  2  1   1   0   2   3  1
  1  1  0  2  1  1  0  2  1   1   1   0   4  1
  1  1  0  2  1  1  1  0  1   2   1   1   3  1
  1  1  0  2  1  1  1  0  2   0   2   1   3  1
  1  1  0  2  1  1  1  0  2   1   0   2   3  1
  1  1  0  2  1  1  1  0  2   1   1   0   4  1
  1  1  0  2  1  1  1  1  0   1   2   1   3  1
  1  1  0  2  1  1  1  1  0   2   0   2   3  1
  1  1  0  2  1  1  1  1  0   2   1   0   4  1
  1  1  0  2  1  1  1  1  1   0   1   2   3  1
  1  1  0  2  1  1  1  1  1   0   2   0   4  1
  1  1  0  2  1  1  1  1  1   1   0   1   4  1
  1  1  1  0  1  1  2  1  1   1   1   1   3  1
  1  1  1  0  1  2  0  2  1   1   1   1   3  1
  1  1  1  0  1  2  1  0  2   1   1   1   3  1
  1  1  1  0  1  2  1  1  0   2   1   1   3  1
  1  1  1  0  1  2  1  1  1   0   2   1   3  1
  1  1  1  0  1  2  1  1  1   1   0   2   3  1
  1  1  1  0  1  2  1  1  1   1   1   0   4  1
  1  1  1  0  2  0  1  2  1   1   1   1   3  1
  1  1  1  0  2  0  2  0  2   1   1   1   3  1
  1  1  1  0  2  0  2  1  0   2   1   1   3  1
  1  1  1  0  2  0  2  1  1   0   2   1   3  1
  1  1  1  0  2  0  2  1  1   1   0   2   3  1
  1  1  1  0  2  0  2  1  1   1   1   0   4  1
  1  1  1  0  2  1  0  1  2   1   1   1   3  1
  1  1  1  0  2  1  0  2  0   2   1   1   3  1
  1  1  1  0  2  1  0  2  1   0   2   1   3  1
  1  1  1  0  2  1  0  2  1   1   0   2   3  1
  1  1  1  0  2  1  0  2  1   1   1   0   4  1
  1  1  1  0  2  1  1  0  1   2   1   1   3  1
  1  1  1  0  2  1  1  0  2   0   2   1   3  1
  1  1  1  0  2  1  1  0  2   1   0   2   3  1
  1  1  1  0  2  1  1  0  2   1   1   0   4  1
  1  1  1  0  2  1  1  1  0   1   2   1   3  1
  1  1  1  0  2  1  1  1  0   2   0   2   3  1
  1  1  1  0  2  1  1  1  0   2   1   0   4  1
  1  1  1  0  2  1  1  1  1   0   1   2   3  1
  1  1  1  0  2  1  1  1  1   0   2   0   4  1
  1  1  1  0  2  1  1  1  1   1   0   1   4  1
  1  1  1  1  0  1  1  2  1   1   1   1   3  1
  1  1  1  1  0  1  2  0  2   1   1   1   3  1
  1  1  1  1  0  1  2  1  0   2   1   1   3  1
  1  1  1  1  0  1  2  1  1   0   2   1   3  1
  1  1  1  1  0  1  2  1  1   1   0   2   3  1
  1  1  1  1  0  1  2  1  1   1   1   0   4  1
  1  1  1  1  0  2  0  1  2   1   1   1   3  1
  1  1  1  1  0  2  0  2  0   2   1   1   3  1
  1  1  1  1  0  2  0  2  1   0   2   1   3  1
  1  1  1  1  0  2  0  2  1   1   0   2   3  1
  1  1  1  1  0  2  0  2  1   1   1   0   4  1
  1  1  1  1  0  2  1  0  1   2   1   1   3  1
  1  1  1  1  0  2  1  0  2   0   2   1   3  1
  1  1  1  1  0  2  1  0  2   1   0   2   3  1
  1  1  1  1  0  2  1  0  2   1   1   0   4  1
  1  1  1  1  0  2  1  1  0   1   2   1   3  1
  1  1  1  1  0  2  1  1  0   2   0   2   3  1
  1  1  1  1  0  2  1  1  0   2   1   0   4  1
  1  1  1  1  0  2  1  1  1   0   1   2   3  1
  1  1  1  1  0  2  1  1  1   0   2   0   4  1
  1  1  1  1  0  2  1  1  1   1   0   1   4  1
  1  1  1  1  1  0  1  1  2   1   1   1   3  1
  1  1  1  1  1  0  1  2  0   2   1   1   3  1
  1  1  1  1  1  0  1  2  1   0   2   1   3  1
  1  1  1  1  1  0  1  2  1   1   0   2   3  1
  1  1  1  1  1  0  1  2  1   1   1   0   4  1
  1  1  1  1  1  0  2  0  1   2   1   1   3  1
  1  1  1  1  1  0  2  0  2   0   2   1   3  1
  1  1  1  1  1  0  2  0  2   1   0   2   3  1
  1  1  1  1  1  0  2  0  2   1   1   0   4  1
  1  1  1  1  1  0  2  1  0   1   2   1   3  1
  1  1  1  1  1  0  2  1  0   2   0   2   3  1
  1  1  1  1  1  0  2  1  0   2   1   0   4  1
  1  1  1  1  1  0  2  1  1   0   1   2   3  1
  1  1  1  1  1  0  2  1  1   0   2   0   4  1
  1  1  1  1  1  0  2  1  1   1   0   1   4  1
  1  1  1  1  1  1  0  1  1   2   1   1   3  1
  1  1  1  1  1  1  0  1  2   0   2   1   3  1
  1  1  1  1  1  1  0  1  2   1   0   2   3  1
  1  1  1  1  1  1  0  1  2   1   1   0   4  1
  1  1  1  1  1  1  0  2  0   1   2   1   3  1
  1  1  1  1  1  1  0  2  0   2   0   2   3  1
  1  1  1  1  1  1  0  2  0   2   1   0   4  1
  1  1  1  1  1  1  0  2  1   0   1   2   3  1
  1  1  1  1  1  1  0  2  1   0   2   0   4  1
  1  1  1  1  1  1  0  2  1   1   0   1   4  1
  1  1  1  1  1  1  1  0  1   1   2   1   3  1
  1  1  1  1  1  1  1  0  1   2   0   2   3  1
  1  1  1  1  1  1  1  0  1   2   1   0   4  1
  1  1  1  1  1  1  1  0  2   0   1   2   3  1
  1  1  1  1  1  1  1  0  2   0   2   0   4  1
  1  1  1  1  1  1  1  0  2   1   0   1   4  1
  1  1  1  1  1  1  1  1  0   1   1   2   3  1
  1  1  1  1  1  1  1  1  0   1   2   0   4  1
  1  1  1  1  1  1  1  1  0   2   0   1   4  1
  1  1  1  1  1  1  1  1  1   0   1   1   4  1
  1  2  3  2  1  0  5  2  2   2   2   2   6  2
  1  3  0  1  5  2  2  2  2   2   2   2   6  2
  1  3  1  3  1  0  5  2  2   2   2   2   6  2
  1  5  1  0  8  3  3  3  3   3   3   3   9  3
  2  0  3  0  5  2  2  2  2   2   2   2   6  2
  2  1  1  1  5  2  2  2  2   2   2   2   6  2
  2  1  3  1  2  0  5  2  2   2   2   2   6  2
  2  2  1  2  2  0  5  2  2   2   2   2   6  2
  2  3  3  3  4  3  3  3  2   0   7   3   9  3
  2  3  3  4  2  4  3  3  2   0   7   3   9  3
  2  3  4  2  4  2  4  3  2   0   7   3   9  3
  2  3  4  3  0  2  7  3  3   3   3   3   9  3
  2  3  4  3  2  3  4  3  2   0   7   3   9  3
  2  4  0  6  2  0  7  3  3   3   3   3   9  3
  2  4  2  0  4  6  3  3  3   3   3   3   9  3
  2  4  2  0  7  0  6  3  3   3   3   3   9  3
  2  4  2  0  7  3  0  6  3   3   3   3   9  3
  2  4  2  0  7  3  3  0  6   3   3   3   9  3
  2  4  2  0  7  3  3  3  0   6   3   3   9  3
  2  4  2  0  7  3  3  3  3   0   6   3   9  3
  2  4  2  0  7  3  3  3  3   3   0   6   9  3
  2  4  2  0  7  3  3  3  3   3   3   0  12  3
  2  4  2  3  4  3  2  4  2   0   7   3   9  3
  2  4  2  4  0  2  7  3  3   3   3   3   9  3
  2  4  2  4  2  4  2  4  2   0   7   3   9  3
  2  4  3  2  4  2  3  4  2   0   7   3   9  3
  2  4  3  3  2  3  3  4  2   0   7   3   9  3
  3  0  3 10  4  4  4  4  4   4   4   4  12  4
  3  0  5  3  0  7  3  3  3   3   3   3   9  3
  3  0  6  2  3  0  7  3  3   3   3   3   9  3
  3  0  9  3  0  9  4  4  4   4   4   4  12  4
  3  0  9  4  3  0  9  4  4   4   4   4  12  4
  3  1  3  0  8  3  3  3  3   3   3   3   9  3
  3  2  3  0  7  0  6  3  3   3   3   3   9  3
  3  2  3  0  7  3  0  6  3   3   3   3   9  3
  3  2  3  0  7  3  3  0  6   3   3   3   9  3
  3  2  3  0  7  3  3  3  0   6   3   3   9  3
  3  2  3  0  7  3  3  3  3   0   6   3   9  3
  3  2  3  0  7  3  3  3  3   3   0   6   9  3
  3  2  3  0  7  3  3  3  3   3   3   0  12  3
  3  2  3  3  4  3  3  2  3   0   7   3   9  3
  3  2  3  4  2  4  3  2  3   0   7   3   9  3
  3  2  4  0  5  0  7  3  3   3   3   3   9  3
  3  2  4  2  1  2  7  3  3   3   3   3   9  3
  3  2  4  2  4  2  4  2  3   0   7   3   9  3
  3  2  4  3  2  3  4  2  3   0   7   3   9  3
  3  3  0  5  3  0  7  3  3   3   3   3   9  3
  3  3  0 14  5  5  5  5  5   5   5   5  15  5
  3  3  2  1  5  0  7  3  3   3   3   3   9  3
  3  3  2  3  1  2  7  3  3   3   3   3   9  3
  3  3  2  3  4  3  2  3  3   0   7   3   9  3
  3  3  2  4  2  4  2  3  3   0   7   3   9  3
  3  3  3  2  4  2  3  3  3   0   7   3   9  3
  3  3  3  3  2  3  3  3  3   0   7   3   9  3
  3  4  4  5  4  4  0  3  9   4   4   4  12  4
  3  4  5  0  8  4  3  0  9   4   4   4  12  4
  3  4  5  3  5  4  0  3  9   4   4   4  12  4
  3  4  5  4  3  0  5  8  4   4   4   4  12  4
  3  4  5  4  3  0  9  0  8   4   4   4  12  4
  3  4  5  4  3  0  9  4  0   8   4   4  12  4
  3  4  5  4  3  0  9  4  4   0   8   4  12  4
  3  4  5  4  3  0  9  4  4   4   0   8  12  4
  3  4  5  4  3  0  9  4  4   4   4   0  16  4
  3  5  0  7  5  3  0  9  4   4   4   4  12  4
  3  5  0  8  3  5  3  0  9   4   4   4  12  4
  3  5  3  5  0  8  3  0  9   4   4   4  12  4
  3  5  3  5  3  0  5  8  4   4   4   4  12  4
  3  5  3  5  3  0  9  0  8   4   4   4  12  4
  3  5  3  5  3  0  9  4  0   8   4   4  12  4
  3  5  3  5  3  0  9  4  4   0   8   4  12  4
  3  5  3  5  3  0  9  4  4   4   0   8  12  4
  3  5  3  5  3  0  9  4  4   4   4   0  16  4
  3  5  3  5  3  5  0  3  9   4   4   4  12  4
  3  5  4  0  7  5  3  0  9   4   4   4  12  4
  3  5  4  3  1  8  3  0  9   4   4   4  12  4
  3  5  4  3  4  5  0  3  9   4   4   4  12  4
  3  5  5  7  5  5  3  0 12   5   5   5  15  5
  3  5  7  3  7  5  3  0 12   5   5   5  15  5
  3  6  6  0  3 12  5  5  5   5   5   5  15  5
  3  7  3  7  3  7  3  0 12   5   5   5  15  5
  3  7  5  3  5  7  3  0 12   5   5   5  15  5
  3  9  9  3  0 18  7  7  7   7   7   7  21  7
  4  0  7  5  4  3  4  0  9   4   4   4  12  4
  4  0  8  3  5  3  4  0  9   4   4   4  12  4
  4  0 10  6  5  5  4  0 11   5   5   5  15  5
  4  0 11  4  6  5  4  0 11   5   5   5  15  5
  4  3  1  8  3  4  0  9  4   4   4   4  12  4
  4  3  1  8  4  3  4  0  9   4   4   4  12  4
  4  3  4  0  4  9  4  4  4   4   4   4  12  4
  4  3  4  5  4  0  7  0  9   4   4   4  12  4
  4  3  4  5  4  3  1  3  9   4   4   4  12  4
  4  3  5  0  8  3  4  0  9   4   4   4  12  4
  4  3  5  3  4  0  5  8  4   4   4   4  12  4
  4  3  5  3  4  0  9  0  8   4   4   4  12  4
  4  3  5  3  4  0  9  4  0   8   4   4  12  4
  4  3  5  3  4  0  9  4  4   0   8   4  12  4
  4  3  5  3  4  0  9  4  4   4   0   8  12  4
  4  3  5  3  4  0  9  4  4   4   4   0  16  4
  4  3  5  3  5  0  7  0  9   4   4   4  12  4
  4  3  5  3  5  3  1  3  9   4   4   4  12  4
  4  4  0  7  4  4  0  9  4   4   4   4  12  4
  4  4  0  8  3  4  4  0  9   4   4   4  12  4
  4  4  0 12  0 10  5  5  5   5   5   5  15  5
  4  4  0 12  5  0 10  5  5   5   5   5  15  5
  4  4  0 12  5  5  0 10  5   5   5   5  15  5
  4  4  0 12  5  5  5  0 10   5   5   5  15  5
  4  4  0 12  5  5  5  5  0  10   5   5  15  5
  4  4  0 12  5  5  5  5  5   0  10   5  15  5
  4  4  0 12  5  5  5  5  5   5   0  10  15  5
  4  4  0 12  5  5  5  5  5   5   5   0  20  5
  4  4  3  4  4  0  9  0  8   4   4   4  12  4
  4  4  3  4  4  0  9  4  0   8   4   4  12  4
  4  4  3  4  4  0  9  4  4   0   8   4  12  4
  4  4  3  4  4  0  9  4  4   4   0   8  12  4
  4  4  3  4  4  0  9  4  4   4   4   0  16  4
  4  4  3  5  0  7  4  0  9   4   4   4  12  4
  4  4  3  5  3  1  7  0  9   4   4   4  12  4
  4  4  3  5  3  4  1  3  9   4   4   4  12  4
  4  4  4  0  7  4  4  0  9   4   4   4  12  4
  4  4  4  3  1  7  4  0  9   4   4   4  12  4
  4  4  4  3  4  1  7  0  9   4   4   4  12  4
  4  4  4  3  4  4  1  3  9   4   4   4  12  4
  4  5  0 11  5  4  0 11  5   5   5   5  15  5
  4  5  0 11  5  5  4  0 11   5   5   5  15  5
  4  5  5  5  6  5  5  5  0   4  11   5  15  5
  4  5  5  6  0 10  5  5  4   0  11   5  15  5
  4  5  5  6  4  6  5  5  0   4  11   5  15  5
  4  5  5  6  5  5  4  0  6  10   5   5  15  5
  4  5  5  6  5  5  4  0 11   0  10   5  15  5
  4  5  5  6  5  5  4  0 11   5   0  10  15  5
  4  5  5  6  5  5  4  0 11   5   5   0  20  5
  4  5  6  0  9  6  5  4  0  11   5   5  15  5
  4  5  6  0 10  4  6  5  4   0  11   5  15  5
  4  5  6  4  6  0 10  5  4   0  11   5  15  5
  4  5  6  4  6  4  6  5  0   4  11   5  15  5
  4  5  6  4  6  5  4  0  6  10   5   5  15  5
  4  5  6  4  6  5  4  0 11   0  10   5  15  5
  4  5  6  4  6  5  4  0 11   5   0  10  15  5
  4  5  6  4  6  5  4  0 11   5   5   0  20  5
  4  5  6  5  0  9  6  5  4   0  11   5  15  5
  4  5  6  5  4  5  6  5  0   4  11   5  15  5
  4  6  0  9  6  5  4  6  4   0  11   5  15  5
  4  6  0 10  4  6  4  6  4   0  11   5  15  5
  4  6  4  0 10  0 11  5  5   5   5   5  15  5
  4  6  4  0 11  4  0 11  5   5   5   5  15  5
  4  6  4  5  6  5  0 10  4   0  11   5  15  5
  4  6  4  5  6  5  4  6  0   4  11   5  15  5
  4  6  4  6  0 10  4  6  4   0  11   5  15  5
  4  6  4  6  4  6  0 10  4   0  11   5  15  5
  4  6  4  6  4  6  4  0  6  10   5   5  15  5
  4  6  4  6  4  6  4  0 11   0  10   5  15  5
  4  6  4  6  4  6  4  0 11   5   0  10  15  5
  4  6  4  6  4  6  4  0 11   5   5   0  20  5
  4  6  4  6  4  6  4  6  0   4  11   5  15  5
  4  6  5  0  9  5  6  4  0  11   5   5  15  5
  4  6  5  0 10  4  5  6  4   0  11   5  15  5
  4  6  5  4  5  6  4  0  6  10   5   5  15  5
  4  6  5  4  5  6  4  0 11   0  10   5  15  5
  4  6  5  4  5  6  4  0 11   5   0  10  15  5
  4  6  5  4  5  6  4  0 11   5   5   0  20  5
  4  6  5  4  6  0  9  6  4   0  11   5  15  5
  4  6  5  4  6  4  1 10  4   0  11   5  15  5
  4  6  5  4  6  4  5  6  0   4  11   5  15  5
  4  6  5  5  0  9  5  6  4   0  11   5  15  5
  4  6  5  5  4  1  9  6  4   0  11   5  15  5
  4  6  5  5  4  5  1 10  4   0  11   5  15  5
  4  6  5  5  4  5  5  6  0   4  11   5  15  5
  5  0  9  5  6  5  5  4  5   0  11   5  15  5
  5  0  9  6  4  6  5  4  5   0  11   5  15  5
  5  0 10  4  6  4  6  4  5   0  11   5  15  5
  5  0 10  5  4  5  6  4  5   0  11   5  15  5
  5  0 12  6  7  6  6  6  5   0  13   6  18  6
  5  0 12  7  5  7  6  6  5   0  13   6  18  6
  5  0 13  5  7  5  7  6  5   0  13   6  18  6
  5  0 13  6  5  6  7  6  5   0  13   6  18  6
  5  3  5  7  5  3  5  0 12   5   5   5  15  5
  5  3  7  3  7  3  5  0 12   5   5   5  15  5
  5  4  1  8  0 12  5  5  5   5   5   5  15  5
  5  4  1  9  6  5  5  4  5   0  11   5  15  5
  5  4  1 10  4  6  5  4  5   0  11   5  15  5
  5  4  5  5  6  5  5  0  9   0  11   5  15  5
  5  4  5  5  6  5  5  4  1   4  11   5  15  5
  5  4  5  6  0 10  5  4  5   0  11   5  15  5
  5  4  5  6  4  6  5  0  9   0  11   5  15  5
  5  4  5  6  4  6  5  4  1   4  11   5  15  5
  5  4  5  6  5  4  5  0  6  10   5   5  15  5
  5  4  5  6  5  4  5  0 11   0  10   5  15  5
  5  4  5  6  5  4  5  0 11   5   0  10  15  5
  5  4  5  6  5  4  5  0 11   5   5   0  20  5
  5  4  6  0  9  6  4  5  0  11   5   5  15  5
  5  4  6  0 10  4  6  4  5   0  11   5  15  5
  5  4  6  4  6  0 10  4  5   0  11   5  15  5
  5  4  6  4  6  4  5  0  6  10   5   5  15  5
  5  4  6  4  6  4  5  0 11   0  10   5  15  5
  5  4  6  4  6  4  5  0 11   5   0  10  15  5
  5  4  6  4  6  4  5  0 11   5   5   0  20  5
  5  4  6  4  6  4  6  0  9   0  11   5  15  5
  5  4  6  4  6  4  6  4  1   4  11   5  15  5
  5  4  6  5  0  9  6  4  5   0  11   5  15  5
  5  4  6  5  4  1 10  4  5   0  11   5  15  5
  5  4  6  5  4  5  6  0  9   0  11   5  15  5
  5  4  6  5  4  5  6  4  1   4  11   5  15  5
  5  5  0  9  6  5  4  5  5   0  11   5  15  5
  5  5  0 10  4  6  4  5  5   0  11   5  15  5
  5  5  3  7  3  5  5  0 12   5   5   5  15  5
  5  5  4  1 10  4  5  5  0  11   5   5  15  5
  5  5  4  1 10  5  4  5  5   0  11   5  15  5
  5  5  4  5  5  0  5 11  5   5   5   5  15  5
  5  5  4  5  6  5  0  9  5   0  11   5  15  5
  5  5  4  5  6  5  4  1  9   0  11   5  15  5
  5  5  4  5  6  5  4  5  1   4  11   5  15  5
  5  5  4  6  0 10  4  5  5   0  11   5  15  5
  5  5  4  6  4  5  5  0  6  10   5   5  15  5
  5  5  4  6  4  5  5  0 11   0  10   5  15  5
  5  5  4  6  4  5  5  0 11   5   0  10  15  5
  5  5  4  6  4  5  5  0 11   5   5   0  20  5
  5  5  4  6  4  6  0  9  5   0  11   5  15  5
  5  5  4  6  4  6  4  1  9   0  11   5  15  5
  5  5  4  6  4  6  4  5  1   4  11   5  15  5
  5  5  5  0  9  5  5  5  0  11   5   5  15  5
  5  5  5  0 10  4  5  5  5   0  11   5  15  5
  5  5  5  3  5  5  5  0 12   5   5   5  15  5
  5  5  5  4  5  5  5  0 11   0  10   5  15  5
  5  5  5  4  5  5  5  0 11   5   0  10  15  5
  5  5  5  4  5  5  5  0 11   5   5   0  20  5
  5  5  5  4  6  0  9  5  5   0  11   5  15  5
  5  5  5  4  6  4  1  9  5   0  11   5  15  5
  5  5  5  4  6  4  5  1  9   0  11   5  15  5
  5  5  5  4  6  4  5  5  1   4  11   5  15  5
  5  5  5  5  0  9  5  5  5   0  11   5  15  5
  5  5  5  5  4  1  9  5  5   0  11   5  15  5
  5  5  5  5  4  5  1  9  5   0  11   5  15  5
  5  5  5  5  4  5  5  1  9   0  11   5  15  5
  5  5  5  5  4  5  5  5  1   4  11   5  15  5
  5  6  0 12  7  6  6  6  5   0  13   6  18  6
  5  6  0 13  5  7  6  6  5   0  13   6  18  6
  5  6  6  0 13  6  6  5  0  13   6   6  18  6
  5  6  6  0 13  6  6  6  5   0  13   6  18  6
  5  6  6  6  6  7  6  6  6   6   0   5  25  6
  5  6  6  6  7  0 12  6  6   6   5   0  25  6
  5  6  6  6  7  5  7  6  6   6   0   5  25  6
  5  6  6  6  7  6  6  6  5   0   7  12  18  6
  5  6  6  6  7  6  6  6  5   0  13   0  24  6
  5  6  6  7  0 11  7  6  6   5   0  13  18  6
  5  6  6  7  0 12  5  7  6   6   5   0  25  6
  5  6  6  7  5  7  0 12  6   6   5   0  25  6
  5  6  6  7  5  7  5  7  6   6   0   5  25  6
  5  6  6  7  5  7  6  6  5   0   7  12  18  6
  5  6  6  7  5  7  6  6  5   0  13   0  24  6
  5  6  6  7  6  0 11  7  6   6   5   0  25  6
  5  6  6  7  6  5  0  6 13   6   6   6  18  6
  5  6  6  7  6  5  6  7  6   6   0   5  25  6
  5  6  7  0 11  7  6  5  7   6   5   0  25  6
  5  6  7  0 12  5  7  5  7   6   5   0  25  6
  5  6  7  5  0 13  6  5  0  13   6   6  18  6
  5  6  7  5  6  7  6  0 12   6   5   0  25  6
  5  6  7  5  6  7  6  5  7   6   0   5  25  6
  5  6  7  5  7  0 12  5  7   6   5   0  25  6
  5  6  7  5  7  5  7  0 12   6   5   0  25  6
  5  6  7  5  7  5  7  5  7   6   0   5  25  6
  5  6  7  5  7  5  7  6  5   0   7  12  18  6
  5  6  7  5  7  5  7  6  5   0  13   0  24  6
  5  6  7  6  0 11  6  7  6   5   0  13  18  6
  5  6  7  6  0 12  5  6  7   6   5   0  25  6
  5  6  7  6  5  0 13  6  5   0  13   6  18  6
  5  6  7  6  5  6  7  6  5   0   7  12  18  6
  5  6  7  6  5  6  7  6  5   0  13   0  24  6
  5  6  7  6  5  7  0 11  7   6   5   0  25  6
  5  6  7  6  5  7  5  1 12   6   5   0  25  6
  5  6  7  6  5  7  5  6  7   6   0   5  25  6
  5  6  7  6  6  0 11  6  7   6   5   0  25  6
  5  6  7  6  6  5  1 11  7   6   5   0  25  6
  5  6  7  6  6  5  6  1 12   6   5   0  25  6
  5  6  7  6  6  5  6  6  7   6   0   5  25  6
  5  7  0 11  6  7  6  6  5   7   5   0  25  6
  5  7  0 11  7  5  7  6  5   7   5   0  25  6
  5  7  0 12  5  7  5  7  5   7   5   0  25  6
  5  7  0 12  6  5  6  7  5   7   5   0  25  6
  5  7  5  0 12  7  5  0 13   6   6   6  18  6
  5  7  5  0 13  5  7  5  0  13   6   6  18  6
  5  7  5  0 13  6  5  7  5   0  13   6  18  6
  5  7  5  6  1 12  6  5  7   5   0  13  18  6
  5  7  5  6  1 12  6  6  5   7   5   0  25  6
  5  7  5  6  6  7  6  6  0  12   5   0  25  6
  5  7  5  6  6  7  6  6  5   7   0   5  25  6
  5  7  5  6  7  0 12  6  5   7   5   0  25  6
  5  7  5  6  7  5  7  6  0  12   5   0  25  6
  5  7  5  6  7  5  7  6  5   7   0   5  25  6
  5  7  5  6  7  6  5  7  5   0   7  12  18  6
  5  7  5  6  7  6  5  7  5   0  13   0  24  6
  5  7  5  7  0 11  7  5  7   5   0  13  18  6
  5  7  5  7  0 12  5  7  5   7   5   0  25  6
  5  7  5  7  5  0 12  0 13   6   6   6  18  6
  5  7  5  7  5  7  0 12  5   7   5   0  25  6
  5  7  5  7  5  7  5  7  0  12   5   0  25  6
  5  7  5  7  5  7  5  7  5   0   7  12  18  6
  5  7  5  7  5  7  5  7  5   0  13   0  24  6
  5  7  5  7  5  7  5  7  5   7   0   5  25  6
  5  7  5  7  6  0 11  7  5   7   5   0  25  6
  5  7  5  7  6  5  1 12  5   7   5   0  25  6
  5  7  5  7  6  5  6  7  0  12   5   0  25  6
  5  7  5  7  6  5  6  7  5   7   0   5  25  6
  5  7  6  0 11  7  6  5  6   7   5   0  25  6
  5  7  6  0 12  5  7  5  6   7   5   0  25  6
  5  7  6  5  1 12  5  6  7   5   0  13  18  6
  5  7  6  5  1 12  6  5  6   7   5   0  25  6
  5  7  6  5  6  7  6  0 11   7   5   0  25  6
  5  7  6  5  6  7  6  5  1  12   5   0  25  6
  5  7  6  5  6  7  6  5  6   7   0   5  25  6
  5  7  6  5  7  0 12  5  6   7   5   0  25  6
  5  7  6  5  7  5  6  7  5   0   7  12  18  6
  5  7  6  5  7  5  6  7  5   0  13   0  24  6
  5  7  6  5  7  5  7  0 11   7   5   0  25  6
  5  7  6  5  7  5  7  5  1  12   5   0  25  6
  5  7  6  5  7  5  7  5  6   7   0   5  25  6
  5  7  6  6  0 11  6  6  7   5   0  13  18  6
  5  7  6  6  0 12  5  6  6   7   5   0  25  6
  5  7  6  6  5  6  6  7  5   0   7  12  18  6
  5  7  6  6  5  6  6  7  5   0  13   0  24  6
  5  7  6  6  5  7  0 11  6   7   5   0  25  6
  5  7  6  6  5  7  5  1 11   7   5   0  25  6
  5  7  6  6  5  7  5  6  1  12   5   0  25  6
  5  7  6  6  5  7  5  6  6   7   0   5  25  6
  5  7  6  6  6  0 11  6  6   7   5   0  25  6
  5  7  6  6  6  5  1 11  6   7   5   0  25  6
  5  7  6  6  6  5  6  1 11   7   5   0  25  6
  5  7  6  6  6  5  6  6  1  12   5   0  25  6
  5  7  6  6  6  5  6  6  6   7   0   5  25  6
  5  7  7  7  7  9  7  7  7   7   5   0  30  7
  5  7  7  7  9  5  9  7  7   7   5   0  30  7
  5  7  7  9  5  9  5  9  7   7   5   0  30  7
  5  7  7  9  7  5  7  9  7   7   5   0  30  7
  5  7  8  8  7  0  5 16  7   7   7   7  21  7
  5  7  9  5  7  9  7  5  9   7   5   0  30  7
  5  7  9  5  9  5  9  5  9   7   5   0  30  7
  5  7  9  7  5  9  5  7  9   7   5   0  30  7
  5  7  9  7  7  5  7  7  9   7   5   0  30  7
  5  8  8  5  0 16  0 14  7   7   7   7  21  7
  5  8  8  5  0 16  7  0 14   7   7   7  21  7
  5  8  8  5  0 16  7  7  0  14   7   7  21  7
  5  8  8  5  0 16  7  7  7   0  14   7  21  7
  5  8  8  5  0 16  7  7  7   7   0  14  21  7
  5  8  8  5  0 16  7  7  7   7   7   0  28  7
  5  9  5  7  7  9  7  7  5   9   5   0  30  7
  5  9  5  7  9  5  9  7  5   9   5   0  30  7
  5  9  5  9  5  9  5  9  5   9   5   0  30  7
  5  9  5  9  7  5  7  9  5   9   5   0  30  7
  5  9  6  6  9  0  5 16  7   7   7   7  21  7
  5  9  7  5  7  9  7  5  7   9   5   0  30  7
  5  9  7  5  9  5  9  5  7   9   5   0  30  7
  5  9  7  7  5  9  5  7  7   9   5   0  30  7
  5  9  7  7  7  5  7  7  7   9   5   0  30  7
  5  9 11 11  9  5  0 22  9   9   9   9  27  9
  5 13  7  7 13  5  0 22  9   9   9   9  27  9
  6  0 11  6  6  7  6  6  6   5   6   0  25  6
  6  0 11  6  7  5  7  6  6   5   6   0  25  6
  6  0 11  7  5  7  5  7  6   5   6   0  25  6
  6  0 11  7  6  5  6  7  6   5   6   0  25  6
  6  0 12  5  6  7  6  5  7   5   6   0  25  6
  6  0 12  5  7  5  7  5  7   5   6   0  25  6
  6  0 12  6  5  7  5  6  7   5   6   0  25  6
  6  0 12  6  6  5  6  6  7   5   6   0  25  6
  6  0 14  7  7  8  7  7  7   7   6   0  29  7
  6  0 14  7  8  6  8  7  7   7   6   0  29  7
  6  0 14  8  6  8  6  8  7   7   6   0  29  7
  6  0 14  8  7  6  7  8  7   7   6   0  29  7
  6  0 15  6  7  8  7  6  8   7   6   0  29  7
  6  0 15  6  8  6  8  6  8   7   6   0  29  7
  6  0 15  7  6  8  6  7  8   7   6   0  29  7
  6  0 15  7  7  6  7  7  8   7   6   0  29  7
  6  5  1 11  6  7  6  6  6   5   6   0  25  6
  6  5  1 11  7  5  7  6  6   5   6   0  25  6
  6  5  1 12  5  7  5  7  6   5   6   0  25  6
  6  5  1 12  6  5  6  7  6   5   6   0  25  6
  6  5  5  1  5 14  6  6  6   6   6   6  18  6
  6  5  6  0 13  5  6  0 13   6   6   6  18  6
  6  5  6  0 13  6  5  6  0  13   6   6  18  6
  6  5  6  0 13  6  6  5  6   0  13   6  18  6
  6  5  6  6  6  7  6  6  6   0  11   0  25  6
  6  5  6  6  6  7  6  6  6   5   1   5  25  6
  6  5  6  6  7  0 12  6  6   5   6   0  25  6
  6  5  6  6  7  5  7  6  6   0  11   0  25  6
  6  5  6  6  7  5  7  6  6   5   1   5  25  6
  6  5  6  6  7  6  6  5  6   0   7  12  18  6
  6  5  6  6  7  6  6  5  6   0  13   0  24  6
  6  5  6  7  0 11  7  6  5   6   0  13  18  6
  6  5  6  7  0 12  5  7  6   5   6   0  25  6
  6  5  6  7  5  6  0  6 13   6   6   6  18  6
  6  5  6  7  5  7  0 12  6   5   6   0  25  6
  6  5  6  7  5  7  5  7  6   0  11   0  25  6
  6  5  6  7  5  7  5  7  6   5   1   5  25  6
  6  5  6  7  5  7  6  5  6   0   7  12  18  6
  6  5  6  7  5  7  6  5  6   0  13   0  24  6
  6  5  6  7  6  0 11  7  6   5   6   0  25  6
  6  5  6  7  6  5  1 12  6   5   6   0  25  6
  6  5  6  7  6  5  6  7  6   0  11   0  25  6
  6  5  6  7  6  5  6  7  6   5   1   5  25  6
  6  5  7  0 11  7  6  5  7   5   6   0  25  6
  6  5  7  0 12  5  7  5  7   5   6   0  25  6
  6  5  7  5  1 12  5  7  5   6   0  13  18  6
  6  5  7  5  1 12  6  5  7   5   6   0  25  6
  6  5  7  5  6  0 12  0 13   6   6   6  18  6
  6  5  7  5  6  7  6  0 12   5   6   0  25  6
  6  5  7  5  6  7  6  5  7   0  11   0  25  6
  6  5  7  5  6  7  6  5  7   5   1   5  25  6
  6  5  7  5  7  0 12  5  7   5   6   0  25  6
  6  5  7  5  7  5  7  0 12   5   6   0  25  6
  6  5  7  5  7  5  7  5  6   0   7  12  18  6
  6  5  7  5  7  5  7  5  6   0  13   0  24  6
  6  5  7  5  7  5  7  5  7   0  11   0  25  6
  6  5  7  5  7  5  7  5  7   5   1   5  25  6
  6  5  7  6  0 11  6  7  5   6   0  13  18  6
  6  5  7  6  0 12  5  6  7   5   6   0  25  6
  6  5  7  6  5  6  7  5  6   0   7  12  18  6
  6  5  7  6  5  6  7  5  6   0  13   0  24  6
  6  5  7  6  5  7  0 11  7   5   6   0  25  6
  6  5  7  6  5  7  5  1 12   5   6   0  25  6
  6  5  7  6  5  7  5  6  7   0  11   0  25  6
  6  5  7  6  5  7  5  6  7   5   1   5  25  6
  6  5  7  6  6  0 11  6  7   5   6   0  25  6
  6  5  7  6  6  5  1 11  7   5   6   0  25  6
  6  5  7  6  6  5  6  1 12   5   6   0  25  6
  6  5  7  6  6  5  6  6  7   0  11   0  25  6
  6  5  7  6  6  5  6  6  7   5   1   5  25  6
  6  6  0 11  6  7  6  6  5   6   6   0  25  6
  6  6  0 11  7  5  7  6  5   6   6   0  25  6
  6  6  0 12  5  7  5  7  5   6   6   0  25  6
  6  6  0 12  6  5  6  7  5   6   6   0  25  6
  6  6  0 16  6  0 15  7  7   7   7   7  21  7
  6  6  0 16  7  6  0 15  7   7   7   7  21  7
  6  6  0 16  7  7  6  0 15   7   7   7  21  7
  6  6  5  1 11  7  6  6  5   6   6   0  25  6
  6  6  5  1 12  5  7  6  5   6   6   0  25  6
  6  6  5  6  1 12  6  5  6   6   0  13  18  6
  6  6  5  6  1 12  6  6  5   6   6   0  25  6
  6  6  5  6  6  0 12  0 13   6   6   6  18  6
  6  6  5  6  6  7  6  6  0  11   6   0  25  6
  6  6  5  6  6  7  6  6  5   1  11   0  25  6
  6  6  5  6  6  7  6  6  5   6   1   5  25  6
  6  6  5  6  7  0 12  6  5   6   6   0  25  6
  6  6  5  6  7  5  7  6  0  11   6   0  25  6
  6  6  5  6  7  5  7  6  5   1  11   0  25  6
  6  6  5  6  7  5  7  6  5   6   1   5  25  6
  6  6  5  6  7  6  5  6  6   0   7  12  18  6
  6  6  5  6  7  6  5  6  6   0  13   0  24  6
  6  6  5  7  0 11  7  5  6   6   0  13  18  6
  6  6  5  7  0 12  5  7  5   6   6   0  25  6
  6  6  5  7  5  7  0 12  5   6   6   0  25  6
  6  6  5  7  5  7  5  6  6   0   7  12  18  6
  6  6  5  7  5  7  5  6  6   0  13   0  24  6
  6  6  5  7  5  7  5  7  0  11   6   0  25  6
  6  6  5  7  5  7  5  7  5   1  11   0  25  6
  6  6  5  7  5  7  5  7  5   6   1   5  25  6
  6  6  5  7  6  0 11  7  5   6   6   0  25  6
  6  6  5  7  6  5  1 12  5   6   6   0  25  6
  6  6  5  7  6  5  6  7  0  11   6   0  25  6
  6  6  5  7  6  5  6  7  5   1  11   0  25  6
  6  6  5  7  6  5  6  7  5   6   1   5  25  6
  6  6  6  0 11  7  6  5  6   6   6   0  25  6
  6  6  6  0 12  5  7  5  6   6   6   0  25  6
  6  6  6  5  1 12  5  6  6   6   0  13  18  6
  6  6  6  5  1 12  6  5  6   6   6   0  25  6
  6  6  6  5  6  6  6  0  6  13   6   6  18  6
  6  6  6  5  6  7  6  0 11   6   6   0  25  6
  6  6  6  5  6  7  6  5  1  11   6   0  25  6
  6  6  6  5  6  7  6  5  6   1  11   0  25  6
  6  6  6  5  6  7  6  5  6   6   1   5  25  6
  6  6  6  5  7  0 12  5  6   6   6   0  25  6
  6  6  6  5  7  5  6  6  6   0   7  12  18  6
  6  6  6  5  7  5  6  6  6   0  13   0  24  6
  6  6  6  5  7  5  7  0 11   6   6   0  25  6
  6  6  6  5  7  5  7  5  1  11   6   0  25  6
  6  6  6  5  7  5  7  5  6   1  11   0  25  6
  6  6  6  5  7  5  7  5  6   6   1   5  25  6
  6  6  6  6  0 11  6  6  6   6   0  13  18  6
  6  6  6  6  0 12  5  6  6   6   6   0  25  6
  6  6  6  6  5  6  6  6  6   0  13   0  24  6
  6  6  6  6  5  7  0 11  6   6   6   0  25  6
  6  6  6  6  5  7  5  1 11   6   6   0  25  6
  6  6  6  6  5  7  5  6  1  11   6   0  25  6
  6  6  6  6  5  7  5  6  6   1  11   0  25  6
  6  6  6  6  5  7  5  6  6   6   1   5  25  6
  6  6  6  6  6  0 11  6  6   6   6   0  25  6
  6  6  6  6  6  5  1 11  6   6   6   0  25  6
  6  6  6  6  6  5  6  1 11   6   6   0  25  6
  6  6  6  6  6  5  6  6  1  11   6   0  25  6
  6  6  6  6  6  5  6  6  6   1  11   0  25  6
  6  6  6  6  6  5  6  6  6   6   1   5  25  6
  6  6  9  6  0  6 16  7  7   7   7   7  21  7
  6  7  0 14  7  8  7  7  7   7   6   0  29  7
  6  7  0 14  8  6  8  7  7   7   6   0  29  7
  6  7  0 15  6  8  6  8  7   7   6   0  29  7
  6  7  0 15  7  6  7  8  7   7   6   0  29  7
  6  7  7  0 14  8  7  7  7   7   6   0  29  7
  6  7  7  0 15  6  8  7  7   7   6   0  29  7
  6  7  7  7  0 15  7  7  7   6   0  15  21  7
  6  7  7  7  0 15  7  7  7   7   6   0  29  7
  6  7  7  7  8  7  7  6  0   7  15   7  21  7
  6  7  7  8  6  0 15  7  7   6   0  15  21  7
  6  7  7  8  7  6  0 15  7   7   6   0  29  7
  6  7  8  6  0 14  8  7  6   0  15   7  21  7
  6  7  8  6  0 15  6  8  7   6   0  15  21  7
  6  7  8  6  0 15  7  6  8   7   6   0  29  7
  6  7  8  7  6  0 14  8  7   6   0  15  21  7
  6  8  6  0 14  8  7  7  6   8   6   0  29  7
  6  8  6  0 15  6  8  7  6   8   6   0  29  7
  6  8  6  7  8  6  0 14  0  15   7   7  21  7
  6  8  6  8  6  0 14  8  6   0  15   7  21  7
  6  8  6  8  6  0 15  6  8   6   0  15  21  7
  6  8  6  8  6  8  6  0 14   0  15   7  21  7
  6  8  7  6  7  8  6  0 15   6   0  15  21  7
  6  9  9  6  0  9 17  8  8   8   8   8  24  8
  6 10  7  0 17  6  0 18  8   8   8   8  24  8
  7  0 13  8  5  7  0 16  7   7   7   7  21  7
  7  0 19 10  9  7  0 20  9   9   9   9  27  9
  7  5  5  7  0 18  7  7  7   7   7   7  21  7
  7  5  7  7  7  9  7  7  7   5   7   0  30  7
  7  5  7  7  9  5  9  7  7   5   7   0  30  7
  7  5  7  9  5  9  5  9  7   5   7   0  30  7
  7  5  7  9  7  5  7  9  7   5   7   0  30  7
  7  5  8  8  0 12  0 16  7   7   7   7  21  7
  7  5  8  8  5  2  5 16  7   7   7   7  21  7
  7  5  9  5  7  9  7  5  9   5   7   0  30  7
  7  5  9  5  9  5  9  5  9   5   7   0  30  7
  7  5  9  7  5  9  5  7  9   5   7   0  30  7
  7  5  9  7  7  5  7  7  9   5   7   0  30  7
  7  6  6  7  0 16  0 14  7   7   7   7  21  7
  7  6  6  7  0 16  7  0 14   7   7   7  21  7
  7  6  6  7  0 16  7  7  0  14   7   7  21  7
  7  6  6  7  0 16  7  7  7   0  14   7  21  7
  7  6  6  7  0 16  7  7  7   7   0  14  21  7
  7  6  6  7  0 16  7  7  7   7   7   0  28  7
  7  6  7  0 13  0 16  7  7   7   7   7  21  7
  7  6  7  0 14  8  7  7  7   6   7   0  29  7
  7  6  7  0 15  6  8  7  7   6   7   0  29  7
  7  6  7  7  0 15  7  6  7   0  15   7  21  7
  7  6  7  7  0 15  7  7  6   7   0  15  21  7
  7  6  7  7  0 15  7  7  7   6   7   0  29  7
  7  6  7  7  8  7  6  7  0   7  15   7  21  7
  7  6  8  6  7  0 14  7  0  15   7   7  21  7
  7  6  8  6  7  0 15  6  7   0  15   7  21  7
  7  6  8  6  8  6  7  0 14   0  15   7  21  7
  7  7  0  7 19  8  8  8  8   8   8   8  24  8
  7  7  0 17  9  8  8  8  7   0  17   8  24  8
  7  7  0 18  7  9  8  8  7   0  17   8  24  8
  7  7  5  7  7  9  7  7  5   7   7   0  30  7
  7  7  5  7  9  5  9  7  5   7   7   0  30  7
  7  7  5  9  5  9  5  9  5   7   7   0  30  7
  7  7  5  9  7  5  7  9  5   7   7   0  30  7
  7  7  6  1 12  7  0 16  7   7   7   7  21  7
  7  7  6  6  2 12  0 16  7   7   7   7  21  7
  7  7  6  7  8  6  7  7  0   7  15   7  21  7
  7  7  6  8  6  7  7  0 14   0  15   7  21  7
  7  7  7  5  7  9  7  5  7   7   7   0  30  7
  7  7  7  5  9  5  9  5  7   7   7   0  30  7
  7  7  7  6  7  7  7  0 14   0  15   7  21  7
  7  7  7  7  5  9  5  7  7   7   7   0  30  7
  7  7  7  7  6  7  7  7  7   0   7  15  21  7
  7  7  7  7  7  5  7  7  7   7   7   0  30  7
  7  7  9  9  7  0  7 18  8   8   8   8  24  8
  7  8  7  0 18  8  7  0 17   8   8   8  24  8
  7  8  7  0 18  8  8  7  0  17   8   8  24  8
  7  8  7  0 18  8  8  8  7   0  17   8  24  8
  7  8  8  8  8  9  8  8  8   7   0   8  33  8
  7  8  8  9  7  0 16  9  8   8   7   0  33  8
  7  8  8  9  7  8  9  8  7   0   8  17  24  8
  7  8  8  9  7  9  7  0 17   8   7   0  33  8
  7  8  8  9  8  7  8  0 17   8   7   0  33  8
  7  8  9  7  8  0 17  7  9   8   7   0  33  8
  7  8  9  7  8  9  7  0 17   8   7   0  33  8
  7  8  9  7  8  9  8  7  0  17   7   0  33  8
  7  8  9  7  9  7  8  0 17   8   7   0  33  8
  7  8  9  8  7  0 16  8  9   8   7   0  33  8
  7  8  9  8  7  8  8  9  7   0   8  17  24  8
  7  9  7  0 16  7  0 18  8   8   8   8  24  8
  7  9  7  7  9  0  7 18  8   8   8   8  24  8
  7  9  7  8  8  0 17  8  7   9   7   0  33  8
  7  9  7  8  9  7  0 17  7   9   7   0  33  8
  7  9  7  8  9  7  9  7  0  17   7   0  33  8
  7  9  7  9  7  0 16  9  7   9   7   0  33  8
  7  9  7  9  7  9  7  0 16   9   7   0  33  8
  7  9  7  9  7  9  7  9  7   0  16   0  33  8
  7  9  8  7  8  8  9  7  0  17   7   0  33  8
  7  9  8  7  8  9  7  0 16   9   7   0  33  8
  7  9  9 10 10  9  9  0  7  20   9   9  27  9
  7  9 10 10  9  7  0 20  0  18   9   9  27  9
  7  9 10 10  9  7  0 20  9   0  18   9  27  9
  7  9 10 10  9  7  0 20  9   9   0  18  27  9
  7  9 10 10  9  7  0 20  9   9   9   0  36  9
  7  9 11  8  8 11  9  0  7  20   9   9  27  9
  7 10 10  7  0 20  9  8  0  19   9   9  27  9
  7 11  0 17 10  7 11  7  0  20   9   9  27  9
  7 11  7 10 10  0 18  7  0  20   9   9  27  9
  7 11  7 10 10  7 11  0  7  20   9   9  27  9
  7 11  8  8 11  7  0 11 18   9   9   9  27  9
  7 11  8  8 11  7  0 20  0  18   9   9  27  9
  7 11  8  8 11  7  0 20  9   0  18   9  27  9
  7 11  8  8 11  7  0 20  9   9   0  18  27  9
  7 11  8  8 11  7  0 20  9   9   9   0  36  9
  7 11  9  8  1 16 11  7  0  20   9   9  27  9
  7 11  9  8  8  2 18  7  0  20   9   9  27  9
  7 11  9  8  8  9 11  0  7  20   9   9  27  9
  7 11 11 13 13 11 11  7  0  26  11  11  33 11
  7 11 15  9  9 15 11  7  0  26  11  11  33 11
  7 15  7 13 13  7 15  7  0  26  11  11  33 11
  7 15 11  9  9 11 15  7  0  26  11  11  33 11
  8  7  8  8  0 15  0 18  8   8   8   8  24  8
  8  7  8  8  8  0 17  8  8   7   8   0  33  8
  8  7  8  8  8  9  8  8  7   8   0   8  33  8
  8  7  8  9  7  8  0 17  8   7   8   0  33  8
  8  7  8  9  7  8  9  7  8   0   8  17  24  8
  8  7  8  9  8  7  8  0 17   7   8   0  33  8
  8  7  9  7  8  0 16  9  7   8   0  17  24  8
  8  7  9  7  8  0 17  7  9   7   8   0  33  8
  8  7  9  7  8  9  7  8  0  16   0  17  24  8
  8  7  9  7  9  7  8  0 17   7   8   0  33  8
  8  7  9  7  9  7  9  7  8   0  16   0  33  8
  8  8  0 19  9 10  9  9  9   9   8   0  37  9
  8  8  0 19 10  8 10  9  9   9   8   0  37  9
  8  8  0 20  8 10  8 10  9   9   8   0  37  9
  8  8  0 20  9  8  9 10  9   9   8   0  37  9
  8  8  7  7  8  1  7 18  8   8   8   8  24  8
  8  8  7  8  8  0 17  7  8   8   0  17  24  8
  8  8  7  8  8  0 17  8  7   8   8   0  33  8
  8  8  7  8  8  9  8  7  8   8   0   8  33  8
  8  8  7  9  7  8  8  0 16   8   0  17  24  8
  8  8  7  9  7  9  7  8  8   0  16   0  33  8
  8  8  8  7  8  8  8  0 16   8   0  17  24  8
  8  8  8  7  8  9  7  8  8   8   0   8  33  8
  8  8  8  7  9  7  8  8  8   0  16   0  33  8
  8  8  8  8  7  8  8  8  8   0  16   0  33  8
  8  8  9 11  9  8  0  8 20   9   9   9  27  9
  8  9  8  0 19 10  9  9  9   9   8   0  37  9
  8  9  8  0 20  8 10  9  9   9   8   0  37  9
  8  9  9  8  0 20  9  8  0  19   9   9  27  9
  8  9  9  8  0 20  9  9  8   0  19   9  27  9
  8  9  9  8  0 20  9  9  9   8   0  19  27  9
  8  9  9  8  0 20  9  9  9   9   8   0  37  9
  8  9  9  9  9 10  9  9  8   0  18   0  37  9
  8  9  9  9 10  8 10  9  8   0  18   0  37  9
  8 10  8  9 10  8  9 10  8   0  18   0  37  9
  8 10 11 11 10  8  0 11 21  10  10  10  30 10
  8 10 12  9  0 21 10  8  0  22  10  10  30 10
  8 11 10 11  8  0 22 10 10   9   0  21  30 10
  8 11 11  8  0 21 11 10  9   0  21  10  30 10
  8 11 11  8  0 22  9 11 10   9   0  21  30 10
  8 11 11  8  0 22 10  9 11  10   9   0  41 10
  8 12  9 10 10  0 21  8  0  22  10  10  30 10
  9  0 16 10 10  9  7  9  0  20   9   9  27  9
  9  0 18  8  8 11  7  9  0  20   9   9  27  9
  9  0 22 12 12 11 11  9  0  24  11  11  33 11
  9  0 24 10 10 13 11  9  0  24  11  11  33 11
  9  5 11 11  5  9  0 22  9   9   9   9  27  9
  9  7  2 17 10  9  7  9  0  20   9   9  27  9
  9  7  9 10 10  9  0 16  0  20   9   9  27  9
  9  7  9 10 10  9  7  2  7  20   9   9  27  9
  9  7 10 10  7  9  0 20  0  18   9   9  27  9
  9  7 10 10  7  9  0 20  9   0  18   9  27  9
  9  7 10 10  7  9  0 20  9   9   0  18  27  9
  9  7 10 10  7  9  0 20  9   9   9   0  36  9
  9  7 11  8  1 18  7  9  0  20   9   9  27  9
  9  7 11  8  8 11  0 16  0  20   9   9  27  9
  9  7 11  8  8 11  7  2  7  20   9   9  27  9
  9  8  8  9  0  9 20  9  9   9   9   9  27  9
  9  8  8 11  8  8  1  8 20   9   9   9  27  9
  9  8  9  0 17  9  0 20  9   9   9   9  27  9
  9  8 10  7 10  0 17  0 20   9   9   9  27  9
  9  9  0 17 10  7  9  9  0  20   9   9  27  9
  9  9  0 22  9  9  0 22 10  10  10  10  30 10
  9  9  0 22 10  9  9  0 22  10  10  10  30 10
  9  9  7  7  9  9  0 22  9   9   9   9  27  9
  9  9  7 10 10  0 16  9  0  20   9   9  27  9
  9  9  7 10 10  7  2 16  0  20   9   9  27  9
  9  9  7 10 10  7  9  2  7  20   9   9  27  9
  9  9  8  8  9  9  0 20  0  18   9   9  27  9
  9  9  8  8  9  9  0 20  9   0  18   9  27  9
  9  9  8  8  9  9  0 20  9   9   0  18  27  9
  9  9  8  8  9  9  0 20  9   9   9   0  36  9
  9  9  8  9  8  1 17  0 20   9   9   9  27  9
  9  9  8 10  8  9  9  0 18   9   9   0  37  9
  9  9  9  8  1 16  9  9  0  20   9   9  27  9
  9  9  9  8  8  2 16  9  0  20   9   9  27  9
  9  9  9  8  8  9  2 16  0  20   9   9  27  9
  9  9 10 11 11 10  9  0  9  22  10  10  30 10
  9  9 12  9  0 21  9  9  0  22  10  10  30 10
  9  9 12  9  9 12  9  0  9  22  10  10  30 10
  9 10 10 10  9  0 22 10 10   9   0  21  30 10
  9 10 10 10  9  0 22 10 10  10   9   0  41 10
  9 11  0 23 12 11 11  9  0  24  11  11  33 11
  9 11 10  9  9 10 11  0  9  22  10  10  30 10
  9 11 11 11 12 12 11 11 11   0   9  24  33 11
  9 11 11 12 12 11 11  9  0  24   0  22  33 11
  9 11 11 12 12 11 11  9  0  24  11   0  44 11
  9 11 11 13 10 10 13 11 11   0   9  24  33 11
  9 11 12 12 11  9  0 24 11  11  10   0  45 11
  9 11 13  0 21 12  9 13 11   9   0  24  33 11
  9 11 13  9 12 12  0 22 11   9   0  24  33 11
  9 11 13  9 12 12  9 13 11   0   9  24  33 11
  9 11 13 10 10 13 11  9  0  13  22  11  33 11
  9 11 13 10 10 13 11  9  0  24   0  22  33 11
  9 11 13 10 10 13 11  9  0  24  11   0  44 11
  9 11 13 11 10 10  2 22 11   9   0  24  33 11
  9 11 13 11 10 10 11 13 11   0   9  24  33 11
  9 12 11 11 12  9  0 24 11  11  10   0  45 11
  9 12 11 12  9  0 23 12 11  11  10   0  45 11
  9 12 12  9  0 24  9  0 24  11  11  11  33 11
  9 12 12  9 12 12  9  0 12  23  11  11  33 11
  9 13  0 20 12 12 11  9 13   9   0  24  33 11
  9 13  0 22 10 10 13  9 13   9   0  24  33 11
  9 13  9 11 12 12 11  0 22   9   0  24  33 11
  9 13  9 11 12 12 11  9 13   0   9  24  33 11
  9 13  9 12 12  9 13  9  0  13  22  11  33 11
  9 13  9 12 12  9 13  9  0  24   0  22  33 11
  9 13  9 12 12  9 13  9  0  24  11   0  44 11
  9 13  9 13 10 10 13  0 22   9   0  24  33 11
  9 13  9 13 10 10 13  9 13   0   9  24  33 11
  9 13 10 10 13  9  0 23  0  23  11  11  33 11
  9 13 11  0 21 12  9 11 13   9   0  24  33 11
  9 13 11  9 12 12  0 20 13   9   0  24  33 11
  9 13 11  9 12 12  9 11 13   0   9  24  33 11
  9 13 11 10 10 11 13  9  0  13  22  11  33 11
  9 13 11 10 10 11 13  9  0  24   0  22  33 11
  9 13 11 10 10 11 13  9  0  24  11   0  44 11
  9 13 11 11 10  1 20 11 13   9   0  24  33 11
  9 13 11 11 10 10  2 20 13   9   0  24  33 11
  9 13 11 11 10 10 11  2 22   9   0  24  33 11
  9 13 11 11 10 10 11 11 13   0   9  24  33 11
  9 13 13 13 15 15 13 13 13   9   0  30  39 13
  9 13 13 17 11 11 17 13 13   9   0  30  39 13
  9 13 17  9 15 15  9 17 13   9   0  30  39 13
  9 13 17 13 11 11 13 17 13   9   0  30  39 13
  9 17  9 13 15 15 13  9 17   9   0  30  39 13
  9 17  9 17 11 11 17  9 17   9   0  30  39 13
  9 17 13  9 15 15  9 13 17   9   0  30  39 13
  9 17 13 13 11 11 13 13 17   9   0  30  39 13
 10  8 11 11  8 10  0 11 21  10  10  10  30 10
 10  9  9 10  0 22  9 10  0  21  10  10  30 10
 10  9  9 10  0 22 10  9 10   0  21  10  30 10
 10  9  9 10  0 22 10 10  9  10   0  21  30 10
 10  9  9 10  0 22 10 10 10   9  10   0  41 10
 10  9  9 11 11  9  9  1  9  22  10  10  30 10
 10  9 10  9 10  0 10 22 10  10  10  10  30 10
 10  9 11  9  9 11  9  1  9  22  10  10  30 10
 10 10  0 23 12 11 10 10  0  24  11  11  33 11
 10 10  9 10 10  0 19 10  0  22  10  10  30 10
 10 10  9 10 10  9  1 19  0  22  10  10  30 10
 10 10 10  9  9 10 10  1  9  22  10  10  30 10
 10 10 11 11 13 11 11 10  0  10  24  11  33 11
 10 10 12 10 13 10 12 10  0  10  24  11  33 11
 10 10 12 12 10 10  0 24 10   0  23  11  33 11
 10 10 12 12 10 10  0 24 11  11  10   0  45 11
 10 10 13 10 10  0 24 10 12  11  10   0  45 11
 10 10 13 10 11 10 13 10  0  10  24  11  33 11
 10 11 11 11 11 10  0 24 11  11  10   0  45 11
 10 12  9 12 10  0 24 11 10  12  10   0  45 11
 10 12  9 12 12  9  1 21  0  24  11  11  33 11
 10 12 10 10 13 10 10 12  0  10  24  11  33 11
 10 12 12 13 13 12 12 10  0  13  25  12  36 12
 10 12 12 14 11  0 25 12 12  10   0  26  36 12
 10 12 13 12 13 12 10  0 25   0  25  12  36 12
 10 12 14 12 11  0 23 14 12  10   0  26  36 12
 10 13 11 13 13 11 13 10  0  13  25  12  36 12
 10 13 11 14 11 13 10  0 26  12  11   0  49 12
 10 13 13 10  0 25 13 10  0  26  12  12  36 12
 10 13 13 10 13 13 10  0 26  12  11   0  49 12
 10 13 13 11 11 13 13 10  0  13  25  12  36 12
 10 13 13 12 11  0 23 13 13  10   0  26  36 12
 10 14 10 14 11  0 25 10 14  10   0  26  36 12
 10 14 11 11 13 13 11  0 25  10   0  26  36 12
 10 14 11 11 14 10  0 26 11  13  11   0  49 12
 10 14 11 13 11  0 24 11 14  10   0  26  36 12
 10 14 11 13 11 11 13  0 25  10   0  26  36 12
 10 14 12 10 13 13 10  1 25  10   0  26  36 12
 10 14 12 11 12 12 11  1 25  10   0  26  36 12
 11  0 20 11 12 12 11 11  9  11   0  24  33 11
 11  0 20 13 10 10 13 11  9  11   0  24  33 11
 11  0 22  9 12 12  9 13  9  11   0  24  33 11
 11  0 22 11 10 10 11 13  9  11   0  24  33 11
 11  0 26 13 14 14 13 13 13  11   0  28  39 13
 11  0 26 15 12 12 15 13 13  11   0  28  39 13
 11  0 28 11 14 14 11 15 13  11   0  28  39 13
 11  0 28 13 12 12 13 15 13  11   0  28  39 13
 11  7 11 13 13 11  7 11  0  26  11  11  33 11
 11  7 15  9  9 15  7 11  0  26  11  11  33 11
 11  9  2 20 12 12 11 11  9  11   0  24  33 11
 11  9  2 22 10 10 13 11  9  11   0  24  33 11
 11  9 11 11 12 12 11 11  0  20   0  24  33 11
 11  9 11 11 12 12 11 11  9   2   9  24  33 11
 11  9 11 12 12 11  9 11  0  24   0  22  33 11
 11  9 11 12 12 11  9 11  0  24  11   0  44 11
 11  9 11 13 10  1 22 11  9  11   0  24  33 11
 11  9 11 13 10 10 13 11  0  20   0  24  33 11
 11  9 11 13 10 10 13 11  9   2   9  24  33 11
 11  9 12 11  0 23  9 11  0  24  11  11  33 11
 11  9 13  0 21 12  9 13  9  11   0  24  33 11
 11  9 13  9 12 12  0 22  9  11   0  24  33 11
 11  9 13  9 12 12  9 13  0  20   0  24  33 11
 11  9 13  9 12 12  9 13  9   2   9  24  33 11
 11  9 13 10 10 13  9 11  0  13  22  11  33 11
 11  9 13 10 10 13  9 11  0  24   0  22  33 11
 11  9 13 10 10 13  9 11  0  24  11   0  44 11
 11  9 13 10 11  0 23  9 11   0  24  11  33 11
 11  9 13 11 10  1 20 13  9  11   0  24  33 11
 11  9 13 11 10 10  2 22  9  11   0  24  33 11
 11  9 13 11 10 10 11 13  0  20   0  24  33 11
 11  9 13 11 10 10 11 13  9   2   9  24  33 11
 11 10 10 10  1 10 25 11 11  11  11  11  33 11
 11 10 10 11 13 11 10 10  1  10  24  11  33 11
 11 10 11 10 11  0 24 11 10  11   0  23  33 11
 11 10 11 10 11  0 24 11 11  10  11   0  45 11
 11 10 11 10 13 10 11  0 21   0  24  11  33 11
 11 10 11 11 10 11  0 11 24  11  11  11  33 11
 11 10 11 12  9 12 11  0 21   0  24  11  33 11
 11 10 12  9 13  9 12  0 21   0  24  11  33 11
 11 10 12 10 10  1 21 11  0  24  11  11  33 11
 11 10 12 10 11  0 22 10 11   0  24  11  33 11
 11 11  0 20 12 12 11  9 11  11   0  24  33 11
 11 11  0 22 10 10 13  9 11  11   0  24  33 11
 11 11  0 24 14 12 12 11 11   0  26  12  36 12
 11 11  0 26 10 14 12 11 11   0  26  12  36 12
 11 11  7 13 13  7 11 11  0  26  11  11  33 11
 11 11  9  2 21 12 11  9 11  11   0  24  33 11
 11 11  9 11 12 12 11  0 20  11   0  24  33 11
 11 11  9 11 12 12 11  9  2  20   0  24  33 11
 11 11  9 11 12 12 11  9 11   2   9  24  33 11
 11 11  9 12 12  9 11 11  0  24   0  22  33 11
 11 11  9 12 12  9 11 11  0  24  11   0  44 11
 11 11  9 13 10  1 22  9 11  11   0  24  33 11
 11 11  9 13 10 10 13  0 20  11   0  24  33 11
 11 11  9 13 10 10 13  9  2  20   0  24  33 11
 11 11  9 13 10 10 13  9 11   2   9  24  33 11
 11 11 10 10 11 11  0 11 24  11  11  11  33 11
 11 11 10 10 13 10 10 11  1  10  24  11  33 11
 11 11 10 11 11 11  0 21 11   0  24  11  33 11
 11 11 10 12  9 12 10  1 21   0  24  11  33 11
 11 11 11  0 21 12  9 11 11  11   0  24  33 11
 11 11 11  9  9 11 11 11  0  26  11  11  33 11
 11 11 11  9 12 12  0 20 11  11   0  24  33 11
 11 11 11  9 12 12  9  2 20  11   0  24  33 11
 11 11 11  9 12 12  9 11  2  20   0  24  33 11
 11 11 11  9 12 12  9 11 11   2   9  24  33 11
 11 11 11 10 10 11 11 11  0  24   0  22  33 11
 11 11 11 10 10 11 11 11  0  24  11   0  44 11
 11 11 11 10 11 10 11  1 21   0  24  11  33 11
 11 11 11 11 10  1 20 11 11  11   0  24  33 11
 11 11 11 11 10 10  2 20 11  11   0  24  33 11
 11 11 11 11 10 10 11  2 20  11   0  24  33 11
 11 11 11 11 10 10 11 11  2  20   0  24  33 11
 11 11 12 12 13 13 12 12 11   0  11  26  36 12
 11 11 12 14 11  0 25 12 11  11   0  26  36 12
 11 11 12 14 11 11 14 12 11   0  11  26  36 12
 11 11 12 14 12 11 11  0 26  12  11   0  49 12
 11 11 13 11 13 13 11 13 11   0  11  26  36 12
 11 11 14 10 14 11 11  0 26  12  11   0  49 12
 11 11 14 11 12 12 11 14 11   0  11  26  36 12
 11 11 14 12 11  0 23 14 11  11   0  26  36 12
 11 11 14 12 11 11 12 14 11   0  11  26  36 12
 11 12 11 12 14 12 11  0 23   0  26  12  36 12
 11 12 11 14 11 11 14 11 12   0  11  26  36 12
 11 12 13 12 11  0 23 13 12  11   0  26  36 12
 11 13  0 26 14 14 13 13 13  11   0  28  39 13
 11 13  0 28 12 12 15 13 13  11   0  28  39 13
 11 13 10 13 13 10 13 11  0  13  25  12  36 12
 11 13 10 14 10 13 11  0 26  11   0  25  36 12
 11 13 10 14 11  0 25 10 13  11   0  26  36 12
 11 13 11 11 13 11  0 26 11  13  11   0  49 12
 11 13 11 11 13 13 11  0 24  11   0  26  36 12
 11 13 11 11 13 13 11 11 13   0  11  26  36 12
 11 13 11 13 11  0 24 11 13  11   0  26  36 12
 11 13 11 13 11 11 13 11 13   0  11  26  36 12
 11 13 12 10 13 13 10  1 24  11   0  26  36 12
 11 13 12 12 11 11 12 12 13   0  11  26  36 12
 11 13 13  0 27 14 13 13 13  11   0  28  39 13
 11 13 13 14 14 13 11  0 13  28  13  13  39 13
 11 13 13 15 12 12 15 13 13  11   0  15  52 13
 11 13 14 13 13 14 13 11  0  27   0  27  39 13
 11 13 14 13 13 14 13 11  0  28  12   0  53 13
 11 13 14 14 11 14 14 13 11   0  14  27  39 13
 11 13 15 11 14 14 11 15 13  11   0  15  52 13
 11 13 15 12 12  0 28 11  0  28  13  13  39 13
 11 13 15 12 12 15 12  0 27  13  11   0  54 13
 11 13 15 12 12 15 13 11  0  28  12   0  53 13
 11 13 15 12 14 11 14  0 27  13  11   0  54 13
 11 13 15 13 12 12 13 15 13  11   0  15  52 13
 11 14 12 14 14 12 14 11  0  28  12   0  53 13
 11 14 14 12 14 11 14  0 26  14  11   0  54 13
 11 14 14 13 11 13 14 14 11   0  14  27  39 13
 11 15 11  0 27 14 13 11 15  11   0  28  39 13
 11 15 11 13 14 14 13 11 15  11   0  15  52 13
 11 15 11 14 14 11 15 11  0  28  12   0  53 13
 11 15 11 15 12 12 15 11 15  11   0  15  52 13
 11 15 12 12 15 11  0 28 11   0  28  13  39 13
 11 15 12 12 15 11 15 12  0  27  11   0  54 13
 11 15 13 11 14 13 14 11  1  27  11   0  54 13
 11 15 13 11 14 14 11 13 15  11   0  15  52 13
 11 15 13 12 12 13 15 11  0  28  12   0  53 13
 11 15 13 12 12 15 12  0 25  15  11   0  54 13
 11 15 13 12 13 13 13  0 25  15  11   0  54 13
 11 15 13 13 12 12 13 13 15  11   0  15  52 13
 11 15 15 15 11  0 15 30 14  14  14  14  42 14
 12 10 12 13 13 12 10 12  0  13  25  12  36 12
 12 10 13 13 10 12  0 26 12  11  12   0  49 12
 12 11 11 12 13 13 12 11 11   1  11  26  36 12
 12 11 11 14 11 11 14 11 11   1  11  26  36 12
 12 11 12 11 13 13 11 12  0  23   0  26  36 12
 12 11 12 12 11 12  0 26 12  11  12   0  49 12
 12 11 12 12 12 11 12  0 12  26  12  12  36 12
 12 11 13 10 13 13 10 13  0  23   0  26  36 12
 12 11 13 12 11 11 12 13 11   1  11  26  36 12
 12 12  0 24  0 30 13 13 13  13  13  13  39 13
 12 12  0 26 14 14 13 13 12  12   0  28  39 13
 12 12  0 28 12 12 15 13 12  12   0  28  39 13
 12 12 10 13 13 10 12 12  0  13  25  12  36 12
 12 12 11 11 13 13 11 11 12   1  11  26  36 12
 12 12 11 12 11 12 12  0 12  26  12  12  36 12
 12 12 11 12 12  0 23 12 12   0  26  12  36 12
 12 12 11 12 12 12 12  0 23  12   0  26  36 12
 12 12 11 13 11 11 13  0 23  12   0  26  36 12
 12 12 11 13 11 11 13 11 12   1  11  26  36 12
 12 12 12  0 12 30 13 13 13  13  13  13  39 13
 12 12 12 11 12 12 11  1 23  12   0  26  36 12
 12 12 12 11 12 12 11 12  1  23   0  26  36 12
 12 12 12 12 11 11 12 12 12   1  11  26  36 12
 12 12 13 13 13 15 13 13 13  12   0  12  54 13
 12 12 13 14 12 15 12 14 13  12   0  12  54 13
 12 12 13 15 12 13 12 15 13  12   0  12  54 13
 12 12 14 12 13 15 13 12 14  12   0  12  54 13
 12 12 15 12 12  0 27 12  0  28  13  13  39 13
 12 12 15 12 12 15 12  0 27  12  12   0  54 13
 12 12 15 12 12 15 12 12  0  27   0  27  39 13
 12 12 15 12 12 15 12 12 15  12   0  12  54 13
 12 12 15 13 12 13 12 13 15  12   0  12  54 13
 12 13 12 13 14 14 13 12  0  25   0  28  39 13
 12 14 12 12 13 15 13 12 12  14   0  12  54 13
 12 14 12 12 14 12  0 26  0  28  13  13  39 13
 12 14 12 12 15 11 15 12  0  26  12   0  54 13
 12 14 13 11 14 13 14 11  1  26  12   0  54 13
 12 14 13 12 12 15 12  0 25  14  12   0  54 13
 12 14 13 12 12 15 12 12 13  14   0  12  54 13
 12 14 14 14 15 15 14 14 14  12   0  15  57 14
 12 14 14 15 14 15 14 12  0  14  30  14  42 14
 12 14 14 15 14 15 14 14 12   0  29   0  57 14
 12 14 15 13 15 15 13 15 14  12   0  15  57 14
 12 14 15 13 16 13 15 14 12   0  29   0  57 14
 12 14 15 15 13 13  0 30 14  12   0  30  42 14
 12 14 15 15 13 13 15 15 14  12   0  15  57 14
 12 14 15 15 14 12  0 29 15  14  12   0  58 14
 12 15 13 14  0 30 14 13 15  12   0  30  42 14
 12 15 13 14  0 30 14 14 13  15  12   0  58 14
 12 15 13 14 15 15 14 13 15  12   0  15  57 14
 12 15 15 12  0 28 15 15 12   0  30  14  42 14
 12 15 15 12  0 30 12 15 15  12   0  30  42 14
 12 15 15 12  0 30 14 12 15  15  12   0  58 14
 12 15 15 12 15 15 12  0 30  12   0  30  42 14
 12 15 15 12 15 15 12 15 15  12   0  15  57 14
 12 15 15 14 13 13 14 15 15  12   0  15  57 14
 12 16 13 13 16 13 13 16 12   0  29   0  57 14
 13  9 13 13 15 15 13 13  9  13   0  30  39 13
 13  9 13 17 11 11 17 13  9  13   0  30  39 13
 13  9 17  9 15 15  9 17  9  13   0  30  39 13
 13  9 17 13 11 11 13 17  9  13   0  30  39 13
 13 11 13  0 27 14 13 13 11  13   0  28  39 13
 13 11 13 14 13  0 27 13 11  13   0  28  39 13
 13 11 13 14 14 11 13  0 13  28  13  13  39 13
 13 11 13 15 12 12 15 13 11  13   0  15  52 13
 13 11 13 15 12 13  0 27 13  11  13   0  54 13
 13 11 14 14 11 14 14 11 13   0  14  27  39 13
 13 11 15 11 14 14 11 15 11  13   0  15  52 13
 13 11 15 12 12 15 11 13  0  27   0  27  39 13
 13 11 15 12 13  0 25 15 11  13   0  28  39 13
 13 11 15 12 13 13 13  0 27  11  13   0  54 13
 13 11 15 12 14 11 14  0 27  11  13   0  54 13
 13 11 15 13 12 12 13 15 11  13   0  15  52 13
 13 12 12 13  0 25  0 29 13  13  13  13  39 13
 13 12 12 13 13 15 13 13 12  12   1  12  54 13
 13 12 12 14 12 15 12 14 12  12   1  12  54 13
 13 12 12 15 12 13  0 27 12  12  13   0  54 13
 13 12 12 15 12 13 12 15 12  12   1  12  54 13
 13 12 13 12 13 15 13 12 13   0  25   0  54 13
 13 12 13 12 15 11 15 12 13   0  25   0  54 13
 13 12 13 13 13 13 12 13  0  13  28  13  39 13
 13 12 13 14 11 15 11 14 13   0  25   0  54 13
 13 12 14 11 14 13 14 11 14   0  25   0  54 13
 13 12 14 11 15 11 15 11 14   0  25   0  54 13
 13 12 14 12 12 15 12 12 14  12   1  12  54 13
 13 12 14 12 13  0 25 14 12  13   0  28  39 13
 13 12 14 12 14 11 14  0 26  12  13   0  54 13
 13 12 14 13 12 13 12 13 14   0  25   0  54 13
 13 13  0 28 14 16 14 14 14  13  13   0  58 14
 13 13  0 28 16 12 16 14 14  13  13   0  58 14
 13 13  0 30 12 16 12 16 14  13  13   0  58 14
 13 13  0 30 14 12 14 16 14  13  13   0  58 14
 13 13  0 33 16 15 15 13  0  32  15  15  45 15
 13 13  9 13 15 15 13  9 13  13   0  30  39 13
 13 13  9 17 11 11 17  9 13  13   0  30  39 13
 13 13 11 14 13  0 27 11 13  13   0  28  39 13
 13 13 11 15 12 12 15 11 13  13   0  15  52 13
 13 13 12 12 13 13  0 26  0  28  13  13  39 13
 13 13 12 12 13 13  0 28 12  13  13   0  53 13
 13 13 12 12 13 15 13 12 12  13   1  12  54 13
 13 13 12 13 12 15 12 13 12   1  25   0  54 13
 13 13 12 13 13  0 26 12 13  13   0  28  39 13
 13 13 12 13 13 12 13 13  0  13  28  13  39 13
 13 13 12 13 14 11 14 13  0  25  13   0  54 13
 13 13 12 13 14 11 14 13 12   1  25   0  54 13
 13 13 12 14 11 15 11 14 12   1  25   0  54 13
 13 13 13  9 15 15  9 13 13  13   0  30  39 13
 13 13 13 12 12 13 13 13  0  13  28  13  39 13
 13 13 13 12 12 15 12 12 13  13   1  12  54 13
 13 13 13 12 13 13 13  0 25  13  13   0  54 13
 13 13 13 12 13 13 13 12  1  25  13   0  54 13
 13 13 13 12 14 11 14 12 13   1  25   0  54 13
 13 13 13 13 11 11 13 13 13  13   0  30  39 13
 13 13 13 13 12 13 12 13 13   1  25   0  54 13
 13 13 13 17 13 13  0 13 31  14  14  14  42 14
 13 13 15 15 13 13  0 30 13  13   0  30  42 14
 13 14 13 14 14 16 14 14 13   0  27   0  58 14
 13 14 13 14 16 12 16 14 13   0  27   0  58 14
 13 15 12 14 15 15 14 12 15  13   0  15  57 14
 13 15 12 15 15 12 15 15 12   1  27   0  58 14
 13 15 13 13 13 15  0 13 31  14  14  14  42 14
 13 15 14 12 15 15 12 14 15  13   0  15  57 14
 13 15 15 15 16 16 15 15 13   0  15  32  45 15
 13 15 15 16 15 15 16 15 13   0  15  32  45 15
 14 12 14 14 15 15 14 14 12  14   0  15  57 14
 14 12 14 15 14 15 12 14  0  14  30  14  42 14
 14 12 14 15 14 15 14 12 14   0  29   0  57 14
 14 12 15 13 15 15 13 15 12  14   0  15  57 14
 14 12 15 15 13 13 15 15 12  14   0  15  57 14
 14 13 13 14  0 30 13 13 14   0  30  14  42 14
 14 13 13 14  0 30 14 13 13  14   0  30  42 14
 14 13 13 14  0 30 14 14 13  13  14   0  58 14
 14 13 14 13 14  0 27  0 31  14  14  14  42 14
 14 13 14 14 14 14 14 13 14   0  14  30  42 14
 14 13 15 12 15 15 12 15 13  14   0  15  57 14
 14 14 12 14 15 15 14 12 14  14   0  15  57 14
 14 14 12 15 14 14  0 29 12  14  14   0  58 14
 14 14 13 13 13 14  1 13 31  14  14  14  42 14
 14 14 13 14 14 14 13 14 14   0  14  30  42 14
 14 14 13 15 13 14 13  1 27  14  14   0  58 14
 14 14 14 12 15 15 12 14 14  14   0  15  57 14
 14 14 14 13 14 13 14 14 14   0  14  30  42 14
 14 15 19 15 14  0 35 14  0  34  16  16  48 16
 14 16 14 15 15 14 16 14  0  30   0  32  45 15
 14 16 16 16 17 16 17 16 16  14   0  16  66 16
 14 16 16 17 16 16 16 17 16  14   0  16  66 16
 14 16 18 15 15 18 15 15  0  34  14   0  66 16
 14 17 18 18 18 17 14  0 18  36  17  17  51 17
 14 18 13 18 14  0 35 14  0  34  16  16  48 16
 14 18 14 17 16 15 18 14  0  32   0  34  48 16
 14 18 14 17 17 14 17 15  0  34  14   0  66 16
 14 18 15 15 18 14  0 33 15  18  14   0  66 16
 14 18 16 15 15 16 17 15  0  34  14   0  66 16
 14 20 16 15 20 15  0 36 14   0  37  17  51 17
 14 20 16 16 18 16  0 36 14   0  37  17  51 17
 15 13 15 15 16 16 15 13 15   0  15  32  45 15
 15 13 15 16 15 15 16 13 15   0  15  32  45 15
 15 13 16 16 13 15  0 30 15   0  32  15  45 15
 15 13 16 16 13 15  0 32 13  15   0  32  45 15
 15 14 15 15 15 15 15 15 14  15   0  15  62 15
 15 14 16 14 14 16 14 15  0  30   0  32  45 15
 15 15  0 36 18 18 17 17 17  15   0  36  51 17
 15 15  0 38 16 16 19 17 17  15   0  36  51 17
 15 15 13 15 16 16 13 15 15   0  15  32  45 15
 15 15 14 15 15 14 15 15  0  30   0  32  45 15
 15 15 14 15 15 15 15 14 15  15   0  15  62 15
 15 15 15 14 14 15 15 15  0  30   0  32  45 15
 15 15 15 14 15 15 14 15 15  15   0  15  62 15
 15 15 15 15 14 14 15 15 15  15   0  15  62 15
 15 15 18 15 15 18 15 15  0  33  15   0  66 16
 15 17 14 17 17 14 17 15  0  33  15   0  66 16
 15 17 15  0 37 18 17 17 17  15   0  36  51 17
 15 17 16 15 15 16 17 15  0  33  15   0  66 16
 15 17 17 19 16 16 17 19 17  15   0  17  70 17
 15 17 19 17 16 16 17 17 19  15   0  17  70 17
 15 19 16 15 20 15  0 35 15   0  37  17  51 17
 16 14 16 16 17 16 17 16 14  16   0  16  66 16
 16 14 16 17 16 16 16 17 14  16   0  16  66 16
 16 14 17 17 14 16  0 33 17  14  16   0  66 16
 16 15 15 15  1 30  0 36 16  16  16  16  48 16
 16 15 15 18 15 15 16  0 32  16   0  34  48 16
 16 15 17 14 17 15 16  0 32  16   0  34  48 16
 16 16 14 16 17 16 17 14 16  16   0  16  66 16
 16 16 15 15 16 15  1 31  0  35  16  16  48 16
 16 16 16 17 20 17 16 16  0  16  37  17  51 17
 16 16 16 19 16 19 16 16  0  16  37  17  51 17
 16 16 19 16 16 16 19 16  0  16  37  17  51 17
 16 16 21 16 21 16  0 16 40  18  18  18  54 18
 16 17 21 17 17 17 21 16  0  17  39  18  54 18
 16 18 16 16 18 16  0 34 16   0  37  17  51 17
 16 18 17 16 16 16 17 18  0  16  37  17  51 17
 16 20 20 20 16 20  0 40 16   0  41  19  57 19
 16 23 21 18  0 39 23 16  0  44  20  20  60 20
 17 14 18 18 18 14 17  0 18  36  17  17  51 17
 17 15 17 19 16 16 17 19 15  17   0  17  70 17
 17 15 19 16 16 19 15 17  0  34  17   0  70 17
 17 16 16 16 16  1 16 38 17  17  17  17  51 17
 17 16 16 16 20 16 16 16  1  16  37  17  51 17
 17 16 18 15 18 15 18  0 33   0  37  17  51 17
 17 16 18 16 16 16 18 16  1  16  37  17  51 17
 17 17 15 18 18 15 17 17  0  34  17   0  70 17
 17 17 16 17 16 17 16  1 33   0  37  17  51 17
 17 17 17 16 16 16 17 17  1  16  37  17  51 17
 17 17 17 16 16 17 17 17  0  34  17   0  70 17
 17 19 18 22 18 19 17  0 41  19  17   0  78 19
 17 19 21 16 21 19 17  0 41  19  17   0  78 19
 17 20 20 21 21 21 20 20 17   0  21  42  60 20
 17 21 19 21 21 21 19 21 17   0  21  42  60 20
 17 21 21 21 17 21 21 21 17   0  21  42  60 20
 17 22 22 22 22 17  0 22 45  21  21  21  63 21
 17 23 19 18 22 19 22 18  0  42  17   0  83 20
 17 23 19 20 20 19 20 20  0  42  17   0  83 20
 18 17 18 18 17 18  0 35 18   0  39  18  54 18
 18 18 17 17 18 18  0 35 18   0  39  18  54 18
 18 18 18 18  0 18 43 19 19  19  19  19  57 19
 18 18 18 22 17 18 22 18 18   0  18  41  57 19
 18 21 21 18  0 39 21 18  0  44  20  20  60 20
 18 21 22 21 22 22 21 18  0  43   0  44  63 21
 18 22 19 18 22 19 22 18  0  41  18   0  83 20
 18 23 23 23 23 18  0 46  0  46  22  22  66 22
 19 17 20 20 16 20  0 37 19   0  41  19  57 19
 19 18 18 19  0 36 19  0 42  19  19  19  57 19
 19 19 18 19 18 19 19  0 37  19   0  41  57 19
 19 19 19 18 18 19 18 19  1  37   0  41  57 19
 19 19 19 20 20 23 20 20 19  19   0  19  83 20
 19 19 19 20 22 19 22 20 19  19   0  19  83 20
 19 19 19 21 19 23 19 21 19  19   0  19  83 20
 19 19 19 23 19 19 19 23 19  19   0  19  83 20
 19 19 22 20 19 19 19 20 22  19   0  19  83 20
 19 20 21 24 20 20 20 24 21  19   0  20  87 21
 19 20 24 21 20 20 20 21 24  19   0  20  87 21
 19 21 17 21 21 21 17 21 19   0  21  42  60 20
 19 21 19 19 19 23 19 19 19  21   0  19  83 20
 19 21 19 21 19 19 19 21 19  21   0  19  83 20
 19 21 20 20 19 19 19 20 20  21   0  19  83 20
 19 22 23 22 23 22 23 22 19   0  45   0  90 22
 20 17 20 21 21 21 20 17 20   0  21  42  60 20
 20 19 19 19 20 23 20 19 19  19   1  19  83 20
 20 19 19 19 22 19 22 19 19  19   1  19  83 20
 20 19 19 22 19 19 19 22 19  19   1  19  83 20
 20 19 20 19 22 17 22 19 20   0  39   0  83 20
 20 19 20 21 18 21 18 21 20   0  39   0  83 20
 20 19 21 18 22 17 22 18 21   0  39   0  83 20
 20 19 21 20 19 19 19 20 21  19   1  19  83 20
 20 20 17 21 21 21 17 20 20   0  21  42  60 20
 20 20 19 19 19 19  2 38  0  44  20  20  60 20
 20 20 19 19 19 23 19 19 19  20   1  19  83 20
 20 20 19 20 20 19 20 20  0  39  20   0  83 20
 20 20 19 21 18 21 18 21 19   1  39   0  83 20
 20 20 19 21 19 19 19 21 19  20   1  19  83 20
 20 20 20 19 20 19 20 19 20   1  39   0  83 20
 20 20 20 20 19 19 19 20 20  20   1  19  83 20
 20 20 22 25 20 25 22 20  0  20  48  22  66 22
 20 20 26 21 20 21 26 20  0  20  48  22  66 22
 20 22 20 20 20 20 22  0 20  46  21  21  63 21
 20 23 20 23 24 19 24 23 20   0  43   0  91 22
 21 19 20 24 20 20 20 24 19  20   1  20  87 21
 21 20 22 20 20 22 20 20  1  41  21   0  87 21
 21 21 19 22 22 18 22 21  0  41  21   0  87 21
 21 21 20 20 20 20 21  1 20  46  21  21  63 21
 21 21 21 20 20 21 21 20  1  41  21   0  87 21
 21 25 26 26 26 26 25 21  0  26  53  25  75 25
 21 26 21 26 26 21  0 47  0  52  24  24  72 24
 21 29 24 24 25 25  0 48 29  21   0  54  75 25
 22 20 20 25 20 25 20 20  2  20  48  22  66 22
 22 20 23 22 20 25 20 22  0  43  22   0  91 22
 22 20 24 21 20 25 20 21  1  43  22   0  91 22
 22 21 21 22  0 43 21 22  0  48  22  22  66 22
 22 22 21 21 22 21  1 42 22   0  48  22  66 22
 22 22 22 22 27 22 22 22  0  22  50  23  69 23
 22 23 23 28 23 23 22  0 52  22   0  50  72 24
 22 26 27 27 27 27 26 22  0  54   0  54  78 26
 22 28 28 23 28 23 28 28 22   0  28  54  78 26
 22 30 24 27 27 22 27 27  0  54  22   0 108 26
 22 30 26 25 25 26 25 25  2  54  22   0 108 26
 23 22 23 22 23 22 23  0 45   0  50  23  69 23
 24 22 26 23 23 23 23 26  0  46   0  52  72 24
 24 23 23 23 23 23  1 23 53  24  24  24  72 24
 24 24 24 23 23 23 23 24  2  46   0  52  72 24
 24 24 24 24 27 27 24 24 24   0  24  54  75 25
 24 24 26 26 29 24 29 26 26  24   0  24 108 26
 24 24 26 30 25 24 25 30 26  24   0  24 108 26
 24 24 27 24 24 24 24 27 24   0  24  54  75 25
 24 24 28 24 29 24 29 24 28  24   0  24 108 26
 24 24 30 24 27 24 27 24 30  24   0  24 108 26
 24 24 30 26 25 24 25 26 30  24   0  24 108 26
 24 26 25 24 24 24 24 25 26   0  24  54  75 25
 24 26 31 26 26 26 26 31 24   0  26  58  81 27
 24 28 24 24 29 24 29 24 24  28   0  24 108 26
 24 30 30 30 30 30 24  0 30  62  29  29  87 29
 25 21 26 26 26 26 21 25  0  26  53  25  75 25
 25 21 28 24 25 25  0 52 21  25   0  54  75 25
 25 21 28 26 23 23  2 52 21  25   0  54  75 25
 25 23 26 26 23 23  2 50 23  25   0  54  75 25
 25 24 25 24 25 25 24 25  0  49   0  54  75 25
 25 24 26 24 24 24 24 26 24   1  24  54  75 25
 25 25 24 24 25 25  0 48 25  25   0  54  75 25
 25 25 25 24 24 24 24 25 25   1  24  54  75 25
 25 25 25 25  0 50  0 58 26  26  26  26  78 26
 25 25 25 25 25  0 25 58 26  26  26  26  78 26
 25 27 31 27 27 31 27 25  0  60  25   0 115 28
 25 27 32 26 26 32 27 25  0  60  25   0 115 28
 25 29 29 30 30 30 30 29 29  25   0  30 119 29
 25 30 25 30 30 25 30 25  0  60  25   0 115 28
 25 30 28 30 30 30 30 28 30  25   0  30 119 29
 25 31 24 30 30 24 31 25  0  60  25   0 115 28
 25 31 28 26 26 28 31 25  0  60  25   0 115 28
 26 22 27 27 27 27 22 26  0  54   0  54  78 26
 26 22 29 27 24 26  0 51 29  22  26   0 108 26
 26 24 24 26 29 24 29 26 24  24   2  24 108 26
 26 24 24 30 25 24 25 30 24  24   2  24 108 26
 26 24 27 27 24 26  0 51 27  24  26   0 108 26
 26 26 24 24 29 24 29 24 24  26   2  24 108 26
 26 26 24 27 27 22 27 27  0  50  26   0 108 26
 26 26 26 25 25 26 25 25  2  50  26   0 108 26
 26 26 26 26 27 31 27 26 26  26   0  26 112 27
 27 24 29 24 29 29 24 27  0  53   0  58  81 27
 27 26 26 26 26 31 26 26 26  26   1  26 112 27
 27 26 28 25 28 25 28 25 28   0  53   0 112 27
 27 27 26 27 26 27 26 27 26   1  53   0 112 27
 28 28 27 27 28 28  0 55 27  28  28   0 116 28
 28 30 25 30 30 30 30 25 30  28   0  30 119 29
 28 30 28 28 28 28 28 30  0  28  63  29  87 29
 29 25 29 30 30 30 30 29 25  29   0  30 119 29
 29 29 25 30 30 30 30 25 29  29   0  30 119 29
 29 29 28 28 28 28 28 29  1  28  63  29  87 29
 29 29 29 34 34 29 29  0 29  68  31  31  93 31
 29 34 35 35 35 35 35 34 29   0  35  72 102 34
 31 29 31 30 30 31  0 60  0  68  31  31  93 31
 31 30 30 30 30 30  1 60  0  68  31  31  93 31
 31 33 38 38 33 31  0 76 35  31   0  74 105 35
 31 35 36 36 35 31  0 76 35  31   0  74 105 35
 32 31 31 31 31 31 31  1 31  70  32  32  96 32
 32 31 32 31 31 32 31 32  0  63   0  69  96 32
 32 39 39 39 39 39 39 32  0  39  81  38 114 38
 33 32 34 31 31 34 31 34  0  65   0  71  99 33
 33 33 33 33 33 33  0 33 75  34  34  34 102 34
 33 33 33 33 33 39 33 33 33  33   0  33 141 34
 33 33 36 33 33 33 33 33 36  33   0  33 141 34
 33 35 34 33 33 33 33 33 34  35   0  33 141 34
 33 36 42 36 36 36 36 36 42  33   0  36 153 37
 34 29 35 35 35 35 35 29 34   0  35  72 102 34
 34 33 34 33 34 33 34 33 34   0  67   0 141 34
 34 33 35 33 33 33 33 33 35  33   1  33 141 34
 34 34 34 33 33 33 33 33 34  34   1  33 141 34
 35 35 35 37 40 40 37 35 35   0  35  80 111 37
 35 35 35 42 35 35 42 35 35   0  35  80 111 37
 35 42 42 42 42 42 42 35  0  84   0  86 123 41
 35 43 36 36 43 35  0 80 43  35   0  82 117 39
 35 47 37 42 42 37 47 35  0  84   0  86 123 41
 37 35 35 35 40 40 35 35 35   2  35  80 111 37
 37 37 35 37 36 36 37 35  2  72   0  80 111 37
 37 37 36 36 36 36 36 36  2  72   0  80 111 37
 37 39 37 37 37 37 37 37 39   0  37  82 114 38
 37 45 35 45 40 40 45 35  2  80   0  88 123 41
 37 45 45 45 40 40 45 45 45  37   0  45 176 43
 38 37 37 38 37 37 38  0 74  38   0  82 114 38
 38 38 37 37 37 37 37 37 38   1  37  82 114 38
 38 44 45 45 45 45 45 45 44  38   0  45 181 44
 41 40 40 40 40 40 40 40  1  40  89  41 123 41
 41 49 49 49 49 49 49 49 41   0  49 102 144 48
 42 42 42 42 42 42  0 84  0  94  43  43 129 43
 42 42 42 42 42 42 42  0 42  94  43  43 129 43
 43 41 42 42 41 43  0 84  0  94  43  43 129 43
 44 38 45 45 45 45 45 45 38  44   0  45 181 44
 47 49 47 47 47 47 47 47 47  49   0  47 199 48
 48 48 47 47 47 47 47 47 47  48   1  47 199 48
 50 48 50 49 49 49 49 50  0  98   0 108 150 50
 50 49 49 49 49 49 49 49  1  98   0 108 150 50
 51 50 50 50 50 50 50 50 50   1  50 110 153 51
 51 51 49 50 50 49 51 49  2 100   0 110 153 51
 51 60 60 60 60 60 60 60 60  51   0  60 243 59
 52 52 52 52 52 52 52 52  0  52 115  53 159 53
 52 52 52 52 59 52 59 52 52  52   0  52 224 54
 62 61 61 61 61 61 61 61 61  61   1  61 257 62
 63 63 63 63 63 63 63 63  0 126   0 138 192 64
 63 63 63 63 63 63 63 63 63   0  63 138 192 64
 63 77 63 77 70 70 77 63  0 140   0 152 213 71
 64 62 63 63 63 63 62 64  0 126   0 138 192 64
 75 75 75 75 75 75 75 75 75  75   0  75 315 76

0 extreme rays of recession cone:

54 support hyperplanes of polyhedron (homogenized):
 -11 -11  3  3  3  3  3  3  3  3  3  3  3 -17
  -9  -9 -9 -9  5  5  5  5  5  5  5  5  5 -19
  -6   1  1  1  1  1  1  1  1  1  1  1  1  -8
  -5  -5 -5 -5 -5 -5 -5 -5  9  9  9  9  9 -23
  -5  -5 -5  2  2  2  2  2  2  2  2  2  2  -9
  -4  -4 -4 -4 -4  3  3  3  3  3  3  3  3 -10
  -3  -3 -3 -3 -3 -3 -3 -3 -3 -3 11 11 11 -25
  -3  -3 -3 -3 -3 -3 -3  4  4  4  4  4  4 -11
  -2  -2 -2 -2 -2 -2 -2 -2 -2  5  5  5  5 -12
  -1  -1 -1 -1 -1 -1 -1 -1 -1 -1 -1 -1 13 -27
  -1  -1 -1 -1 -1 -1 -1 -1 -1 -1 -1  6  6 -13
  -1  -1 -1 -1 -1 -1  1  1  1  1  1  1  1  -3
  -1  -1 -1 -1 -1  0  1  1  1  1  1  1  0   0
  -1  -1 -1 -1 -1  1  1  1  1  1  1  0  0   0
  -1  -1 -1 -1  0  0  0  1  1  1  1  1  0   0
  -1  -1 -1 -1  0  0  1  1  1  1  1  0  0   0
  -1  -1 -1 -1  0  1  1  1  1  1  0  0  0   0
  -1  -1 -1 -1  1  1  1  1  1  0  0  0  0   0
  -1  -1 -1  0  0  0  0  0  1  1  1  1  0   0
  -1  -1 -1  0  0  0  0  1  1  1  1  0  0   0
  -1  -1 -1  0  0  0  1  1  1  1  0  0  0   0
  -1  -1 -1  0  0  1  1  1  1  0  0  0  0   0
  -1  -1 -1  0  1  1  1  1  0  0  0  0  0   0
  -1  -1 -1  1  1  1  1  0  0  0  0  0  0   0
  -1  -1  0  0  0  0  0  0  0  1  1  1  0   0
  -1  -1  0  0  0  0  0  0  1  1  1  0  0   0
  -1  -1  0  0  0  0  0  1  1  1  0  0  0   0
  -1  -1  0  0  0  0  1  1  1  0  0  0  0   0
  -1  -1  0  0  0  1  1  1  0  0  0  0  0   0
  -1  -1  0  0  1  1  1  0  0  0  0  0  0   0
  -1  -1  0  1  1  1  0  0  0  0  0  0  0   0
  -1  -1  1  1  1  0  0  0  0  0  0  0  0   0
  -1   0  0  0  0  0  0  0  0  0  1  1  0   0
  -1   0  0  0  0  0  0  0  0  1  1  0  0   0
  -1   0  0  0  0  0  0  0  1  1  0  0  0   0
  -1   0  0  0  0  0  0  1  1  0  0  0  0   0
  -1   0  0  0  0  0  1  1  0  0  0  0  0   0
  -1   0  0  0  0  1  1  0  0  0  0  0  0   0
  -1   0  0  0  1  1  0  0  0  0  0  0  0   0
  -1   0  0  1  1  0  0  0  0  0  0  0  0   0
  -1   0  1  1  0  0  0  0  0  0  0  0  0   0
  -1   1  1  0  0  0  0  0  0  0  0  0  0   0
   0   0  0  0  0  0  0  0  0  0  0  1  0   0
   0   0  0  0  0  0  0  0  0  0  1  0  0   0
   0   0  0  0  0  0  0  0  0  1  0  0  0   0
   0   0  0  0  0  0  0  0  1  0  0  0  0   0
   0   0  0  0  0  0  0  1  0  0  0  0  0   0
   0   0  0  0  0  0  1  0  0  0  0  0  0   0
   0   0  0  0  0  1  0  0  0  0  0  0  0   0
   0   0  0  0  1  0  0  0  0  0  0  0  0   0
   0   0  0  1  0  0  0  0  0  0  0  0  0   0
   0   0  1  0  0  0  0  0  0  0  0  0  0   0
   0   1  0  0  0  0  0  0  0  0  0  0  0   0
   1   0  0  0  0  0  0  0  0  0  0  0  0   0

2 equations:
 1 0 -1 -2 -3 -4 -5 -6 -7 -8 -9 -10 -11   90
 0 1  2  3  4  5  6  7  8  9 10  11  12 -105

12 basis elements of generated  lattice:
 1 0 0 0 0 0 0 0 0 0 0 -12  11 0
 0 1 0 0 0 0 0 0 0 0 0 -11  10 0
 0 0 1 0 0 0 0 0 0 0 0 -10   9 0
 0 0 0 1 0 0 0 0 0 0 0  -9   8 0
 0 0 0 0 1 0 0 0 0 0 0  -8   7 0
 0 0 0 0 0 1 0 0 0 0 0  -7   6 0
 0 0 0 0 0 0 1 0 0 0 0  -6   5 0
 0 0 0 0 0 0 0 1 0 0 0  -5   4 0
 0 0 0 0 0 0 0 0 1 0 0  -4   3 0
 0 0 0 0 0 0 0 0 0 1 0  -3   2 0
 0 0 0 0 0 0 0 0 0 0 1  -2   1 0
 0 0 0 0 0 0 0 0 0 0 0  75 -60 1

