238 lattice points in polytope (module generators)
0 Hilbert basis elements of recession monoid
767 vertices of polyhedron
0 extreme rays of recession cone
36 support hyperplanes of polyhedron (homogenized)

embedding dimension = 10
affine dimension of the polyhedron = 7
rank of recession monoid = 0 (polyhedron is polytope)

dehomogenization:
0 0 0 0 0 0 0 0 0 1 


module rank = 238

***********************************************************************

238 lattice points in polytope (module generators):
 3 3 4 4 3 3 3 3 5 1
 3 3 5 2 4 3 3 3 5 1
 3 3 5 3 2 4 3 3 5 1
 3 3 5 3 3 2 4 3 5 1
 3 3 5 3 3 3 2 4 5 1
 3 3 5 3 3 3 3 2 6 1
 3 4 2 5 3 3 3 3 5 1
 3 4 3 3 4 3 3 3 5 1
 3 4 3 4 2 4 3 3 5 1
 3 4 3 4 3 2 4 3 5 1
 3 4 3 4 3 3 2 4 5 1
 3 4 3 4 3 3 3 2 6 1
 3 4 4 1 5 3 3 3 5 1
 3 4 4 2 3 4 3 3 5 1
 3 4 4 2 4 2 4 3 5 1
 3 4 4 2 4 3 2 4 5 1
 3 4 4 2 4 3 3 2 6 1
 3 4 4 3 1 5 3 3 5 1
 3 4 4 3 2 3 4 3 5 1
 3 4 4 3 2 4 2 4 5 1
 3 4 4 3 2 4 3 2 6 1
 3 4 4 3 3 1 5 3 5 1
 3 4 4 3 3 2 3 4 5 1
 3 4 4 3 3 2 4 2 6 1
 3 4 4 3 3 3 2 3 6 1
 3 5 1 4 4 3 3 3 5 1
 3 5 1 5 2 4 3 3 5 1
 3 5 1 5 3 2 4 3 5 1
 3 5 1 5 3 3 2 4 5 1
 3 5 1 5 3 3 3 2 6 1
 3 5 2 2 5 3 3 3 5 1
 3 5 2 3 3 4 3 3 5 1
 3 5 2 3 4 2 4 3 5 1
 3 5 2 3 4 3 2 4 5 1
 3 5 2 3 4 3 3 2 6 1
 3 5 2 4 2 3 4 3 5 1
 3 5 2 4 2 4 2 4 5 1
 3 5 2 4 2 4 3 2 6 1
 3 5 2 4 3 1 5 3 5 1
 3 5 2 4 3 2 3 4 5 1
 3 5 2 4 3 2 4 2 6 1
 3 5 2 4 3 3 2 3 6 1
 3 5 3 1 4 4 3 3 5 1
 3 5 3 1 5 2 4 3 5 1
 3 5 3 1 5 3 2 4 5 1
 3 5 3 1 5 3 3 2 6 1
 3 5 3 2 3 3 4 3 5 1
 3 5 3 2 3 4 2 4 5 1
 3 5 3 2 3 4 3 2 6 1
 3 5 3 2 4 2 3 4 5 1
 3 5 3 2 4 2 4 2 6 1
 3 5 3 2 4 3 2 3 6 1
 3 5 3 3 2 3 3 4 5 1
 3 5 3 3 2 3 4 2 6 1
 3 5 3 3 2 4 2 3 6 1
 3 5 3 3 3 2 3 3 6 1
 4 2 3 5 3 3 3 3 5 1
 4 2 4 3 4 3 3 3 5 1
 4 2 4 4 2 4 3 3 5 1
 4 2 4 4 3 2 4 3 5 1
 4 2 4 4 3 3 2 4 5 1
 4 2 4 4 3 3 3 2 6 1
 4 2 5 1 5 3 3 3 5 1
 4 2 5 2 3 4 3 3 5 1
 4 2 5 2 4 2 4 3 5 1
 4 2 5 2 4 3 2 4 5 1
 4 2 5 2 4 3 3 2 6 1
 4 2 5 3 1 5 3 3 5 1
 4 2 5 3 2 3 4 3 5 1
 4 2 5 3 2 4 2 4 5 1
 4 2 5 3 2 4 3 2 6 1
 4 2 5 3 3 1 5 3 5 1
 4 2 5 3 3 2 3 4 5 1
 4 2 5 3 3 2 4 2 6 1
 4 2 5 3 3 3 2 3 6 1
 4 3 2 4 4 3 3 3 5 1
 4 3 2 5 2 4 3 3 5 1
 4 3 2 5 3 2 4 3 5 1
 4 3 2 5 3 3 2 4 5 1
 4 3 2 5 3 3 3 2 6 1
 4 3 3 2 5 3 3 3 5 1
 4 3 3 3 3 4 3 3 5 1
 4 3 3 3 4 2 4 3 5 1
 4 3 3 3 4 3 2 4 5 1
 4 3 3 3 4 3 3 2 6 1
 4 3 3 4 1 5 3 3 5 1
 4 3 3 4 2 3 4 3 5 1
 4 3 3 4 2 4 2 4 5 1
 4 3 3 4 2 4 3 2 6 1
 4 3 3 4 3 1 5 3 5 1
 4 3 3 4 3 2 3 4 5 1
 4 3 3 4 3 2 4 2 6 1
 4 3 3 4 3 3 1 5 5 1
 4 3 3 4 3 3 2 3 6 1
 4 3 3 4 3 3 3 1 7 1
 4 3 4 1 4 4 3 3 5 1
 4 3 4 1 5 2 4 3 5 1
 4 3 4 1 5 3 2 4 5 1
 4 3 4 1 5 3 3 2 6 1
 4 3 4 2 2 5 3 3 5 1
 4 3 4 2 3 3 4 3 5 1
 4 3 4 2 3 4 2 4 5 1
 4 3 4 2 3 4 3 2 6 1
 4 3 4 2 4 1 5 3 5 1
 4 3 4 2 4 2 3 4 5 1
 4 3 4 2 4 2 4 2 6 1
 4 3 4 2 4 3 2 3 6 1
 4 3 4 2 4 3 3 1 7 1
 4 3 4 3 1 4 4 3 5 1
 4 3 4 3 1 5 2 4 5 1
 4 3 4 3 1 5 3 2 6 1
 4 3 4 3 2 2 5 3 5 1
 4 3 4 3 2 3 3 4 5 1
 4 3 4 3 2 3 4 2 6 1
 4 3 4 3 2 4 2 3 6 1
 4 3 4 3 3 1 4 4 5 1
 4 3 4 3 3 1 5 2 6 1
 4 3 4 3 3 2 3 3 6 1
 4 4 1 3 5 3 3 3 5 1
 4 4 1 4 3 4 3 3 5 1
 4 4 1 4 4 2 4 3 5 1
 4 4 1 4 4 3 2 4 5 1
 4 4 1 4 4 3 3 2 6 1
 4 4 1 5 2 3 4 3 5 1
 4 4 1 5 2 4 2 4 5 1
 4 4 1 5 2 4 3 2 6 1
 4 4 1 5 3 1 5 3 5 1
 4 4 1 5 3 2 3 4 5 1
 4 4 1 5 3 2 4 2 6 1
 4 4 1 5 3 3 2 3 6 1
 4 4 2 2 4 4 3 3 5 1
 4 4 2 2 5 2 4 3 5 1
 4 4 2 2 5 3 2 4 5 1
 4 4 2 2 5 3 3 2 6 1
 4 4 2 3 3 3 4 3 5 1
 4 4 2 3 3 4 2 4 5 1
 4 4 2 3 3 4 3 2 6 1
 4 4 2 3 4 1 5 3 5 1
 4 4 2 3 4 2 3 4 5 1
 4 4 2 3 4 2 4 2 6 1
 4 4 2 3 4 3 1 5 5 1
 4 4 2 3 4 3 2 3 6 1
 4 4 2 4 2 2 5 3 5 1
 4 4 2 4 2 3 3 4 5 1
 4 4 2 4 2 3 4 2 6 1
 4 4 2 4 2 4 2 3 6 1
 4 4 2 4 2 4 3 1 7 1
 4 4 2 4 3 1 4 4 5 1
 4 4 2 4 3 1 5 2 6 1
 4 4 2 4 3 2 3 3 6 1
 4 4 3 1 4 3 4 3 5 1
 4 4 3 1 4 4 2 4 5 1
 4 4 3 1 4 4 3 2 6 1
 4 4 3 1 5 2 3 4 5 1
 4 4 3 1 5 2 4 2 6 1
 4 4 3 1 5 3 2 3 6 1
 4 4 3 2 3 3 3 4 5 1
 4 4 3 2 3 3 4 2 6 1
 4 4 3 2 3 4 2 3 6 1
 4 4 3 2 3 4 3 1 7 1
 4 4 3 2 4 2 3 3 6 1
 4 4 3 3 2 3 3 3 6 1
 5 1 4 2 5 3 3 3 5 1
 5 1 4 3 3 4 3 3 5 1
 5 1 4 3 4 2 4 3 5 1
 5 1 4 3 4 3 2 4 5 1
 5 1 4 3 4 3 3 2 6 1
 5 1 4 4 1 5 3 3 5 1
 5 1 4 4 2 3 4 3 5 1
 5 1 4 4 2 4 2 4 5 1
 5 1 4 4 2 4 3 2 6 1
 5 1 4 4 3 2 3 4 5 1
 5 1 4 4 3 2 4 2 6 1
 5 1 4 4 3 3 2 3 6 1
 5 1 5 1 4 4 3 3 5 1
 5 1 5 1 5 2 4 3 5 1
 5 1 5 1 5 3 2 4 5 1
 5 1 5 1 5 3 3 2 6 1
 5 1 5 2 3 3 4 3 5 1
 5 1 5 2 3 4 2 4 5 1
 5 1 5 2 3 4 3 2 6 1
 5 1 5 2 4 1 5 3 5 1
 5 1 5 2 4 2 3 4 5 1
 5 1 5 2 4 2 4 2 6 1
 5 1 5 2 4 3 2 3 6 1
 5 1 5 3 2 3 3 4 5 1
 5 1 5 3 2 3 4 2 6 1
 5 1 5 3 2 4 2 3 6 1
 5 1 5 3 3 2 3 3 6 1
 5 2 3 2 4 4 3 3 5 1
 5 2 3 2 5 2 4 3 5 1
 5 2 3 2 5 3 2 4 5 1
 5 2 3 2 5 3 3 2 6 1
 5 2 3 3 2 5 3 3 5 1
 5 2 3 3 3 3 4 3 5 1
 5 2 3 3 3 4 2 4 5 1
 5 2 3 3 3 4 3 2 6 1
 5 2 3 3 4 1 5 3 5 1
 5 2 3 3 4 2 3 4 5 1
 5 2 3 3 4 2 4 2 6 1
 5 2 3 3 4 3 2 3 6 1
 5 2 3 4 1 4 4 3 5 1
 5 2 3 4 1 5 2 4 5 1
 5 2 3 4 1 5 3 2 6 1
 5 2 3 4 2 3 3 4 5 1
 5 2 3 4 2 3 4 2 6 1
 5 2 3 4 2 4 1 5 5 1
 5 2 3 4 2 4 2 3 6 1
 5 2 3 4 3 2 3 3 6 1
 5 2 3 4 3 2 4 1 7 1
 5 2 4 1 4 3 4 3 5 1
 5 2 4 1 4 4 2 4 5 1
 5 2 4 1 4 4 3 2 6 1
 5 2 4 1 5 1 5 3 5 1
 5 2 4 1 5 2 3 4 5 1
 5 2 4 1 5 2 4 2 6 1
 5 2 4 1 5 3 2 3 6 1
 5 2 4 2 3 2 5 3 5 1
 5 2 4 2 3 3 3 4 5 1
 5 2 4 2 3 3 4 2 6 1
 5 2 4 2 3 4 2 3 6 1
 5 2 4 2 4 1 4 4 5 1
 5 2 4 2 4 1 5 2 6 1
 5 2 4 2 4 2 3 3 6 1
 5 2 4 2 4 2 4 1 7 1
 5 2 4 3 2 3 3 3 6 1
 5 3 2 3 3 2 5 3 5 1
 5 3 2 3 3 3 3 4 5 1
 5 3 2 3 3 3 4 2 6 1
 5 3 2 3 3 4 1 5 5 1
 5 3 2 3 3 4 2 3 6 1
 5 3 2 3 4 1 4 4 5 1
 5 3 2 3 4 1 5 2 6 1
 5 3 2 3 4 2 3 3 6 1
 5 3 2 4 2 3 3 3 6 1
 5 3 2 4 2 3 4 1 7 1
 5 3 3 2 3 3 3 3 6 1
 5 3 3 2 3 3 4 1 7 1

0 Hilbert basis elements of recession monoid:

767 vertices of polyhedron:
   3   3   4   4   3   3   3   3   5  1
   3   3   5   2   4   3   3   3   5  1
   3   3   5   3   2   4   3   3   5  1
   3   3   5   3   3   2   4   3   5  1
   3   3   5   3   3   3   2   4   5  1
   3   3   5   3   3   3   3   2   6  1
   3   4   2   5   3   3   3   3   5  1
   3   4   4   1   5   3   3   3   5  1
   3   4   4   3   1   5   3   3   5  1
   3   4   4   3   3   1   5   3   5  1
   3   4   4   3   3   3   2   3   6  1
   3   5   1   4   4   3   3   3   5  1
   3   5   1   5   2   4   3   3   5  1
   3   5   1   5   3   2   4   3   5  1
   3   5   1   5   3   3   2   4   5  1
   3   5   1   5   3   3   3   2   6  1
   3   5   2   2   5   3   3   3   5  1
   3   5   2   4   2   4   2   4   5  1
   3   5   2   4   3   1   5   3   5  1
   3   5   2   4   3   3   2   3   6  1
   3   5   3   1   4   4   3   3   5  1
   3   5   3   1   5   2   4   3   5  1
   3   5   3   1   5   3   2   4   5  1
   3   5   3   1   5   3   3   2   6  1
   3   5   3   2   3   3   4   3   5  1
   3   5   3   2   3   4   2   4   5  1
   3   5   3   2   4   2   3   4   5  1
   3   5   3   2   4   2   4   2   6  1
   3   5   3   2   4   3   2   3   6  1
   3   5   3   3   2   3   3   4   5  1
   3   5   3   3   2   3   4   2   6  1
   3   5   3   3   2   4   2   3   6  1
   3   5   3   3   3   2   3   3   6  1
   4   2   3   5   3   3   3   3   5  1
   4   2   5   1   5   3   3   3   5  1
   4   2   5   3   1   5   3   3   5  1
   4   2   5   3   3   1   5   3   5  1
   4   2   5   3   3   3   2   3   6  1
   4   3   3   4   3   3   1   5   5  1
   4   3   3   4   3   3   3   1   7  1
   4   3   4   2   4   3   3   1   7  1
   4   3   4   3   1   5   2   4   5  1
   4   3   4   3   1   5   3   2   6  1
   4   3   4   3   2   2   5   3   5  1
   4   3   4   3   3   1   4   4   5  1
   4   3   4   3   3   1   5   2   6  1
   4   4   1   3   5   3   3   3   5  1
   4   4   1   5   2   4   2   4   5  1
   4   4   1   5   3   1   5   3   5  1
   4   4   1   5   3   3   2   3   6  1
   4   4   2   2   4   4   3   3   5  1
   4   4   2   2   5   3   3   2   6  1
   4   4   2   3   4   3   1   5   5  1
   4   4   2   4   2   2   5   3   5  1
   4   4   2   4   2   4   3   1   7  1
   4   4   2   4   3   1   4   4   5  1
   4   4   2   4   3   1   5   2   6  1
   4   4   3   1   4   3   4   3   5  1
   4   4   3   1   4   4   2   4   5  1
   4   4   3   1   4   4   3   2   6  1
   4   4   3   1   5   2   3   4   5  1
   4   4   3   1   5   2   4   2   6  1
   4   4   3   1   5   3   2   3   6  1
   4   4   3   2   3   4   3   1   7  1
   4   4   3   3   2   3   3   3   6  1
   5   1   4   2   5   3   3   3   5  1
   5   1   4   3   4   3   2   4   5  1
   5   1   4   3   4   3   3   2   6  1
   5   1   4   4   1   5   3   3   5  1
   5   1   4   4   2   3   4   3   5  1
   5   1   4   4   2   4   3   2   6  1
   5   1   4   4   3   2   3   4   5  1
   5   1   4   4   3   2   4   2   6  1
   5   1   4   4   3   3   2   3   6  1
   5   1   5   1   4   4   3   3   5  1
   5   1   5   1   5   2   4   3   5  1
   5   1   5   1   5   3   2   4   5  1
   5   1   5   1   5   3   3   2   6  1
   5   1   5   2   3   4   2   4   5  1
   5   1   5   2   4   1   5   3   5  1
   5   1   5   2   4   3   2   3   6  1
   5   1   5   3   2   3   3   4   5  1
   5   1   5   3   2   3   4   2   6  1
   5   1   5   3   2   4   2   3   6  1
   5   1   5   3   3   2   3   3   6  1
   5   2   3   2   4   4   3   3   5  1
   5   2   3   2   5   2   4   3   5  1
   5   2   3   2   5   3   2   4   5  1
   5   2   3   2   5   3   3   2   6  1
   5   2   3   3   4   1   5   3   5  1
   5   2   3   4   1   4   4   3   5  1
   5   2   3   4   1   5   3   2   6  1
   5   2   3   4   2   4   1   5   5  1
   5   2   3   4   3   2   4   1   7  1
   5   2   4   1   4   4   2   4   5  1
   5   2   4   1   4   4   3   2   6  1
   5   2   4   1   5   1   5   3   5  1
   5   2   4   1   5   2   3   4   5  1
   5   2   4   1   5   3   2   3   6  1
   5   2   4   2   3   2   5   3   5  1
   5   2   4   2   4   1   4   4   5  1
   5   2   4   2   4   2   4   1   7  1
   5   2   4   3   2   3   3   3   6  1
   5   3   2   3   3   2   5   3   5  1
   5   3   2   3   3   4   1   5   5  1
   5   3   2   3   3   4   2   3   6  1
   5   3   2   3   4   1   4   4   5  1
   5   3   2   3   4   1   5   2   6  1
   5   3   2   3   4   2   3   3   6  1
   5   3   2   4   2   3   3   3   6  1
   5   3   2   4   2   3   4   1   7  1
   5   3   3   2   3   3   3   3   6  1
   5   3   3   2   3   3   4   1   7  1
   5  11   5   6   5   8   6   5  11  2
   5  11   5   7   4   7   7   5  11  2
   5  11   6   5   5   8   5   6  11  2
   5  11   6   6   4   7   6   6  11  2
   6   9   6   7   2  10   6   6  10  2
   6   9   7   5   3  10   6   6  10  2
   6   9   7   6   2   9   7   6  10  2
   6   9   7   6   2  10   5   7  10  2
   6   9   7   6   2  10   6   5  11  2
   6   9   7   6   6   3   7   8  10  2
   6   9   7   6   6   3   9   4  12  2
   6  10   5   7   4   5   9   6  10  2
   6  10   5   7   4   8   6   3  13  2
   6  10   5   7   6   3   7   8  10  2
   6  10   5   7   6   3   9   4  12  2
   6  10   6   5   5   8   6   3  13  2
   7   7   7   7   6   6   2  10  10  2
   7   8   7   6   2  10   4   8  10  2
   7   8   7   6   2  10   6   4  12  2
   7   9   5   5   8   6   2  10  10  2
   7   9   6   1  10   6   7   6  10  2
   7   9   6   1  10   7   5   7  10  2
   7   9   6   1  11   5   7   5  11  2
   7   9   6   1  11   6   5   6  11  2
   7  15   9   9  10  10   9   9  15  3
   7  15   9  11   8   8  11   9  15  3
   7  15  11   7  10  10   7  11  15  3
   7  15  11   9   8   8   9  11  15  3
   7  17   7   9  10  10   9   7  17  3
   7  17   7  11   8   8  11   7  17  3
   7  17   9   7  10  10   7   9  17  3
   7  17   9   9   8   8   9   9  17  3
   8   5   8   7   6   6   2  10  10  2
   8   6   7   7   6   5   3  10  10  2
   8   7   7   3   5  10   6   6  10  2
   8   7   7   5   3  10   4   8  10  2
   8   7   7   6   2   7   9   6  10  2
   8   7   7   6   2   9   7   4  12  2
   8   8   5   3  10   3   9   6  10  2
   8   8   5   4   9   6   2  10  10  2
   8   8   5   5   8   5   3  10  10  2
   8   8   6   2   9   7   6   3  13  2
   8  15   9   9   5  14   9   9  15  3
   8  15   9  10   4  13  10   9  15  3
   8  15  10   8   5  14   8  10  15  3
   8  15  10   9   4  13   9  10  15  3
   8  16   9   8   7  12   6  11  16  3
   8  16   9   9   6   9  11   9  16  3
   8  16   9   9   6  11   7  11  16  3
   8  16   9   9   6  11   9   7  18  3
   9   3   6   9   7   6   6   6  10  2
   9   3   6  10   5   7   6   6  10  2
   9   3   6  10   6   5   7   6  10  2
   9   3   6  10   6   6   5   7  10  2
   9   3   6  10   6   6   6   5  11  2
   9   3  10   6   3   9   4   8  10  2
   9   3  10   6   3   9   6   4  12  2
   9   3  10   6   6   3   7   8  10  2
   9   3  10   6   6   3   9   4  12  2
   9   5   4  10   6   3   9   6  10  2
   9   5   4  10   6   6   3   9  10  2
   9   5   4  10   6   6   6   3  13  2
   9   6   3   6  10   6   6   6  10  2
   9   6   3   9   7   6   6   3  13  2
   9   6   3  10   2  10   6   6  10  2
   9   6   3  10   6   5   4   9  10  2
   9   6   3  10   6   6   3   8  11  2
   9   6   3  10   6   6   5   4  13  2
   9   6   6   3  10   6   6   3  13  2
   9   6   6   7   2   7   9   6  10  2
   9   6   6   7   2  10   6   3  13  2
   9   6   7   6   3   6   7   8  10  2
   9   6   7   6   3   6   9   4  12  2
   9   7   2   7   7   8   6   6  10  2
   9   7   2   7   9   4   8   6  10  2
   9   7   2   7   9   6   4   8  10  2
   9   7   2   7   9   6   6   4  12  2
   9   7   2   8   8   6   3   9  10  2
   9   7   2   9   6   7   6   3  13  2
   9   7   2   9   7   2  10   6  10  2
   9   7   2   9   7   6   3   8  11  2
   9   7   2  10   4   5   9   6  10  2
   9   7   2  10   4   7   5   8  10  2
   9   7   2  10   4   8   4   7  11  2
   9   7   2  10   4   8   6   3  13  2
   9   7   2  10   5   7   5   4  13  2
   9   7   2  10   6   3   7   8  10  2
   9   7   2  10   6   3   9   4  12  2
   9   7   4   5   9   2  10   6  10  2
   9   7   5   4   8   7   2  10  10  2
   9   7   5   5   6   8   2  10  10  2
   9   7   5   7   4   5   9   3  13  2
   9   7   6   3   7   6   6   8  10  2
   9   7   6   3   8   7   4   5  13  2
   9   7   6   3   9   4   6   6  12  2
   9  13   9  11   9   9   9   4  20  3
   9  13  11   7  11   9   9   4  20  3
   9  14  10   8  10   9   6   8  19  3
   9  14  10   9   4  14   6  12  15  3
   9  14  10   9   4  14   9   6  18  3
   9  15   7  11   7  11   9   4  20  3
   9  15   8  10   8  10   6   8  19  3
   9  15   9   2  15   9  10   9  15  3
   9  15   9   2  15  10   8  10  15  3
   9  15   9   2  16   8  10   8  16  3
   9  15   9   2  16   9   8   9  16  3
   9  15   9   7   9  11   9   4  20  3
   9  15   9   8   9   7  12   5  19  3
  10   1   9   8   6   4   7   7  10  2
  10   1   9   8   6   5   5   8  10  2
  10   1  10   6   4   9   6   6  10  2
  10   1  10   6   7   3   9   6  10  2
  10   1  10   7   3   9   5   7  10  2
  10   1  10   7   5   7   3   9  10  2
  10   1  10   7   6   4   6   8  10  2
  10   1  11   5   5   8   6   4  12  2
  10   1  11   5   7   3   9   5  11  2
  10   1  11   5   7   5   7   3  13  2
  10   1  11   6   4   8   4   7  11  2
  10   1  11   6   4   8   5   5  12  2
  10   1  11   6   5   7   4   6  12  2
  10   1  11   6   6   4   6   7  11  2
  10   1  11   6   6   4   7   5  12  2
  10   1  11   6   6   5   5   6  12  2
  10   2   8   8   6   5   7   3  13  2
  10   2   9   7   3   7   8   6  10  2
  10   2   9   7   3   9   6   4  12  2
  10   2   9   7   6   4   8   3  13  2
  10   2  10   5   5   5   9   6  10  2
  10   2  10   5   7   3   7   8  10  2
  10   3   8   7   4   8   2  10  10  2
  10   3   9   1  10   6   7   6  10  2
  10   3   9   1  10   7   5   7  10  2
  10   3   9   1  11   5   7   5  11  2
  10   3   9   1  11   6   5   6  11  2
  10   4   7   3   7   9   6   6  10  2
  10   4   7   7   3   9   2  10  10  2
  10   4   7   7   4   7   3  10  10  2
  10   5   5   5   5  10   6   6  10  2
  10   5   5   5   9   2  10   6  10  2
  10   5   5   5   9   5   7   3  13  2
  10   5   5   5   9   6   4   6  12  2
  10   5   5   7   3  10   6   4  12  2
  10   5   5   8   2   8   7   7  10  2
  10   5   5   8   2   8   8   5  11  2
  10   5   5   8   2  10   3   9  10  2
  10   5   5   8   2  10   5   5  12  2
  10   5   5   8   6   4   6   5  13  2
  10   5   7   3   7   8   4   6  12  2
  10   5   7   3   9   3   9   3  13  2
  10   5   7   3   9   5   5   5  13  2
  10   5   7   5   5   5   9   3  13  2
  10   5   7   5   7   3   7   5  13  2
  10   6   4   6   6   7   7   3  13  2
  10   6   4   6   7   7   3   7  12  2
  10   6   4   7   5   8   3   7  12  2
  10   6   4   7   6   4   6   9  10  2
  10   6   4   7   7   3   7   6  12  2
  10   6   4   8   4   7   5   5  13  2
  10   6   4   8   5   5   6   5  13  2
  10   6   5   5   6   7   3  10  10  2
  10   6   5   5   6   8   2   9  11  2
  10   6   5   5   8   3   7   6  12  2
  10   6   5   6   5   5   6   9  10  2
  10   6   5   7   4   6   6   5  13  2
  10   6   6   4   6   7   5   5  13  2
  10   6   6   4   7   5   6   5  13  2
  10   6   6   5   5   6   6   5  13  2
  10  22  10  12  13  13  12   7  25  4
  10  22  10  14  11  11  14   7  25  4
  10  22  11  13  11  11  13   8  25  4
  10  22  12  10  13  13  10   9  25  4
  10  22  12  11  12  12  11   9  25  4
  11  13   9   2  13  11  10   9  15  3
  11  13   9   2  13  12   8  10  15  3
  11  13   9   2  15   7  12   9  15  3
  11  13   9   2  15  10   6  12  15  3
  11  13   9   2  16   6  12   8  16  3
  11  13   9   2  16   8  10   6  18  3
  11  13   9   2  16   9   6  11  16  3
  11  13   9   2  16   9   8   7  18  3
  11  21  11  13   8  11  17  11  21  4
  11  21  11  13   8  15  13   7  25  4
  11  21  12  11   9  16  11   8  25  4
  11  21  12  11  12  13   8  11  25  4
  12  11  20  12  13  11  13  12  20  4
  12  11  20  13  11  13  11  13  20  4
  12  11  20  13  12  11  12  13  20  4
  12  11  21  11  12  13  12  11  21  4
  12  11  21  11  13  11  13  11  21  4
  12  11  21  12  11  13  11  12  21  4
  12  11  21  12  12  11  12  12  21  4
  12  12   8   4  15   9   4  14  15  3
  12  19  12  13  12  12   7  12  25  4
  12  19  13  11  13   7  17   7  25  4
  12  19  13  12   6  13  17  12  20  4
  13   5  13  11   9   9   9   4  20  3
  13   5  15   7  11   9   9   4  20  3
  13   9   5  15   9   9   4  14  15  3
  13   9   5  15   9   9   9   4  20  3
  13   9  10  10   9   4   9  14  15  3
  13   9  11   3  15   9   9   4  20  3
  13   9  11   9   9   4  11   9  18  3
  13  10   9   4  15   9   4  14  15  3
  13  10  10   3  10  14   9   8  16  3
  13  10  10   3  14  10   9   4  20  3
  13  10  10   7   6  14   9   4  20  3
  13  10  10   9   4  10  10  12  15  3
  13  10  10   9   4  10  13   6  18  3
  13  11   3  13  11   9   4  14  15  3
  13  11   3  15   7  11   9   4  20  3
  13  11   7  11   6   7  11  12  15  3
  13  11   7  11   6  12   6   7  20  3
  13  11   7  11   9   4  11   9  18  3
  13  11   9   4  11  12   9   4  20  3
  13  11   9   7   8  12   6   7  20  3
  13  25  16  16  14  14  10  22  25  5
  13  26  14  17  14  14  17   8  32  5
  13  26  16  13  16  16  13  10  32  5
  13  27  13  17  13  15  17   8  32  5
  13  27  14  14  16  16   8  20  27  5
  13  27  15  13  15  17  13  10  32  5
  13  27  15  15  14  11  15  18  27  5
  13  27  15  15  14  11  18  12  30  5
  13  27  15  15  14  14  12  15  30  5
  14   3  15  10   8  10   4  14  15  3
  14   4  15   8  10   9   6   8  19  3
  14   4  15   9   5   9  13   9  15  3
  14   9   5  14   9   5   9  13  15  3
  14   9   5  14   9   9   5   9  19  3
  14   9   9  10   9   5   9   9  19  3
  14  10   4  10  12  10   9   5  19  3
  14  10   9   5  10  12   6   8  19  3
  14  15  25  15  15  16  15  15  25  5
  14  25  16   4  25  16  14  16  25  5
  14  25  16  14   9  22  10  20  25  5
  14  25  16  15   8  21  11  20  25  5
  14  26   4  26  14  15  16  14  26  5
  14  26  14  15  11  20  15   8  32  5
  14  26  14  16  14  10  21   9  31  5
  15   1  14  10   9  11   9   9  15  3
  15   1  14  10  11   7  11   9  15  3
  15   1  14  12   7  11   7  11  15  3
  15   1  14  12   9   7   9  11  15  3
  15   1  15  11   9   6  10  11  15  3
  15   1  15  11   9   7   8  12  15  3
  15   1  17   7   8  12   9   7  17  3
  15   1  17   7   9  11   9   6  18  3
  15   1  17   9   6  12   7   9  17  3
  15   1  17   9   7  11   6  10  17  3
  15   1  17   9   7  11   7   8  18  3
  15   1  17   9   9   6  10   9  17  3
  15   1  17   9   9   7   8  10  17  3
  15   1  17   9   9   7   9   8  18  3
  15   2  13  11   9  10   9   6  18  3
  15   2  13  11  10   5  13   9  15  3
  15   2  13  12   8  10   5  13  15  3
  15   2  13  12   8  10   8   7  18  3
  15   2  15   4  14  10   9   9  15  3
  15   2  15   4  15   8  10   9  15  3
  15   2  15  10   7  11   4  14  15  3
  15   2  16   3  14  10   9   8  16  3
  15   2  16   9   6   9  11   9  16  3
  15   3  13  11   9   7  11   4  20  3
  15   3  15   2  15   9  10   9  15  3
  15   3  15   2  15  10   8  10  15  3
  15   3  15   2  16   9   8   9  16  3
  15   5  13   2  13  11  10   9  15  3
  15   5  13   2  13  12   8  10  15  3
  15   5  13   2  15  10   6  12  15  3
  15   5  13   2  16   9   6  11  16  3
  15   5  13   2  16   9   8   7  18  3
  15   7   8  12   7   8   7  14  15  3
  15   7   8  12   7  11   4  11  18  3
  15   7   8  12   9   7   8   7  20  3
  15   7   9  11   9   6   9   7  20  3
  15   7  10  10   5  10   7  14  15  3
  15   7  10  10   5  13   4  11  18  3
  15   7  10  10   7  10   5  10  19  3
  15   7  11   4  11   7  14   9  15  3
  15   7  11   4  14   4  11  12  15  3
  15   7  11   7   8   7  11  12  15  3
  15   8   8   7   8  14   9   6  18  3
  15   8   8  11   4  11   8  13  15  3
  15   8   8  11   4  12  11   4  20  3
  15   8   8  11   4  14   5  10  18  3
  15   8   8  11   8   8   7   8  20  3
  15   8  10   5  10   8  10  12  15  3
  15   9   6   9  10   9  11   4  20  3
  15   9   6  10   9  11   4  11  18  3
  15   9   6  11   7   8   9  13  15  3
  15   9   6  12   7   9   8   7  20  3
  15   9   7   9  11   4  11   9  18  3
  15   9   7  11   6  10   8   7  20  3
  15   9   7  11   7   8   9   7  20  3
  15   9   8   7   9  12   4  11  18  3
  15   9   8   7  10   7   8  14  15  3
  15   9   8   8   8   8   8  14  15  3
  15   9   8   9   9   6   9   9  19  3
  15   9   9   6  10   9   8   7  20  3
  15   9   9   7   8  10   8   7  20  3
  15   9   9   7   9   8   9   7  20  3
  15  12  17  12  12   3  20  13  20  4
  15  12  17  12  12   3  21  11  21  4
  15  17   7  17  12   3  20  13  20  4
  15  17   7  17  12   3  21  11  21  4
  15  21  17  17  15  15   6  24  25  5
  15  24  15  16  15   8  22   9  31  5
  15  25  13  13  19  15   6  24  25  5
  15  25  14  14  12  20   8  22  25  5
  15  25  14  14  17  15   8  17  30  5
  16  14  14  11   5  20  12   7  25  4
  16  32  18  16  19  19  12  17  37  6
  16  32  18  17  18  18  13  17  37  6
  17  12  15   9  15  12   8   9  27  4
  17  12  15  12   5  12  19  12  20  4
  17  13  13  13   4  20   6  18  20  4
  17  15   2  20  10  15  13  12  20  4
  17  15   2  22   8  15  13  10  22  4
  17  15   2  22  12  11   9  14  22  4
  17  15   2  22  12  11  11  10  24  4
  17  15   9  15   9  15   8   9  27  4
  17  15  12   5  16  15  12   5  27  4
  17  15  12   9  12  15   8   9  27  4
  17  28  20  18   7  30  18  18  30  6
  17  28  20  19   6  29  19  18  30  6
  17  28  21  17   7  30  17  19  30  6
  17  30  19  18  10  19  24  19  30  6
  17  35  25  17  23  23  14  28  35  7
  17  35  25  21  19  19  18  28  35  7
  17  39  21  17  23  23  14  24  39  7
  17  39  21  21  19  16  24  21  39  7
  17  39  21  21  19  19  18  24  39  7
  17  39  21  21  19  19  21  18  42  7
  18  13  12  13  12   6  13  12  25  4
  18  13  13   5  13  18   8  16  20  4
  18  14   4  19   9  16   7  17  20  4
  18  14   4  19  13  12   7  13  24  4
  18  14   4  20  11  13   8  11  25  4
  18  14  11   7  18   7  11  18  20  4
  18  14  11  11  14   7  11  14  24  4
  18  28  19  19  18  18  10  19  37  6
  18  30  17  17  20  11  17  26  30  6
  19   5  14  18  12   7  17  12  20  4
  19   5  14  18  12  12   7  17  20  4
  19   5  14  18  12  12  12   7  25  4
  19   5  19  13  12  12   7  12  25  4
  19  12  13  12   7  12  13  12  24  4
  19  13   6  13  17   4  20  12  20  4
  19  13   6  18   8  11  13  16  20  4
  19  13   6  18   8  16   8  11  25  4
  19  13   6  18  12   7  13  12  24  4
  19  13  10   9  13  16   4  20  20  4
  19  13  11  13   8  11  13  11  25  4
  19  23  33  23  20  20  23  21  35  7
  19  23  35  19  22  22  19  23  35  7
  19  23  35  21  20  20  21  23  35  7
  19  34  22  21  22  22  21  10  46  7
  19  35   9  33  22  22  21  21  35  7
  19  35   9  35  20  20  23  21  35  7
  19  35  21   9  34  22  21  21  35  7
  19  35  23  21  20  13  23  28  35  7
  19  37   7  33  22  22  21  19  37  7
  19  37  19   9  34  22  21  19  37  7
  19  37  19  21  19  25  21  10  46  7
  19  37  20  22  20  14  28  14  43  7
  19  37  20  22  20  20  16  20  43  7
  19  37  21  20  21  15  26  15  43  7
  20   1  20  12  12  15  12  12  20  4
  20   1  20  12  15   9  15  12  20  4
  20   1  20  15   9  15   9  15  20  4
  20   1  20  15  12   9  12  15  20  4
  20   1  23   9  12  15  12   9  23  4
  20   1  23   9  15   9  15   9  23  4
  20   1  23  12   9  15   9  12  23  4
  20   1  23  12  12   9  12  12  23  4
  20   2  21  13  10  14   6  17  21  4
  20   3  17  15  13  11  13   7  25  4
  20   3  17  16  12  11  12   8  25  4
  20   3  20  13   7  13  15  13  20  4
  20   3  20  13  12  11   9  11  25  4
  20   3  21   3  21  11  13  11  21  4
  20   3  21  11   9  11  17  11  21  4
  20   3  21  11   9  15  13   7  25  4
  20   3  21  11  13   7  17   7  25  4
  20   3  21  11  13  11   9  11  25  4
  20   4  19  13   7  16  13   7  25  4
  20   7  13   7  20  12  13  12  20  4
  20   7  13   7  20  13  11  13  20  4
  20   7  13   7  21  11  13  11  21  4
  20   7  13   7  21  12  11  12  21  4
  20   7  17   3  21  11  13   7  25  4
  20   7  17   7  17   3  20  13  20  4
  20   7  17   7  17   3  21  11  21  4
  20   9  12  15  12   9  11   9  27  4
  20   9  15   5  19   9  15   5  27  4
  20   9  15   9  15   5  19   5  27  4
  20   9  15   9  15   9  11   9  27  4
  20  10  10  15   5  15  17  12  20  4
  20  10  10  16   4  19  13   7  25  4
  20  10  13  13   7  16   7  13  25  4
  20  10  13  13  10  10  10  13  25  4
  20  11   9  11  11  18  12   8  24  4
  20  11   9  11  17   3  20  13  20  4
  20  11   9  11  17   3  21  11  21  4
  20  11   9  11  17  11   9  11  25  4
  20  11   9  16   6  14  11  17  20  4
  20  11   9  16   6  18   7  13  24  4
  20  11  11   9  13  16   4  20  20  4
  20  11  11  11   9  18   4  20  20  4
  20  11  13   7  17   7  13  11  25  4
  20  11  13  11   9  11  13  11  25  4
  20  12   8  12  15  12   8  12  25  4
  20  12   9  15   9  12  11   9  27  4
  20  12  11   9  12  11  11  18  20  4
  20  12  11  12  11   9  12  11  26  4
  20  12  12   9  12  12  11   9  27  4
  20  35  21  22  12  21  30  21  35  7
  21   9  23  17  15  15   6  24  25  5
  21  17  17   5  16  24  15  15  25  5
  21  17  17  15   6  24  10  15  30  5
  21  35   5  35  21  22  22  21  35  7
  21  35   5  35  23  20  20  23  35  7
  21  35   5  37  21  20  20  21  37  7
  22  15  15  18  15  15   7  15  33  5
  22  16  16   6  16  24  15  15  25  5
  22  18   4  25  15   7  24  15  25  5
  22  18   4  25  16   6  23  16  25  5
  22  18  12  18  12  10  23   7  33  5
  22  25  39  24  25  25  24  24  40  8
  22  25  40  23  25  25  23  25  40  8
  22  25  40  25  23  23  25  25  40  8
  22  40   9  40  24  24  25  24  40  8
  22  40  25   8  40  25  23  25  40  8
  22  40  26   7  40  25  22  26  40  8
  22  41   8  41  23  23  26  23  41  8
  22  41  25  22  25  25  16  22  50  8
  22  42   7  41  23  23  26  22  42  8
  22  42  22  26  23  15  34  15  49  8
  23   5  27  13  15  17  15   8  32  5
  23  15  16  16  15   8  15  16  31  5
  23  15  17   6  24  15  10  13  32  5
  23  16  16   7  16  22  15   8  32  5
  23  17   6  17  22  15   8  22  25  5
  23  17   6  22  17  15   8  17  30  5
  23  17   6  24  13  17  10  13  32  5
  23  17  13  17  13  10  17  13  32  5
  23  40  24  24  15  34  14  34  40  8
  23  41   6  42  22  25  25  22  42  8
  23  45  31  27  25  16  36  31  45  9
  23  49  23  31  25  16  40  23  49  9
  24   5  26  14  10  21  15   9  31  5
  24   6  24  16   8  22  15   9  31  5
  24  16   8  16  16  20  15   9  31  5
  24  16   8  16  21  15   9  16  30  5
  24  38  25  25  24  13  25  34  40  8
  25   3  25  17  15  13  15  10  32  5
  25   4  25   5  25  16  14  16  25  5
  25   4  25  15  10  15  21  15  25  5
  25   4  25  16   9  21   8  22  25  5
  25  14  11  20  14  11  14  14  32  5
  25  14  14  11  14  22   6  24  25  5
  25  14  14  17   8  20  11  14  32  5
  25  15  10  18  15  15  10  15  32  5
  25  15  10  19  15  10  15  15  31  5
  25  15  12  15  15  10  15  23  25  5
  25  15  13  12  16  19   6  19  30  5
  25  15  13  13  14  20   6  19  30  5
  25  15  13  15  12  13  22   6  34  5
  25  15  14  14  15  11  14  15  32  5
  25  28  46  25  28  28  25  28  46  9
  25  45  27  10  45  27  28  27  45  9
  25  46  28   7  46  28  25  28  46  9
  25  47  26  26  20  36  16  36  47  9
  25  47  26  26  28  28  16  28  55  9
  25  47  27   7  46  28  25  27  47  9
  26  26  47  26  26  29  26  26  47  9
  26  41  32  27   8  45  27  28  45  9
  27   8  19  29  18  19  18  18  30  6
  27   8  19  29  19  17  19  18  30  6
  27   8  19  30  17  19  17  19  30  6
  27   8  19  30  18  17  18  19  30  6
  27  17  10  30  17  19   8  28  30  6
  27  17  10  30  18  17  19   8  40  6
  27  19  19  19  18   9  19  19  37  6
  27  20   7  30  18  18  11  18  37  6
  27  21   6  26  21  19   8  28  30  6
  27  25  25  21   6  35  15  28  35  7
  27  25  25  21   6  36  14  27  36  7
  27  43  28  28  14  40  16  38  45  9
  28   8  29  19  18  18  10  19  37  6
  28  19  19  18  10  19  19  18  36  6
  28  30  50  30  31  30  31  30  50 10
  28  52   8  52  29  29  31  29  52 10
  29  24  21  24  21   8  34  11  45  7
  29  27  18  11  34  21   8  34  35  7
  29  27  18  18  27  21   8  27  42  7
  29  55  33  37  31  16  52  33  55 11
  30   5  30  19  16  14  16  26  30  6
  30  17  17  17  13  26   8  22  36  6
  30  18  17  17  17  14  17  17  39  6
  30  18  17  18  13  17  18  17  38  6
  31   9  35  23  21  19  12  32  35  7
  31  21  25   6  36  21  20  11  46  7
  31  25  19  12  32  21  10  25  42  7
  31  33  57  33  32  32  33  33  57 11
  31  55  34  34  32  20  34  46  55 11
  31  56  32  35  32  20  47  20  68 11
  31  57  33   8  57  33  32  33  57 11
  31  57  33   8  57  34  30  34  57 11
  32  22  22  22  10  22  31  13  43  7
  32  24  15  24  24   8  24  31  35  7
  33  21  12  21  32  21  21  12  44  7
  33  21  21  23  10  32  12  21  44  7
  33  23  10  30  23  10  23  30  35  7
  33  23  17  23  23  10  23  23  42  7
  33  23  19  14  28  23  10  23  44  7
  34   7  35  22  20  22  12  22  43  7
  34  21  13  30  21  13  21  21  43  7
  34  22  12  29  22  12  22  22  42  7
  34  24  27  27  24  24  10  27  51  8
  34  30  21  21  30  13  21  38  40  8
  35   5  35   8  35  21  22  21  35  7
  35   5  36  22  19  23  12  23  42  7
  35   6  36   5  36  22  19  22  36  7
  35  15  24  24  15  20  15  34  35  7
  35  15  24  24  15  27   8  27  42  7
  35  19  16  28  19  19  16  19  46  7
  35  19  19  25  10  25  28  10  46  7
  35  19  19  25  19  16  19  19  46  7
  35  19  22  22  13  22  19  22  43  7
  35  21  18  18  21  27   8  27  42  7
  35  21  18  21  18  17  31   8  48  7
  35  29   6  42  22  13  37  22  42  8
  35  29   6  42  24  11  35  24  42  8
  35  29   6  42  24  23  17  24  48  8
  35  65  39  39  41  41  18  60  65 13
  36  23  29   7  41  23  25  11  53  8
  36  27   9  40  14  34  15  33  40  8
  36  53  43  36  10  62  35  35  62 12
  36  65  14  65  39  40  40  39  65 13
  37  21  27  27  21  27  10  27  51  8
  37  27  21  21  27  27  10  27  51  8
  37  65  40  40  22  54  26  54  65 13
  37  67  37  12  67  37  42  37  67 13
  37  67  38  38  38  42  24  38  81 13
  38   9  40  25  24  14  24  34  40  8
  38  10  39  24  25  24  14  24  50  8
  38  26  23  15  34  15  23  26  48  8
  39  21  18  34   8  31  33  24  40  8
  39  21  18  34   8  40  24  15  49  8
  39  24  15  24  34  24  15  24  49  8
  39  25  14  25  32  25  14  25  49  8
  39  25  14  25  33   6  40  26  40  8
  39  25  14  25  33   6  42  22  42  8
  39  62  40  40  40  39  22  40  81 13
  40  23  21  19  23  34   8  40  40  8
  40  23  23  23  17  23  35  11  53  8
  40  23  23  23  23  23  17  23  53  8
  40  23  23  26  14  26  23  23  50  8
  40  24  21  21  24  19  21  38  40  8
  40  24  23  17  30  17  23  24  50  8
  40  41  70  45  41  41  41  45  70 14
  40  41  73  42  41  41  41  42  73 14
  41  29  29  12  29  29  38  27  45  9
  41  29  29  23  18  40  18  23  58  9
  41  63  50  42  12  70  43  43  70 14
  41  63  50  42  12  71  42  42  71 14
  43  25  29  29  14  40  14  29  56  9
  43  28  28  15  28  28  28  36  45  9
  43  29  14  36  29  29  14  29  56  9
  44  30  33  30  33  30  14  30  66 10
  44  80  18  79  49  49  49  48  80 16
  44  84  14  79  49  49  49  44  84 16
  45  16  37   8  45  29  16  38  45  9
  45  25  25  20  25  25  42  27  45  9
  45  27  25  20  32  27  18  27  58  9
  45  27  26  26  20  26  26  26  57  9
  46  36  36  36  33  13  36  50  55 11
  46  43  43  36  10  62  35  25  72 12
  46  82  12  84  47  47  47  47  84 16
  47  37  37  10  37  51  34  33  55 11
  47  37  37  10  37  52  32  34  55 11
  47  52  84  52  52  52  52  51  85 17
  47  72  57  47  15  82  47  47  82 16
  48  31  31  17  31  42  20  28  62 10
  48  88  13  88  48  53  53  48  88 17
  49  16  33  56  33  32  33  33  56 11
  49  39  31  31  26  44  18  31  72 11
  50   7  52  31  28  31  19  31  61 10
  50  29  29  21  29  42  16  34  60 10
  51  34  34  34  34  17  34  34  69 11
  52  82  63  55  16  90  55  55  90 18
  53  38  15  60  38  35  18  55  60 12
  53  43  10  55  43  35  18  55  60 12
  53  43  10  62  24  47  25  46  62 12
  55  30  30  30  25  30  53  33  55 11
  55  32  32  32  23  41  23  32  71 11
  55  32  32  32  32  23  32  32  71 11
  55  33  30  30  33  33  22  33  72 11
  55  33  31  31  26  38  24  31  72 11
  56  42  42  42  14  42  61  39  65 13
  57 111  62  62  62  62  44  62 129 21
  58  59  59  48  10  80  51  51  80 16
  58  59  59  48  10  86  45  45  86 16
  59  41  41  41  18  60  22  41  80 13
  61  39  41  20  60  39  22  39  82 13
  61  51  10  51  61  44  44  42  70 14
  61  51  10  51  65  40  40  46  70 14
  61  51  39  39  39  51  22  39  93 14
  62  48  57  57  48  48  14  81  81 16
  62  66  39  39  66  48  14  81  81 16
  65  38  38  27  38  38  38  56  65 13
  67  21  46  75  46  43  46  46  75 15
  67  61   6  80  48  53  53  48  80 16
  67  61   6  80  58  43  43  58  80 16
  67  61   6  90  38  53  53  38  90 16
  67  61   6  90  48  43  43  48  90 16
  67 113  70  70  70  70  40  70 143 23
  68  71 125  71  71  71  71  71 125 24
  69  47  47  47  22  47  47  64  75 15
  69  59  10  80  54  45  29  70  80 16
  69  59  10  86  42  51  51  26 102 16
  70  42  39  39  39  42  31  39  93 14
  71  25  46  82  46  49  49  46  82 16
  71  48  23  82  48  47  24  71  82 16
  71  49  22  82  46  49  49  22 106 16
  71  57  14  80  34  63  31  66  80 16
  71  57  14  82  38  57  49  22 106 16
  72  79 130  79  79  79  79  79 130 26
  72 130  28 130  79  79  79  79 130 26
  73  54  54  54  54  51  22  54 111 17
  75  43  43  43  32  43  43  68  75 15
  77  49  49  49  28  49  49  49  97 16
  78  39  39  68  10  80  51  51  80 16
  78  39  39  68  10  86  45  45  86 16
  78  50  39  39  50  64  14  81  81 16
  80  27  53  90  56  53  53  56  90 18
  80  27  53  92  54  53  53  54  92 18
  80  30  57  57  30  66  14  81  81 16
  80  47  40  40  47  66  14  81  81 16
  83  60  60  60  60  23  60  88  95 19
  85  48  48  48  48  37  48  80  85 17
  89  29  60 100  60  61  61  60 100 20
  89  59  30 102  60  59  59  30 132 20
  96 176  26 176 101 101 101 101 176 34
 100  59  59  59  41  59  59  59 125 20
 107  34  73 119  73  73  73  72 120 24
 115  81  81  81  81  81  34  81 171 26
 155 101 101 101  54 148  54 101 208 33
 169  56 113 194 113 113 113 113 194 38
 187  60 127 210 127 127 127 127 210 42
 198  99  99 164  34 164 159 123 200 40
 198  99  99 164  34 206 117  81 242 40

0 extreme rays of recession cone:

36 support hyperplanes of polyhedron (homogenized):
 -7 -7  3  3  3  3  3  3 3 -13
 -4  1  1  1  1  1  1  1 1  -6
 -3 -3 -3 -3 -3 -3  7  7 7 -17
 -3 -3 -3  2  2  2  2  2 2  -7
 -2 -2 -2 -2 -2  3  3  3 3  -8
 -1 -1 -1 -1 -1 -1 -1 -1 9 -19
 -1 -1 -1 -1 -1 -1 -1  4 4  -9
 -1 -1 -1 -1  1  1  1  1 1  -3
 -1 -1 -1  0  1  1  1  1 0   0
 -1 -1 -1  1  1  1  1  0 0   0
 -1 -1  0  0  0  1  1  1 0   0
 -1 -1  0  0  1  1  1  0 0   0
 -1 -1  0  1  1  1  0  0 0   0
 -1 -1  1  1  1  0  0  0 0   0
 -1  0  0  0  0  0  1  1 0   0
 -1  0  0  0  0  1  1  0 0   0
 -1  0  0  0  1  1  0  0 0   0
 -1  0  0  1  1  0  0  0 0   0
 -1  0  1  1  0  0  0  0 0   0
 -1  1  1  0  0  0  0  0 0   0
  0 -1 -1 -1 -1  1  1  1 1   0
  0 -1 -1 -1  0  0  1  1 1   0
  0 -1 -1  0  0  0  0  1 1   0
  0 -1  0  0  0  0  0  0 1   0
  0  0 -1 -1 -1  0  1  1 1   0
  0  0 -1 -1  0  0  0  1 1   0
  0  0 -1  0  0  0  0  0 1   0
  0  0  0 -1 -1 -1  1  1 1   0
  0  0  0 -1 -1  0  0  1 1   0
  0  0  0 -1  0  0  0  0 1   0
  0  0  0  0 -1 -1  0  1 1   0
  0  0  0  0 -1  0  0  0 1   0
  0  0  0  0  0 -1 -1  1 1   0
  0  0  0  0  0 -1  0  0 1   0
  0  0  0  0  0  0 -1  0 1   0
  0  0  0  0  0  0  0 -1 1   0

2 equations:
 1 0 -1 -2 -3 -4 -5 -6 -7   98
 0 1  2  3  4  5  6  7  8 -129

8 basis elements of generated  lattice:
 1 0 0 0 0 0 0  -8   7 0
 0 1 0 0 0 0 0  -7   6 0
 0 0 1 0 0 0 0  -6   5 0
 0 0 0 1 0 0 0  -5   4 0
 0 0 0 0 1 0 0  -4   3 0
 0 0 0 0 0 1 0  -3   2 0
 0 0 0 0 0 0 1  -2   1 0
 0 0 0 0 0 0 0 119 -88 1

