16 lattice points in polytope (module generators)
0 Hilbert basis elements of recession monoid
16 vertices of polyhedron
0 extreme rays of recession cone
8 support hyperplanes of polyhedron (homogenized)

embedding dimension = 10
affine dimension of the polyhedron = 4
rank of recession monoid = 0 (polyhedron is polytope)

dehomogenization:
0 0 0 0 0 0 0 0 0 1 


module rank = 16

***********************************************************************

16 lattice points in polytope (module generators):
 6 4 4 4 5 4 4 4 6 1
 6 4 4 5 3 5 4 4 6 1
 6 4 5 3 5 3 5 4 6 1
 6 4 5 4 3 4 5 4 6 1
 6 5 3 4 5 4 3 5 6 1
 6 5 3 5 3 5 3 5 6 1
 6 5 4 3 5 3 4 5 6 1
 6 5 4 4 3 4 4 5 6 1
 7 3 4 4 5 4 4 3 7 1
 7 3 4 5 3 5 4 3 7 1
 7 3 5 3 5 3 5 3 7 1
 7 3 5 4 3 4 5 3 7 1
 7 4 3 4 5 4 3 4 7 1
 7 4 3 5 3 5 3 4 7 1
 7 4 4 3 5 3 4 4 7 1
 7 4 4 4 3 4 4 4 7 1

0 Hilbert basis elements of recession monoid:

16 vertices of polyhedron:
 6 4 4 4 5 4 4 4 6 1
 6 4 4 5 3 5 4 4 6 1
 6 4 5 3 5 3 5 4 6 1
 6 4 5 4 3 4 5 4 6 1
 6 5 3 4 5 4 3 5 6 1
 6 5 3 5 3 5 3 5 6 1
 6 5 4 3 5 3 4 5 6 1
 6 5 4 4 3 4 4 5 6 1
 7 3 4 4 5 4 4 3 7 1
 7 3 4 5 3 5 4 3 7 1
 7 3 5 3 5 3 5 3 7 1
 7 3 5 4 3 4 5 3 7 1
 7 4 3 4 5 4 3 4 7 1
 7 4 3 5 3 5 3 4 7 1
 7 4 4 3 5 3 4 4 7 1
 7 4 4 4 3 4 4 4 7 1

0 extreme rays of recession cone:

8 support hyperplanes of polyhedron (homogenized):
 -7 -7  3  3  3  3  3  3 3 -13
 -4  1  1  1  1  1  1  1 1  -6
 -3 -3 -3 -3 -3 -3  7  7 7 -17
 -3 -3 -3  2  2  2  2  2 2  -7
 -2 -2 -2 -2 -2  3  3  3 3  -8
 -1 -1 -1 -1 -1 -1 -1 -1 9 -19
 -1 -1 -1 -1 -1 -1 -1  4 4  -9
 -1 -1 -1 -1  1  1  1  1 1  -3

5 equations:
 1 0 0 0 0  0  0  0 -1   0
 0 1 0 0 0  0  0 -1  0   0
 0 0 1 0 0  0 -1  0  0   0
 0 0 0 1 0 -1  0  0  0   0
 0 0 0 0 1  2  2  2  2 -41

5 basis elements of generated  lattice:
 1 0 0 0 -2 0 0 0 1 0
 0 1 0 0 -2 0 0 1 0 0
 0 0 1 0 -2 0 1 0 0 0
 0 0 0 1 -2 1 0 0 0 0
 0 0 0 0 41 0 0 0 0 1

