133 lattice points in polytope (module generators)
0 Hilbert basis elements of recession monoid
994 vertices of polyhedron
0 extreme rays of recession cone
37 support hyperplanes of polyhedron (homogenized)

embedding dimension = 10
affine dimension of the polyhedron = 7
rank of recession monoid = 0 (polyhedron is polytope)

dehomogenization:
0 0 0 0 0 0 0 0 0 1 


module rank = 133

***********************************************************************

133 lattice points in polytope (module generators):
 0 0 1 1 3 1 1 1 3 1
 0 0 1 2 1 2 1 1 3 1
 0 0 1 2 2 0 2 1 3 1
 0 0 1 2 2 1 0 2 3 1
 0 0 1 2 2 1 1 0 4 1
 0 0 1 3 0 1 2 1 3 1
 0 0 1 3 0 2 0 2 3 1
 0 0 1 3 0 2 1 0 4 1
 0 0 1 3 1 0 1 2 3 1
 0 0 1 3 1 0 2 0 4 1
 0 0 1 3 1 1 0 1 4 1
 0 0 2 0 2 2 1 1 3 1
 0 0 2 0 3 0 2 1 3 1
 0 0 2 0 3 1 0 2 3 1
 0 0 2 0 3 1 1 0 4 1
 0 0 2 1 0 3 1 1 3 1
 0 0 2 1 1 1 2 1 3 1
 0 0 2 1 1 2 0 2 3 1
 0 0 2 1 1 2 1 0 4 1
 0 0 2 1 2 0 1 2 3 1
 0 0 2 1 2 0 2 0 4 1
 0 0 2 1 2 1 0 1 4 1
 0 0 2 2 0 0 3 1 3 1
 0 0 2 2 0 1 1 2 3 1
 0 0 2 2 0 1 2 0 4 1
 0 0 2 2 0 2 0 1 4 1
 0 0 2 2 1 0 0 3 3 1
 0 0 2 2 1 0 1 1 4 1
 0 0 2 2 1 1 0 0 5 1
 0 0 3 0 0 2 2 1 3 1
 0 0 3 0 0 3 0 2 3 1
 0 0 3 0 0 3 1 0 4 1
 0 0 3 0 1 0 3 1 3 1
 0 0 3 0 1 1 1 2 3 1
 0 0 3 0 1 1 2 0 4 1
 0 0 3 0 1 2 0 1 4 1
 0 0 3 0 2 0 1 1 4 1
 0 0 3 0 2 1 0 0 5 1
 0 0 3 1 0 0 2 2 3 1
 0 0 3 1 0 0 3 0 4 1
 0 0 3 1 0 1 1 1 4 1
 0 1 0 1 2 2 1 1 3 1
 0 1 0 1 3 0 2 1 3 1
 0 1 0 1 3 1 0 2 3 1
 0 1 0 1 3 1 1 0 4 1
 0 1 0 2 0 3 1 1 3 1
 0 1 0 2 1 1 2 1 3 1
 0 1 0 2 1 2 0 2 3 1
 0 1 0 2 1 2 1 0 4 1
 0 1 0 2 2 0 1 2 3 1
 0 1 0 2 2 0 2 0 4 1
 0 1 0 2 2 1 0 1 4 1
 0 1 0 3 0 0 3 1 3 1
 0 1 0 3 0 1 1 2 3 1
 0 1 0 3 0 1 2 0 4 1
 0 1 0 3 0 2 0 1 4 1
 0 1 0 3 1 0 0 3 3 1
 0 1 0 3 1 0 1 1 4 1
 0 1 0 3 1 1 0 0 5 1
 0 1 1 0 1 3 1 1 3 1
 0 1 1 0 2 1 2 1 3 1
 0 1 1 0 2 2 0 2 3 1
 0 1 1 0 2 2 1 0 4 1
 0 1 1 0 3 0 1 2 3 1
 0 1 1 0 3 0 2 0 4 1
 0 1 1 0 3 1 0 1 4 1
 0 1 1 1 0 2 2 1 3 1
 0 1 1 1 0 3 0 2 3 1
 0 1 1 1 0 3 1 0 4 1
 0 1 1 1 1 0 3 1 3 1
 0 1 1 1 1 1 1 2 3 1
 0 1 1 1 1 1 2 0 4 1
 0 1 1 1 1 2 0 1 4 1
 0 1 1 1 2 0 0 3 3 1
 0 1 1 1 2 0 1 1 4 1
 0 1 1 1 2 1 0 0 5 1
 0 1 1 2 0 0 2 2 3 1
 0 1 1 2 0 0 3 0 4 1
 0 1 1 2 0 1 0 3 3 1
 0 1 1 2 0 1 1 1 4 1
 0 1 1 2 0 2 0 0 5 1
 0 1 1 2 1 0 0 2 4 1
 0 1 1 2 1 0 1 0 5 1
 0 1 2 0 0 1 3 1 3 1
 0 1 2 0 0 2 1 2 3 1
 0 1 2 0 0 2 2 0 4 1
 0 1 2 0 0 3 0 1 4 1
 0 1 2 0 1 0 2 2 3 1
 0 1 2 0 1 0 3 0 4 1
 0 1 2 0 1 1 1 1 4 1
 0 1 2 0 1 2 0 0 5 1
 0 1 2 0 2 0 1 0 5 1
 0 1 2 1 0 0 2 1 4 1
 0 2 0 0 2 0 3 1 3 1
 0 2 0 0 2 1 1 2 3 1
 0 2 0 0 2 1 2 0 4 1
 0 2 0 0 2 2 0 1 4 1
 0 2 0 0 3 0 0 3 3 1
 0 2 0 0 3 0 1 1 4 1
 0 2 0 1 1 0 2 2 3 1
 0 2 0 1 1 0 3 0 4 1
 0 2 0 1 1 1 0 3 3 1
 0 2 0 1 1 1 1 1 4 1
 0 2 0 1 1 2 0 0 5 1
 0 2 0 1 2 0 0 2 4 1
 0 2 0 2 0 0 2 1 4 1
 0 2 0 2 0 1 1 0 5 1
 0 2 1 0 1 1 1 0 5 1
 1 0 1 0 1 2 2 1 3 1
 1 0 1 0 1 3 0 2 3 1
 1 0 1 0 1 3 1 0 4 1
 1 0 1 0 2 0 3 1 3 1
 1 0 1 0 2 1 1 2 3 1
 1 0 1 0 2 1 2 0 4 1
 1 0 1 0 2 2 0 1 4 1
 1 0 1 0 3 0 1 1 4 1
 1 0 1 1 0 1 3 1 3 1
 1 0 1 1 0 2 1 2 3 1
 1 0 1 1 0 2 2 0 4 1
 1 0 1 1 0 3 0 1 4 1
 1 0 1 1 1 0 2 2 3 1
 1 0 1 1 1 0 3 0 4 1
 1 0 1 1 1 1 0 3 3 1
 1 0 1 1 1 1 1 1 4 1
 1 0 1 1 2 0 1 0 5 1
 1 0 1 2 0 1 0 2 4 1
 1 0 1 2 0 1 1 0 5 1
 1 0 2 0 1 0 2 1 4 1
 1 0 2 0 1 1 1 0 5 1
 1 1 0 1 1 0 1 3 3 1
 1 1 0 1 1 0 2 1 4 1
 1 1 0 1 1 1 0 2 4 1
 1 1 0 1 1 1 1 0 5 1

0 Hilbert basis elements of recession monoid:

994 vertices of polyhedron:
  0  0  1  1   3   1   1   1   3  1
  0  0  1  2   2   0   2   1   3  1
  0  0  1  2   2   1   0   2   3  1
  0  0  1  2   2   1   1   0   4  1
  0  0  1  3   0   1   2   1   3  1
  0  0  1  3   0   2   0   2   3  1
  0  0  1  3   0   2   1   0   4  1
  0  0  1  3   1   0   1   2   3  1
  0  0  1  3   1   0   2   0   4  1
  0  0  1  3   1   1   0   1   4  1
  0  0  2  0   2   2   1   1   3  1
  0  0  2  0   3   0   2   1   3  1
  0  0  2  0   3   1   0   2   3  1
  0  0  2  0   3   1   1   0   4  1
  0  0  2  1   0   3   1   1   3  1
  0  0  2  2   0   0   3   1   3  1
  0  0  2  2   1   0   0   3   3  1
  0  0  2  2   1   1   0   0   5  1
  0  0  2  5   0   5   2   2   6  2
  0  0  2  6   1   0   5   2   6  2
  0  0  2  6   2   1   0   5   6  2
  0  0  2  6   2   2   1   0   9  2
  0  0  2  9   4   0   5   4   9  3
  0  0  2 10   3   0   5   3  10  3
  0  0  3  0   0   2   2   1   3  1
  0  0  3  0   0   3   0   2   3  1
  0  0  3  0   0   3   1   0   4  1
  0  0  3  0   1   0   3   1   3  1
  0  0  3  0   2   0   1   1   4  1
  0  0  3  0   2   1   0   0   5  1
  0  0  3  1   0   0   2   2   3  1
  0  0  3  1   0   0   3   0   4  1
  0  0  3  1   0   1   1   1   4  1
  0  0  3 12   4   0   9   4  12  4
  0  0  3 13   3   0   9   3  13  4
  0  0  3 17   0   9   6   3  17  5
  0  0  3 17   3   6   6   0  20  5
  0  0  3 21   7   9   9   7  21  7
  0  0  3 21  11   5   5  11  21  7
  0  0  3 25   3   9   9   3  25  7
  0  0  3 25   7   5   5   7  25  7
  0  0  4 18   8   5   0  13  18  6
  0  0  4 20   6   5   0  11  20  6
  0  0  5  0   1   6   2   2   6  2
  0  0  5  0   5   0   4   0   8  2
  0  0  5  2   3   0   0   6   6  2
  0  0  5  3   0   4   0   1   9  2
  0  0  5  3   1   1   0   6   6  2
  0  0  5  3   2   0   0   5   7  2
  0  0  5 21   0  15   8   7  21  7
  0  0  5 23   7   6   6   0  30  7
  0  0  6  0   3   0   3   4   6  2
  0  0  6  0   3   0   5   0   8  2
  0  0  6  0   4   0   3   0   9  2
  0  0  6  1   0   1   6   2   6  2
  0  0  6  1   0   5   1   0   9  2
  0  0  6  1   3   0   2   1   9  2
  0  0  6  2   1   0   3   2   8  2
  0  0  7  0  12   4   5   4  12  4
  0  0  7  0  12   5   3   5  12  4
  0  0  7  0  13   3   5   3  13  4
  0  0  7  0  13   4   3   4  13  4
  0  0  7  5   0   6   1   0  14  3
  0  0  7  5   3   0   4   0  14  3
  0  0  8  0   7   1   0   8   9  3
  0  0  8  4   3   1   0   4  13  3
  0  0  9  1   5   0   4   0  14  3
  0  0  9  2   0   7   0   2  13  3
  0  0 10  6   3   0   1  12  12  4
  0  0 11  0   9   0   2  10  12  4
  0  0 11  5   4   0   2   5  17  4
  0  0 12  3   0   0  12   5  12  4
  0  0 12  3   0   0  13   3  13  4
  0  0 13  7   0   6   0  14  15  5
  0  0 17  7   0  10   0   7  25  6
  0  0 25  0   0  27  10  10  27  9
  0  0 25  0   0  29   8   8  29  9
  0  0 39 25  14   0   0  49  49 16
  0  1  0  1   2   2   1   1   3  1
  0  1  0  1   3   0   2   1   3  1
  0  1  0  1   3   1   0   2   3  1
  0  1  0  1   3   1   1   0   4  1
  0  1  0  2   0   3   1   1   3  1
  0  1  0  2   2   0   2   0   4  1
  0  1  0  3   0   0   3   1   3  1
  0  1  0  3   0   2   0   1   4  1
  0  1  0  3   1   0   0   3   3  1
  0  1  0  3   1   1   0   0   5  1
  0  1  0  6   3   0   3   3   6  2
  0  1  0  7   2   0   3   2   7  2
  0  1  0  9   3   4   4   3   9  3
  0  1  0  9   5   2   2   5   9  3
  0  1  0 11   1   4   4   1  11  3
  0  1  0 11   3   2   2   3  11  3
  0  1  1  0   1   3   1   1   3  1
  0  1  1  2   0   1   0   3   3  1
  0  1  1  2   0   2   0   0   5  1
  0  1  1  2   1   0   1   0   5  1
  0  1  2  0   0   1   3   1   3  1
  0  1  2  0   1   0   2   2   3  1
  0  1  2  0   1   0   3   0   4  1
  0  1  2  0   2   0   1   0   5  1
  0  1  2  1   0   0   2   1   4  1
  0  1  4  3   0   2   0   6   6  2
  0  2  0  0   2   0   3   1   3  1
  0  2  0  0   2   1   2   0   4  1
  0  2  0  0   2   2   0   1   4  1
  0  2  0  0   3   0   0   3   3  1
  0  2  0  0   3   0   1   1   4  1
  0  2  0  1   1   0   3   0   4  1
  0  2  0  1   1   1   0   3   3  1
  0  2  0  1   1   2   0   0   5  1
  0  2  0  1   2   0   0   2   4  1
  0  2  0  2   0   0   2   1   4  1
  0  2  0  2   0   1   1   0   5  1
  0  2  0  5   0   5   0   4   6  2
  0  2  0  5   0   5   2   0   8  2
  0  2  0  6   0   3   0   5   6  2
  0  2  0  6   0   4   1   0   9  2
  0  2  0 12   6   3   0   9  12  4
  0  2  0 14   4   3   0   7  14  4
  0  2  1  0   1   1   1   0   5  1
  0  2  3  0   5   0   0   6   6  2
  0  2  3  0   5   2   0   0  10  2
  0  2  3  3   0   1   1   6   6  2
  0  2  3  3   2   0   0   3   9  2
  0  3  0  0   6   3   0   4   6  2
  0  3  0  0   7   0   4   1   7  2
  0  3  0  0   7   1   3   0   8  2
  0  3  0  0   7   2   0   3   7  2
  0  3  0  1   2   6   2   2   6  2
  0  3  0  2   9   4   2   4   9  3
  0  3  0  2  10   2   4   2  10  3
  0  3  0  2  10   3   2   3  10  3
  0  3  0  3   0   4   4   2   6  2
  0  3  0  3   0   6   0   4   6  2
  0  3  0  3   0   6   2   0   8  2
  0  3  0  5   0   0   6   0   8  2
  0  3  0  5   0   4   0   0  10  2
  0  3  0  5   2   0   1   2   9  2
  0  3  0 13   3   0   9   0  16  4
  0  3  0 13   4   0   7   0  17  4
  0  3  0 15   5   0  12   5  15  5
  0  3  0 17   0   9   6   0  20  5
  0  3  0 17   3   0  12   3  17  5
  0  3  0 25   0  12   9   3  25  7
  0  3  0 25   3   9   9   0  28  7
  0  3  1  0   2   6   2   1   7  2
  0  3  2  1   0   2   6   2   6  2
  0  3  2  2   0   3   0   6   6  2
  0  3  2  2   3   0   0   3   9  2
  0  3  2  3   0   0   5   0   9  2
  0  3  3  0   0   3   3   4   6  2
  0  3  3  0   0   3   5   0   8  2
  0  3  3  0   0   6   0   1   9  2
  0  3  9  0   3   0  12   5  12  4
  0  3  9  0   3   0  13   3  13  4
  0  3  9  3   0   0   9   8  12  4
  0  3  9  3   0   0  13   0  16  4
  0  3 12  3   0   0  15   7  15  5
  0  3 12  3   0   0  17   3  17  5
  0  4  0  0   4   3   0   5   6  2
  0  4  0  0   4   4   1   0   9  2
  0  4  0  0   5   0   5   0   8  2
  0  4  0  0   5   3   0   1   9  2
  0  4  0  0   6   1   0   3   8  2
  0  4  0  2   3   0   1   6   6  2
  0  4  0  3   1   0   3   5   6  2
  0  4  0  4   0   0   5   0   9  2
  0  4  0  5  15   5   6   5  15  5
  0  4  1  0   3   2   0   6   6  2
  0  4  1  0   3   4   0   0  10  2
  0  4  1  0   4   0   1   6   6  2
  0  4  1  0   4   0   4   0   9  2
  0  4  1  0   5   0   0   4   8  2
  0  4  1  1   2   1   1   6   6  2
  0  4  1  2   1   3   0   1  10  2
  0  4  4  0   0  10   0   5  10  3
  0  4  4  4   0   0   4   7  10  3
  0  4  5 11   5   4   0   0  26  5
  0  4  6  6   1   0   3  12  12  4
  0  5  0  0   5   7   4   3   9  3
  0  5  0  0   5   8   2   4   9  3
  0  5  0  0  10   0   6   0  12  3
  0  5  0  5   0   2   9   3   9  3
  0  5  0  7   0   0   5   7   9  3
  0  5  0  9  21   6   6   9  21  7
  0  5  0 11   0   5   0  11  12  4
  0  5  0 11   4   0   5   0  19  4
  0  5  0 27   0  20  11   9  27  9
  0  5  0 31   9   7   7   0  40  9
  0  5  1  0   4   8   3   0  12  3
  0  5  3  2   0   8   0   0  15  3
  0  5  4  0   1   8   0   0  15  3
  0  5  4  7   4   0   1   4  19  4
  0  5  5  0   0  12   5   5  12  4
  0  5  5  0   0  14   3   3  14  4
  0  5 13  5   0   0  18   0  25  6
  0  6  0  0   7   5   1   0  14  3
  0  6  0  5   1   5   0   1  15  3
  0  6  0  6   1   0   5   1  14  3
  0  6  0  9  23   9   9   8  24  8
  0  6  0 26   0  15   0  15  26  8
  0  6  1  0   5   1   8   0  12  3
  0  6  1  2   4   0   2   9   9  3
  0  6  1  5   0   1   5   1  14  3
  0  6  3  0   3  12   0   8  12  4
  0  6  3  0   3  12   4   0  16  4
  0  6  5  5   1   0   5   5  17  4
  0  6  5  9   5   1   0   5  24  5
  0  6  6  0   0  12   1   0  19  4
  0  6  7  7   0   0   6  14  15  5
  0  7  0  0  13   4   0   3  17  4
  0  7  0  0  15   5   8   5  15  5
  0  7  0  0  15   8   2   8  15  5
  0  7  0  0  18   2   8   2  18  5
  0  7  0  0  18   5   2   5  18  5
  0  7  0  1   6  10   4   0  16  4
  0  7  0  7   0   7   0  11  12  4
  0  7  0 13   5   2   0   5  23  5
  0  7  3  3   1   6   0  12  12  4
  0  7  3  3   4   0   3  12  12  4
  0  7  5  2   0   5   5   2  18  4
  0  7  7  0   0  14   0  12  15  5
  0  8  0  0  11   0   8   0  17  4
  0  8  0  0  15   0  12   5  15  5
  0  8  0  0  17   5   3   0  22  5
  0  8  0  8   1   0   8   0  19  4
  0  8  0 30   0  21   0  21  30 10
  0  8  1  0   8   0  11   0  16  4
  0  8  1  7   0   1   8   0  19  4
  0  8  1  7   1   0   7   1  19  4
  0  8  3  2   3   6   0   2  20  4
  0  8  3  3   3   2   3   3  19  4
  0  8  7  0   8   0   7   1  24  5
  0  8  8  0   0  20   5   0  25  6
  0  8 21  0  21   8   0   0  52 10
  0  9  0  0   9  12   0  10  15  5
  0  9  0  0  16   0   9   0  21  5
  0  9  0  9   0   0  15   7  15  5
  0  9  0  9   0   0  17   3  17  5
  0  9  0 11   0   9   0   0  26  5
  0  9  2  0   7  17   7   6  18  6
  0  9  2  0   7  18   5   7  18  6
  0  9  7  0   2   7  17   6  18  6
  0 10  1  9   1   0  10   0  24  5
  0 10  3  0   7   3   3  14  15  5
  0 10 11 11   0  10   0  11  35  8
  0 11  0  0  11  13   7   0  24  6
  0 11  0 11   0  14   0   0  30  6
  0 11  0 12  42  12  12  12  42 13
  0 11 10  0  11   0  11   0  34  7
  0 11 10  1   0  20   0   1  34  7
  0 11 10  1  10   0  10   1  34  7
  0 12  5  0   7  10   0   2  30  6
  0 13  0  0  13  16   6   0  29  7
  0 13  0 18  51  18  18  18  51 17
  0 14  5  0  14   0   5   9  30  7
  0 14  7  7   0   7   7  22  24  8
  0 14 11 11   0   3  11  11  38  9
  0 14 13  1   0  26   1   0  44  9
  0 14 13  1  13   0  14   0  44  9
  0 14 25 25   0  14   0  49  49 16
  0 14 33 33  14   0   0  63  63 20
  0 15  0 15   0   0  26   0  32  8
  0 15 15  0   0  33   0  25  33 11
  0 16  5  5  11   0   5  11  35  8
  0 17 13  4   0  13  17   0  46 10
  0 17 16 16  16   0   1  16  61 13
  0 18  0  7  18   0   0  28  28  9
  0 18  7  7   4   7   7   7  42  9
  0 20  7  7   6  14   0   7  49 10
  0 21  0 21   0   0  21  25  33 11
  0 21 21 21   0   0  21  44  48 16
  0 22  5  5  22   0   0  22  45 11
  0 22 21 21  21   1   0  21  80 17
  0 23  8  0  15  50  15  15  50 16
  0 25  0 25   0  54  20  20  54 18
  0 25  0 25   0  58  16  16  58 18
  0 26  9  9   9  17   0   9  64 13
  0 29  0 29   0  29   0   0  78 15
  0 31 31  0   0  31  59  24  66 22
  0 32  7  7  18  14   0  49  49 16
  0 32  7  7  25   0   7  49  49 16
  0 35 10  0  25  72  25  25  72 24
  0 36  7  0  43   0   0  56  56 18
  0 40  7  7  40   0   0  63  63 20
  0 42 21 21   0  42   0  74  75 25
  0 58 29  0  29  58   0   0 156 30
  0 58 29 29   0  29  29  29 138 31
  0 58 29 29   0  58   0  29 149 32
  0 58 29 29  29   0  29  29 149 32
  1  0  1  0   1   2   2   1   3  1
  1  0  1  0   1   3   0   2   3  1
  1  0  1  0   1   3   1   0   4  1
  1  0  1  0   2   0   3   1   3  1
  1  0  1  0   2   2   0   1   4  1
  1  0  1  0   3   0   1   1   4  1
  1  0  1  1   0   1   3   1   3  1
  1  0  1  1   0   2   2   0   4  1
  1  0  1  1   0   3   0   1   4  1
  1  0  1  1   1   0   3   0   4  1
  1  0  1  1   1   1   0   3   3  1
  1  0  1  1   2   0   1   0   5  1
  1  0  1  2   0   1   0   2   4  1
  1  0  1  2   0   1   1   0   5  1
  1  0  1  2   4   4   2   2   6  2
  1  0  1  2   6   0   4   2   6  2
  1  0  1  2   6   2   0   4   6  2
  1  0  1  2   6   2   2   0   8  2
  1  0  1  4   0   6   2   2   6  2
  1  0  1  4   4   0   4   0   8  2
  1  0  1  4   4   2   1   0   9  2
  1  0  1  5   0   5   0   4   6  2
  1  0  1  5   0   5   2   0   8  2
  1  0  1  5   3   2   0   1   9  2
  1  0  1  6   0   1   4   3   6  2
  1  0  1  6   0   3   0   5   6  2
  1  0  1  6   0   4   0   2   8  2
  1  0  1  6   0   4   1   0   9  2
  1  0  1  6   1   0   3   4   6  2
  1  0  1  6   1   0   5   0   8  2
  1  0  1  6   1   3   0   1   9  2
  1  0  1 12   6   0   6   6  12  4
  1  0  1 12   6   3   0   9  12  4
  1  0  1 14   4   0   6   4  14  4
  1  0  1 14   4   3   0   7  14  4
  1  0  1 18   6   8   8   6  18  6
  1  0  1 18  10   4   4  10  18  6
  1  0  1 22   2   8   8   2  22  6
  1  0  1 22   6   4   4   6  22  6
  1  0  2  0   1   0   2   1   4  1
  1  0  2  0   1   1   1   0   5  1
  1  0  2  9   0   1   8   3   9  3
  1  0  2  9   3   0   1   8   9  3
  1  0  2  9   3   3   0   1  14  3
  1  0  3  0   2   6   2   2   6  2
  1  0  3  0   6   1   0   5   6  2
  1  0  3  4   1   0   1   6   6  2
  1  0  3  4   2   1   0   1  10  2
  1  0  3 12   1   0  11   4  12  4
  1  0  3 12   4   1   0  11  12  4
  1  0  3 12   4   4   1   0  19  4
  1  0  4  3   0   1   1   6   6  2
  1  0  5  0   1   5   0   1   9  2
  1  0  5  0   4   0   2   0  10  2
  1  0  5  1   0   1   4   4   6  2
  1  0  5  1   0   1   6   0   8  2
  1  0  8  0   1   2   9   3   9  3
  1  0  8  1   0   8   1   0  14  3
  1  0  8  3   0   1   5   3  12  3
  1  0  8  7   0   8   0   1  19  4
  1  0  9  6   0   4   0  12  12  4
  1  0 10  9   0  10   1   0  24  5
  1  0 11  1   0   3  12   4  12  4
  1  0 11  4   1   0   7   4  16  4
  1  0 12  0  12   1   0  14  15  5
  1  0 12  7   5   1   0   7  22  5
  1  1  0  1   1   0   1   3   3  1
  1  1  0  1   1   1   0   2   4  1
  1  1  0  1   1   1   1   0   5  1
  1  1  0  1   6   2   3   2   6  2
  1  1  0  1   6   3   1   3   6  2
  1  1  0  1   7   1   3   1   7  2
  1  1  0  1   7   2   1   2   7  2
  1  1  0  2   3   5   2   2   6  2
  1  1  0  2   5   3   2   0   8  2
  1  1  0  3   1   6   2   2   6  2
  1  1  0  3   5   0   4   0   8  2
  1  1  0  3   5   2   1   0   9  2
  1  1  0  4   0   6   1   3   6  2
  1  1  0  4   0   6   2   1   7  2
  1  1  0  4   4   2   0   1   9  2
  1  1  0  5   1   0   6   2   6  2
  1  1  0  6   0   1   3   4   6  2
  1  1  0  6   0   1   5   0   8  2
  1  1  0  6   0   4   0   1   9  2
  1  1  0  6   1   0   2   5   6  2
  1  1  0  6   1   1   0   6   6  2
  1  1  0  6   2   1   1   0  10  2
  1  1  0  9   4   1   0   8   9  3
  1  1  0 10   1   0   8   2  10  3
  1  1  0 10   2   0   7   0  12  3
  1  1  0 10   3   0   5   0  13  3
  1  1  0 10   3   1   0   7  10  3
  1  1  0 12   0   9   5   4  12  4
  1  1  0 14   0   7   5   0  16  4
  1  1  0 14   4   3   3   0  18  4
  1  1  1  5   1   0   1   6   6  2
  1  1  7  1   0   1   9   4   9  3
  1  1  7  1   0   1  10   2  10  3
  1  2  0  1   2   6   2   1   7  2
  1  2  0  1   6   2   0   1   9  2
  1  2  0  9   0   6   1   0  14  3
  1  2  1  0   2   6   0   4   6  2
  1  2  1  0   2   6   2   0   8  2
  1  2  2  0   1   2   6   2   6  2
  1  2  2  2   1   0   2   6   6  2
  1  2  3  0   3   0   3   0  10  2
  1  3  0  1   3   0   6   0   8  2
  1  3  0  1   3   2   0   6   6  2
  1  3  0  3   1   3   0   1  10  2
  1  3  0  4   0   1   3   0  10  2
  1  3  0  8   3   1   0   3  14  3
  1  3  1  0   3   1   1   6   6  2
  1  3  1  0   3   3   1   0  10  2
  1  3  6  6   0   1   3  12  12  4
  1  4  0  1   4   8   3   0  12  3
  1  4  4  0   1   7   1   0  15  3
  1  4  4  1   0   4   5   0  14  3
  1  5  0  1   5   6   0   1  14  3
  1  5  0  1   8   0   1   5  12  3
  1  5  1  0   5   3   0   9   9  3
  1  5  1  0   5  11   5   4  12  4
  1  5  1  0   5  12   3   5  12  4
  1  5  2  2   2   4   0   2  15  3
  1  5  5  5   0   1   5   5  17  4
  1  5  5  9   5   0   1   5  24  5
  1  5  9  9   1   0   5  18  18  6
  1  6  6 11   6   1   0   6  29  6
  1  7  0  1   7   8   1   0  19  4
  1  7  0  1   8   7   0   1  19  4
  1  7  0  1  11   1   0   7  16  4
  1  7  0  8   1   0   7   1  19  4
  1  7  1  0   7   1  11   0  16  4
  1  7  1  0   7   8   0   1  19  4
  1  7  1  0  11   0   1   7  16  4
  1  7  1  7   0   1   7   1  19  4
  1  9  0  1  10   9   1   0  24  5
  1  9  0 10   1   0  10   0  24  5
  1  9  1  0   9  10   1   0  24  5
  1  9  1  0  10   0  14   0  20  5
  1  9  1  0  10   9   0   1  24  5
  1  9  1  0  14   1   0   9  20  5
  1  9  1  9   0   1  10   0  24  5
  1  9  1  9   1   0   9   1  24  5
  1  9  5  5   0  10   0  18  18  6
  1 10 10  0   1  20   0   1  34  7
  1 11  1  0  12  11   1   0  29  6
  1 11  1 11   1   0  12   0  29  6
  1 13 13  0   1  26   1   0  44  9
  1 13 13  1   0  26   0   1  44  9
  1 16 16  1   0  32   1   0  54 11
  1 21 21 21  21   0   1  21  80 17
  1 26 26 26  26   1   0  26  99 21
  2  0  2  0   5   0   5   0   8  2
  2  0  2  0   6   0   3   0   9  2
  2  0  2  0   6   1   1   1   9  2
  2  0  2  2   0   5   0   5   6  2
  2  0  2  2   9   2   0   7   9  3
  2  0  2  3   0   3   0   6   6  2
  2  0  2  3   1   1   1   6   6  2
  2  0  2  4   1   1   1   1  10  2
  2  0  2  5  15   5   6   5  15  5
  2  0  2  6   2   0   9   3   9  3
  2  0  2  8   1   2   0   9   9  3
  2  0  3  0   3   2   0   6   6  2
  2  0  3  0   5   0   2   0  10  2
  2  0  3  0  10   3   2   0  13  3
  2  0  3  1   1   3   0   6   6  2
  2  0  3  2   0   2   1   6   6  2
  2  0  3  3   0   2   0   3   9  2
  2  0  4  0   2   0   5   0   9  2
  2  0  4  0   3   0   3   0  10  2
  2  0  4  0   9   0   2   7   9  3
  2  0  9  2   7   2   0   2  20  4
  2  0 13  0   2  13   2   0  23  5
  2  0 13  2   0  13   0   2  23  5
  2  0 19  0  19   0   2  22  24  8
  2  0 19 11   8   0   2  11  35  8
  2  1  1  1   1   2   6   2   6  2
  2  1  1  1   1   4   4   0   8  2
  2  1  1  1   1   5   0   5   6  2
  2  1  1  1   1   6   0   2   8  2
  2  1  1  1   3   2   0   6   6  2
  2  1  1  1  10   3   2   0  13  3
  2  1  1  2   0   2   5   3   6  2
  2  1  1  2   0   2   6   1   7  2
  2  1  1  2   0   3   5   0   8  2
  2  1  1  2   0   5   2   0   9  2
  2  1  1  3   0   2   1   6   6  2
  2  1  1  4   0   2   1   1  10  2
  2  1  1  8   0   3   0   9   9  3
  2  1  1  8   1   1   1   9   9  3
  2  1  2  0   2   1   6   0   8  2
  2  1  2  0   2   3   0   6   6  2
  2  1  2  0   3   1   1   6   6  2
  2  1  2  1   2   0   2   6   6  2
  2  1  3  0   2   1   3   0  10  2
  2  2  0  2   2   0   5   0   9  2
  2  2  0  2   3   0   2   2   9  2
  2  2  0  2   3   9   3   2  10  3
  2  2  0  2   5   7   3   0  12  3
  2  2  0  2   9   0   2   7   9  3
  2  2  0  2   9   3   0   2  13  3
  2  2  0  3   1   1   3   0  10  2
  2  2  0  3   1   2   1   1  10  2
  2  2  0  3  12   5   0   8  12  4
  2  2  0  3  13   0   8   3  13  4
  2  2  0  3  13   3   5   0  16  4
  2  2  0  3  13   4   0   7  13  4
  2  2  0  6   0   2   9   3   9  3
  2  2  0  7  17   7   7   6  18  6
  2  2  0  9   0  11   0   8  12  4
  2  2  0  9   0  11   4   0  16  4
  2  2  0 11   0   9   2   0  18  4
  2  2  0 12   0   5   0  11  12  4
  2  2  0 20   0  11   0  11  20  6
  2  2  0 27  14   0  13  14  27  9
  2  2  0 32   9   0  13   9  32  9
  2  2  1  1   2   1   1   4   8  2
  2  2  1  1   2   1   3   0  10  2
  2  2  1  1   2   2   0   3   9  2
  2  2  1  2   1   1   2   1  10  2
  2  2  7  0   9   2   0   2  20  4
  2  4  1  4   1   1   5   0  15  3
  2  5  0 13   5   0   2   5  23  5
  2  6  3  0   5   6   0   2  20  4
  2  7  0  2   7  17   7   6  18  6
  2  7  0  2   7  18   5   7  18  6
  2  8  2  0  10   0   3  15  15  5
  3  0  3  0   7   3   0   8   9  3
  3  0  3  0   8   0   3   7   9  3
  3  0  3  0   9   1   3   0  14  3
  3  0  3  0  12   6   0   8  12  4
  3  0  3  0  14   0   8   2  14  4
  3  0  3  0  14   2   6   0  16  4
  3  0  3  0  14   4   0   6  14  4
  3  0  3  2   4  12   4   4  12  4
  3  0  3  3   0   8   3   0  13  3
  3  0  3  4   0   3   8   0  12  3
  3  0  3  4  18   8   4   8  18  6
  3  0  3  4  20   4   8   4  20  6
  3  0  3  4  20   6   4   6  20  6
  3  0  3  5   0   3   1   9   9  3
  3  0  3  6   0   4   0   3  14  3
  3  0  3  6   0  12   0   8  12  4
  3  0  3  6   0  12   4   0  16  4
  3  0  3  9  23   9   9   8  24  8
  3  0  3 10   0   4   0  12  12  4
  3  0  3 10   1   2   1  12  12  4
  3  0  3 14   0   3  12   0  20  5
  3  0  3 14   0  10   0   3  22  5
  3  0  3 18   4   3   0  17  18  6
  3  0  3 18   5   0   3  16  18  6
  3  0  3 21   8   0   3  18  21  7
  3  0  3 22   0   3  18   6  22  7
  3  0  3 22   7   0   3  17  22  7
  3  0  3 24  10   3   0  21  24  8
  3  0  3 26   0  15   0  15  26  8
  3  0  3 26   3   0  21   6  26  8
  3  0  3 26   6   0  18   0  32  8
  3  0  3 26   8   0  14   0  34  8
  3  0  3 26   8   3   0  19  26  8
  3  0  3 30  10   0  24  10  30 10
  3  0  3 34   0  18  12   0  40 10
  3  0  3 34   6   0  24   6  34 10
  3  0  3 50   0  24  18   6  50 14
  3  0  3 50   6  18  18   0  56 14
  3  0  4  0   3   2   9   3   9  3
  3  0  4  0   3   8   0   3  12  3
  3  0  4  3   0   5   0   9   9  3
  3  0  5  3   0   5   0   3  14  3
  3  0  6  1   2   1   5   1  14  3
  3  0  7  4   3   0   3  12  12  4
  3  0  9  0   3   0   9   8  12  4
  3  0  9  0   3   0  13   0  16  4
  3  0 12  0   3   0  15   7  15  5
  3  0 12  0   3   0  17   3  17  5
  3  0 17 12   3   0   5  24  24  8
  3  0 21  3   0   3  24  10  24  8
  3  0 21  3   0   3  26   6  26  8
  3  1  2  1   8   0   3   1  14  3
  3  1  2  6   1   2   1   2  15  3
  3  1  2 10   0   3   1  12  12  4
  3  1  3  0   4   0   9   4   9  3
  3  1  3  0   4   0  10   2  10  3
  3  1  3  0   5   3   0   9   9  3
  3  1  5  0   4   0   5   0  15  3
  3  2  1  2   2   1   9   4   9  3
  3  2  1  2   2   1  10   2  10  3
  3  2  1  4   0   4   1   9   9  3
  3  2  2  1   2   2   9   0  12  3
  3  2  2  1   2   5   0   9   9  3
  3  2  2  3   0   3   2   9   9  3
  3  2  3  0  17   5   3   0  22  5
  3  2  3  3   0   3   2   3  14  3
  3  3  0  3   3   4   0   3  14  3
  3  3  0  3   3   8   8   4  12  4
  3  3  0  3   3  12   0   8  12  4
  3  3  0  3   3  12   4   0  16  4
  3  3  0  3   7   0  12   4  12  4
  3  3  0  3  11   0   6   0  18  4
  3  3  0  3  11   3   0   3  18  4
  3  3  0  3  16   5   3   0  22  5
  3  3  0  4   5  15   5   5  15  5
  3  3  0  5   1   2   3   1  15  3
  3  3  0  5  19   6   5   0  25  6
  3  3  0  6   0   5  11   4  12  4
  3  3  0  6   0   9   7   0  16  4
  3  3  0  8  21   0  13   8  21  7
  3  3  0  9   0  15   0  10  15  5
  3  3  0  9   0  15   5   0  20  5
  3  3  0 10   0   6   0   3  19  4
  3  3  0 10   3   0   3   3  19  4
  3  3  0 18   4   0   3  17  18  6
  3  3  0 22   3   0  18   0  28  7
  3  3  0 24  10   0   3  21  24  8
  3  3  0 26   0   3  21   6  26  8
  3  3  0 26   8   0   3  19  26  8
  3  3  0 33  11   0  27  11  33 11
  3  3  0 38   6   0  27   6  38 11
  3  3  0 58   0  27  21   6  58 16
  3  3  0 58   6  21  21   0  64 16
  3  3  0 60  20  27  27  20  60 20
  3  3  0 60  34  13  13  34  60 20
  3  3  0 74   6  27  27   6  74 20
  3  3  0 74  20  13  13  20  74 20
  3  3  1  3   2   1   5   0  15  3
  3  3  1  3   3   0   3   3  14  3
  3  3  2  1   3   3   1   2  15  3
  3  3  2  2   2   2   2   2  15  3
  3  3  3  0   3   5  11   4  12  4
  3  3  3  0   3   9   7   0  16  4
  3  3  3  3   0   3  12   5  12  4
  3  3  3  3   0   3  13   3  13  4
  3  3 15  3   0   3  15  14  21  7
  3  3 15  3   0   3  22   0  28  7
  3  4  3  0   4   6   0  12  12  4
  3  4  3  0   7   0   3  12  12  4
  3  5  3  0   5   3   5   0  20  4
  3  5  3  0   5   5   1   2  20  4
  3  7  0  3  22   7   3   0  32  7
  3  7  3  0  22   7   0   3  32  7
  3  8  3  0  26   8   3   0  37  8
  3 11  3  0  14   0  14   0  32  7
  3 19 19 19   3   0  19  19  64 15
  4  0  4  0  11   4   0   4  17  4
  4  0  4  0  15   0  12   5  15  5
  4  0  4  0  17   4   0   9  17  5
  4  0  4  2  15   0   4  11  15  5
  4  0  4  3   4   0  12   5  12  4
  4  0  4  3   4   0  13   3  13  4
  4  0  4  5   4   0   4  11  12  4
  4  0  4  8   1   4   0   4  19  4
  4  0  4 12   0   4   1  15  15  5
  4  0  4 30   0  21   0  21  30 10
  4  0  5  4   0   4  11   0  16  4
  4  0  5  7   0   5   0   4  19  4
  4  0  5 11   5   0   4   0  26  5
  4  0  6  3   3   1   3  12  12  4
  4  0  7  0   4   0  13   0  16  4
  4  0  7  3   4   0   4   3  19  4
  4  0  7  4   0   4   3   4  18  4
  4  0  8  1   3   1   8   0  19  4
  4  0  8  1   4   0   7   1  19  4
  4  1  3  1  11   0   5   0  19  4
  4  1  3  1  11   1   3   1  19  4
  4  1  3  8   0   5   0   4  19  4
  4  1  4  0   4   3  12   4  12  4
  4  1  4  0   4  11   0   4  16  4
  4  1  4  0  11   0   4   1  19  4
  4  1  7  1   3   1   7   1  19  4
  4  2  2  4   0   9   0  11  12  4
  4  3  1  3   3   6   0  12  12  4
  4  3  1  3   4   0  13   0  16  4
  4  3  3  1   3   4   2  12  12  4
  4  3  3  2   2   3   3  12  12  4
  4  3  3  4   0   7   0   4  19  4
  4  3  4  0   7   0   4   3  19  4
  4  4  0  4   5   0   8   0  19  4
  4  4  0  4   5   4   0   4  19  4
  4  4  0  4  21   0  16   7  21  7
  4  4  0  4  23   7   5   0  30  7
  4  4  0  5   3   5   0   4  19  4
  4  4  0  6  21   4   0  17  21  7
  4  4  0 11  33  11  14  11  33 11
  4  4  0 54  28  13   0  41  54 18
  4  4  0 64  18  13   0  31  64 18
  4  4  3  1   4   3   3   2  20  4
  4  4  9 19   9   4   0   4  46  9
  4  6  3  3   4   6   0   4  25  5
  4  7  4  0   7  26   7   7  26  8
  4  7  7  0   4   7   7   0  30  6
  4 13 13  4   0  13  13   4  46 10
  5  0  5  0  20   0  12   0  24  6
  5  0  5  2  23   7   5   0  30  7
  5  0  5  9   5   0   5   0  26  5
  5  0  5 14   6   0   5   0  31  6
  5  0  5 18  42  12  12  18  42 14
  5  0  5 22   5   0   5  22  24  8
  5  0  5 22   8   5   0   5  38  8
  5  0  5 33   0   5  29  11  33 11
  5  0  5 36   5   0  33  12  36 12
  5  0  5 54   0  40  22  18  54 18
  5  0  5 62  18  14  14   0  80 18
  5  0  6  9   1   5   0   5  24  5
  5  0  8  0   5   0  15   7  15  5
  5  0  8  0   5   0  17   3  17  5
  5  0  8  5   3   5   0   5  24  5
  5  0 10  1   5   0  10   0  24  5
  5  0 16  5   0   5  11   5  30  7
  5  0 16 11   5   0   5  11  35  8
  5  0 19  5   0   5  19   0  35  8
  5  1  4  1  14   1   5   0  24  5
  5  1  4 10   1   5   0   5  24  5
  5  1  5  0  14   0   6   0  24  5
  5  1  5  0  14   1   4   1  24  5
  5  1  5  9   0   6   0   5  24  5
  5  1  9  1   4   1  10   0  24  5
  5  1  9  1   5   0   9   1  24  5
  5  3  2  3   5   0  15   7  15  5
  5  3  2  3   5   0  17   3  17  5
  5  3  2  6   0   9   0  15  15  5
  5  3  3  5   0  20   5   0  25  6
  5  3  5  5   0   8   0   5  24  5
  5  4  1  4   4   1  16   0  20  5
  5  4  1  8   0   6  18   6  18  6
  5  4  4  4   1   8   0   5  24  5
  5  5  0  5   5   4  18   6  18  6
  5  5  0  5  25   0  16   0  32  8
  5  5  0  6   5   0  10   0  24  5
  5  5  0  6   5   5   0   5  24  5
  5  5  0  7   5   0   5   5  23  5
  5  5  0 10   0   5  17   0  24  6
  5  5  0 10   0  21   0  15  21  7
  5  5  0 11  33   0  23  11  33 11
  5  5  0 22   0   5   5  22  24  8
  5  5  0 22   8   0   5   5  38  8
  5  5  0 22  48  13  13  22  48 16
  5  5  0 26   0  10   0  26  27  9
  5  5  0 26   0  35  13  12  36 12
  5  5  0 26   5   0   5  26  27  9
  5  5  0 26   9   0  10   0  44  9
  5  5  0 26   9   5   0   5  44  9
  5  5  0 36   0   5  33  12  36 12
  5  5  0 39   5   0  37  13  39 13
  5  5  1  4   6   0  10   0  24  5
  5  5  2  3   7   0   5   5  23  5
  5  5  3  3   4   5   1   4  25  5
  5  5  3  3   5   2   3   5  24  5
  5  5  5  0   5   5  17   0  24  6
  5  5  5  0   5  21   0  15  21  7
  5  5  5  5   0   6   4  18  18  6
  5  5 13 13   5   0   5  13  40  9
  5  5 14  5   0   5  14   5  35  8
  5  5 17  5   0   5  22   0  40  9
  5  7  5  0   7   5   5   2  30  6
  5 11  5  0  16   0   5  11  35  8
  5 13  5  0  18   5   0  13  40  9
  5 13  5  5  13   0   5  13  40  9
  5 15  5  0  15  42  15  15  42 14
  6  0  6  0  21   6   0  17  21  7
  6  0  6  0  23   7   0   6  29  7
  6  0 11  0   6   0  11  14  18  6
  6  1  6  0  17   1   6   0  29  6
  6  1  6 11   1   6   0   6  29  6
  6  1 11  1   6   0  12   0  29  6
  6  3  3  3   3  16   6   0  26  6
  6  3  3  5   1   5  18   7  18  6
  6  3  3  5   1   5  19   5  19  6
  6  3  3  6   0  17   0   6  25  6
  6  4  5  1   8   1   5  18  18  6
  6  4  5  4   2   4   5  18  18  6
  6  5  5  1   5  10   0   6  28  6
  6  6  0  6  11   6   0  21  21  7
  6  6  0  6  33  15   0  22  33 11
  6  6  0  6  37   0  22   7  37 11
  6  6  0  6  37   7  15   0  44 11
  6  6  0  6  37  11   0  18  37 11
  6  6  0 11   1  11   0  21  21  7
  6  6  0 16  42  13   0  29  42 14
  6  6  1  6   6   0  12   0  29  6
  7  0  7  0  10  22  10   8  24  8
  7  0  7  0  10  24   6  10  24  8
  7  0  7  0  30  10  16  10  30 10
  7  0  7  0  30  16   4  16  30 10
  7  0  7  0  31   9   5   2  38  9
  7  0  7  0  36   4  16   4  36 10
  7  0  7  0  36  10   4  10  36 10
  7  0  7 50  16  15   0   7  74 16
  7  0  7 58  18  16   7   0  85 18
  7  0 11  0   7  11   0  20  21  7
  7  0 13  7   0  13   0  24  24  8
  7  0 32 25   7   0   7  49  49 16
  7  1  7  0   7  26   7   7  26  8
  7  3  7  0  10   0  22   0  28  7
  7  4  3  8   0   7  20   0  28  7
  7  4  4  4   3   4  21   9  21  7
  7  4  4  4   3   4  23   5  23  7
  7  4  4  7   0  13   0  21  21  7
  7  6  7  7   0   7   6  24  24  8
  7  7  0  7  12  32  12  11  33 11
  7  7  0  7  12  33  10  12  33 11
  7  7  0 14   0   7   7  22  24  8
  7  7  0 26   0  44  13  13  44 14
  7  7  0 58  18  16   0   7  85 18
  7  7  0 66  20  17   7   0  96 20
  7  7  4  3   7   8   0   7  34  7
  7  7  7  0   7   7   7  22  24  8
  7  7 29 29   7   0   7  56  56 18
  7 11  0  7  11   7   0  28  28  9
  7 13  7  0  13  14   0   7  49 10
  7 19 19  7   0  19  54  19  54 18
  7 25  7  0  25  14   0  49  49 16
  7 25  7  0  32   0   7  49  49 16
  7 29  7  0  36   7   0  56  56 18
  7 29  7  7  29   0   7  56  56 18
  8  0  8  0  29   0   8  17  29  9
  8  0  9  0   8  29   8   8  29  9
  8  0  9  8   0  29   8   0  37  9
  8  0 13  0  13   0   8  22  24  8
  8  0 13  8   0   8  13   0  38  8
  8  0 21  0  21   0   8   0  52 10
  8  0 31  0  31   8   0   8  68 14
  8  3  8  0   8   3  24  10  24  8
  8  3  8  0   8   3  26   6  26  8
  8  4  4  8   0  30   0  15  30  9
  8  5  8  0   8   5   8  22  24  8
  8  7  1 14   0  15   0  27  27  9
  8  8  0  8  41   8   0  29  41 13
  8  8  0 19  53  19  19   0  72 18
  8  8  0 66   0  47   0  47  66 22
  8  8  5  3  10   3   5   8  38  8
  8  8 33  8  33   8   0   8  92 18
  8 15  0  8  15  50  15  15  50 16
  9  0  9  0  32   9   0   9  42 10
  9  0  9 10   0  32   9   0  41 10
  9  0  9 16   0   9   0  28  28  9
  9  0  9 22   9   0   9   0  52 10
  9  0 14  5   9   0   9  26  27  9
  9  0 14  9   0  14   9   0  44  9
  9  0 16  0   9  16   0   9  40  9
  9  5  4  5   5  32   9   0  41 10
  9  5  5  9   0   9  26   0  36  9
  9  5  9  0  14   0   9  26  27  9
  9  6  3 12   0   9  31   9  31 10
  9  7  7  9   0  14   2   7  44  9
  9  8  1  8   8   9   0  28  28  9
  9  8  8  8   1   8   8  30  30 10
  9  9  0  9   9   0  30  14  30 10
  9  9  0  9   9   0  34   6  34 10
  9  9  0  9  28   0   9   9  48 11
  9  9  0  9  38   9   9   0  60 13
  9  9  0 22   0   9   9   0  52 10
  9  9  0 34   9   0  18   0  64 13
  9  9  0 34   9   9   0   9  64 13
  9  9  0 62   0  39   9   0  92 20
  9  9  5  4  10   9   0   9  44  9
  9  9  5  5   8  10   0   9  44  9
  9  9  9  0  38   9   0   9  60 13
  9  9  9 25   9   0   9   9  64 13
  9  9  9 29   9   9   0   9  71 14
  9 13 13  9   0  26   0  42  42 14
  9 17  9  0  18  17   0   9  64 13
 10  0 17  0  17  10   0  10  46 10
 10  0 19  0  19   0  10   0  52 10
 10  5  5 10   0  33   0  25  33 11
 10  5  5 10   0  36  15  15  36 12
 10  5  5 10   0  42   9   9  42 12
 10  5  5 19   5   5   5   5  51 10
 10  7  3 14   0  10   7  29  30 10
 10  7 10  0  10  17   0  10  46 10
 10  8  7  3   8   7   7  30  30 10
 10  9  5  5   9   5   5  31  31 10
 10  9 10  0  10   9  10   0  52 10
 10 10  0 20   0  12  39  13  39 13
 10 10 10  0  10  12  39  13  39 13
 10 25  0 10  25  72  25  25  72 24
 11  0 11 24  84  24  24  24  84 26
 11  0 11 30   0  11   0  40  40 13
 11  6 11 11   6  11   0  11  54 11
 11  7  7  7   4   7  34   0  44 11
 11  7 11  0  18  11   0  11  52 11
 11  8  8  8   3   8   9  33  33 11
 11  9  9  9   2  16   2   9  54 11
 11  9  9  9   9   2   9   9  54 11
 11 10  1 20   0  11  11   0  57 11
 11 11  0 11  11  16   0  36  36 12
 11 11  0 11  11  34   0  11  54 13
 11 11  0 11  11  40  11   0  59 14
 11 11  0 22   0  40   0  11  59 14
 11 11  0 22   0  46  11   0  64 15
 11 11  0 25  93  25  25  25  93 28
 11 11  6  6  11  11   0  11  54 11
 11 11 11  0  11  40   0  11  59 14
 11 11 11  0  11  46  11   0  64 15
 12  0 12  0  39   0  12  29  39 13
 12  0 12 12   0  42   0  23  42 13
 12  6  6  6   6  42   0  23  42 13
 12  7  7  5   7   7  36  15  36 12
 12  7  7  5   7   7  39   9  39 12
 12 11  1 22   0  12  11   1  62 12
 12 12  0 12  57  12   0  47  57 19
 12 12  0 24   0  54   0  31  54 17
 12 12  0 25  81  25  25   0 106 26
 12 12 12  0  12  54   0  31  54 17
 13  0 13  0  13  45  12  13  45 14
 13  0 13 36 102  36  36  36 102 34
 13  9 13  0  22   0  22   0  64 13
 13  9 13  0  22   9   4   9  64 13
 13  9 13  9  13   0  13   9  64 13
 13 10 10  3  10  10  10  38  39 13
 13 13  0 41 114  41  41  41 114 38
 14  0 33 33   0  14   0  63  63 20
 14  9 14  9  14   0  23   0  71 14
 14 11  3 22   0  25   0  14  65 14
 14 13 13  1  13  26   0  48  48 16
 14 22  7  7  22   7   7  56  56 18
 14 26  7  7  26  14   0  63  63 20
 15  0 15  0  65  17  15   0  82 19
 15  0 15 15   0  48   0  35  48 16
 15 14  1 27   1  14  15   0  78 15
 15 14 14  1  14  14  15   0  78 15
 15 15  0 15  15   0  52   0  64 16
 15 15  0 15  22  71  22  22  71 23
 15 15  0 70   0 102  35  35 102 34
 15 15 15 15   0  15  58   0  76 19
 16  0 23 16   0  23   0  49  49 16
 16  7 16 16   0  16   7  49  49 16
 16  9  9  7   9  58  16   0  74 18
 16 13 13 16   0  16  13  13  76 16
 16 15  1 29   1  15  15   1  83 16
 16 15 15  1  15  15  15   1  83 16
 17 10  7 20   0  66  17   0  83 20
 17 13 13 17   0  17  26   0  84 17
 18  7 18 18   0  25   0  56  56 18
 18  9  9 40   9   9   9   9  97 19
 18 18  0 36   0  18  69  25  69 23
 18 18  0 36   0  18  71  21  71 23
 18 18 18  0  18  18  69  25  69 23
 18 18 18  0  18  18  71  21  71 23
 19  9 28  0  28   0  28   0  97 19
 19 14 14 19   0  28  19   0  96 19
 20  0 27 27   0  20   0  63  63 20
 20  9 20  0  29  20   0  61  61 20
 20 17 10 10  17  20   0  63  63 20
 20 17 17 17   3  17  17  17  95 20
 21 17 17 17   4  17  34   0 104 21
 21 21  0 42   0  42   0  74  75 25
 21 21 21  0  21  42   0  74  75 25
 21 21 21 21   0  21  21  74  75 25
 22 11 11 22   0  72   0  22  93 23
 23  0 23 23   0  81  22   1 102 25
 23  1 22  1  22  81  22  22  81 25
 24  0 24  1  23  84  23  23  84 26
 24 19 19 19  19  19   5  19 121 24
 24 24  0 48   0 108  31   0 139 34
 24 24 24  0  24 108  31   0 139 34
 25  0 25  0  25  81  30  30  81 27
 25  0 25  0  25  86  25  25  86 27
 25  0 25  0  30  84  30  30  84 28
 25  0 25 25   0  86  25   0 111 27
 25  0 25 25   0  87  35  35  87 29
 25  0 25 25   0  99  23  23  99 29
 25 16  9 32   0  41   0  76  76 25
 25 25  0 25  25 108  40  40 108 36
 25 25  0 25  25 116  32  32 116 36
 25 25  0 25  40 117  40  40 117 39
 25 25  0 50   0 114  45  45 114 38
 25 25  0 50   0 128  31  31 128 38
 25 25 25  0  25 114  45  45 114 38
 25 25 25  0  25 128  31  31 128 38
 28 27 14 27  14  14  41   0 143 28
 29 18 18 29   0  47   0  89  89 29
 29 29  0 58   0  29  29   0 156 30
 29 29  0 58   0  58   0  29 149 32
 29 29 29  0  29  29  29   0 156 30
 29 29 29  0  29  58   0  29 149 32
 29 29 29  0  58  29   0  29 160 33
 29 29 29 29   0  29  29  29 149 32
 29 29 29 29   0  29  58   0 160 33
 29 29 29 29   0  58   0  29 160 33
 29 29 29 29  29   0  29  29 160 33
 29 29 29 29  29  29   0  29 171 34
 29 58 29 29  29  58   0  29 223 44
 30 15 15 15  15  96   0  70  96 32
 32 23 23  9  23  46   0  98  98 32
 34 25 25 25   9  25  25 103 103 34
 36 18 18 36   0  36 111  41 111 37
 36 25 25 25  11  50   0 112 112 36
 38 27 27 27  27  11  27 117 117 38
 44 43 29 29  29  43  15  29 223 44
 46 23 23 23  23 162  44   2 204 50
 46 23 23 46   0 174  43   3 214 52
 47 47  0 47  47  47   0 152 152 49
 47 47 47 47   0  94   0 178 178 58
 47 47 47 47  47   0  47 178 178 58
 50 25 25 25  25 172  50   0 222 54
 50 25 25 25  25 174  70  70 174 58
 50 25 25 25  25 198  46  46 198 58
 50 25 25 50   0 183  50   0 233 56
 52 26 26 52   0  57 162  57 162 54
 72 36 36 72   0  72 227  72 227 74

0 extreme rays of recession cone:

37 support hyperplanes of polyhedron (homogenized):
 -7 -7  3  3  3  3  3  3 3 -13
 -4  1  1  1  1  1  1  1 1  -6
 -3 -3 -3 -3 -3 -3  7  7 7 -17
 -3 -3 -3  2  2  2  2  2 2  -7
 -2 -2 -2 -2 -2  3  3  3 3  -8
 -1 -1 -1 -1 -1 -1 -1 -1 9 -19
 -1 -1 -1 -1 -1 -1 -1  4 4  -9
 -1 -1 -1 -1  1  1  1  1 1  -3
 -1 -1 -1  0  1  1  1  1 0   0
 -1 -1 -1  1  1  1  1  0 0   0
 -1 -1  0  0  0  1  1  1 0   0
 -1 -1  0  0  1  1  1  0 0   0
 -1 -1  0  1  1  1  0  0 0   0
 -1 -1  1  1  1  0  0  0 0   0
 -1  0  0  0  0  0  1  1 0   0
 -1  0  0  0  0  1  1  0 0   0
 -1  0  0  0  1  1  0  0 0   0
 -1  0  0  1  1  0  0  0 0   0
 -1  0  1  1  0  0  0  0 0   0
 -1  1  1  0  0  0  0  0 0   0
  0  0  0 -1 -1 -1  1  1 1   0
  0  0  0 -1 -1  0  0  1 1   0
  0  0  0 -1  0  0  0  0 1   0
  0  0  0  0 -1 -1  0  1 1   0
  0  0  0  0 -1  0  0  0 1   0
  0  0  0  0  0 -1 -1  1 1   0
  0  0  0  0  0 -1  0  0 1   0
  0  0  0  0  0  0 -1  0 1   0
  0  0  0  0  0  0  0 -1 1   0
  0  0  0  0  0  0  0  1 0   0
  0  0  0  0  0  0  1  0 0   0
  0  0  0  0  0  1  0  0 0   0
  0  0  0  0  1  0  0  0 0   0
  0  0  0  1  0  0  0  0 0   0
  0  0  1  0  0  0  0  0 0   0
  0  1  0  0  0  0  0  0 0   0
  1  0  0  0  0  0  0  0 0   0

2 equations:
 1 0 -1 -2 -3 -4 -5 -6 -7  48
 0 1  2  3  4  5  6  7  8 -59

8 basis elements of generated  lattice:
 1 0 0 0 0 0 0 -8   7 0
 0 1 0 0 0 0 0 -7   6 0
 0 0 1 0 0 0 0 -6   5 0
 0 0 0 1 0 0 0 -5   4 0
 0 0 0 0 1 0 0 -4   3 0
 0 0 0 0 0 1 0 -3   2 0
 0 0 0 0 0 0 1 -2   1 0
 0 0 0 0 0 0 0 29 -18 1

