23 lattice points in polytope (module generators)
0 Hilbert basis elements of recession monoid
40 vertices of polyhedron
0 extreme rays of recession cone
16 support hyperplanes of polyhedron (homogenized)

embedding dimension = 8
affine dimension of the polyhedron = 5
rank of recession monoid = 0 (polyhedron is polytope)

dehomogenization:
0 0 0 0 0 0 0 1 


module rank = 23

***********************************************************************

23 lattice points in polytope (module generators):
 0 0 0 2 2 2 3 1
 0 0 0 3 0 3 3 1
 0 0 0 3 1 1 4 1
 0 0 0 4 0 0 5 1
 0 0 1 0 3 2 3 1
 0 0 1 0 4 0 4 1
 0 0 1 1 1 3 3 1
 0 0 1 1 2 1 4 1
 0 0 1 2 0 2 4 1
 0 0 1 2 1 0 5 1
 0 0 2 0 1 2 4 1
 0 0 2 0 2 0 5 1
 0 0 2 1 0 1 5 1
 0 0 3 0 0 0 6 1
 0 1 0 0 2 3 3 1
 0 1 0 0 3 1 4 1
 0 1 0 1 1 2 4 1
 0 1 0 1 2 0 5 1
 0 1 0 2 0 1 5 1
 0 1 1 0 0 3 4 1
 0 1 1 0 1 1 5 1
 0 1 1 1 0 0 6 1
 1 0 1 0 1 0 6 1

0 Hilbert basis elements of recession monoid:

40 vertices of polyhedron:
  0  0  0  3  0   3   3  1
  0  0  0  3  6   3   6  2
  0  0  0  4  0   0   5  1
  0  0  0  6  3   0   9  2
  0  0  1  0  3   2   3  1
  0  0  1  0  4   0   4  1
  0  0  3  0  0   0   6  1
  0  0  3  0  3   6   6  2
  0  0 15  0  0  24  24  7
  0  1  0  0  2   3   3  1
  0  3  0  0 12   9  12  4
  0  3  0  3  0   0  12  2
  0  5  0  0  5  13  13  4
  0  6  0  0 33   0  33  8
  0  6  6  0  0   6  27  5
  0 12  0  0 12   0  39  7
  0 15  0 15  0  48  48 14
  0 15 15  0  0  57  57 16
  1  0  1  0  1   0   6  1
  1  0  1  0  4   6   6  2
  1  1  0  2  0   7   7  2
  1  1  1  0  1   7   7  2
  2  2  0  4  0   2  17  3
  2  2  2  0  2   2  17  3
  3  0  3  0 24  18  24  8
  3  0  3  0 33   0  33  8
  3  3  0  3  3   0  24  4
  3  3  0  3 15  24  24  8
  3  3  0  3 33  24  33 11
  3  3  0  3 39   0  42 10
  5  0  5  0  5  24  24  7
  6  0  6  6  0   6  39  7
  6  6  0  6 87   6  87 22
  8  4  4  4  4   4  53  9
 10  5  5 10  0  57  57 16
 12 12 12 12  0  12 111 19
 15  0 15 15  0  81  81 23
 15 15  0 15 15  96  96 28
 24 12 12 24  0  24 165 29
 30 15 15 15 15 162 162 46

0 extreme rays of recession cone:

16 support hyperplanes of polyhedron (homogenized):
 -1 -1 -1 -1 -1 -1 7 -15
 -1 -1  0  1  1  1 0   0
 -1 -1  1  1  1  0 0   0
 -1  0  0  0  1  1 0   0
 -1  0  0  1  1  0 0   0
 -1  0  1  1  0  0 0   0
 -1  1  1  0  0  0 0   0
  0  0  0 -1 -1  1 1   0
  0  0  0  0 -1  0 1   0
  0  0  0  0  0 -1 1   0
  0  0  0  0  0  1 0   0
  0  0  0  0  1  0 0   0
  0  0  0  1  0  0 0   0
  0  0  1  0  0  0 0   0
  0  1  0  0  0  0 0   0
  1  0  0  0  0  0 0   0

2 equations:
 1 0 -1 -2 -3 -4 -5  33
 0 1  2  3  4  5  6 -42

6 basis elements of generated  lattice:
 1 0 0 0 0  6  2 1
 0 1 0 0 0 -5  4 0
 0 0 1 0 0 -4  3 0
 0 0 0 1 0 -3  2 0
 0 0 0 0 1 -2  1 0
 0 0 0 0 0 12 -3 1

