12 lattice points in polytope (module generators)
0 Hilbert basis elements of recession monoid
7 vertices of polyhedron
0 extreme rays of recession cone
7 support hyperplanes of polyhedron (homogenized)

embedding dimension = 6
affine dimension of the polyhedron = 2
rank of recession monoid = 0 (polyhedron is polytope)

dehomogenization:
0 0 0 0 0 1 


module rank = 12

***********************************************************************

12 lattice points in polytope (module generators):
  8 7 7 7  8 1
  8 8 5 8  8 1
  9 5 9 5  9 1
  9 6 7 6  9 1
  9 7 5 7  9 1
  9 8 3 8  9 1
 10 4 9 4 10 1
 10 5 7 5 10 1
 10 6 5 6 10 1
 10 7 3 7 10 1
 11 3 9 3 11 1
 11 4 7 4 11 1

0 Hilbert basis elements of recession monoid:

7 vertices of polyhedron:
  8  8  5  8  8 1
  9  5  9  5  9 1
 10  7  3  7 10 1
 11  3  9  3 11 1
 11  4  7  4 11 1
 16 13 16 13 16 2
 17 17  6 17 17 2

0 extreme rays of recession cone:

7 support hyperplanes of polyhedron (homogenized):
 -2  1  1  1 1  -4
 -1 -1 -1 -1 5 -11
 -1 -1 -1  2 2  -5
 -1 -1  1  1 1  -3
 -1  0  1  1 0   0
  0  0 -1  0 1   0
  0  0  0 -1 1   0

3 equations:
 1 0 0  0 -1   0
 0 1 0 -1  0   0
 0 0 1  2  2 -37

3 basis elements of generated  lattice:
 1 0 -2 0 1 0
 0 1 -2 1 0 0
 0 0 37 0 0 1

