377 lattice points in polytope (module generators)
0 Hilbert basis elements of recession monoid
1868 vertices of polyhedron
0 extreme rays of recession cone
50 support hyperplanes of polyhedron (homogenized)

embedding dimension = 11
affine dimension of the polyhedron = 8
rank of recession monoid = 0 (polyhedron is polytope)

dehomogenization:
0 0 0 0 0 0 0 0 0 0 1 


module rank = 377

***********************************************************************

377 lattice points in polytope (module generators):
 1 2 3 3 2 2 2 2 2 4 1
 1 2 4 1 3 2 2 2 2 4 1
 1 2 4 2 1 3 2 2 2 4 1
 1 2 4 2 2 1 3 2 2 4 1
 1 2 4 2 2 2 1 3 2 4 1
 1 2 4 2 2 2 2 1 3 4 1
 1 2 4 2 2 2 2 2 1 5 1
 1 3 1 4 2 2 2 2 2 4 1
 1 3 2 2 3 2 2 2 2 4 1
 1 3 2 3 1 3 2 2 2 4 1
 1 3 2 3 2 1 3 2 2 4 1
 1 3 2 3 2 2 1 3 2 4 1
 1 3 2 3 2 2 2 1 3 4 1
 1 3 2 3 2 2 2 2 1 5 1
 1 3 3 0 4 2 2 2 2 4 1
 1 3 3 1 2 3 2 2 2 4 1
 1 3 3 1 3 1 3 2 2 4 1
 1 3 3 1 3 2 1 3 2 4 1
 1 3 3 1 3 2 2 1 3 4 1
 1 3 3 1 3 2 2 2 1 5 1
 1 3 3 2 0 4 2 2 2 4 1
 1 3 3 2 1 2 3 2 2 4 1
 1 3 3 2 1 3 1 3 2 4 1
 1 3 3 2 1 3 2 1 3 4 1
 1 3 3 2 1 3 2 2 1 5 1
 1 3 3 2 2 0 4 2 2 4 1
 1 3 3 2 2 1 2 3 2 4 1
 1 3 3 2 2 1 3 1 3 4 1
 1 3 3 2 2 1 3 2 1 5 1
 1 3 3 2 2 2 1 2 3 4 1
 1 3 3 2 2 2 1 3 1 5 1
 1 3 3 2 2 2 2 1 2 5 1
 1 4 0 3 3 2 2 2 2 4 1
 1 4 0 4 1 3 2 2 2 4 1
 1 4 0 4 2 1 3 2 2 4 1
 1 4 0 4 2 2 1 3 2 4 1
 1 4 0 4 2 2 2 1 3 4 1
 1 4 0 4 2 2 2 2 1 5 1
 1 4 1 1 4 2 2 2 2 4 1
 1 4 1 2 2 3 2 2 2 4 1
 1 4 1 2 3 1 3 2 2 4 1
 1 4 1 2 3 2 1 3 2 4 1
 1 4 1 2 3 2 2 1 3 4 1
 1 4 1 2 3 2 2 2 1 5 1
 1 4 1 3 1 2 3 2 2 4 1
 1 4 1 3 1 3 1 3 2 4 1
 1 4 1 3 1 3 2 1 3 4 1
 1 4 1 3 1 3 2 2 1 5 1
 1 4 1 3 2 0 4 2 2 4 1
 1 4 1 3 2 1 2 3 2 4 1
 1 4 1 3 2 1 3 1 3 4 1
 1 4 1 3 2 1 3 2 1 5 1
 1 4 1 3 2 2 1 2 3 4 1
 1 4 1 3 2 2 1 3 1 5 1
 1 4 1 3 2 2 2 1 2 5 1
 1 4 2 0 3 3 2 2 2 4 1
 1 4 2 0 4 1 3 2 2 4 1
 1 4 2 0 4 2 1 3 2 4 1
 1 4 2 0 4 2 2 1 3 4 1
 1 4 2 0 4 2 2 2 1 5 1
 1 4 2 1 2 2 3 2 2 4 1
 1 4 2 1 2 3 1 3 2 4 1
 1 4 2 1 2 3 2 1 3 4 1
 1 4 2 1 2 3 2 2 1 5 1
 1 4 2 1 3 1 2 3 2 4 1
 1 4 2 1 3 1 3 1 3 4 1
 1 4 2 1 3 1 3 2 1 5 1
 1 4 2 1 3 2 1 2 3 4 1
 1 4 2 1 3 2 1 3 1 5 1
 1 4 2 1 3 2 2 1 2 5 1
 1 4 2 2 1 2 2 3 2 4 1
 1 4 2 2 1 2 3 1 3 4 1
 1 4 2 2 1 2 3 2 1 5 1
 1 4 2 2 1 3 1 2 3 4 1
 1 4 2 2 1 3 1 3 1 5 1
 1 4 2 2 1 3 2 1 2 5 1
 1 4 2 2 2 1 2 2 3 4 1
 1 4 2 2 2 1 2 3 1 5 1
 1 4 2 2 2 1 3 1 2 5 1
 1 4 2 2 2 2 1 2 2 5 1
 2 1 2 4 2 2 2 2 2 4 1
 2 1 3 2 3 2 2 2 2 4 1
 2 1 3 3 1 3 2 2 2 4 1
 2 1 3 3 2 1 3 2 2 4 1
 2 1 3 3 2 2 1 3 2 4 1
 2 1 3 3 2 2 2 1 3 4 1
 2 1 3 3 2 2 2 2 1 5 1
 2 1 4 0 4 2 2 2 2 4 1
 2 1 4 1 2 3 2 2 2 4 1
 2 1 4 1 3 1 3 2 2 4 1
 2 1 4 1 3 2 1 3 2 4 1
 2 1 4 1 3 2 2 1 3 4 1
 2 1 4 1 3 2 2 2 1 5 1
 2 1 4 2 0 4 2 2 2 4 1
 2 1 4 2 1 2 3 2 2 4 1
 2 1 4 2 1 3 1 3 2 4 1
 2 1 4 2 1 3 2 1 3 4 1
 2 1 4 2 1 3 2 2 1 5 1
 2 1 4 2 2 0 4 2 2 4 1
 2 1 4 2 2 1 2 3 2 4 1
 2 1 4 2 2 1 3 1 3 4 1
 2 1 4 2 2 1 3 2 1 5 1
 2 1 4 2 2 2 1 2 3 4 1
 2 1 4 2 2 2 1 3 1 5 1
 2 1 4 2 2 2 2 1 2 5 1
 2 2 1 3 3 2 2 2 2 4 1
 2 2 1 4 1 3 2 2 2 4 1
 2 2 1 4 2 1 3 2 2 4 1
 2 2 1 4 2 2 1 3 2 4 1
 2 2 1 4 2 2 2 1 3 4 1
 2 2 1 4 2 2 2 2 1 5 1
 2 2 2 1 4 2 2 2 2 4 1
 2 2 2 2 2 3 2 2 2 4 1
 2 2 2 2 3 1 3 2 2 4 1
 2 2 2 2 3 2 1 3 2 4 1
 2 2 2 2 3 2 2 1 3 4 1
 2 2 2 2 3 2 2 2 1 5 1
 2 2 2 3 0 4 2 2 2 4 1
 2 2 2 3 1 2 3 2 2 4 1
 2 2 2 3 1 3 1 3 2 4 1
 2 2 2 3 1 3 2 1 3 4 1
 2 2 2 3 1 3 2 2 1 5 1
 2 2 2 3 2 0 4 2 2 4 1
 2 2 2 3 2 1 2 3 2 4 1
 2 2 2 3 2 1 3 1 3 4 1
 2 2 2 3 2 1 3 2 1 5 1
 2 2 2 3 2 2 0 4 2 4 1
 2 2 2 3 2 2 1 2 3 4 1
 2 2 2 3 2 2 1 3 1 5 1
 2 2 2 3 2 2 2 0 4 4 1
 2 2 2 3 2 2 2 1 2 5 1
 2 2 3 0 3 3 2 2 2 4 1
 2 2 3 0 4 1 3 2 2 4 1
 2 2 3 0 4 2 1 3 2 4 1
 2 2 3 0 4 2 2 1 3 4 1
 2 2 3 0 4 2 2 2 1 5 1
 2 2 3 1 1 4 2 2 2 4 1
 2 2 3 1 2 2 3 2 2 4 1
 2 2 3 1 2 3 1 3 2 4 1
 2 2 3 1 2 3 2 1 3 4 1
 2 2 3 1 2 3 2 2 1 5 1
 2 2 3 1 3 0 4 2 2 4 1
 2 2 3 1 3 1 2 3 2 4 1
 2 2 3 1 3 1 3 1 3 4 1
 2 2 3 1 3 1 3 2 1 5 1
 2 2 3 1 3 2 1 2 3 4 1
 2 2 3 1 3 2 1 3 1 5 1
 2 2 3 1 3 2 2 0 4 4 1
 2 2 3 1 3 2 2 1 2 5 1
 2 2 3 2 0 3 3 2 2 4 1
 2 2 3 2 0 4 1 3 2 4 1
 2 2 3 2 0 4 2 1 3 4 1
 2 2 3 2 0 4 2 2 1 5 1
 2 2 3 2 1 1 4 2 2 4 1
 2 2 3 2 1 2 2 3 2 4 1
 2 2 3 2 1 2 3 1 3 4 1
 2 2 3 2 1 2 3 2 1 5 1
 2 2 3 2 1 3 1 2 3 4 1
 2 2 3 2 1 3 1 3 1 5 1
 2 2 3 2 1 3 2 1 2 5 1
 2 2 3 2 2 0 3 3 2 4 1
 2 2 3 2 2 0 4 1 3 4 1
 2 2 3 2 2 0 4 2 1 5 1
 2 2 3 2 2 1 2 2 3 4 1
 2 2 3 2 2 1 2 3 1 5 1
 2 2 3 2 2 1 3 1 2 5 1
 2 2 3 2 2 2 1 2 2 5 1
 2 3 0 2 4 2 2 2 2 4 1
 2 3 0 3 2 3 2 2 2 4 1
 2 3 0 3 3 1 3 2 2 4 1
 2 3 0 3 3 2 1 3 2 4 1
 2 3 0 3 3 2 2 1 3 4 1
 2 3 0 3 3 2 2 2 1 5 1
 2 3 0 4 1 2 3 2 2 4 1
 2 3 0 4 1 3 1 3 2 4 1
 2 3 0 4 1 3 2 1 3 4 1
 2 3 0 4 1 3 2 2 1 5 1
 2 3 0 4 2 0 4 2 2 4 1
 2 3 0 4 2 1 2 3 2 4 1
 2 3 0 4 2 1 3 1 3 4 1
 2 3 0 4 2 1 3 2 1 5 1
 2 3 0 4 2 2 1 2 3 4 1
 2 3 0 4 2 2 1 3 1 5 1
 2 3 0 4 2 2 2 1 2 5 1
 2 3 1 1 3 3 2 2 2 4 1
 2 3 1 1 4 1 3 2 2 4 1
 2 3 1 1 4 2 1 3 2 4 1
 2 3 1 1 4 2 2 1 3 4 1
 2 3 1 1 4 2 2 2 1 5 1
 2 3 1 2 2 2 3 2 2 4 1
 2 3 1 2 2 3 1 3 2 4 1
 2 3 1 2 2 3 2 1 3 4 1
 2 3 1 2 2 3 2 2 1 5 1
 2 3 1 2 3 0 4 2 2 4 1
 2 3 1 2 3 1 2 3 2 4 1
 2 3 1 2 3 1 3 1 3 4 1
 2 3 1 2 3 1 3 2 1 5 1
 2 3 1 2 3 2 0 4 2 4 1
 2 3 1 2 3 2 1 2 3 4 1
 2 3 1 2 3 2 1 3 1 5 1
 2 3 1 2 3 2 2 1 2 5 1
 2 3 1 3 1 1 4 2 2 4 1
 2 3 1 3 1 2 2 3 2 4 1
 2 3 1 3 1 2 3 1 3 4 1
 2 3 1 3 1 2 3 2 1 5 1
 2 3 1 3 1 3 1 2 3 4 1
 2 3 1 3 1 3 1 3 1 5 1
 2 3 1 3 1 3 2 0 4 4 1
 2 3 1 3 1 3 2 1 2 5 1
 2 3 1 3 2 0 3 3 2 4 1
 2 3 1 3 2 0 4 1 3 4 1
 2 3 1 3 2 0 4 2 1 5 1
 2 3 1 3 2 1 2 2 3 4 1
 2 3 1 3 2 1 2 3 1 5 1
 2 3 1 3 2 1 3 1 2 5 1
 2 3 1 3 2 2 1 2 2 5 1
 2 3 2 0 3 2 3 2 2 4 1
 2 3 2 0 3 3 1 3 2 4 1
 2 3 2 0 3 3 2 1 3 4 1
 2 3 2 0 3 3 2 2 1 5 1
 2 3 2 0 4 1 2 3 2 4 1
 2 3 2 0 4 1 3 1 3 4 1
 2 3 2 0 4 1 3 2 1 5 1
 2 3 2 0 4 2 1 2 3 4 1
 2 3 2 0 4 2 1 3 1 5 1
 2 3 2 0 4 2 2 1 2 5 1
 2 3 2 1 2 2 2 3 2 4 1
 2 3 2 1 2 2 3 1 3 4 1
 2 3 2 1 2 2 3 2 1 5 1
 2 3 2 1 2 3 1 2 3 4 1
 2 3 2 1 2 3 1 3 1 5 1
 2 3 2 1 2 3 2 0 4 4 1
 2 3 2 1 2 3 2 1 2 5 1
 2 3 2 1 3 1 2 2 3 4 1
 2 3 2 1 3 1 2 3 1 5 1
 2 3 2 1 3 1 3 1 2 5 1
 2 3 2 1 3 2 1 2 2 5 1
 2 3 2 2 1 2 2 2 3 4 1
 2 3 2 2 1 2 2 3 1 5 1
 2 3 2 2 1 2 3 1 2 5 1
 2 3 2 2 1 3 1 2 2 5 1
 2 3 2 2 2 1 2 2 2 5 1
 3 0 3 1 4 2 2 2 2 4 1
 3 0 3 2 2 3 2 2 2 4 1
 3 0 3 2 3 1 3 2 2 4 1
 3 0 3 2 3 2 1 3 2 4 1
 3 0 3 2 3 2 2 1 3 4 1
 3 0 3 2 3 2 2 2 1 5 1
 3 0 3 3 0 4 2 2 2 4 1
 3 0 3 3 1 2 3 2 2 4 1
 3 0 3 3 1 3 1 3 2 4 1
 3 0 3 3 1 3 2 1 3 4 1
 3 0 3 3 1 3 2 2 1 5 1
 3 0 3 3 2 1 2 3 2 4 1
 3 0 3 3 2 1 3 1 3 4 1
 3 0 3 3 2 1 3 2 1 5 1
 3 0 3 3 2 2 1 2 3 4 1
 3 0 3 3 2 2 1 3 1 5 1
 3 0 3 3 2 2 2 1 2 5 1
 3 0 4 0 3 3 2 2 2 4 1
 3 0 4 0 4 1 3 2 2 4 1
 3 0 4 0 4 2 1 3 2 4 1
 3 0 4 0 4 2 2 1 3 4 1
 3 0 4 0 4 2 2 2 1 5 1
 3 0 4 1 2 2 3 2 2 4 1
 3 0 4 1 2 3 1 3 2 4 1
 3 0 4 1 2 3 2 1 3 4 1
 3 0 4 1 2 3 2 2 1 5 1
 3 0 4 1 3 0 4 2 2 4 1
 3 0 4 1 3 1 2 3 2 4 1
 3 0 4 1 3 1 3 1 3 4 1
 3 0 4 1 3 1 3 2 1 5 1
 3 0 4 1 3 2 1 2 3 4 1
 3 0 4 1 3 2 1 3 1 5 1
 3 0 4 1 3 2 2 1 2 5 1
 3 0 4 2 1 2 2 3 2 4 1
 3 0 4 2 1 2 3 1 3 4 1
 3 0 4 2 1 2 3 2 1 5 1
 3 0 4 2 1 3 1 2 3 4 1
 3 0 4 2 1 3 1 3 1 5 1
 3 0 4 2 1 3 2 1 2 5 1
 3 0 4 2 2 1 2 2 3 4 1
 3 0 4 2 2 1 2 3 1 5 1
 3 0 4 2 2 1 3 1 2 5 1
 3 0 4 2 2 2 1 2 2 5 1
 3 1 2 1 3 3 2 2 2 4 1
 3 1 2 1 4 1 3 2 2 4 1
 3 1 2 1 4 2 1 3 2 4 1
 3 1 2 1 4 2 2 1 3 4 1
 3 1 2 1 4 2 2 2 1 5 1
 3 1 2 2 1 4 2 2 2 4 1
 3 1 2 2 2 2 3 2 2 4 1
 3 1 2 2 2 3 1 3 2 4 1
 3 1 2 2 2 3 2 1 3 4 1
 3 1 2 2 2 3 2 2 1 5 1
 3 1 2 2 3 0 4 2 2 4 1
 3 1 2 2 3 1 2 3 2 4 1
 3 1 2 2 3 1 3 1 3 4 1
 3 1 2 2 3 1 3 2 1 5 1
 3 1 2 2 3 2 1 2 3 4 1
 3 1 2 2 3 2 1 3 1 5 1
 3 1 2 2 3 2 2 1 2 5 1
 3 1 2 3 0 3 3 2 2 4 1
 3 1 2 3 0 4 1 3 2 4 1
 3 1 2 3 0 4 2 1 3 4 1
 3 1 2 3 0 4 2 2 1 5 1
 3 1 2 3 1 2 2 3 2 4 1
 3 1 2 3 1 2 3 1 3 4 1
 3 1 2 3 1 2 3 2 1 5 1
 3 1 2 3 1 3 0 4 2 4 1
 3 1 2 3 1 3 1 2 3 4 1
 3 1 2 3 1 3 1 3 1 5 1
 3 1 2 3 1 3 2 1 2 5 1
 3 1 2 3 2 1 2 2 3 4 1
 3 1 2 3 2 1 2 3 1 5 1
 3 1 2 3 2 1 3 0 4 4 1
 3 1 2 3 2 1 3 1 2 5 1
 3 1 2 3 2 2 1 2 2 5 1
 3 1 3 0 3 2 3 2 2 4 1
 3 1 3 0 3 3 1 3 2 4 1
 3 1 3 0 3 3 2 1 3 4 1
 3 1 3 0 3 3 2 2 1 5 1
 3 1 3 0 4 0 4 2 2 4 1
 3 1 3 0 4 1 2 3 2 4 1
 3 1 3 0 4 1 3 1 3 4 1
 3 1 3 0 4 1 3 2 1 5 1
 3 1 3 0 4 2 1 2 3 4 1
 3 1 3 0 4 2 1 3 1 5 1
 3 1 3 0 4 2 2 1 2 5 1
 3 1 3 1 2 1 4 2 2 4 1
 3 1 3 1 2 2 2 3 2 4 1
 3 1 3 1 2 2 3 1 3 4 1
 3 1 3 1 2 2 3 2 1 5 1
 3 1 3 1 2 3 1 2 3 4 1
 3 1 3 1 2 3 1 3 1 5 1
 3 1 3 1 2 3 2 1 2 5 1
 3 1 3 1 3 0 3 3 2 4 1
 3 1 3 1 3 0 4 1 3 4 1
 3 1 3 1 3 0 4 2 1 5 1
 3 1 3 1 3 1 2 2 3 4 1
 3 1 3 1 3 1 2 3 1 5 1
 3 1 3 1 3 1 3 0 4 4 1
 3 1 3 1 3 1 3 1 2 5 1
 3 1 3 1 3 2 1 2 2 5 1
 3 1 3 2 1 2 2 2 3 4 1
 3 1 3 2 1 2 2 3 1 5 1
 3 1 3 2 1 2 3 1 2 5 1
 3 1 3 2 1 3 1 2 2 5 1
 3 1 3 2 2 1 2 2 2 5 1
 3 2 1 2 2 1 4 2 2 4 1
 3 2 1 2 2 2 2 3 2 4 1
 3 2 1 2 2 2 3 1 3 4 1
 3 2 1 2 2 2 3 2 1 5 1
 3 2 1 2 2 3 0 4 2 4 1
 3 2 1 2 2 3 1 2 3 4 1
 3 2 1 2 2 3 1 3 1 5 1
 3 2 1 2 2 3 2 1 2 5 1
 3 2 1 2 3 0 3 3 2 4 1
 3 2 1 2 3 0 4 1 3 4 1
 3 2 1 2 3 0 4 2 1 5 1
 3 2 1 2 3 1 2 2 3 4 1
 3 2 1 2 3 1 2 3 1 5 1
 3 2 1 2 3 1 3 1 2 5 1
 3 2 1 2 3 2 1 2 2 5 1
 3 2 1 3 1 2 2 2 3 4 1
 3 2 1 3 1 2 2 3 1 5 1
 3 2 1 3 1 2 3 0 4 4 1
 3 2 1 3 1 2 3 1 2 5 1
 3 2 1 3 1 3 1 2 2 5 1
 3 2 1 3 2 1 2 2 2 5 1
 3 2 2 1 2 2 2 2 3 4 1
 3 2 2 1 2 2 2 3 1 5 1
 3 2 2 1 2 2 3 0 4 4 1
 3 2 2 1 2 2 3 1 2 5 1
 3 2 2 1 2 3 1 2 2 5 1
 3 2 2 1 3 1 2 2 2 5 1
 3 2 2 2 1 2 2 2 2 5 1

0 Hilbert basis elements of recession monoid:

1868 vertices of polyhedron:
   1   2   3   3   2   2   2   2   2   4  1
   1   2   4   1   3   2   2   2   2   4  1
   1   2   4   2   1   3   2   2   2   4  1
   1   2   4   2   2   1   3   2   2   4  1
   1   2   4   2   2   2   1   3   2   4  1
   1   2   4   2   2   2   2   1   3   4  1
   1   2   4   2   2   2   2   2   1   5  1
   1   3   1   4   2   2   2   2   2   4  1
   1   3   3   0   4   2   2   2   2   4  1
   1   3   3   2   0   4   2   2   2   4  1
   1   3   3   2   2   0   4   2   2   4  1
   1   3   3   2   2   2   1   2   3   4  1
   1   3   3   2   2   2   1   3   1   5  1
   1   3   3   2   2   2   2   1   2   5  1
   1   4   0   3   3   2   2   2   2   4  1
   1   4   0   4   1   3   2   2   2   4  1
   1   4   0   4   2   1   3   2   2   4  1
   1   4   0   4   2   2   1   3   2   4  1
   1   4   0   4   2   2   2   1   3   4  1
   1   4   0   4   2   2   2   2   1   5  1
   1   4   1   1   4   2   2   2   2   4  1
   1   4   1   3   1   3   1   3   2   4  1
   1   4   1   3   1   3   2   2   1   5  1
   1   4   1   3   2   0   4   2   2   4  1
   1   4   1   3   2   2   1   2   3   4  1
   1   4   1   3   2   2   1   3   1   5  1
   1   4   1   3   2   2   2   1   2   5  1
   1   4   2   0   3   3   2   2   2   4  1
   1   4   2   0   4   1   3   2   2   4  1
   1   4   2   0   4   2   1   3   2   4  1
   1   4   2   0   4   2   2   1   3   4  1
   1   4   2   0   4   2   2   2   1   5  1
   1   4   2   1   2   2   3   2   2   4  1
   1   4   2   1   2   3   1   3   2   4  1
   1   4   2   1   2   3   2   2   1   5  1
   1   4   2   1   3   1   2   3   2   4  1
   1   4   2   1   3   1   3   1   3   4  1
   1   4   2   1   3   1   3   2   1   5  1
   1   4   2   1   3   2   1   2   3   4  1
   1   4   2   1   3   2   1   3   1   5  1
   1   4   2   1   3   2   2   1   2   5  1
   1   4   2   2   1   2   2   3   2   4  1
   1   4   2   2   1   2   3   1   3   4  1
   1   4   2   2   1   2   3   2   1   5  1
   1   4   2   2   1   3   1   2   3   4  1
   1   4   2   2   1   3   1   3   1   5  1
   1   4   2   2   1   3   2   1   2   5  1
   1   4   2   2   2   1   2   2   3   4  1
   1   4   2   2   2   1   2   3   1   5  1
   1   4   2   2   2   1   3   1   2   5  1
   1   4   2   2   2   2   1   2   2   5  1
   1   8   5   4   3   5   2   5   5   8  2
   1   8   5   4   3   5   3   3   6   8  2
   1   8   5   4   4   3   3   5   5   8  2
   1   8   5   4   4   3   4   3   6   8  2
   1   9   3   4   3   6   4   4   3   9  2
   1   9   3   4   4   5   4   4   2  10  2
   1   9   3   5   2   6   3   5   3   9  2
   1   9   3   5   3   5   2   6   3   9  2
   1   9   3   5   3   5   3   5   2  10  2
   1   9   3   5   4   3   3   6   3   9  2
   1   9   3   5   4   3   4   5   2  10  2
   1   9   4   3   3   6   4   3   4   9  2
   1   9   4   3   4   5   4   3   3  10  2
   1   9   4   3   5   2   6   3   4   9  2
   1   9   4   3   5   3   5   2   5   9  2
   1   9   4   3   5   3   5   3   3  10  2
   1   9   4   4   2   6   3   4   4   9  2
   1   9   4   4   3   5   2   5   4   9  2
   1   9   4   4   3   5   3   3   5   9  2
   1   9   4   4   3   5   3   4   3  10  2
   1   9   4   4   4   2   5   4   4   9  2
   1   9   4   4   4   3   3   5   4   9  2
   1   9   4   4   4   3   4   3   5   9  2
   1   9   4   4   4   3   4   4   3  10  2
   2   1   2   4   2   2   2   2   2   4  1
   2   1   4   0   4   2   2   2   2   4  1
   2   1   4   2   0   4   2   2   2   4  1
   2   1   4   2   2   0   4   2   2   4  1
   2   1   4   2   2   2   1   2   3   4  1
   2   1   4   2   2   2   1   3   1   5  1
   2   1   4   2   2   2   2   1   2   5  1
   2   2   2   3   2   2   0   4   2   4  1
   2   2   2   3   2   2   2   0   4   4  1
   2   2   3   1   3   2   2   0   4   4  1
   2   2   3   2   0   4   1   3   2   4  1
   2   2   3   2   0   4   2   1   3   4  1
   2   2   3   2   0   4   2   2   1   5  1
   2   2   3   2   1   1   4   2   2   4  1
   2   2   3   2   2   0   3   3   2   4  1
   2   2   3   2   2   0   4   1   3   4  1
   2   2   3   2   2   0   4   2   1   5  1
   2   3   0   2   4   2   2   2   2   4  1
   2   3   0   4   1   3   1   3   2   4  1
   2   3   0   4   1   3   2   2   1   5  1
   2   3   0   4   2   0   4   2   2   4  1
   2   3   0   4   2   2   1   2   3   4  1
   2   3   0   4   2   2   1   3   1   5  1
   2   3   0   4   2   2   2   1   2   5  1
   2   3   1   1   3   3   2   2   2   4  1
   2   3   1   1   4   2   2   1   3   4  1
   2   3   1   1   4   2   2   2   1   5  1
   2   3   1   2   3   2   0   4   2   4  1
   2   3   1   3   1   1   4   2   2   4  1
   2   3   1   3   1   3   2   0   4   4  1
   2   3   1   3   2   0   3   3   2   4  1
   2   3   1   3   2   0   4   1   3   4  1
   2   3   1   3   2   0   4   2   1   5  1
   2   3   2   0   3   2   3   2   2   4  1
   2   3   2   0   3   3   1   3   2   4  1
   2   3   2   0   3   3   2   1   3   4  1
   2   3   2   0   3   3   2   2   1   5  1
   2   3   2   0   4   1   2   3   2   4  1
   2   3   2   0   4   1   3   1   3   4  1
   2   3   2   0   4   1   3   2   1   5  1
   2   3   2   0   4   2   1   2   3   4  1
   2   3   2   0   4   2   1   3   1   5  1
   2   3   2   0   4   2   2   1   2   5  1
   2   3   2   1   2   3   2   0   4   4  1
   2   3   2   2   1   2   2   2   3   4  1
   2   3   2   2   1   2   2   3   1   5  1
   2   3   2   2   1   2   3   1   2   5  1
   2   3   2   2   1   3   1   2   2   5  1
   2   3   2   2   2   1   2   2   2   5  1
   2   7   4   5   0   8   4   4   4   8  2
   2   7   5   3   1   8   4   4   4   8  2
   2   7   5   4   0   7   5   4   4   8  2
   2   7   5   4   0   8   3   5   4   8  2
   2   7   5   4   0   8   4   3   5   8  2
   2   7   5   4   0   8   4   4   3   9  2
   2   7   5   4   4   1   5   6   4   8  2
   2   7   5   4   4   1   7   2   6   8  2
   2   7   5   4   4   1   7   4   2  10  2
   2   8   3   5   2   3   7   4   4   8  2
   2   8   3   5   2   6   4   1   7   8  2
   2   8   3   5   4   1   5   6   4   8  2
   2   8   3   5   4   1   7   2   6   8  2
   2   8   3   5   4   1   7   4   2  10  2
   2   8   4   3   3   6   4   1   7   8  2
   2  12   6   6   2  11   6   6   6  12  3
   2  12   6   6   7   1  11   6   6  12  3
   2  12   6   7   1  11   5   7   6  12  3
   2  12   6   7   6   1  10   7   6  12  3
   2  12   6   7   6   5   6   3  10  12  3
   2  12   7   5   2  11   6   5   7  12  3
   2  12   7   5   6   7   6   5   3  16  3
   2  12   7   6   1  11   5   6   7  12  3
   2  12   7   6   5   7   3   6   9  12  3
   2  12   7   6   6   5   4   6   9  12  3
   2  13   5   6   4   9   6   6   3  15  3
   2  13   5   7   3   9   3   9   5  13  3
   2  13   5   7   3   9   5   7   3  15  3
   2  13   5   7   5   7   3   9   3  15  3
   2  13   5   7   5   7   5   3   9  13  3
   2  13   5   7   6   5   4   9   3  15  3
   2  13   6   5   4   9   6   5   4  15  3
   2  13   6   5   7   3   9   3   8  13  3
   2  13   6   5   7   3   9   5   4  15  3
   2  13   6   5   7   5   7   3   6  15  3
   2  13   6   6   3   9   3   8   6  13  3
   2  13   6   6   3   9   5   4   8  13  3
   2  13   6   6   3   9   5   6   4  15  3
   2  13   6   6   5   7   3   6   8  13  3
   2  13   6   6   5   7   3   8   4  15  3
   2  13   6   6   5   7   5   4   6  15  3
   2  13   6   6   6   3   6   8   6  13  3
   2  13   6   6   6   3   8   4   8  13  3
   2  13   6   6   6   3   8   6   4  15  3
   2  13   6   6   6   5   4   6   8  13  3
   2  13   6   6   6   5   4   8   4  15  3
   2  13   6   6   6   5   6   4   6  15  3
   2  20  10  10  10  13  10  10  10  20  5
   2  20  10  10  13   7  13  10  10  20  5
   2  20  10  13   7  13   7  13  10  20  5
   2  20  10  13  10   7  10  13  10  20  5
   2  20  13   7  10  13  10   7  13  20  5
   2  20  13   7  13   7  13   7  13  20  5
   2  20  13  10   7  13   7  10  13  20  5
   2  20  13  10  10   7  10  10  13  20  5
   2  23   7  10  10  13  10  10   7  23  5
   2  23   7  10  13   7  13  10   7  23  5
   2  23   7  13   7  13   7  13   7  23  5
   2  23   7  13  10   7  10  13   7  23  5
   2  23  10   7  10  13  10   7  10  23  5
   2  23  10   7  13   7  13   7  10  23  5
   2  23  10  10   7  13   7  10  10  23  5
   2  23  10  10  10   7  10  10  10  23  5
   3   0   3   1   4   2   2   2   2   4  1
   3   0   3   2   3   2   1   3   2   4  1
   3   0   3   2   3   2   2   1   3   4  1
   3   0   3   2   3   2   2   2   1   5  1
   3   0   3   3   0   4   2   2   2   4  1
   3   0   3   3   1   2   3   2   2   4  1
   3   0   3   3   1   3   2   1   3   4  1
   3   0   3   3   1   3   2   2   1   5  1
   3   0   3   3   2   1   2   3   2   4  1
   3   0   3   3   2   1   3   1   3   4  1
   3   0   3   3   2   1   3   2   1   5  1
   3   0   3   3   2   2   1   2   3   4  1
   3   0   3   3   2   2   1   3   1   5  1
   3   0   3   3   2   2   2   1   2   5  1
   3   0   4   0   3   3   2   2   2   4  1
   3   0   4   0   4   1   3   2   2   4  1
   3   0   4   0   4   2   1   3   2   4  1
   3   0   4   0   4   2   2   1   3   4  1
   3   0   4   0   4   2   2   2   1   5  1
   3   0   4   1   2   3   1   3   2   4  1
   3   0   4   1   2   3   2   1   3   4  1
   3   0   4   1   2   3   2   2   1   5  1
   3   0   4   1   3   0   4   2   2   4  1
   3   0   4   1   3   2   1   2   3   4  1
   3   0   4   1   3   2   1   3   1   5  1
   3   0   4   1   3   2   2   1   2   5  1
   3   0   4   2   1   2   2   3   2   4  1
   3   0   4   2   1   2   3   1   3   4  1
   3   0   4   2   1   2   3   2   1   5  1
   3   0   4   2   1   3   1   2   3   4  1
   3   0   4   2   1   3   1   3   1   5  1
   3   0   4   2   1   3   2   1   2   5  1
   3   0   4   2   2   1   2   2   3   4  1
   3   0   4   2   2   1   2   3   1   5  1
   3   0   4   2   2   1   3   1   2   5  1
   3   0   4   2   2   2   1   2   2   5  1
   3   1   2   1   3   3   2   2   2   4  1
   3   1   2   1   4   1   3   2   2   4  1
   3   1   2   1   4   2   1   3   2   4  1
   3   1   2   1   4   2   2   1   3   4  1
   3   1   2   1   4   2   2   2   1   5  1
   3   1   2   2   3   0   4   2   2   4  1
   3   1   2   3   0   3   3   2   2   4  1
   3   1   2   3   0   4   2   1   3   4  1
   3   1   2   3   0   4   2   2   1   5  1
   3   1   2   3   1   3   0   4   2   4  1
   3   1   2   3   2   1   2   3   1   5  1
   3   1   2   3   2   1   3   0   4   4  1
   3   1   2   3   2   2   1   2   2   5  1
   3   1   3   0   3   2   3   2   2   4  1
   3   1   3   0   3   3   1   3   2   4  1
   3   1   3   0   3   3   2   1   3   4  1
   3   1   3   0   3   3   2   2   1   5  1
   3   1   3   0   4   0   4   2   2   4  1
   3   1   3   0   4   1   2   3   2   4  1
   3   1   3   0   4   1   3   2   1   5  1
   3   1   3   0   4   2   1   2   3   4  1
   3   1   3   0   4   2   1   3   1   5  1
   3   1   3   0   4   2   2   1   2   5  1
   3   1   3   1   2   1   4   2   2   4  1
   3   1   3   1   3   0   3   3   2   4  1
   3   1   3   1   3   0   4   1   3   4  1
   3   1   3   1   3   0   4   2   1   5  1
   3   1   3   1   3   1   3   0   4   4  1
   3   1   3   2   1   2   2   2   3   4  1
   3   1   3   2   1   2   2   3   1   5  1
   3   1   3   2   1   2   3   1   2   5  1
   3   1   3   2   1   3   1   2   2   5  1
   3   1   3   2   2   1   2   2   2   5  1
   3   2   1   2   2   1   4   2   2   4  1
   3   2   1   2   2   2   3   2   1   5  1
   3   2   1   2   2   3   0   4   2   4  1
   3   2   1   2   2   3   1   2   3   4  1
   3   2   1   2   2   3   1   3   1   5  1
   3   2   1   2   2   3   2   1   2   5  1
   3   2   1   2   3   0   3   3   2   4  1
   3   2   1   2   3   0   4   1   3   4  1
   3   2   1   2   3   0   4   2   1   5  1
   3   2   1   2   3   1   2   2   3   4  1
   3   2   1   2   3   1   3   1   2   5  1
   3   2   1   2   3   2   1   2   2   5  1
   3   2   1   3   1   2   2   2   3   4  1
   3   2   1   3   1   2   2   3   1   5  1
   3   2   1   3   1   2   3   0   4   4  1
   3   2   1   3   1   2   3   1   2   5  1
   3   2   1   3   1   3   1   2   2   5  1
   3   2   1   3   2   1   2   2   2   5  1
   3   2   2   1   2   2   2   2   3   4  1
   3   2   2   1   2   2   2   3   1   5  1
   3   2   2   1   2   2   3   0   4   4  1
   3   2   2   1   2   2   3   1   2   5  1
   3   2   2   1   2   3   1   2   2   5  1
   3   2   2   1   3   1   2   2   2   5  1
   3   2   2   2   1   2   2   2   2   5  1
   3   5   5   5   4   4   0   8   4   8  2
   3   6   5   4   0   8   2   6   4   8  2
   3   6   5   4   0   8   4   2   6   8  2
   3   6   5   4   0   8   4   4   2  10  2
   3   7   3   3   6   4   0   8   4   8  2
   3   9  15   8   8   9   8   8   8  16  4
   3   9  15   8   9   7   9   8   8  16  4
   3   9  15   9   7   9   7   9   8  16  4
   3   9  15   9   8   7   8   9   8  16  4
   3   9  16   7   8   9   8   7   9  16  4
   3   9  16   7   9   7   9   7   9  16  4
   3   9  16   8   7   9   7   8   9  16  4
   3   9  16   8   8   7   8   8   9  16  4
   3  10   6   8   6   6   6   1  11  12  3
   3  10   8   4   8   6   6   1  11  12  3
   3  11   6   7   6   6   6   2   7  15  3
   3  11   7   5   7   6   3   5  10  12  3
   3  11   7   5   7   6   6   2   7  15  3
   3  11   7   6   1  11   3   9   6  12  3
   3  11   7   6   1  11   6   3   9  12  3
   3  11   7   6   1  11   6   6   3  15  3
   3  12   4   8   4   8   6   1  11  12  3
   3  12   5   7   5   7   3   5  10  12  3
   3  12   5   7   5   7   6   2   7  15  3
   3  12   6   4   6   8   6   1  11  12  3
   3  12   6   5   6   4   9   2  10  12  3
   3  12   6   5   6   7   3   5  10  12  3
   3  15   9   8   8   9   8   8   2  22  4
   3  16   1  15   8   9   8   8   8  16  4
   3  16   1  15   9   7   9   8   8  16  4
   3  16   1  16   7   9   7   9   8  16  4
   3  16   1  16   8   7   8   9   8  16  4
   3  16   7   9   9   7   9   8   2  22  4
   3  16   7  10   7   9   7   3  14  16  4
   3  16   8   1  15   9   8   8   8  16  4
   3  16   8   1  16   7   9   8   8  16  4
   3  16   9   0  15   9   8   7   9  16  4
   3  16   9   0  16   7   9   7   9  16  4
   3  16   9   8   8   3   9  11   9  16  4
   3  16   9   8   8   3  12   5  12  16  4
   3  17   0  15   8   9   8   8   7  17  4
   3  17   0  15   9   7   9   8   7  17  4
   3  17   0  16   7   9   7   9   7  17  4
   3  17   0  16   8   7   8   9   7  17  4
   3  17   6   9   9   6  10   8   2  22  4
   3  17   7   1  15   9   8   8   7  17  4
   3  17   7   1  16   7   9   8   7  17  4
   3  17   7   7   9   9   2  14   7  17  4
   3  17   7   7  10   7   3  14   7  17  4
   3  17   7   8   8   7  10   8   2  22  4
   3  17   7   9   8   3   9  12   7  17  4
   3  17   7   9   8   3  12   9   4  20  4
   3  17   8   0  15   9   8   7   8  17  4
   3  17   8   0  16   7   9   7   8  17  4
   3  17   8   7   5   8  12   7   8  17  4
   3  17   8   7   5  12   8   3  12  17  4
   3  17   8   7   8   9   8   3   9  20  4
   3  17   8   8   4   8  11   8   8  17  4
   3  20  10  12   8  12   3  17  10  20  5
   3  20  10  12  10   8   5  17  10  20  5
   3  20  11  11   8  12   3  16  11  20  5
   3  20  11  11  10   8   5  16  11  20  5
   3  20  12   8  10  12  10   3  17  20  5
   3  20  12   8  12   3  17   8  12  20  5
   3  20  12   8  12   8  12   3  17  20  5
   3  20  12  10  10   3  15  10  12  20  5
   3  22   8  10  12   3  17  10   8  22  5
   3  22   8  10  12   8  12  10   3  27  5
   3  22   8  11  11   8  11  11   3  27  5
   3  22   8  12  10   3  15  12   8  22  5
   3  22  10   8  10  12  10   3  15  22  5
   4   3   6   5   4   4   0   8   4   8  2
   4   4   5   5   4   3   1   8   4   8  2
   4   4   5   5   4   4   0   7   5   8  2
   4   4   5   5   4   4   0   8   3   9  2
   4   5   5   1   3   8   4   4   4   8  2
   4   5   5   3   1   8   2   6   4   8  2
   4   5   5   4   0   5   7   4   4   8  2
   4   5   5   4   0   7   3   6   4   8  2
   4   5   5   4   0   7   5   2   6   8  2
   4   5   5   4   0   7   5   4   2  10  2
   4   5   5   4   0   8   2   5   5   8  2
   4   5   5   4   0   8   2   6   3   9  2
   4   5   5   4   0   8   3   3   6   8  2
   4   5   5   4   0   8   3   5   2  10  2
   4   5   5   4   0   8   4   2   5   9  2
   4   5   5   4   0   8   4   3   3  10  2
   4   6   3   1   8   1   7   4   4   8  2
   4   6   3   2   7   4   0   8   4   8  2
   4   6   3   3   6   3   1   8   4   8  2
   4   6   3   3   6   4   0   7   5   8  2
   4   6   3   3   6   4   0   8   3   9  2
   4   6   4   0   7   5   4   1   7   8  2
   4  15   8   9   8   8   3   8  13  16  4
   4  15   9   8   2   9  13   8   8  16  4
   4  16   7   9   7   4  13   3  13  16  4
   4  20  11   9  11   4  16   4  16  20  5
   4  20  11   9  11   9   6   9  16  20  5
   4  20  11   9  11   9  11   4  11  25  5
   4  20  11  10   3  17   5  14  11  20  5
   4  20  11  10   3  17   9   6  15  20  5
   4  21   9  10   6   9  16  10   9  21  5
   4  21   9  10  11   4  16  10   4  26  5
   4  21   9  10  11   9  11   5   9  26  5
   4  21   9  11   5   9  15  11   9  21  5
   4  21   9  11   9  11   5   9  15  21  5
   4  21   9  11   9  11   9   5  11  25  5
   4  21  10   9  10   6  15   4  15  21  5
   4  21  10   9  10  11   5   9  15  21  5
   4  24  14  11  11  14  11  11   6  32  6
   5   1   4   7   5   4   4   4   4   8  2
   5   1   4   8   3   5   4   4   4   8  2
   5   1   4   8   4   3   5   4   4   8  2
   5   1   4   8   4   4   3   5   4   8  2
   5   1   4   8   4   4   4   3   5   8  2
   5   1   4   8   4   4   4   4   3   9  2
   5   1   8   4   1   7   2   6   4   8  2
   5   1   8   4   1   7   4   2   6   8  2
   5   1   8   4   1   7   4   4   2  10  2
   5   1   8   4   4   1   5   6   4   8  2
   5   1   8   4   4   1   7   2   6   8  2
   5   1   8   4   4   1   7   4   2  10  2
   5   2   3   8   4   4   4   4   2  10  2
   5   3   2   8   4   1   7   4   4   8  2
   5   3   2   8   4   4   1   7   4   8  2
   5   3   2   8   4   4   4   1   7   8  2
   5   4   1   4   8   4   4   4   4   8  2
   5   4   1   7   5   4   4   1   7   8  2
   5   4   1   7   5   4   4   4   1  11  2
   5   4   1   8   0   8   4   4   4   8  2
   5   4   1   8   4   3   2   7   4   8  2
   5   4   1   8   4   4   1   6   5   8  2
   5   4   1   8   4   4   1   7   3   9  2
   5   4   1   8   4   4   3   2   7   8  2
   5   4   1   8   4   4   4   1   6   9  2
   5   4   4   1   8   4   4   1   7   8  2
   5   4   4   1   8   4   4   4   1  11  2
   5   4   4   5   0   5   7   4   4   8  2
   5   4   4   5   0   8   4   1   7   8  2
   5   4   5   0   7   5   4   4   1  11  2
   5   4   5   0   8   4   3   2   7   8  2
   5   4   5   0   8   4   4   1   6   9  2
   5   4   5   3   4   5   4   1   4  11  2
   5   4   5   3   5   4   2   3   5  10  2
   5   4   5   4   1   4   5   6   4   8  2
   5   4   5   4   1   4   7   2   6   8  2
   5   4   5   4   1   4   7   4   2  10  2
   5   5   0   5   5   6   4   4   4   8  2
   5   5   0   5   7   2   6   4   4   8  2
   5   5   0   5   7   4   2   6   4   8  2
   5   5   0   5   7   4   4   2   6   8  2
   5   5   0   5   7   4   4   4   2  10  2
   5   5   0   6   6   4   1   7   4   8  2
   5   5   0   7   3   6   4   4   2  10  2
   5   5   0   7   4   5   4   1   7   8  2
   5   5   0   7   5   0   8   4   4   8  2
   5   5   0   7   5   3   2   7   4   8  2
   5   5   0   7   5   3   5   4   1  11  2
   5   5   0   7   5   4   1   6   5   8  2
   5   5   0   7   5   4   1   7   3   9  2
   5   5   0   7   5   4   4   2   4  10  2
   5   5   0   8   2   3   7   4   4   8  2
   5   5   0   8   2   5   3   6   4   8  2
   5   5   0   8   2   5   5   4   2  10  2
   5   5   0   8   2   6   2   5   5   8  2
   5   5   0   8   2   6   2   6   3   9  2
   5   5   0   8   2   6   3   5   2  10  2
   5   5   0   8   2   6   4   1   7   8  2
   5   5   0   8   2   6   4   3   3  10  2
   5   5   0   8   3   5   2   6   2  10  2
   5   5   0   8   3   5   3   2   7   8  2
   5   5   0   8   3   5   4   1   6   9  2
   5   5   0   8   4   1   5   6   4   8  2
   5   5   0   8   4   1   7   2   6   8  2
   5   5   0   8   4   1   7   4   2  10  2
   5   5   0   8   4   3   3   4   6   8  2
   5   5   0   8   4   3   3   6   2  10  2
   5   5   0   8   4   3   5   2   4  10  2
   5   5   0   8   4   4   2   4   5   9  2
   5   5   0   8   4   4   2   5   3  10  2
   5   5   0   8   4   4   3   3   4  10  2
   5   5   2   3   7   0   8   4   4   8  2
   5   5   3   2   6   5   0   8   4   8  2
   5   5   3   3   4   6   0   8   4   8  2
   5   5   3   5   2   3   7   1   7   8  2
   5   5   3   5   3   5   2   3   5  10  2
   5   5   4   1   5   4   4   6   4   8  2
   5   5   4   1   5   5   5   4   1  11  2
   5   5   4   1   5   6   2   6   2  10  2
   5   5   4   1   6   3   6   4   1  11  2
   5   5   4   1   6   5   2   3   7   8  2
   5   5   4   1   6   5   4   1   5  10  2
   5   5   4   1   7   2   4   4   6   8  2
   5   5   4   1   7   2   4   6   2  10  2
   5   5   4   1   7   2   6   2   4  10  2
   5   5   4   1   7   4   2   4   4  10  2
   5   5   4   3   4   4   5   1   4  11  2
   5   5   4   3   4   5   2   3   5  10  2
   5  12  24  12  13  11  12  13  12  24  6
   5  12  24  13  12  11  12  12  13  24  6
   5  12  25  12  12  11  12  12  12  25  6
   5  16  12  12  10  10   1  19  10  20  5
   5  18  11  11  10  10   3  17   5  25  5
   5  19   0  20  11  10   9  10  11  20  5
   5  19   0  21   9  10  11  10   9  21  5
   5  19   0  21  10   9  11   9  10  21  5
   5  19   0  21  10  10   9  10  10  21  5
   5  19  10  11  10   3  17   4  16  20  5
   5  20   8   8  14  10   1  19  10  20  5
   5  20   9   9   7  15   3  17  10  20  5
   5  20   9   9  12  10   3  12  15  20  5
   5  20   9   9  12  10   3  17   5  25  5
   5  20  10   9   6  13  12  10   3  27  5
   5  20  10   9   9   7  15  10   3  27  5
   5  22  14  12   1  24  12  12  12  24  6
   5  22  14  13   0  24  11  13  12  24  6
   5  22  15  11   1  24  12  11  13  24  6
   5  22  15  12   0  24  11  12  13  24  6
   5  24   0  24  12  12  13  12  12  24  6
   5  24   0  24  12  13  11  13  12  24  6
   5  24   0  24  13  11  13  11  13  24  6
   5  24   0  25  11  13  11  13  11  25  6
   5  24  12  13   4  20   5  19  12  24  6
   5  24  12  13  12   4  13  19  12  24  6
   5  24  12  13  12  11   6  12  19  24  6
   5  24  13  11   5  20  12   5  19  24  6
   5  24  13  11  12  13  12   5  12  31  6
   5  25  12  11  12  12  13   5  12  31  6
   5  26  16  16  12  16   3  25  14  28  7
   5  26  16  16  14  12   5  25  14  28  7
   5  28  14  14  14  16   3  25  14  28  7
   5  28  14  14  14  16  14   3  25  28  7
   5  28  14  14  16  12   5  25  14  28  7
   5  28  16  10  16  16  14   3  25  28  7
   5  40  18  14  20  18  20  14  11  47  9
   5  40  18  17  17  18  17  17  11  47  9
   6   0   6   5   5   1   7   4   4   8  2
   6   0   6   6   3   5   1   7   4   8  2
   6   0   6   6   4   3   5   1   7   8  2
   6   0   7   5   1   5   6   4   4   8  2
   6   0   7   5   1   7   4   2   6   8  2
   6   0   7   5   1   7   4   4   2  10  2
   6   0   7   5   4   2   6   1   7   8  2
   6   0   8   3   3   3   7   4   4   8  2
   6   0   8   3   5   1   5   6   4   8  2
   6   0   8   3   5   1   7   4   2  10  2
   6   1   6   5   2   6   0   8   4   8  2
   6   2   5   1   5   7   4   4   4   8  2
   6   2   5   5   1   7   0   8   4   8  2
   6   2   5   5   2   5   1   8   4   8  2
   6   2   5   5   2   6   0   7   5   8  2
   6   2   5   5   2   6   0   8   3   9  2
   6   2   6   0   8   3   5   1   7   8  2
   6   3   3   3   3   8   4   4   4   8  2
   6   3   3   3   7   0   8   4   4   8  2
   6   3   3   3   7   3   5   1   7   8  2
   6   3   3   3   7   4   2   4   6   8  2
   6   3   3   3   7   4   3   5   1  11  2
   6   3   3   3   7   4   4   2   4  10  2
   6   3   3   5   1   8   4   2   6   8  2
   6   3   3   5   1   8   4   4   2  10  2
   6   3   3   6   0   6   5   5   4   8  2
   6   3   3   6   0   6   6   3   5   8  2
   6   3   3   6   0   6   6   4   3   9  2
   6   3   3   6   0   7   5   4   2  10  2
   6   3   3   6   0   8   1   7   4   8  2
   6   3   3   6   0   8   3   3   6   8  2
   6   3   3   6   0   8   3   5   2  10  2
   6   3   3   6   0   8   4   2   5   9  2
   6   3   3   6   0   8   4   3   3  10  2
   6   3   3   6   4   2   4   3   7   8  2
   6   3   3   6   4   2   6   1   5  10  2
   6   3   4   2   7   4   2   6   1  11  2
   6   3   4   5   4   3   3   3   5  10  2
   6   3   5   1   5   6   2   4   6   8  2
   6   3   5   1   5   6   3   5   1  11  2
   6   3   5   1   5   6   4   2   4  10  2
   6   3   5   1   6   5   2   6   1  11  2
   6   3   5   1   7   1   7   1   7   8  2
   6   3   5   1   7   3   3   3   7   8  2
   6   3   5   1   7   3   5   1   5  10  2
   6   3   5   1   7   4   2   4   4  10  2
   6   3   5   3   3   3   7   1   7   8  2
   6   3   5   3   5   1   5   3   7   8  2
   6   3   5   3   5   1   7   1   5  10  2
   6   3   5   3   5   3   3   3   5  10  2
   6   4   2   4   4   5   5   1   7   8  2
   6   4   2   4   5   5   1   5   6   8  2
   6   4   2   4   5   5   1   7   2  10  2
   6   4   2   4   6   3   3   6   1  11  2
   6   4   2   5   3   3   7   4   2  10  2
   6   4   2   5   3   6   1   5   6   8  2
   6   4   2   5   3   6   1   7   2  10  2
   6   4   2   5   4   2   4   7   4   8  2
   6   4   2   5   5   1   5   4   6   8  2
   6   4   2   5   5   1   7   2   4  10  2
   6   4   2   6   2   5   3   3   7   8  2
   6   4   2   6   2   5   5   1   5  10  2
   6   4   2   6   3   3   4   3   7   8  2
   6   4   2   6   3   3   6   1   5  10  2
   6   4   3   3   4   3   7   4   2  10  2
   6   4   3   3   4   5   1   8   4   8  2
   6   4   3   3   4   6   0   7   5   8  2
   6   4   3   3   4   6   0   8   3   9  2
   6   4   3   3   6   1   5   4   6   8  2
   6   4   3   3   6   1   6   5   1  11  2
   6   4   3   3   6   1   7   2   4  10  2
   6   4   3   3   6   3   4   3   3  11  2
   6   4   3   4   3   3   4   7   4   8  2
   6   4   3   4   5   1   5   6   1  11  2
   6   4   3   5   2   4   4   3   7   8  2
   6   4   3   5   2   4   6   1   5  10  2
   6   4   3   5   3   4   3   3   5  10  2
   6   4   4   2   4   4   5   5   1  11  2
   6   4   4   2   4   5   3   3   7   8  2
   6   4   4   2   4   5   3   6   1  11  2
   6   4   4   2   4   5   5   1   5  10  2
   6   4   4   2   5   3   4   3   7   8  2
   6   4   4   2   5   3   4   6   1  11  2
   6   4   4   2   5   3   6   1   5  10  2
   6   4   4   3   3   4   4   3   7   8  2
   6   4   4   3   3   4   6   1   5  10  2
   6   4   4   3   4   4   4   2   4  11  2
   6   9   5   1  12   5   7   6   2  16  3
   6   9   5   1  12   6   1  11   6  12  3
   6   9   6   0  11   6   7   6   2  16  3
   6  22  13  13  12  12   4  13  19  24  6
   6  23  12  12  13  12   4  20   5  31  6
   6  24  11  11  14   5  11  20  12  24  6
   6  27  15  15  13  15   5  23   7  35  7
   6  27  15  15  14  13   6  23   7  35  7
   6  28  14  15  14   5  22   7  22  28  7
   6  28  15  12  15  15   7  12  23  28  7
   6  28  15  13   6  15  22  13  15  28  7
   6  28  15  14   5  15  21  14  15  28  7
   6  29  13  13   9  21   5  23  13  29  7
   6  29  13  13  15  15   5  23   7  35  7
   6  29  13  14   8  19  16  14   5  37  7
   6  29  13  14  14   7  22  14   5  37  7
   6  29  14  13   8  19  16  13   6  37  7
   6  29  14  13  13   9  21  13   6  37  7
   6  34  16  14  17  16  17   7  16  41  8
   6  34  16  15  16  16  16   8  16  41  8
   7   2  10   8   6   6   6   1  11  12  3
   7   2  12   4   8   6   6   1  11  12  3
   7   6   2  12   6   6   1  11   6  12  3
   7   6   2  12   6   6   6   1  11  12  3
   7   6   7   7   6   1   6  11   6  12  3
   7   6   8   0  12   6   6   1  11  12  3
   7   6   8   5   2  11   6   6   1  17  3
   7   6   8   6   6   1   8   6   9  12  3
   7   6   8   6   6   1   8   9   3  15  3
   7   6   8   6   6   1  11   3   6  15  3
   7   7   0  13   5   6   7   6   3  15  3
   7   7   0  13   5   7   5   7   3  15  3
   7   7   0  13   6   5   7   5   4  15  3
   7   7   0  13   6   6   5   6   4  15  3
   7   7   6   1  12   6   1  11   6  12  3
   7   7   7   0   7  10   7   6   6  12  3
   7   7   7   0   7  11   5   7   6  12  3
   7   7   7   0   7  11   6   5   7  12  3
   7   7   7   0   7  11   6   6   5  13  3
   7   7   7   0  11   7   6   1  11  12  3
   7   7   7   4   3  11   6   1  11  12  3
   7   7   7   4   7   7   6   1   7  16  3
   7   7   7   5   2  10   7   6   1  17  3
   7   7   7   6   1   7   7   9   6  12  3
   7   7   7   6   1   7  10   3   9  12  3
   7   7   7   6   1   7  10   6   3  15  3
   7   8   0  10   8   6   1  11   6  12  3
   7   8   0  12   4   8   6   1  11  12  3
   7   8   4   7   7   1  11   6   1  17  3
   7   8   4   7   7   4   8   3   4  17  3
   7   8   4   8   3   4   8   9   6  12  3
   7   8   4   8   3   4  11   6   3  15  3
   7   8   4   8   3   9   3   4  11  12  3
   7   8   4   8   3   9   6   1   8  15  3
   7   8   4   8   6   1   8   6   9  12  3
   7   8   4   8   6   1   8   9   3  15  3
   7   8   4   8   6   1  11   3   6  15  3
   7   8   5   5   8   5   2  11   2  16  3
   7   8   6   1   8   9   6   1  11  12  3
   7   8   6   4   5   9   3   4  11  12  3
   7   8   6   4   5   9   6   1   8  15  3
   7  19  35  19  19  16  19  19  18  36  9
   7  19  36  19  18  16  18  19  19  36  9
   7  24  14  16  16  14  14  14   3  39  7
   7  24  18  12  12  18  14  14   3  39  7
   7  26  16  13  13  16   7  21   5  37  7
   7  28  14  12  12  14  18  14   3  39  7
   7  28  14  13  13  14   9  21   5  37  7
   7  32  15  18  15  17   7  15  26  32  8
   7  32  16  16   7  16  26  16  16  32  8
   7  32  16  16   7  26   6  26  16  32  8
   7  32  16  16  17   6  16  26  16  32  8
   7  32  16  17   6  16  25  17  16  32  8
   7  32  17  14  17  17  16   6  17  41  8
   7  33  14  17  17   6  26  16   6  42  8
   7  33  14  17  17  14  18   8  14  42  8
   7  33  15  15  18   7  15  26  15  33  8
   7  33  15  15  18  15   7  26   7  41  8
   7  34  22  16  16  22  18  16   7  49  9
   7  36   1  35  19  18  19  18  18  36  9
   7  36   1  36  17  20  17  19  18  36  9
   7  37   0  35  19  18  19  18  17  37  9
   7  37   0  37  16  20  16  20  17  37  9
   7  37   0  37  17  18  17  20  17  37  9
   7  38  18  16  16  18  22  16   7  49  9
   8   0  12   7   5   3  10   5   7  12  3
   8   0  12   7   6   2   9   6   7  12  3
   8   0  13   6   5   3  10   5   6  13  3
   8   0  13   6   6   2   9   6   6  13  3
   8   1   7  11   6   6   6   6   3  15  3
   8   1  11   7   6   6   6   2   7  15  3
   8   1  12   5   7   6   3   5  10  12  3
   8   1  12   5   7   6   6   2   7  15  3
   8   1  12   6   2   6  10   6   6  12  3
   8   5   8   0  12   5   7   1  11  12  3
   8   6   2  11   6   2   6  10   6  12  3
   8   6   2  11   6   6   2   6  10  12  3
   8   6   6   7   1  11   6   2   7  15  3
   8   6   6   7   6   2   6   6  10  12  3
   8   6   7   1   7  10   6   6   2  16  3
   8   6   7   5   3  10   6   2   6  16  3
   8   6   7   6   6   2   7   6   6  15  3
   8   7   1   7   9   7   6   2  10  12  3
   8   7   1   7  10   5   7   6   2  16  3
   8   7   1  11   3   9   3   9   3  15  3
   8   7   1  11   6   6   3   6   6  15  3
   8   7   4   7   7   1  10   7   1  17  3
   8   7   4   7   7   4   4  10   1  17  3
   8   7   5   7   3   5   7   9   3  15  3
   8   7   5   7   3   9   3   5   7  15  3
   8   7   5   7   6   2   7   6   6  15  3
   8   7   6   2   7   6   9   6   2  16  3
   8   7   6   2   7   9   3   5  10  12  3
   8   7   6   2   7   9   6   2   7  15  3
   8   7   6   2   9   6   7   2   6  16  3
   8   7   6   4   6   7   7   1   7  16  3
   8   7   6   5   4   9   3   5   7  15  3
   8  10  10   7   1  16   8   3  13  16  4
   8  35  19  19  18   6  19  29  18  36  9
   8  35  20  17  17  20  18   8  17  47  9
   8  36  17  19  19  17  19   8  17  47  9
   8  36  18  18  18  19   7  18  29  36  9
   8  37  18  17  17  18  20   8  17  47  9
   8  40  21  21  18  22   8  21  31  40 10
   8  40  21  21  20  18  10  21  31  40 10
   8  41   0  41  20  18  20  21  20  41 10
   8  42  18  21  21   8  31  21   8  52 10
   8  42  18  21  21  18  11  31   8  52 10
   8  42  18  21  21  18  21  11  18  52 10
   9   0  10   8   6   4   8   1  11  12  3
   9   0  11   7   6   5   4   5  10  12  3
   9   0  11   7   6   5   7   2   7  15  3
   9   0  12   4   8   4   8   1  11  12  3
   9   0  12   5   4   8   7   2  10  12  3
   9   0  12   5   7   2  10   2  10  12  3
   9   0  12   5   7   5   4   5  10  12  3
   9   0  12   5   7   5   7   2   7  15  3
   9   3   8   1  12   6   5   7   2  16  3
   9   3   9   0  11   7   5   7   2  16  3
   9   4   5   9   4   5   4  11   6  12  3
   9   4   5   9   4   8   1   8   9  12  3
   9   4   5   9   4   8   1  11   3  15  3
   9   4   5   9   6   4   5   4  11  12  3
   9   4   5   9   6   4   8   1   8  15  3
   9   4   6   7   7   6   4   5   4  17  3
   9   4   6   8   6   3   6   4  11  12  3
   9   4   6   8   6   3   9   1   8  15  3
   9   4   7   7   2   7   4  11   6  12  3
   9   4   7   7   2  10   1   8   9  12  3
   9   4   7   7   2  10   1  11   3  15  3
   9   4   7   7   4   7   2   7  10  12  3
   9   4   8   1   8   4  11   6   6  12  3
   9   4   8   1  11   1   8   9   6  12  3
   9   4   8   1  11   1  11   6   3  15  3
   9   4   8   4   5   4   8   9   6  12  3
   9   4   8   4   5   4  11   6   3  15  3
   9   4   8   4   8   1   8   9   3  15  3
   9   4   8   5   5   8   4   5   4  17  3
   9   5   4   5  10   6   3   9   2  16  3
   9   5   4   9   1   8   9   6   3  15  3
   9   5   4   9   1  11   6   3   6  15  3
   9   5   4   9   5   4   5  10   3  15  3
   9   5   4   9   5   7   2   7   6  15  3
   9   5   4   9   6   5   4   5   7  15  3
   9   5   5   4   5  11   6   3   9  12  3
   9   5   5   4   5  11   6   6   3  15  3
   9   5   5   8   1   8   5  10   6  12  3
   9   5   5   8   1   9   8   1  11  12  3
   9   5   5   8   1  11   2   7   9  12  3
   9   5   5   8   1  11   2  10   3  15  3
   9   5   5   8   5   5   4   5  11  12  3
   9   5   6   7   6   3   6   5   7  15  3
   9   5   7   2   7   5   7   9   6  12  3
   9   5   7   2   7   5  10   6   3  15  3
   9   5   7   2   7   9   3   9   2  16  3
   9   5   7   2  10   2   7   9   3  15  3
   9   5   7   5   5   4   8   8   1  17  3
   9   6   3   6   6   8   6   7   2  16  3
   9   6   3   6   7   6   8   1  11  12  3
   9   6   3   6   8   6   7   2   7  15  3
   9   6   3   6   9   4   6   8   1  17  3
   9   6   3   6   9   5   6   4   5  16  3
   9   6   3   7   6   8   1   8   9  12  3
   9   6   3   7   6   8   1  11   3  15  3
   9   6   3   8   4   5   6  10   6  12  3
   9   6   3   8   6   7   2   7   6  15  3
   9   6   3   8   7   2   8   8   1  17  3
   9   6   3   9   4   6   5   4  11  12  3
   9   6   3   9   4   6   8   1   8  15  3
   9   6   3   9   5   6   4   5   7  15  3
   9   6   4   5   9   4   5   9   1  17  3
   9   6   4   6   5   4  11   6   3  15  3
   9   6   4   6   8   1   8   6   9  12  3
   9   6   4   6   8   1  11   3   6  15  3
   9   6   4   7   7   2   7   9   1  17  3
   9   6   4   7   7   4   6   5   4  17  3
   9   6   4   8   3   7   5   4  11  12  3
   9   6   4   8   3   7   8   1   8  15  3
   9   6   4   8   4   5   6   4  11  12  3
   9   6   4   8   4   5   9   1   8  15  3
   9   6   5   4   6   9   1   8   9  12  3
   9   6   5   4   6   9   1  11   3  15  3
   9   6   5   4   7   4   5  11   6  12  3
   9   6   5   4   9   2   7   9   2  16  3
   9   6   5   4   9   5   4   6   5  16  3
   9   6   5   5   5   5   5  11   6  12  3
   9   6   5   6   6   3   6   6  10  12  3
   9   6   5   7   3   8   4   5   7  15  3
   9   6   5   7   5   4   6   5   7  15  3
   9   6   6   3   6   7   6   8   1  17  3
   9   6   6   3   7   5   7   8   1  17  3
   9   6   6   3   7   6   5   4  11  12  3
   9   6   6   3   7   6   5   9   1  17  3
   9   6   6   3   7   6   8   1   8  15  3
   9   6   6   4   5   7   5   4  11  12  3
   9   6   6   4   5   7   8   1   8  15  3
   9   6   6   4   6   5   6   4  11  12  3
   9   6   6   4   6   5   9   1   8  15  3
   9   6   6   5   4   6   6   9   1  17  3
   9   8   8  11   8   8   8   1  11  20  4
   9   8  11   5  11   8   4   5  15  16  4
   9   8  11   5  11   8   8   1  11  20  4
   9   8  11   8   1   8  15   8   8  16  4
   9   9   9   9   0  16   2  14   8  16  4
   9  11   5  11   5  11   4   5  15  16  4
   9  11   5  11   5  11   8   1  11  20  4
   9  11   8   1  12  11   8   1  15  16  4
   9  11   8   5   8  11   4   5  15  16  4
   9  11   8   5   8  11   8   1  11  20  4
   9  16  36  20  16  19  19  16  20  36  9
   9  16  38  16  18  19  19  18  16  38  9
   9  16  38  16  20  17  17  20  16  38  9
   9  16  38  18  16  19  19  16  18  38  9
   9  19  40  20  22  19  19  22  20  40 10
   9  19  40  22  20  19  19  20  22  40 10
   9  19  41  19  22  19  19  22  19  41 10
   9  19  42  19  19  21  21  19  19  42 10
   9  19  42  19  21  19  19  21  19  42 10
   9  19  42  20  20  19  19  20  20  42 10
   9  22  44  22  22  23  23  22  22  44 11
   9  22  44  22  23  22  22  23  22  44 11
   9  31  23  17   0  36  18  19  18  36  9
   9  31  23  17   0  37  17  19  17  37  9
   9  34  18  19  19  18  18   7  18  47  9
   9  34  20  17   6  31  18  18   7  47  9
   9  36  16   0  36  18  19  19  18  36  9
   9  36  16   0  36  20  17  17  20  36  9
   9  36  16   0  38  18  17  17  18  38  9
   9  39  21  20  20  21   8  32   8  52 10
   9  39  21  20  20  21  20   8  20  52 10
   9  39  21  21   6  34   8  32  20  40 10
   9  41  18   0  41  21  19  19  21  41 10
   9  44  23  23  22   8  23  34  23  44 11
   9  44  24  21  21  24  11  31  11  57 11
   9  44  24  21  21  24  21  11  21  57 11
   9  46  20   0  46  20  23  23  20  46 11
  10   7   3  15   9   8   8   8   2  22  4
  10   8   2  15   8   9   8   8   2  22  4
  10   8   2  15   9   8   8   7   3  22  4
  10   8   9   9   8   8   2   9   9  20  4
  10   9   1  16   8   8   3  13   4  20  4
  10   9   1  16   8   8   8   3   9  20  4
  10   9   8   9   8   2   9   8  13  16  4
  10   9   9   1   9  14   4  12   8  16  4
  10  10   0  15   5  12   3  13   8  16  4
  10  10   0  15   8   7  10   8   2  22  4
  10  10   0  15   9   5  11   8   2  22  4
  10  10   0  15   9   6  10   7   3  22  4
  10  10   0  15   9   8   3   9  12  16  4
  10  10   0  15   9   8   3  13   4  20  4
  10  10   0  16   7   9   4   7  13  16  4
  10  10   0  16   7   9   8   3   9  20  4
  10  10   7   3  14   3   7  14   8  16  4
  10  10   7   7  10   3   7  10  12  16  4
  10  10   8   7   5  10  10   3   7  22  4
  10  10   8   7   7   6  12   3   7  22  4
  10  24  50  24  23  24  23  24  24  50 12
  10  38  20  21  21  20   7  33   8  52 10
  10  39  28  21   0  44  23  21  23  44 11
  10  39  28  21   0  45  22  21  22  45 11
  10  43   0  46  22  21  22  21  22  46 11
  10  43  23  22   8  37  22  22   9  57 11
  10  43  24  21   8  37  22  21  10  57 11
  10  48  25  25   8  40  10  37  25  48 12
  11   1  10  14   8   3  13   8   8  16  4
  11   1  10  14   8   8   3  13   8  16  4
  11   1  10  14   8   8   8   3  13  16  4
  11   1  15   9   8   8   3   8  13  16  4
  11   1  16   7   4  13   8   3  13  16  4
  11   4  18  12  10  10   1  19  10  20  5
  11   7   9   9   7   9   2   9   9  20  4
  11   8   8   3   8  14   8   8   3  21  4
  11   8   9   8   3   8   9   8  12  16  4
  11   8   9   8   3   8   9  12   4  20  4
  11   8   9   8   3   8  13   4   8  20  4
  11   9   2   9   9  12   8   8   4  20  4
  11   9   2   9  13   0  16   8   8  16  4
  11   9   2   9  13   8   8   4   8  20  4
  11   9   2  14   4   7   9  12   8  16  4
  11   9   2  14   4   7  13   8   4  20  4
  11   9   2  14   4  12   4   7  13  16  4
  11   9   2  14   4  12   8   3   9  20  4
  11   9   2  14   8   3   9   8  12  16  4
  11   9   2  14   8   3   9  12   4  20  4
  11   9   2  14   8   3  13   4   8  20  4
  11   9   6   5   9  12   0  16   8  16  4
  11   9   7   7   9   9   2   9   9  20  4
  11   9   7   9   4   7   9   7  13  16  4
  11   9   7   9   4   7  13   3   9  20  4
  11   9   8   3  11   9   9   2   9  21  4
  11   9   8   3  12   9   4   7   9  20  4
  11  12  12   0  11  19  10  10  10  20  5
  11  12  12  10   1  19   5  10  15  20  5
  11  12  12  10   1  19   5  15   5  25  5
  11  12  12  10   1  19  10   5  10  25  5
  11  14  10   8   7  10  15  10   1  29  5
  11  29  55  28  29  29  29  28  28  56 14
  11  29  56  27  29  29  29  27  29  56 14
  11  29  56  29  29  25  29  29  29  56 14
  11  41  23  23  23  22  22   8  23  57 11
  11  44  21  21  21  25   9  21  36  44 11
  11  47  24  25  24  25  24   9  25  62 12
  11  52  26   0  52  26  27  27  26  52 13
  11  52  26   0  52  28  25  25  28  52 13
  11  56   1  56  28  29  28  29  28  56 14
  11  57   0  57  26  31  26  30  27  57 14
  11  64  30  29  29  30  17  41  17  77 15
  11  64  30  29  29  30  29  17  29  77 15
  12   0  15   9   3  12   9   3  13  16  4
  12   0  15   9   3  13   2  14   8  16  4
  12   5   8  11   8   5   7   5  15  16  4
  12   5   8  11   8   5  11   1  11  20  4
  12   5  11   1  15   5  11   1  15  16  4
  12   5  11   5  11   1  15   1  15  16  4
  12   5  11   5  11   5   7   5  15  16  4
  12   5  11   5  11   5  11   1  11  20  4
  12   6   6  11   1  11  13   8   8  16  4
  12   6   6  12   0  15   9   3  13  16  4
  12   6   9   9   3  12   3   9  13  16  4
  12   6   9   9   6   6   6   9  13  16  4
  12   7   5   7   7  14   8   4  12  16  4
  12   7   5   7   7  14   8   8   4  20  4
  12   7   5   7  13   7   5   7  13  16  4
  12   7   5   7  13   7   9   3   9  20  4
  12   7   5   7  13   8   7   5   7  21  4
  12   7   5  11   9   7   7   5   7  22  4
  12   7   5  12   2  10   7  13   8  16  4
  12   7   5  12   2  14   3   9  12  16  4
  12   7   5  12   2  14   3  13   4  20  4
  12   7   7   5   7  14   7   9   3  21  4
  12   7   7   5   9  12   0  16   8  16  4
  12   7   7   7   5  14   0  16   8  16  4
  12   7   7   9   9   7   5   7   7  22  4
  12   7   8   4  13   8   4   8   7  21  4
  12   7   9   3   9  12   7   5   7  21  4
  12   7   9   3  12   9   4   8   7  21  4
  12   7   9   3  13   3   9   7  13  16  4
  12   7   9   3  13   3  13   3   9  20  4
  12   7   9   3  13   7   5   7   9  20  4
  12   7   9   7   5   7   9   7  13  16  4
  12   7   9   7   5   7  13   3   9  20  4
  12   7   9   7   5  11   7   5   7  22  4
  12   7   9   7   7   9   5   7   7  22  4
  12   7   9   7   9   3   9   7   9  20  4
  12   8   4   8  11   8   4   8  13  16  4
  12   8   4  11   9   3   9  12   2  22  4
  12   8   5   7  12   5   8  11   1  23  4
  12   8   5  11   5   8   7   5  15  16  4
  12   8   5  11   5   8  11   1  11  20  4
  12   8   6   9   9   3  11   6   6  22  4
  12   8   7   5   8   7   7  14   8  16  4
  12   8   7   5  12   3  12   5   7  21  4
  12   8   7   8   7   5   8   7  14  16  4
  12   8   7   8   7   8   8   4   8  22  4
  12   8   7   8   9   3   9   8   7  21  4
  12   8   8   4   8  11   8   4   8  21  4
  12   8   8   4   9   8   8  11   1  23  4
  12   8   8   4  11   5  11   4   8  21  4
  12   8   8   4  11   8   5   7   8  21  4
  12   8   8   5   8   8   7   5  15  16  4
  12   8   8   5   8   8  11   1  11  20  4
  12   8   8   7   5  10   8   5   7  22  4
  12   8   8   7   5  11   5   7   8  21  4
  12   8   8   7   7   6  10   5   7  22  4
  12   8   8   7   7   8   6   7   7  22  4
  12   8   8   7   8   5   8   7   8  21  4
  12  10  10  13  10  10   2  10  18  20  5
  12  11  11   1  11  19  10  10  10  20  5
  12  12   0  20  10  10  11  10   3  27  5
  12  12   0  20  11   9  11   9   4  27  5
  12  12   0  21   9   3  18  10   9  21  5
  12  12   0  21  10   2  18   9  10  21  5
  12  13   7   5  18   7  13  10   2  28  5
  12  13   7  13   7   5  18   2  18  20  5
  12  13  10   2  15  10  13  10   2  28  5
  12  15  15  11   1  24  12  12   4  32  6
  12  45  25  25  25  24   8  40  10  62 12
  12  50  27  27  27  25  27  10  27  67 13
  12  60  31   0  60  31  30  30  31  60 15
  12  62  31  27  31  31  31  12  31  77 15
  13   2  19  11  10  10   3  17   5  25  5
  13  10   3  19  10  10   3  17   5  25  5
  13  10   3  19  10  10  10   3  12  25  5
  13  10  10  12  10  10   3  10  12  25  5
  13  10  11  11  10   3  10  11  16  20  5
  13  10  12   1  19  10   5   8  17  20  5
  13  10  12   1  19  10  10   3  12  25  5
  13  10  12   9   4  17  10   4   9  27  5
  13  11  10   3  18  10   3  17   4  26  5
  13  11  11   2  11  17  10   3  17  20  5
  13  11  11   2  17  11  10   3  11  26  5
  13  11  11   8   5  17  10   3  11  26  5
  13  11  11   9   4  16  11   4   9  27  5
  13  11  11  10   3  17   5  10  10  25  5
  13  12   1  12  17  10   3  17  10  20  5
  13  12   1  17  12  10   3  12  15  20  5
  13  12   1  17  12  10   3  17   5  25  5
  13  12   1  19   8  12   5   8  17  20  5
  13  12   1  19   8  12  10   3  12  25  5
  13  12   8   5  17   3  17  10   3  27  5
  13  12   8   5  17   8  12   5   8  27  5
  13  12   8  12   8   5  12   8  17  20  5
  13  12   8  12   8   5  17   3  12  25  5
  13  12  10   8  10   7  15   3  10  27  5
  13  22  13   0  28  14   6  23  14  28  7
  13  22  13   0  28  15   5  22  15  28  7
  13  22  13   0  29  13   6  23  13  29  7
  13  22  13   0  29  14   5  22  14  29  7
  13  33  66  29  33  33  33  29  33  66 16
  13  49  27  27  27  26   9  27  42  52 13
  14   0  21  10   9   5  16   5  14  21  5
  14   0  21  10   9   5  16   9   6  25  5
  14   0  21  10  10   4  11  14  10  21  5
  14   0  21  10  10   4  15   6  14  21  5
  14   0  21  10  10   4  15  10   6  25  5
  14   1  19  11   3  17  10   4  16  20  5
  14   1  20   9  10  11  10   4  10  26  5
  14  10  11   3  17  10   5   9  11  25  5
  14  11   3  11  11  15  10   4  16  20  5
  14  11   3  11  16  10   4  11  15  20  5
  14  11   3  11  16  10   4  16   5  25  5
  14  11   3  16  11  10   4  11  10  25  5
  14  11   3  17   9  11   5   9  11  25  5
  14  11   9   5  16   4  16   5   9  26  5
  14  11   9  11   9   5  11   9  11  25  5
  14  11  10   4  15   6  15   4  10  26  5
  14  38  72  38  33  38  33  38  38  72 18
  14  63  33  33  33  30  14  52  14  82 16
  14  71  33  33  33  37  15  33  51  71 17
  15   0  15  14  11  10   8  12   3  27  5
  15   0  18  11  11  10   5  15   3  27  5
  15   0  18  12   6  14   1  19  10  20  5
  15   0  19  11   8   7   8  17  10  20  5
  15   0  19  11   8  12   3  12  15  20  5
  15   0  19  11   8  12   3  17   5  25  5
  15   0  20   9   6  15   8  12   3  27  5
  15   0  20   9   9  12   5  15   3  27  5
  15   4  15   0  21   9   6  15   9  21  5
  15   4  15   0  21  10   5  14  10  21  5
  15   5  14   1  18  12   3  17  10  20  5
  15   6   9  13  12  10   5  15   1  29  5
  15   6  14   8   7  15   5  15   1  29  5
  15   7  10   5  18  10   7  13   2  28  5
  15   7  13   2  15  13   7  13   2  28  5
  15   8   7  14  11  10   5  10   8  27  5
  15   8   8  13   2  19   8  12   3  27  5
  15   8   8  14   1  14  15  10   5  25  5
  15   8   8  14   1  19  10   5  10  25  5
  15   8  10   5  17  10   8   7   8  27  5
  15   8  12   3  15  12   8   7   8  27  5
  15   8  12   9   6  15   5  10   8  27  5
  15   9   6  15   9   6   9   9  17  20  5
  15   9   9   6   9  17   1  19  10  20  5
  15   9   9   6  16   9   9   6   9  27  5
  15   9   9  12   3  15   6   9  17  20  5
  15   9  11   9   6   9  11  15   3  27  5
  15   9  11   9   9   6  14   6   9  27  5
  15  10   5  10  14  10  10   5  10  26  5
  15  10   5  13  10  10   5  10  17  20  5
  15  10   5  13  12   6   9  15   1  29  5
  15  10   5  14  10   5  10  10  16  20  5
  15  10   5  14  11   8   7  10   8  27  5
  15  10   7  10  10   5  10  18  10  20  5
  15  10   7  10  13   2  15  13   2  28  5
  15  10   8   7  11  14   1  14  15  20  5
  15  10   8   7  11  14   1  19   5  25  5
  15  10   8   8   9  15   1  14  15  20  5
  15  10   8   8   9  15   1  19   5  25  5
  15  10   8  10   7   8  17   1  19  20  5
  15  10   8  10  12   3  15   7   8  27  5
  15  10   9   6  13  12   3  12  10  25  5
  15  10   9   9   7  15   3  12  10  25  5
  15  10   9   9  10   6   9  10  17  20  5
  15  10   9  10   6   9  16   3  12  25  5
  15  10   9  10   6  13  10   5  10  27  5
  15  10  10   5  13  10  10   5  10  27  5
  15  10  10   8   7  10  11  14   1  29  5
  15  10  10   8   7  11   9  15   1  29  5
  15  10  10   8   7  13  10   5  10  27  5
  15  10  10   8   8   9  10  15   1  29  5
  15  10  10   8  10   7  13   5  10  27  5
  15  10  10   8  10  10   7   8  10  27  5
  15  11   4  24  11  13   2  22  12  24  6
  15  11   4  24  12  11  13   2  22  24  6
  15  13  13  13   2  22   4  20   6  30  6
  15  13  13  13  12   3  13  13  19  24  6
  15  14   1  24   4  20  12  12   6  30  6
  15  14   1  24  12  12   5  12  19  24  6
  15  14  17  17  14  14   1  27   7  35  7
  15  15   0  20  15  13   2  22  12  24  6
  15  15   0  24   8  15  13   2  22  24  6
  15  17  14  17  14   1  27   4  24  28  7
  15  20  11   4  27  14   1  27  14  28  7
  15  20  11  11  20  14   1  20  21  28  7
  15  20  11  11  20  14   1  27   7  35  7
  15  20  14  11  10  15  20  14   1  41  7
  15  20  14  11  11  13  21  14   1  41  7
  15  61  41  35   0  68  34  35  34  68 17
  15  61  41  35   0  69  33  35  33  69 17
  15  76  38   2  76  38  39  39  38  76 19
  15  76  40   0  74  42  37  37  40  76 19
  15  77   0  77  37  40  37  40  37  77 19
  15  80  36   0  74  42  37  37  36  80 19
  16   2  23  13  12  12   4  13  19  24  6
  16  11  11  15   1  24  12  12   4  32  6
  16  13  11  13  13   3  21   5  11  32  6
  16  13  13  12   4  13  13  12  18  24  6
  16  13  13  12   4  13  13  18   6  30  6
  16  13  13  12   4  13  19   6  12  30  6
  16  14   2  21  13   3  21  12   4  32  6
  16  14   9  14   9  14  14   2  14  32  6
  16  14  12  11   7  12  18   5  11  32  6
  16  29  16   0  29  25  19  19  18  36  9
  16  29  16   0  29  27  17  17  20  36  9
  16  29  16   0  38  18  17  10  25  38  9
  16  29  16   0  38  18  17  17  11  45  9
  16  69  33  33  33  33  19  53  13  89 17
  16  76  39  39  39  35  18  39  60  76 19
  17   0  24  13  11   6  19   5  19  24  6
  17   0  24  13  12   5  12  18  13  24  6
  17   0  24  13  12   5  18   6  19  24  6
  17   0  25  11  13   4  14  18  11  25  6
  17   0  25  11  13   4  19  13   6  30  6
  17   0  25  12   5  12  19  11  12  25  6
  17   1  23  13  11  13   4  13  19  24  6
  17   4  24  16  16  14  14  14   3  39  7
  17   4  28  12  12  18  14  14   3  39  7
  17  10   7  20   0  24  12  12   6  30  6
  17  12   5  20  12   5  12  19   6  30  6
  17  12   5  20  12  12   5  12  13  30  6
  17  12  12  13  12   5  12  12  13  30  6
  17  13   4  13  13  17  13  12   5  31  6
  17  13   4  13  18  13  12   5  13  30  6
  17  13   4  13  19  11  13   6  11  31  6
  17  13  12   5  13  17  13   4  13  31  6
  17  14   4  26  16  14  14  14   3  39  7
  17  15   2  28  15  14   3  24  15  28  7
  17  16  14  16  14   3  25   5  16  35  7
  17  16  16  13   4  25  14   6  13  37  7
  17  17   0  26  17  14   3  24  15  28  7
  17  18   0  26  16  10  18  14   3  39  7
  17  18  12   5  25  14   3  18  21  28  7
  17  18  12   5  25  14   3  25   7  35  7
  17  18  12  12  18  14   3  18  14  35  7
  17  18  13  13  13  13  18   4  13  39  7
  17  23  23  17   0  36  10  27  18  36  9
  17  23  23  17   0  37   9  27  17  37  9
  17  78  37  37  37  37  42  16  37  99 19
  18   5  18   0  24  12   6  19  12  24  6
  18   5  18   0  24  13   5  18  13  24  6
  18   5  18   0  25  11  12  13   5  31  6
  18   5  18   0  25  12  11  12   6  31  6
  18  10  13  13   5  13  10  20   6  30  6
  18  10  13  13   5  19   4  14  12  30  6
  18  11   7  11  11  20  11  13   5  31  6
  18  11   7  17  13  11   7  11  11  32  6
  18  11  11   7  11  20  12   6  12  30  6
  18  11  11  11   7  20   2  16  18  24  6
  18  11  11  14   4  14  11  19   6  30  6
  18  11  11  14   4  20   5  13  12  30  6
  18  11  13  11   7  17   7  11  11  32  6
  18  12   6  17   7  11  17  14   4  32  6
  18  12   6  17   7  16   7  19   4  32  6
  18  12   6  17  12   6  12  19   4  32  6
  18  12   6  17  12  12   6  12  12  31  6
  18  12   6  17  13   5  17   8  10  32  6
  18  12  10  13  13   5  13  12  10  32  6
  18  12  11  11  11   8  11  11  21  24  6
  18  12  11  12   7  11  12  11  20  24  6
  18  12  11  12   7  11  12  19   4  32  6
  18  12  12  11   7  12  16   7  11  32  6
  18  12  12  11   7  16   8  11  11  32  6
  18  12  12  11  11   8  12  11  11  32  6
  18  15  15  15   3  15  24   6  22  28  7
  18  16  19  19  16  16   2  19  27  32  8
  18  17   8  17  17   1  17  24  14  28  7
  18  17  13  13  13  17   5  13  17  35  7
  18  19  16  16  19  16   2  30   5  43  8
  18  22  13  13  22   5  13  30  16  32  8
  18  37  18   0  44  22  24  24  22  44 11
  18  37  18   0  44  26  20  20  26  44 11
  18  37  18   0  48  18  24  24  18  48 11
  18  37  18   0  48  22  20  20  22  48 11
  18  41  84  46  41  41  41  41  46  84 21
  18  41  88  42  41  41  41  41  42  88 21
  19   0  28  14  14   5  25  14  14  28  7
  19   0  28  14  16   3  23  16  14  28  7
  19   0  30  12  14   5  25  14  12  30  7
  19   0  30  12  16   3  23  16  12  30  7
  19   0  30  12  16  13   8  21   7  35  7
  19   0  30  14  12  15  15   7  14  35  7
  19   0  30  14  14  13   8  14  19  30  7
  19   0  30  14  14  13   8  19   9  35  7
  19   0  30  14  14  13  13   9  14  35  7
  19   2  27  15  14   5  14  23  14  28  7
  19   2  28  13   6  23  14  14   5  37  7
  19  10  19   0  29  13   6  23  13  29  7
  19  10  19   0  29  14   5  22  14  29  7
  19  13  17  13  13   6  24   6  13  37  7
  19  14   5  14  25  14  14   5  23  28  7
  19  14   5  14  25  14  14  14   5  37  7
  19  14  14   5  25  14  14   5  14  37  7
  19  14  14  16   3  25   5  14  23  28  7
  19  14  16   3  23  16  14   5  14  37  7
  19  15  15   4  22  15  15   4  15  37  7
  19  15  15  11   8  22  15   4  15  37  7
  19  16   3  23  16   3  16  23  14  28  7
  19  16  10  16  16   3  16  16  21  28  7
  19  16  11  16   8  19  16   3  16  37  7
  19  16  12   7  21  16   3  16  23  28  7
  19  16  13   6  23  14   5  16  14  35  7
  19  16  14  10  11  19  16   3  16  37  7
  19  17  17  17  17  17  16   3  17  44  8
  19  18  18  22  22  18  18  18   1  53  9
  19  18  26  14  14  26  18  18   1  53  9
  19  19   0  33  15  18  14  18   6  42  8
  19  19   0  33  17  16  14  16   8  42  8
  19  26  10  22  22  10  26  18   1  53  9
  19  26  18  14  14  18  26  18   1  53  9
  19  29  29  19   0  44  22  25  22  44 11
  19  29  29  19   0  44  25  19  25  44 11
  19  29  29  19   0  47  19  25  19  47 11
  19  29  29  19   0  47  22  19  22  47 11
  19  49  95  49  49  49  49  49  48  96 24
  19  77  41  41  41  41  40  15  41 104 20
  20   0  20  23  13   7  22  13  15  28  7
  20   0  20  23  14   6  21  14  15  28  7
  20   0  28  14  15   5  15  22  14  28  7
  20   0  28  15   5  15  22  13  15  28  7
  20   0  29  13   7  13  23  14  13  29  7
  20   0  29  13  14   6  23  14   6  36  7
  20   8  20   0  28  14   6  23  14  28  7
  20   8  20   0  28  15   5  22  15  28  7
  20  14   6  23  14   6  14  14  22  28  7
  20  14  14  15   5  23   6  14  15  35  7
  20  14  15   5  15  22  14   6  14  36  7
  20  15   5  22  15   5  15  15  21  28  7
  20  15  13   7  21  15   5  15  15  35  7
  20  19   1  32   6  26   7  25  16  32  8
  20  22  35  22  20   0  44  23  23  44 11
  20  22  35  22  20   0  46  21  21  46 11
  20  35   9  35  20   0  44  23  23  44 11
  20  35   9  35  20   0  46  21  21  46 11
  20  35  20   0  44  11  34  23  22  44 11
  20  35  20   0  44  24  21  10  35  44 11
  20  35  20   0  46   9  34  23  20  46 11
  20  35  20   0  46  20  23  23   9  57 11
  20  81  43  43  43  43  15  69  17 109 21
  21   0  24  16  16  14  10  18   3  39  7
  21   0  26  15  15  14  12   9  12  37  7
  21   0  27  15  12  15   6  15  22  28  7
  21   0  28  12  12  18  10  18   3  39  7
  21   0  28  13  13  16  12   9  12  37  7
  21   8  13  18  17  14   8  20   1  41  7
  21   8  14  17  17  14   7  21   1  41  7
  21   8  17  17   8  13   8  27  14  28  7
  21   8  17  17   8  20   1  20  21  28  7
  21   8  17  17   8  20   1  27   7  35  7
  21   8  20  11  10  21   8  20   1  41  7
  21   8  20  11  11  20   7  21   1  41  7
  21  10  11  19  16  14  10  11  10  39  7
  21  10  14  16  16  14   7  14  10  39  7
  21  10  16  16  10  11  10  25   7  35  7
  21  10  16  16  10  18   3  18  14  35  7
  21  10  18  12   9  21  10  11  10  39  7
  21  10  18  12  12  18   7  14  10  39  7
  21  11  15  15  15   6  20   6  15  37  7
  21  11  15  15  15  11  10  11  15  37  7
  21  11  16   5  22  16   5  23   4  38  7
  21  12   9  21  12  12   9  12  25  28  7
  21  12  12  18   3  18  21   3  25  28  7
  21  12  12  18  12   9  12  12  25  28  7
  21  12  15  15   6  15  12  15  22  28  7
  21  12  16  12   9  12  19  18   3  39  7
  21  12  16  12  12   9  16  21   3  39  7
  21  13   8  21  13  13   8  13  16  35  7
  21  13  13  16   5  16  21   5  16  35  7
  21  13  13  16  13   8  13  13  16  35  7
  21  13  19  19  13  19   2  19  27  32  8
  21  14   7  18  17   8  14  20   1  41  7
  21  14   7  19   9  17  14  18   3  39  7
  21  14   7  19  14  12   9  23   3  39  7
  21  14   7  19  16  10  14  11  10  39  7
  21  14   8  17  17   8  13  21   1  41  7
  21  14  10  16  16  10  11  14  10  39  7
  21  14  11  11  14  20   1  20  21  28  7
  21  14  11  11  14  20   1  27   7  35  7
  21  14  11  14  11  10  24   1  27  28  7
  21  14  12  12  14  18   3  18  14  35  7
  21  14  12  14   9  12  19  18   3  39  7
  21  14  12  14  12   9  23   3  18  35  7
  21  14  12  14  14   7  14  23   3  39  7
  21  14  13  13  13  13  14   8  13  39  7
  21  14  14  11  10  15  14  20   1  41  7
  21  14  14  11  11  13  15  20   1  41  7
  21  14  14  11  11  14  13  21   1  41  7
  21  19  13  13  19  19   2  19  27  32  8
  21  22  28  28  22  21   0  44  23  44 11
  21  22  28  28  22  21   0  45  21  45 11
  21  28  28  21   0  44  23  10  34  44 11
  21  28  28  21   0  45  22  10  33  45 11
  21  34  16  16  34  21   0  44  23  44 11
  21  34  16  16  34  21   0  45  21  45 11
  22   2  31  16  17  16   6  16  26  32  8
  22   2  32  15  15  18  16   7  15  42  8
  22   5  17  36  18  19  17  19  18  36  9
  22   5  17  36  19  17  19  17  19  36  9
  22   5  17  36  19  18  17  18  19  36  9
  22   5  17  37  17  18  19  18  17  37  9
  22   5  17  37  17  19  17  19  17  37  9
  22   5  17  37  18  17  19  17  18  37  9
  22   5  17  37  18  18  17  18  18  37  9
  22  15  17  17  17   5  27   5  17  42  8
  22  17  16  17  16   6  17  16  17  40  8
  22  18   4  36  19  18  17   5  32  36  9
  22  18   4  37  18  18   4  31  18  37  9
  22  18   4  37  18  18  17   5  31  37  9
  22  18  15   7  26   7  15  18  24  32  8
  22  22   0  36  15  22  17   5  32  36  9
  22  22   0  37  14  22  17   5  31  37  9
  22  22   0  37  17  19   8  28   9  45  9
  22  22   0  37  18  17  19   8  19  45  9
  22  22   0  37  18  18   8  27  10  45  9
  22  22   0  37  18  18  17   9  19  45  9
  22  31  22   0  46  22  21  21  11  57 11
  22  99  51  51  49  53  19  81  21 129 25
  22 123  57  57  57  57  31  83  31 149 29
  22 123  57  57  57  57  57  31  57 149 29
  23   0  23  25  16   7  26  16  16  32  8
  23   0  23  25  17   6  25  17  16  32  8
  23   0  32  16   7  16  26  16  16  32  8
  23   0  32  17  15   8  15  25  17  32  8
  23   0  40  14  22  16  11  27  14  40  9
  23   0  40  14  22  16  16  22   9  45  9
  23   0  40  18  14  20  20   9  23  40  9
  23   0  40  18  14  20  20  14  13  45  9
  23   0  40  18  18  16  11  23  18  40  9
  23   0  40  18  18  16  16  13  23  40  9
  23   0  40  18  18  16  16  18  13  45  9
  23   1  32  15  15  18  15   8  15  42  8
  23  13  10  26   0  23  25  16  16  32  8
  23  13  10  26   0  32  16   7  25  32  8
  23  15  18  15   8  25   8  15  15  42  8
  23  16   7  16  26  16   7  16  25  32  8
  23  16   7  16  26  16  16   7  16  41  8
  23  16  16   7  26  16   7  16  16  41  8
  23  17   6  17  24  17   6  17  25  32  8
  23  18  20  20  18   5  18  31   9  45  9
  23  20  18  18  20  18   5  20  18  47  9
  23  20  20   3  20  20  29  18  18  36  9
  23  20  20   3  20  31  18  18   7  47  9
  23  20  20  14   9  31   9  14  31  36  9
  23  20  20  14  20  20   9  14  20  47  9
  23  20  20  16   7  20  29  18   5  49  9
  23  22  14  20  20   5  31   9  14  49  9
  23  22  16   7  31  16   7  31   7  47  9
  23  22  16  16  22   7  16  31   7  47  9
  23  22  16  16  22  16   7  22  16  47  9
  23  22  17  17  17  11  28   6  17  49  9
  24   0  30  17  17   7  23  18   6  42  8
  24   0  32  15  15   9  23  18   6  42  8
  24   7  24   0  31  17   7  26  16  32  8
  24   7  24   0  31  18   6  25  17  32  8
  24  14  14  19   5  28   5  27   6  42  8
  24  14  17  17   7  24   7  17  17  40  8
  24  14  17  17  14  10  14  17  17  40  8
  24  15   9  15  25  15  15   9  15  42  8
  24  15  13  11  15  26   0  32  16  32  8
  24  15  15   9  15  26  15   9  15  41  8
  24  15  15   9  25  15   9  15  15  42  8
  24  15  15  15   9  15  27   3  29  32  8
  24  15  15  15  15  15   9  15  29  32  8
  24  15  15  18   6  18  15  15  26  32  8
  24  15  17  15   9  15  23   9  15  42  8
  24  15  17  15  15   9  17  15  15  42  8
  24  16   8  23  16  15   9  16  15  42  8
  24  16  10  19  19   5  21  22   2  46  8
  24  16  13  13  16  11  13  30  16  32  8
  24  16  13  16  16   8  21  22   2  46  8
  24  16  13  16  16  13  11  27   2  46  8
  24  16  15   9  22   9  15  16  26  32  8
  24  16  15  16  16   8  16  16  15  42  8
  24  20  23  20  23  20   4  20  36  40 10
  24  20  26  17  17  26  20   7  17  56 10
  24  25  25  25  22   2  25  39  22  44 11
  24  26  20  17  17  20  26   7  17  56 10
  25   0  36   2  34  19  19  18  18  36  9
  25   0  36   2  36  17  17  20  18  36  9
  25   0  38   0  34  19  19  18  16  38  9
  25   0  38   0  36  17  17  20  16  38  9
  25   0  38  18   7  28  19   9  25  38  9
  25   0  38  18   7  28  19  16  11  45  9
  25   1  36  19  18   7  18  28  19  36  9
  25   2  23  30  19  18  18  18   7  47  9
  25   2  34  19  19  18  18   7  18  47  9
  25   2  35  18  18  19  18   7  18  47  9
  25  16  20  20   5  31   5  20  29  36  9
  25  16  22  16   9  29  16   9  16  49  9
  25  16  22  16  16  22   9  16  16  49  9
  25  19  19   6  19  19  19  27  18  36  9
  25  19  19   6  19  29   9  27   8  46  9
  25  20   5  27  20  20   5  20  29  36  9
  25  20   5  29  20  14  11  29   5  49  9
  25  20  14  20  20   5  20  29   5  49  9
  25  20  14  20  20   5  29  11  14  49  9
  25  20  14  20  20  14  11  20  14  49  9
  25  20  17   8  29   8  17  29   8  46  9
  25  20  17   8  29  17   8  20  17  46  9
  25  20  17  17  20   8  17  20  17  46  9
  25  25   0  39  11  28  22  20   8  52 10
  25  25   0  39  21  18  22  10  18  52 10
  25  25   0  44  22  22  27  22  22  44 11
  25  25   0  44  22  27  17  27  22  44 11
  25  25   0  44  27  17  27  17  27  44 11
  25  25   0  44  27  22  17  22  27  44 11
  25  25   0  49  17  22  27  22  17  49 11
  25  25   0  49  17  27  17  27  17  49 11
  25  25   0  49  22  17  27  17  22  49 11
  25  25   0  49  22  22  17  22  22  49 11
  25  33  33  25   0  53  25  27  11  67 13
  25  33  33  25   0  53  26  25  12  67 13
  26   0  36  18  18   8  18  29  18  36  9
  26  17  19  19   7  29   7  19  19  45  9
  26  18   8  18  18  29  18  18   8  46  9
  26  18  18   8  18  29  18   8  18  46  9
  26  19   7  27  19  19   7  19  19  45  9
  26  19   7  28  19   7  19  28   7  47  9
  26  19   7  28  19  16  10  19  16  47  9
  26  19  16  19  19   7  19  19  16  47  9
  26  21  21  21  21   5  35   7  21  52 10
  26  26   0  44  25  19  25   8  36  44 11
  26  26   0  44  25  22  19  11  36  44 11
  26  26   0  47  19  25   8  36  19  47 11
  26  26   0  47  22  19  25   8  33  47 11
  26  26   0  47  22  22   8  33  22  47 11
  26  26   0  47  22  22  19  11  33  47 11
  27   0  34   0  36  18  19  19  18  36  9
  27   0  34   0  36  20  17  17  20  36  9
  27   0  34   0  38  16  19  19  16  38  9
  27   0  34   0  38  18  17  17  18  38  9
  27   0  36  17  17  19  17  10  17  47  9
  27   0  44  22  22  25  25  22  22  44 11
  27   0  44  22  28  19  19  28  22  44 11
  27   0  44  28  16  25  25  16  28  44 11
  27   0  44  28  22  19  19  22  28  44 11
  27   0  50  16  22  25  25  22  16  50 11
  27   0  50  16  28  19  19  28  16  50 11
  27   0  50  22  16  25  25  16  22  50 11
  27   0  50  22  22  19  19  22  22  50 11
  27   5  22  44  22  22  23  22  22  44 11
  27   7  20   7  36  18  19  19  18  36  9
  27   7  20   7  36  20  17  17  20  36  9
  27   7  20   7  38  16  19  19  16  38  9
  27   7  20   7  38  18  17  17  18  38  9
  27   7  27   0  36  20  17  10  27  36  9
  27   7  27   0  38  18  17  10  25  38  9
  27  10  18  22  22  18  10  26   1  53  9
  27  10  26  14  14  26  10  26   1  53  9
  27  14  20  20  14  20   7  20  20  45  9
  27  16  16  11  16  16  33  18  18  36  9
  27  16  16  22   5  27  22   5  22  45  9
  27  16  16  22  16  16  11  16  22  45  9
  27  17  17  10  17  17  30  18   9  45  9
  27  17  26  17  17  26  17  10  17  56 10
  27  18   9  26  10  25  18   9  18  47  9
  27  18  10  22  22  10  18  26   1  53  9
  27  18  16  11  23  18   9  18  31  36  9
  27  18  16  18  18   9  25  11  16  49  9
  27  18  16  18  18  16  11  18  16  49  9
  27  18  17  10  25  10  17  29   6  48  9
  27  18  17  17  11  17  17  17  30  36  9
  27  18  17  17  17  11  24  10  17  49  9
  27  18  17  18  10  17  26   9  18  47  9
  27  18  17  18  10  25  10  17  18  47  9
  27  18  18  14  14  18  18  26   1  53  9
  27  22   5  44  22  23   4  40  22  44 11
  27  22  22  25  25  22  22   5  22  61 11
  27  22  25  22  22  25  22   5  22  61 11
  27  24  24  24  22   5  24  37  11  55 11
  27  25  19  25  25   2  42  22   5  61 11
  27  27   0  39  27  23   4  40  22  44 11
  27  27   0  45   9  34  23  22  11  55 11
  27  27   0  45   9  35  21  23  11  55 11
  27  27   0  45  22  22  10  22  33  45 11
  27  28  13  28  25   2  42  22   5  61 11
  27  28  20  20  15  33   7  20  39  44 11
  27  32  32  23   4  51  26  26   7  71 13
  27  63 134  63  63  63  63  63  63 134 32
  27  69 136  69  69  69  69  69  69 136 34
  28   0  40   1  40  20  20  21  20  40 10
  28   0  41   0  41  19  19  22  19  41 10
  28   0  41  21  20  19   9  21  30  41 10
  28   0  41  21  20  19   9  30  12  50 10
  28   1  40  20  21   7  21  32  20  40 10
  28   2  38  21  21   7  33  20   8  52 10
  28  20  21  21  20   8  20  21  21  50 10
  28  21  21   7  21  32  10  18  32  40 10
  28  21  21   7  32  21  10  18  21  51 10
  28  21  21  18  10  32  10  18  21  51 10
  28  21  21  19   9  21  31   9  19  52 10
  28 122  63  63  63  63  63  24  63 161 31
  29   0  39  21  21   8  31  21   8  52 10
  29   0  41  19  19  10  31  21   8  52 10
  29   0  44  22  26  20   9  37  22  44 11
  29   0  44  26  18  24  24   7  37  44 11
  29   0  44  26  22  20   9  33  26  44 11
  29   0  44  26  22  20  20  11  37  44 11
  29   0  46  20  26  20   9  37  20  46 11
  29   0  46  24  22  20   9  33  24  46 11
  29   0  48  18  11  35  24  22  18  48 11
  29   0  48  18  22  24  24  22   7  59 11
  29   0  48  20  20  24  24  20   9  59 11
  29   0  48  22   7  35  24  18  22  48 11
  29  21   8  21  29  21  21   8  21  51 10
  29  22  24  22  24  22   7  22  24  57 11
  29  23  23  23  23   6  23  23  36  44 11
  29  24  24   5  24  35  24  22   7  59 11
  29  26   3  39  13  29  26  22   7  59 11
  29  26   3  39  24  18  26  11  18  59 11
  29  26  16  26  13  16  39  22   7  59 11
  29  26  16  26  24   5  39  11  18  59 11
  29  29   0  29  43  24  26  24  24  48 12
  29  29   0  29  43  26  22  26  24  48 12
  29  29   0  29  45  22  26  22  26  48 12
  29  29   0  29  45  24  22  24  26  48 12
  29  29   0  48  24   5  45  24  24  48 12
  29  29   0  48  26   3  45  22  26  48 12
  30   3  42  23  23  22  22   8  23  57 11
  30   8  30   0  42  18  21  21   9  51 10
  30   8  30   0  42  20  19  19  11  51 10
  30  15  15  29   1  40  18  22   8  52 10
  30  17  17  23  23  17  17  13  17  56 10
  30  17  23  17  17  23  17  13  17  56 10
  30  19  19  11  19  32   6  24  30  40 10
  30  19  19  22   8  30  11  19  22  50 10
  30  20  10  29  19  20  11  19  20  52 10
  30  20  19  19  12  19  19  32   6  54 10
  30  20  19  20  19  11  20  19  20  52 10
  30  20  20  17  17  20  20  13  17  56 10
  30  25  21  21  13  33   9  21  25  55 11
  30  29  26  29  29  26   4  48   7  71 13
  30  29  29  29   1  29  48  26  26  52 13
  30  30   0  47  25  22  13  37  10  62 12
  31   0  44  24  22  21  10  22  35  44 11
  31   0  45  21  24  21  10  35  10  56 11
  31   0  46  20  11  34  12  33  20  46 11
  31   0  46  20  11  34  23  22   9  57 11
  31   0  46  21  10  34  23  21  10  57 11
  31   0  46  21  21  23  23  10  21  57 11
  31   0  46  22   9  34  12  31  22  46 11
  31   1  44  22  22   9  36  22   9  57 11
  31   1  45  21  21  10  36  22   9  57 11
  31   2  42  23  23  21  23   8  23  57 11
  31  23  22   9  36  22   9  23  22  56 11
  31  23  23   8  23  23  34  22   9  57 11
  31  23  23   8  23  35  22   9  23  56 11
  31  30  30  24   7  47  13  39   9  69 13
  31  31   0  52  10  42  29  26  26  52 13
  31  31   0  52  10  45  23  29  26  52 13
  31  31   0  52  26  29   7  45  26  52 13
  31  31   0  52  29  26   7  42  29  52 13
  31  31   0  55   7  42  29  26  23  55 13
  31  31   0  55   7  45  23  29  23  55 13
  32   0  43   0  46  20  23  23  20  46 11
  32  11  32   0  46  20  23  23   9  57 11
  32  11  32   0  46  22  21  21  11  57 11
  32  16  16  32   0  44  22  25  22  44 11
  32  16  16  32   0  44  25  19  25  44 11
  32  16  16  32   0  47  19  25  19  47 11
  32  16  16  32   0  47  22  19  22  47 11
  32  23   9  23  32   0  44  23  23  44 11
  32  23   9  23  32   0  46  21  21  46 11
  32  23  16  16  23  32   0  44  23  44 11
  32  23  16  16  23  32   0  45  21  45 11
  32  25   7  52  27  25  27   5  47  52 13
  32  25   7  53  25  27   5  47  25  53 13
  32  25   7  53  26  25  27   5  46  53 13
  32  32   0  52  20  32  27   5  47  52 13
  32  32   0  52  27  26  11  27  40  52 13
  32  32   0  53  11  41  12  40  25  53 13
  32  32   0  53  19  32  27   5  46  53 13
  33   7  33   0  44  22  24  24  22  44 11
  33   7  33   0  44  26  20  20  26  44 11
  33   7  33   0  48  18  24  24  18  48 11
  33   7  33   0  48  22  20  20  22  48 11
  33   9  33   0  33  33  23  23  22  44 11
  33   9  33   0  33  35  21  21  24  44 11
  33   9  35   9  33   0  44  23  23  44 11
  33   9  35   9  33   0  46  21  21  46 11
  33  10  28  28  10  33   0  44  23  44 11
  33  10  28  28  10  33   0  45  21  45 11
  33  18  15  31   5  41  18  26   7  59 11
  33  18  15  31  18  28   5  39   7  59 11
  33  18  23  23  10  36   5  39   7  59 11
  33  19  19  19  14  19  42  22  22  44 11
  33  20  13  20  33   0  44  23  23  44 11
  33  20  13  20  33   0  46  21  21  46 11
  33  20  13  32   8  37  20  13  20  57 11
  33  20  13  32  20  25   8  25  20  57 11
  33  20  20  20  13  20  39  22  11  55 11
  33  21  21  12  21  35   7  37  10  56 11
  33  21  21  21  12  30  12  21  38  44 11
  33  21  21  21  21  12  21  21  38  44 11
  33  22  11  31  20  22  22  11  22  59 11
  33  22  19  19  22  22  11  22  39  44 11
  33  22  20  13  29  20  13  37   5  61 11
  33  22  20  20  15  27  13  20  39  44 11
  33  22  20  20  22  13  20  37   5  61 11
  33  22  20  22  20  13  31  11  22  59 11
  33  22  20  22  20  22  13  20  22  59 11
  33  22  21  12  31  22  11  22  22  57 11
  33  23  35  23  23  10  48  26   7  71 13
  33  25  25  25  24   9  25  25  25  60 12
  33  26  26  29   4  51  26  26   7  71 13
  33  28  28  28   5  28  45  26  13  65 13
  33  28  28  28   5  47   9  28  41  52 13
  33  28  31  31  31  28  28   5  31  76 14
  33  37  25  25  25  37   8  25  51  56 14
  34   0  49  25  24  10  24  36  25  49 12
  34  26   8  39  13  21  39  24  10  62 12
  34  26   8  39  25   9  39  12  22  62 12
  35   0  35  43  26  28  28  26  26  52 13
  35   0  35  43  30  24  24  30  26  52 13
  35   0  35  47  22  28  28  22  30  52 13
  35   0  35  47  26  24  24  26  30  52 13
  35   0  50  32  22  28  28   7  45  52 13
  35   0  50  32  26  24  24  11  45  52 13
  35   0  52  26   9  45  28  26  26  52 13
  35   0  52  28  24  28  28   7  45  52 13
  35   0  52  28  28  24  24  11  45  52 13
  35   0  52  30   5  45  28  22  30  52 13
  35   4  50  27  27  26   9  43  11  67 13
  35   5  30  54  30  27  27  30  28  56 14
  35   5  30  56  26  29  29  26  30  56 14
  35   5  30  56  28  27  27  28  30  56 14
  35  24  32  24  11  24  45  26   9  69 13
  35  26   9  45  28  26  26   9  26  69 13
  35  26  26  28  28  26   9  26  26  69 13
  35  26  28   7  47  26   9  26  43  52 13
  35  26  28  26   9  45  26   9  26  69 13
  35  27   8  52  32  28  27  29   6  78 14
  35  33   2  55  29  28  28  12  28  72 14
  35  35   0  52  32  20  35  29   6  78 14
  36  21  25  25  25  11  25  21  25  62 12
  36  22  14  35   9  40   9  39  10  62 12
  36  25  31  31  31  25  31   5  31  76 14
  36  27  27  27   9  43  11  27  27  65 13
  36  31  31  19  31  31  31   5  31  76 14
  36  35  35  35  35  32   4  60  10  86 16
  37   0  37  41  28  25  12  41  26  52 13
  37   0  37  43  24  27  27  24  15  65 13
  37   0  37  43  26  25  12  39  28  52 13
  37   0  37  43  26  25  25  26  15  65 13
  37   0  51  29  24  27  27  10  29  65 13
  37   0  51  29  26  25  12  25  42  52 13
  37   0  51  29  26  25  25  12  29  65 13
  37   0  52   0  52  26  27  27  26  52 13
  37   0  52   0  52  27  26  26  27  52 13
  37   0  52  27  27  25  12  25  42  52 13
  37   0  52  28   9  42  27  11  41  52 13
  37   0  54  23  29  25  14  23  40  54 13
  37   0  54  23  29  25  25  12  29  65 13
  37   0  54  25  25  12  42  25  12  67 13
  37   4  60  30  34  28   9  53  30  60 15
  37   4  60  34  30  28   9  49  34  60 15
  37  21  21  37   0  53  26  25  12  67 13
  37  31   6  57  33  30  31  30   7  83 15
  37  31   6  57  34  29  31  29   8  83 15
  37  37   0  57  33  24  37  30   7  83 15
  37  37   0  57  34  23  37  29   8  83 15
  37  37   0  60  14  47  13  47  30  60 15
  37  37   0  60  31  29  31  14  29  77 15
  38   0  51  27  27  24  27  11  27  67 13
  38  20  20  38   0  53  25  27  11  67 13
  38  30  30  27  11  46  14  27  27  72 14
  38 171  87  87  87  87  35 139  35 223 43
  39   0  50  27  27  23  27  12  27  67 13
  39  24  24  24  15  43   5  47  11  67 13
  39  25  25  14  25  25  25  43  26  52 13
  39  25  25  25  14  41   9  30  25  66 13
  39  26  23  23  26  23  16  45   4  74 13
  39  26  24  24  17  31  17  43   5  73 13
  39  26  24  24  24  17  24  43   5  73 13
  39  26  24  24  26  26  13  26  26  69 13
  39  26  25  14  37  25  14  26  25  68 13
  39  26  25  25  26  14  25  26  25  68 13
  39  29  29  29  10  29  45  13  29  70 14
  39  32  30  32  32  30   9  32  30  79 15
  39  32  32  32   7  32  32  49  30  60 15
  39  37  37  37  37  34   5  37  60  68 17
  40   0  40  46  26  29  29  11  45  56 14
  40   0  40  46  28  27  27  13  45  56 14
  40   0  57  27  30  10  30  44  27  57 14
  40   0  57  27  30  27  13  27  44  57 14
  40  27  31  27  13  27  45  13  27  72 14
  40  28  29  11  46  28  12  28  29  71 14
  40  29  29  11  29  43  29  11  29  72 14
  40  31  31  31  31  31   9  31  31  79 15
  40  38   2  63  33  32  13  51  14  82 16
  41   0  60  30  30  32   9  53  30  60 15
  41   0  60  34  26  32   9  49  34  60 15
  41   0  64  24  32  32  32   9  47  64 15
  41   0  64  24  36  28  28  13  47  64 15
  41   2  60  32  30  29  12  32  47  60 15
  41  30  11  51   9  53  30  30  11  79 15
  41  30  30  32   9  53  30  11  30  79 15
  42   7  35  67  34  35  35  34  34  68 17
  42   7  35  68  33  35  35  33  35  68 17
  42   7  35  68  35  33  33  35  35  68 17
  42  25  30  12  43  30  12  30  25  73 14
  42  28  25  25  25  28  17  25  51  56 14
  42  28  27  27  16  39  15  27  28  73 14
  42  31  31  31  11  31  31  47  15  75 15
  42  42   0  68  16  52  35  34  15  87 17
  43   0  43  47  30  31  31  30  13  77 15
  43   0  43  48  29  31  31  29  14  77 15
  43   0  60  31  12  48  31  12  48  60 15
  43   0  60  31  29  31  31  12  31  77 15
  43   0  60  31  31  29  29  14  31  77 15
  43   0  60  32  28  31  12  32  47  60 15
  43   0  62  27  16  46  31  12  46  62 15
  43   0  62  27  31  31  31  12  31  77 15
  43   0  62  28  15  46  29  32  11  79 15
  43   0  62  28  28  33  16  45  11  79 15
  43   4  68  34  34  36  36  34   9  93 17
  43   4  72  30  30  40  36  34   9  93 17
  43  30  13  48  31  30  13  30  30  77 15
  43  32  11  48  16  43  32  11  32  77 15
  43  32  27  32  16  27  48  11  32  77 15
  43  33  33  33  10  56  10  54  12  84 16
  45   0  64   1  64  32  33  33  32  64 16
  45  26  26  36   9  53  26  19  26  79 15
  45  28  28  28  17  28  28  53  30  60 15
  45  29  29  29  16  42  29  16  29  81 15
  45  29  29  29  29  16  42  16  29  81 15
  45  29  29  29  29  29  16  29  29  81 15
  45  30  28  28  30  28  17  30  28  81 15
  45  33  33  33  12  33  33  33  49  64 16
  45  34  36  36  36  34  11  34  36  89 17
  45  36   9  61  36  34  11  57  13  89 17
  45  41  41  41  41   4  41  69  38  76 19
  45  43   2  71  15  58  36  36  16  92 18
  46   0  63  35  11  52  33  13  51  64 16
  47   0  64  38  38  32  32  38   9  93 17
  47   0  72  30  30  40  32  38   9  93 17
  47   2  70  32  15  54  35  34  13  89 17
  47   8  39  77  36  39  39  36  39  77 19
  48  23  35  35  35  23  35  13  35  86 16
  48  30  30  35  13  52  13  35  30  82 16
  48  31  31  31  17  31  51  11  37  80 16
  48  32  29  29  29  29  22  54   4  92 16
  48  32  31  31  18  44  18  31  31  84 16
  48  32  31  31  31  18  31  31  31  84 16
  49   0  49  53  36  33  33  36  13  89 17
  49   0  66  36  36  33  16  53  13  89 17
  49   0  68  34  15  54  14  55  34  68 17
  49   0  68  35  33  35  14  35  54  68 17
  49   0  68  36  13  54  14  53  36  68 17
  49  10  39  82  39  39  42  39  39  82 20
  49  34  15  54  14  55  34  15  34  87 17
  49  40  40  40  40  38  11  40  40  99 19
  49  40  49   0  82  40  39  10  69  82 20
  50  26  24  52   0  69  33  35  15  87 17
  51  31  31  31  31  20  31  63  34  68 17
  51  34  32  32  32  34  19  32  34  91 17
  52  29  23  57   1  72  36  36  16  92 18
  53  42  11  63  32  42  42  11  42  99 19
  53  42  32  42  32  21  63  11  42  99 19
  53  46  53   0  88  46  43  10  79  88 22
  54  10  44  88  44  45  44  45  44  88 22
  54  39  15  62  39  38  16  39  38  97 19
  55   0  76  38  38  39  16  61  15  99 19
  55  44  44  44  44  11  44  71  17 109 21
  56   0  80   2  79  41  41  41  40  80 20
  56   0  82   0  79  41  41  41  38  82 20
  57   0  74  37  37  42  15  61  13 101 19
  57  38  36  36  36  36  23  36  36 103 19
  57  43  43  43  14  72  43  14  43 111 21
  57  43  43  43  43  14  72  14  43 111 21
  58   0  78  42  42  39  39  19  39 104 20
  59   2  84  41  45  41  18  41  68  84 21
  59  11  48  98  48  47  47  48  48  98 24
  59  59   0  97  49  48  46  24  48 122 24
  60  39  39  39  21  39  39  39  65  80 20
  60  53  53  53  53  53   7  93  13 137 25
  61   0  83  45  38  45  16  45  66  84 21
  62   0  90  45  45  42  20  67  23 112 22
  63  41  41  41  22  41  41  67  15 111 21
  63  55  55  55  55  55   8  55  93 104 26
  64   0  86   0  92  43  43  43  43  92 22
  64  64   0 105  51  54  23  81  24 132 26
  64  64   0 105  53  52  23  79  26 132 26
  65   2  63  75  46  47  47  46  19 119 23
  66  40  45  45  21  69  16  50  40 114 22
  66  43  33  33  43  66   0  88  46  88 22
  66  43  33  33  43  66   0  90  42  90 22
  67  36  31  72   0  93  46  45  22 117 23
  68  49  49  49  49  19  49  49  49 122 24
  69  44  44  44  25  44  63  58  11 127 23
  69  44  44  44  25  63  25  77  11 127 23
  69  44  44  44  44  25  44  77  11 127 23
  69  69   0 113  25  88  54  58  26 142 28
  72  57  15 109  65  59  57  59  13 161 29
  72  57  15 109  66  58  57  58  14 161 29
  75  32  62  47  47  62  13  87   7 143 25
  75  38  53  53  38  68   7  93  13 137 25
  75  38  58  48  48  58  17  58  38 137 25
  75  42  52  52  42  62  13  62  42 133 25
  75  47  47  47  47  47  28  87   7 143 25
  76  15  61 124  65  61  61  61  65 124 31
  76  15  61 127  62  61  61  61  62 127 31
  79   0 110  51  51  59  51  28  51 141 27
  79   0 113   0 113  55  58  58  55 113 28
  79   6 114  60  60  57  22  95  25 149 29
  81  81  81   0  81 129  71  71  70 140 35
  81  81  81   0  81 131  69  69  72 140 35
  83  64  64  64  19 109  62  21  64 163 31
  84  55  29  81  55  55  29  55  55 146 28
  84  55  55  29  81  55  29  55  55 146 28
  84  55  55  55  29  55  81  29  55 146 28
  84  55  55  55  29  81  29  55  55 146 28
  84  55  55  55  55  29  55  55  55 146 28
  84  71  71  71  71  71  71  13  71 188 34
  86  43  43  86   0 119  58  28  85 119 29
  86  43  43  86   0 119  58  55  31 146 29
  87   4 122  63  63  63  63  24  63 161 31
  89  68  68  68  21 115  21  68 109 132 33
  90   0 128   2 128  65  65  65  65 128 32
  91  16  75 147  75  75  75  75  74 148 37
  96  61  61  61  61  61  61  35  61 178 32
 104  52  52 104   0 104 106  73  70 140 35
 104  52  52 104   0 104 109  67  73 140 35
 104  52  52 104   0 140  73  31 109 140 35
 104  52  52 104   0 143  67  73  31 179 35
 106  75  31 119  75  75  31  75  75 189 37
 106  75  75  31 119  75  31  75  75 189 37
 106  75  75  75  31 119  31  75  75 189 37
 117  88  88  88  29  88 147  86  31 227 43
 128  64  64 128   0 175  81  91  37 221 43
 130  25 105 217 105 105 105 105 105 217 53
 140  25 115 228 115 115 115 115 115 228 57
 144 101 101 101  43 101 159  43 101 256 50
 158   0 226   0 226 113 113 113 113 226 56
 227   0 318 159 159 159 159  68 159 409 79

0 extreme rays of recession cone:

50 support hyperplanes of polyhedron (homogenized):
 -9  2  2  2  2  2  2  2  2  2 -13
 -8 -8  3  3  3  3  3  3  3  3 -14
 -7 -7 -7  4  4  4  4  4  4  4 -15
 -6 -6 -6 -6  5  5  5  5  5  5 -16
 -5 -5 -5 -5 -5  6  6  6  6  6 -17
 -4 -4 -4 -4 -4 -4  7  7  7  7 -18
 -3 -3 -3 -3 -3 -3 -3  8  8  8 -19
 -2 -2 -2 -2 -2 -2 -2 -2  9  9 -20
 -1 -1 -1 -1 -1 -1 -1 -1 -1 10 -21
 -1 -1 -1 -1  1  1  1  1  1  0   0
 -1 -1 -1  0  0  1  1  1  1  0   0
 -1 -1 -1  0  1  1  1  1  0  0   0
 -1 -1 -1  1  1  1  1  0  0  0   0
 -1 -1  0  0  0  0  1  1  1  0   0
 -1 -1  0  0  0  1  1  1  0  0   0
 -1 -1  0  0  1  1  1  0  0  0   0
 -1 -1  0  1  1  1  0  0  0  0   0
 -1 -1  1  1  1  0  0  0  0  0   0
 -1  0  0  0  0  0  0  1  1  0   0
 -1  0  0  0  0  0  1  1  0  0   0
 -1  0  0  0  0  1  1  0  0  0   0
 -1  0  0  0  1  1  0  0  0  0   0
 -1  0  0  1  1  0  0  0  0  0   0
 -1  0  1  1  0  0  0  0  0  0   0
 -1  1  1  0  0  0  0  0  0  0   0
  0 -1 -1 -1 -1  0  1  1  1  1   0
  0 -1 -1 -1  0  0  0  1  1  1   0
  0 -1 -1  0  0  0  0  0  1  1   0
  0 -1  0  0  0  0  0  0  0  1   0
  0  0 -1 -1 -1 -1  1  1  1  1   0
  0  0 -1 -1 -1  0  0  1  1  1   0
  0  0 -1 -1  0  0  0  0  1  1   0
  0  0 -1  0  0  0  0  0  0  1   0
  0  0  0 -1 -1 -1  0  1  1  1   0
  0  0  0 -1 -1  0  0  0  1  1   0
  0  0  0 -1  0  0  0  0  0  1   0
  0  0  0  0 -1 -1 -1  1  1  1   0
  0  0  0  0 -1 -1  0  0  1  1   0
  0  0  0  0 -1  0  0  0  0  1   0
  0  0  0  0  0 -1 -1  0  1  1   0
  0  0  0  0  0 -1  0  0  0  1   0
  0  0  0  0  0  0 -1 -1  1  1   0
  0  0  0  0  0  0 -1  0  0  1   0
  0  0  0  0  0  0  0 -1  0  1   0
  0  0  0  0  0  0  1  0  0  0   0
  0  0  0  0  0  1  0  0  0  0   0
  0  0  0  0  1  0  0  0  0  0   0
  0  0  0  1  0  0  0  0  0  0   0
  0  0  1  0  0  0  0  0  0  0   0
  0  1  0  0  0  0  0  0  0  0   0

2 equations:
 1 0 -1 -2 -3 -4 -5 -6 -7 -8   90
 0 1  2  3  4  5  6  7  8  9 -113

9 basis elements of generated  lattice:
 1 0 0 0 0 0 0 0 -9   8 0
 0 1 0 0 0 0 0 0 -8   7 0
 0 0 1 0 0 0 0 0 -7   6 0
 0 0 0 1 0 0 0 0 -6   5 0
 0 0 0 0 1 0 0 0 -5   4 0
 0 0 0 0 0 1 0 0 -4   3 0
 0 0 0 0 0 0 1 0 -3   2 0
 0 0 0 0 0 0 0 1 -2   1 0
 0 0 0 0 0 0 0 0 94 -71 1

