16 lattice points in polytope (module generators)
0 Hilbert basis elements of recession monoid
6 vertices of polyhedron
0 extreme rays of recession cone
6 support hyperplanes of polyhedron (homogenized)

embedding dimension = 5
affine dimension of the polyhedron = 2
rank of recession monoid = 0 (polyhedron is polytope)

dehomogenization:
0 0 0 0 1 


module rank = 16

***********************************************************************

16 lattice points in polytope (module generators):
 2 6 6  7 1
 2 7 4  8 1
 2 8 2  9 1
 3 4 7  7 1
 3 5 5  8 1
 3 6 3  9 1
 3 7 1 10 1
 4 3 6  8 1
 4 4 4  9 1
 4 5 2 10 1
 4 6 0 11 1
 5 1 7  8 1
 5 2 5  9 1
 5 3 3 10 1
 5 4 1 11 1
 6 0 6  9 1

0 Hilbert basis elements of recession monoid:

6 vertices of polyhedron:
  3 13 13 13 2
  3 18  3 18 2
  6  0  6  9 1
  6 15  0 21 2
 24 24  0 57 5
 27  0 39 39 5

0 extreme rays of recession cone:

6 support hyperplanes of polyhedron (homogenized):
 -1 -1  1 1 0
 -1  1  1 0 0
  0 -1  0 1 0
  0  0 -1 1 0
  0  0  1 0 0
  0  1  0 0 0

2 equations:
 1 0 -1 -2  18
 0 1  2  3 -39

3 basis elements of generated  lattice:
 1 0 -3  2 0
 0 1 -2  1 0
 0 0 24 -3 1

