57 lattice points in polytope (module generators)
0 Hilbert basis elements of recession monoid
114 vertices of polyhedron
0 extreme rays of recession cone
36 support hyperplanes of polyhedron (homogenized)

embedding dimension = 13
affine dimension of the polyhedron = 10
rank of recession monoid = 0 (polyhedron is polytope)

dehomogenization:
0 0 0 0 0 0 0 0 0 0 0 0 1 


module rank = 57

***********************************************************************

57 lattice points in polytope (module generators):
 3 5 3 3 3 3 3 3 3 3 3 5 1
 4 3 4 3 3 3 3 3 3 3 3 5 1
 4 4 2 4 3 3 3 3 3 3 3 5 1
 4 4 3 2 4 3 3 3 3 3 3 5 1
 4 4 3 3 2 4 3 3 3 3 3 5 1
 4 4 3 3 3 2 4 3 3 3 3 5 1
 4 4 3 3 3 3 2 4 3 3 3 5 1
 4 4 3 3 3 3 3 2 4 3 3 5 1
 4 4 3 3 3 3 3 3 2 4 3 5 1
 4 4 3 3 3 3 3 3 3 2 4 5 1
 4 4 3 3 3 3 3 3 3 3 2 6 1
 5 1 5 3 3 3 3 3 3 3 3 5 1
 5 2 3 4 3 3 3 3 3 3 3 5 1
 5 2 4 2 4 3 3 3 3 3 3 5 1
 5 2 4 3 2 4 3 3 3 3 3 5 1
 5 2 4 3 3 2 4 3 3 3 3 5 1
 5 2 4 3 3 3 2 4 3 3 3 5 1
 5 2 4 3 3 3 3 2 4 3 3 5 1
 5 2 4 3 3 3 3 3 2 4 3 5 1
 5 2 4 3 3 3 3 3 3 2 4 5 1
 5 2 4 3 3 3 3 3 3 3 2 6 1
 5 3 2 3 4 3 3 3 3 3 3 5 1
 5 3 2 4 2 4 3 3 3 3 3 5 1
 5 3 2 4 3 2 4 3 3 3 3 5 1
 5 3 2 4 3 3 2 4 3 3 3 5 1
 5 3 2 4 3 3 3 2 4 3 3 5 1
 5 3 2 4 3 3 3 3 2 4 3 5 1
 5 3 2 4 3 3 3 3 3 2 4 5 1
 5 3 2 4 3 3 3 3 3 3 2 6 1
 5 3 3 2 3 4 3 3 3 3 3 5 1
 5 3 3 2 4 2 4 3 3 3 3 5 1
 5 3 3 2 4 3 2 4 3 3 3 5 1
 5 3 3 2 4 3 3 2 4 3 3 5 1
 5 3 3 2 4 3 3 3 2 4 3 5 1
 5 3 3 2 4 3 3 3 3 2 4 5 1
 5 3 3 2 4 3 3 3 3 3 2 6 1
 5 3 3 3 2 3 4 3 3 3 3 5 1
 5 3 3 3 2 4 2 4 3 3 3 5 1
 5 3 3 3 2 4 3 2 4 3 3 5 1
 5 3 3 3 2 4 3 3 2 4 3 5 1
 5 3 3 3 2 4 3 3 3 2 4 5 1
 5 3 3 3 2 4 3 3 3 3 2 6 1
 5 3 3 3 3 2 3 4 3 3 3 5 1
 5 3 3 3 3 2 4 2 4 3 3 5 1
 5 3 3 3 3 2 4 3 2 4 3 5 1
 5 3 3 3 3 2 4 3 3 2 4 5 1
 5 3 3 3 3 2 4 3 3 3 2 6 1
 5 3 3 3 3 3 2 3 4 3 3 5 1
 5 3 3 3 3 3 2 4 2 4 3 5 1
 5 3 3 3 3 3 2 4 3 2 4 5 1
 5 3 3 3 3 3 2 4 3 3 2 6 1
 5 3 3 3 3 3 3 2 3 4 3 5 1
 5 3 3 3 3 3 3 2 4 2 4 5 1
 5 3 3 3 3 3 3 2 4 3 2 6 1
 5 3 3 3 3 3 3 3 2 3 4 5 1
 5 3 3 3 3 3 3 3 2 4 2 6 1
 5 3 3 3 3 3 3 3 3 2 3 6 1

0 Hilbert basis elements of recession monoid:

114 vertices of polyhedron:
  3  5  3  3  3  3  3  3  3  3  3  5  1
  4  4  3  3  2  4  3  3  3  3  3  5  1
  4  4  3  3  3  2  4  3  3  3  3  5  1
  4  4  3  3  3  3  2  4  3  3  3  5  1
  4  4  3  3  3  3  3  2  4  3  3  5  1
  4  4  3  3  3  3  3  3  2  4  3  5  1
  4  4  3  3  3  3  3  3  3  2  4  5  1
  4  4  3  3  3  3  3  3  3  3  2  6  1
  5  1  5  3  3  3  3  3  3  3  3  5  1
  5  2  3  4  3  3  3  3  3  3  3  5  1
  5  2  4  3  2  4  3  3  3  3  3  5  1
  5  2  4  3  3  2  4  3  3  3  3  5  1
  5  2  4  3  3  3  2  4  3  3  3  5  1
  5  2  4  3  3  3  3  2  4  3  3  5  1
  5  2  4  3  3  3  3  3  2  4  3  5  1
  5  2  4  3  3  3  3  3  3  2  4  5  1
  5  2  4  3  3  3  3  3  3  3  2  6  1
  5  3  2  3  4  3  3  3  3  3  3  5  1
  5  3  2  4  2  4  3  3  3  3  3  5  1
  5  3  2  4  3  2  4  3  3  3  3  5  1
  5  3  2  4  3  3  2  4  3  3  3  5  1
  5  3  2  4  3  3  3  2  4  3  3  5  1
  5  3  2  4  3  3  3  3  2  4  3  5  1
  5  3  2  4  3  3  3  3  3  2  4  5  1
  5  3  2  4  3  3  3  3  3  3  2  6  1
  5  3  3  2  3  4  3  3  3  3  3  5  1
  5  3  3  2  4  2  4  3  3  3  3  5  1
  5  3  3  2  4  3  2  4  3  3  3  5  1
  5  3  3  2  4  3  3  2  4  3  3  5  1
  5  3  3  2  4  3  3  3  2  4  3  5  1
  5  3  3  2  4  3  3  3  3  2  4  5  1
  5  3  3  2  4  3  3  3  3  3  2  6  1
  5  3  3  3  2  3  4  3  3  3  3  5  1
  5  3  3  3  2  4  2  4  3  3  3  5  1
  5  3  3  3  2  4  3  2  4  3  3  5  1
  5  3  3  3  2  4  3  3  2  4  3  5  1
  5  3  3  3  2  4  3  3  3  2  4  5  1
  5  3  3  3  2  4  3  3  3  3  2  6  1
  5  3  3  3  3  2  3  4  3  3  3  5  1
  5  3  3  3  3  2  4  2  4  3  3  5  1
  5  3  3  3  3  2  4  3  2  4  3  5  1
  5  3  3  3  3  2  4  3  3  2  4  5  1
  5  3  3  3  3  2  4  3  3  3  2  6  1
  5  3  3  3  3  3  2  3  4  3  3  5  1
  5  3  3  3  3  3  2  4  2  4  3  5  1
  5  3  3  3  3  3  2  4  3  2  4  5  1
  5  3  3  3  3  3  2  4  3  3  2  6  1
  5  3  3  3  3  3  3  2  3  4  3  5  1
  5  3  3  3  3  3  3  2  4  2  4  5  1
  5  3  3  3  3  3  3  2  4  3  2  6  1
  5  3  3  3  3  3  3  3  2  3  4  5  1
  5  3  3  3  3  3  3  3  2  4  2  6  1
  5  3  3  3  3  3  3  3  3  2  3  6  1
  9  7  6  3  9  6  6  6  6  6  6 10  2
 10  5  7  3  9  6  6  6  6  6  6 10  2
 14  9 10  9  9  5 13  9  9  9  9 15  3
 14 10  4 14  9  9  9  9  9  9  9 15  3
 14 10  8 10  9  5 13  9  9  9  9 15  3
 15  8 10  8 10  5 13  9  9  9  9 15  3
 15  9  8  9 10  5 13  9  9  9  9 15  3
 19 12 12 13 12 12 12  7 17 12 12 20  4
 19 12 13 11 13 12 12  7 17 12 12 20  4
 19 13 11 13 11 13 12  7 17 12 12 20  4
 19 13 12 11 12 13 12  7 17 12 12 20  4
 20 11 12 13 12 11 13  7 17 12 12 20  4
 20 11 13 11 13 11 13  7 17 12 12 20  4
 20 12 11 13 11 12 13  7 17 12 12 20  4
 20 12 12 11 12 12 13  7 17 12 12 20  4
 23 16 16 15  8 22 15 15 15 15 15 25  5
 24 15 15 15 16 15 15 15 15  9 21 25  5
 24 15 15 16 14 16 15 15 15  9 21 25  5
 24 15 16 14 16 14 16 15 15  9 21 25  5
 24 15 16 15 14 15 16 15 15  9 21 25  5
 24 16 14 15 16 15 14 16 15  9 21 25  5
 24 16 14 16 14 16 14 16 15  9 21 25  5
 24 16 15 14 16 14 15 16 15  9 21 25  5
 24 16 15 15 14 15 15 16 15  9 21 25  5
 25 14 14 17  8 22 15 15 15 15 15 25  5
 25 14 15 15 16 15 15 14 16  9 21 25  5
 25 14 15 16 14 16 15 14 16  9 21 25  5
 25 14 16 14 16 14 16 14 16  9 21 25  5
 25 14 16 15 14 15 16 14 16  9 21 25  5
 25 15 14 15 16 15 14 15 16  9 21 25  5
 25 15 14 16 14 16 14 15 16  9 21 25  5
 25 15 15 14 16 14 15 15 16  9 21 25  5
 25 15 15 15 14 15 15 15 16  9 21 25  5
 33 21 22 22 21 21 12 30 21 21 21 35  7
 33 23 20 20 23 21 12 30 21 21 21 35  7
 35 19 22 22 19 23 12 30 21 21 21 35  7
 35 21 20 20 21 23 12 30 21 21 21 35  7
 43 27 27 28 28 27 27 27 16 38 27 45  9
 43 27 29 26 26 29 27 27 16 38 27 45  9
 43 29 25 28 28 25 29 27 16 38 27 45  9
 43 29 27 26 26 27 29 27 16 38 27 45  9
 45 25 27 28 28 27 25 29 16 38 27 45  9
 45 25 29 26 26 29 25 29 16 38 27 45  9
 45 27 25 28 28 25 27 29 16 38 27 45  9
 45 27 27 26 26 27 27 29 16 38 27 45  9
 53 33 33 33 34 34 33 33 33 33 20 68 11
 53 33 33 35 32 32 35 33 33 33 20 68 11
 53 33 35 31 34 34 31 35 33 33 20 68 11
 53 33 35 33 32 32 33 35 33 33 20 68 11
 53 35 31 33 34 34 33 31 35 33 20 68 11
 53 35 31 35 32 32 35 31 35 33 20 68 11
 53 35 33 31 34 34 31 33 35 33 20 68 11
 53 35 33 33 32 32 33 33 35 33 20 68 11
 55 31 33 33 34 34 33 33 31 35 20 68 11
 55 31 33 35 32 32 35 33 31 35 20 68 11
 55 31 35 31 34 34 31 35 31 35 20 68 11
 55 31 35 33 32 32 33 35 31 35 20 68 11
 55 33 31 33 34 34 33 31 33 35 20 68 11
 55 33 31 35 32 32 35 31 33 35 20 68 11
 55 33 33 31 34 34 31 33 33 35 20 68 11
 55 33 33 33 32 32 33 33 33 35 20 68 11

0 extreme rays of recession cone:

36 support hyperplanes of polyhedron (homogenized):
 -11   2  2  2  2  2  2  2  2  2  2  2 -15
 -10 -10  3  3  3  3  3  3  3  3  3  3 -16
  -9  -9 -9  4  4  4  4  4  4  4  4  4 -17
  -8  -8 -8 -8  5  5  5  5  5  5  5  5 -18
  -7  -7 -7 -7 -7  6  6  6  6  6  6  6 -19
  -6  -6 -6 -6 -6 -6  7  7  7  7  7  7 -20
  -5  -5 -5 -5 -5 -5 -5  8  8  8  8  8 -21
  -4  -4 -4 -4 -4 -4 -4 -4  9  9  9  9 -22
  -3  -3 -3 -3 -3 -3 -3 -3 -3 10 10 10 -23
  -2  -2 -2 -2 -2 -2 -2 -2 -2 -2 11 11 -24
  -1  -1 -1 -1 -1 -1 -1 -1 -1 -1 -1 12 -25
  -1  -1 -1 -1 -1  1  1  1  1  1  1  0   0
  -1  -1 -1 -1  0  0  1  1  1  1  1  0   0
  -1  -1 -1 -1  0  1  1  1  1  1  0  0   0
  -1  -1 -1 -1  1  1  1  1  1  0  0  0   0
  -1  -1 -1  0  0  0  0  1  1  1  1  0   0
  -1  -1 -1  0  0  0  1  1  1  1  0  0   0
  -1  -1 -1  0  0  1  1  1  1  0  0  0   0
  -1  -1 -1  0  1  1  1  1  0  0  0  0   0
  -1  -1 -1  1  1  1  1  0  0  0  0  0   0
  -1  -1  0  0  0  0  0  0  1  1  1  0   0
  -1  -1  0  0  0  0  0  1  1  1  0  0   0
  -1  -1  0  0  0  0  1  1  1  0  0  0   0
  -1  -1  0  0  0  1  1  1  0  0  0  0   0
  -1  -1  0  0  1  1  1  0  0  0  0  0   0
  -1  -1  0  1  1  1  0  0  0  0  0  0   0
  -1  -1  1  1  1  0  0  0  0  0  0  0   0
  -1   0  0  0  0  0  0  0  0  1  1  0   0
  -1   0  0  0  0  0  0  0  1  1  0  0   0
  -1   0  0  0  0  0  0  1  1  0  0  0   0
  -1   0  0  0  0  0  1  1  0  0  0  0   0
  -1   0  0  0  0  1  1  0  0  0  0  0   0
  -1   0  0  0  1  1  0  0  0  0  0  0   0
  -1   0  0  1  1  0  0  0  0  0  0  0   0
  -1   0  1  1  0  0  0  0  0  0  0  0   0
  -1   1  1  0  0  0  0  0  0  0  0  0   0

2 equations:
 1 0 -1 -2 -3 -4 -5 -6 -7 -8 -9 -10  182
 0 1  2  3  4  5  6  7  8  9 10  11 -222

11 basis elements of generated  lattice:
 1 0 0 0 0 0 0 0 0 0 -11   10 0
 0 1 0 0 0 0 0 0 0 0 -10    9 0
 0 0 1 0 0 0 0 0 0 0  -9    8 0
 0 0 0 1 0 0 0 0 0 0  -8    7 0
 0 0 0 0 1 0 0 0 0 0  -7    6 0
 0 0 0 0 0 1 0 0 0 0  -6    5 0
 0 0 0 0 0 0 1 0 0 0  -5    4 0
 0 0 0 0 0 0 0 1 0 0  -4    3 0
 0 0 0 0 0 0 0 0 1 0  -3    2 0
 0 0 0 0 0 0 0 0 0 1  -2    1 0
 0 0 0 0 0 0 0 0 0 0 218 -178 1

