6 lattice points in polytope (module generators)
0 Hilbert basis elements of recession monoid
2 vertices of polyhedron
0 extreme rays of recession cone
2 support hyperplanes of polyhedron (homogenized)

embedding dimension = 4
affine dimension of the polyhedron = 1
rank of recession monoid = 0 (polyhedron is polytope)

dehomogenization:
0 0 0 1 


module rank = 6

***********************************************************************

6 lattice points in polytope (module generators):
  5 10 10 1
  6  8 11 1
  7  6 12 1
  8  4 13 1
  9  2 14 1
 10  0 15 1

0 Hilbert basis elements of recession monoid:

2 vertices of polyhedron:
  5 10 10 1
 10  0 15 1

0 extreme rays of recession cone:

2 support hyperplanes of polyhedron (homogenized):
 0 -1 1 0
 0  1 0 0

2 equations:
 1 0 -1   5
 0 1  2 -30

2 basis elements of generated  lattice:
 1 -2 1 0
 0 20 5 1

