6 lattice points in polytope (module generators)
0 Hilbert basis elements of recession monoid
2 vertices of polyhedron
0 extreme rays of recession cone
2 support hyperplanes of polyhedron (homogenized)

embedding dimension = 4
affine dimension of the polyhedron = 1
rank of recession monoid = 0 (polyhedron is polytope)

dehomogenization:
0 0 0 1 


module rank = 6

***********************************************************************

6 lattice points in polytope (module generators):
  8 10 11 1
  9  8 12 1
 10  6 13 1
 11  4 14 1
 12  2 15 1
 13  0 16 1

0 Hilbert basis elements of recession monoid:

2 vertices of polyhedron:
 13  0 16 1
 23 32 32 3

0 extreme rays of recession cone:

2 support hyperplanes of polyhedron (homogenized):
 0 -1  1  0
 0  0 -1 16

2 equations:
 1 0 -1   3
 0 1  2 -32

2 basis elements of generated  lattice:
 1 -2 1 0
 0 26 3 1

