161 lattice points in polytope (module generators)
0 Hilbert basis elements of recession monoid
195 vertices of polyhedron
0 extreme rays of recession cone
27 support hyperplanes of polyhedron (homogenized)

embedding dimension = 8
affine dimension of the polyhedron = 5
rank of recession monoid = 0 (polyhedron is polytope)

dehomogenization:
0 0 0 0 0 0 0 1 


module rank = 161

***********************************************************************

161 lattice points in polytope (module generators):
 0 2 4 2 3 2 4 1
 0 3 2 3 3 2 4 1
 0 3 3 1 4 2 4 1
 0 3 3 2 2 3 4 1
 0 3 3 2 3 1 5 1
 0 3 4 0 3 3 4 1
 0 3 4 1 1 4 4 1
 0 3 4 1 2 2 5 1
 0 4 1 2 4 2 4 1
 0 4 1 3 2 3 4 1
 0 4 1 3 3 1 5 1
 0 4 2 1 3 3 4 1
 0 4 2 1 4 1 5 1
 0 4 2 2 1 4 4 1
 0 4 2 2 2 2 5 1
 0 4 2 2 3 0 6 1
 0 4 3 0 2 4 4 1
 0 4 3 0 3 2 5 1
 0 4 3 1 1 3 5 1
 0 4 3 1 2 1 6 1
 0 5 0 2 4 1 5 1
 0 5 0 3 2 2 5 1
 0 5 0 3 3 0 6 1
 0 5 1 0 5 1 5 1
 0 5 1 1 3 2 5 1
 0 5 1 1 4 0 6 1
 0 5 1 2 2 1 6 1
 1 1 3 3 3 2 4 1
 1 1 3 4 1 3 4 1
 1 1 4 1 4 2 4 1
 1 1 4 2 2 3 4 1
 1 1 4 2 3 1 5 1
 1 1 4 3 0 4 4 1
 1 1 4 3 1 2 5 1
 1 1 5 0 4 1 5 1
 1 1 5 1 2 2 5 1
 1 1 5 1 3 0 6 1
 1 1 5 2 0 3 5 1
 1 1 5 2 1 1 6 1
 1 2 2 2 4 2 4 1
 1 2 2 3 2 3 4 1
 1 2 2 3 3 1 5 1
 1 2 2 4 0 4 4 1
 1 2 2 4 1 2 5 1
 1 2 2 4 2 0 6 1
 1 2 3 1 3 3 4 1
 1 2 3 1 4 1 5 1
 1 2 3 2 1 4 4 1
 1 2 3 2 2 2 5 1
 1 2 3 2 3 0 6 1
 1 2 3 3 0 3 5 1
 1 2 3 3 1 1 6 1
 1 2 4 0 2 4 4 1
 1 2 4 0 3 2 5 1
 1 2 4 0 4 0 6 1
 1 2 4 1 1 3 5 1
 1 2 4 1 2 1 6 1
 1 2 4 2 0 2 6 1
 1 2 4 2 1 0 7 1
 1 3 0 4 2 3 4 1
 1 3 0 5 1 2 5 1
 1 3 1 2 3 3 4 1
 1 3 1 2 4 1 5 1
 1 3 1 3 1 4 4 1
 1 3 1 3 2 2 5 1
 1 3 1 3 3 0 6 1
 1 3 1 4 0 3 5 1
 1 3 1 4 1 1 6 1
 1 3 2 0 4 3 4 1
 1 3 2 0 5 1 5 1
 1 3 2 1 2 4 4 1
 1 3 2 1 3 2 5 1
 1 3 2 1 4 0 6 1
 1 3 2 2 1 3 5 1
 1 3 2 2 2 1 6 1
 1 3 2 3 0 2 6 1
 1 3 2 3 1 0 7 1
 1 3 3 0 2 3 5 1
 1 3 3 0 3 1 6 1
 1 3 3 1 0 4 5 1
 1 3 3 1 1 2 6 1
 1 4 0 1 4 3 4 1
 1 4 0 1 5 1 5 1
 1 4 0 2 3 2 5 1
 1 4 0 2 4 0 6 1
 1 4 0 3 2 1 6 1
 1 4 0 4 1 0 7 1
 1 4 1 0 4 2 5 1
 1 4 1 0 5 0 6 1
 1 4 1 1 3 1 6 1
 2 0 3 2 4 2 4 1
 2 0 3 3 2 3 4 1
 2 0 3 3 3 1 5 1
 2 0 3 4 0 4 4 1
 2 0 3 4 1 2 5 1
 2 0 4 1 3 3 4 1
 2 0 4 1 4 1 5 1
 2 0 4 2 1 4 4 1
 2 0 4 2 2 2 5 1
 2 0 4 2 3 0 6 1
 2 0 4 3 0 3 5 1
 2 0 4 3 1 1 6 1
 2 0 5 0 3 2 5 1
 2 0 5 0 4 0 6 1
 2 0 5 1 1 3 5 1
 2 0 5 1 2 1 6 1
 2 0 5 2 0 2 6 1
 2 1 1 4 2 3 4 1
 2 1 1 5 1 2 5 1
 2 1 2 2 3 3 4 1
 2 1 2 2 4 1 5 1
 2 1 2 3 1 4 4 1
 2 1 2 3 2 2 5 1
 2 1 2 3 3 0 6 1
 2 1 2 4 0 3 5 1
 2 1 2 4 1 1 6 1
 2 1 3 0 4 3 4 1
 2 1 3 0 5 1 5 1
 2 1 3 1 2 4 4 1
 2 1 3 1 3 2 5 1
 2 1 3 1 4 0 6 1
 2 1 3 2 1 3 5 1
 2 1 3 2 2 1 6 1
 2 1 3 3 0 2 6 1
 2 1 4 0 2 3 5 1
 2 1 4 0 3 1 6 1
 2 1 4 1 1 2 6 1
 2 1 4 1 2 0 7 1
 2 2 0 3 3 3 4 1
 2 2 0 4 1 4 4 1
 2 2 0 4 2 2 5 1
 2 2 0 5 0 3 5 1
 2 2 0 5 1 1 6 1
 2 2 1 1 4 3 4 1
 2 2 1 1 5 1 5 1
 2 2 1 2 2 4 4 1
 2 2 1 2 3 2 5 1
 2 2 1 2 4 0 6 1
 2 2 1 3 1 3 5 1
 2 2 1 3 2 1 6 1
 2 2 1 4 0 2 6 1
 2 2 2 0 3 4 4 1
 2 2 2 0 4 2 5 1
 2 2 2 0 5 0 6 1
 2 2 2 1 2 3 5 1
 2 2 2 1 3 1 6 1
 2 2 2 2 0 4 5 1
 2 2 2 2 1 2 6 1
 2 2 2 2 2 0 7 1
 2 2 3 0 2 2 6 1
 2 3 0 2 3 1 6 1
 2 3 0 3 2 0 7 1
 3 0 3 0 3 4 4 1
 3 0 3 0 4 2 5 1
 3 0 3 0 5 0 6 1
 3 0 3 1 2 3 5 1
 3 0 3 1 3 1 6 1
 3 0 3 2 1 2 6 1
 3 0 4 0 3 0 7 1
 3 1 2 1 2 2 6 1
 3 1 2 1 3 0 7 1

0 Hilbert basis elements of recession monoid:

195 vertices of polyhedron:
   0   2  4   2  3   2   4  1
   0   3  3   1  4   2   4  1
   0   3  4   0  3   3   4  1
   0   3  4   1  1   4   4  1
   0   4  1   2  4   2   4  1
   0   4  3   0  2   4   4  1
   0   4  8   5  4   5   8  2
   0   4  9   4  4   4   9  2
   0   5  0   2  4   1   5  1
   0   5  0   3  2   2   5  1
   0   5  0   3  3   0   6  1
   0   5  1   0  5   1   5  1
   0   5  1   1  4   0   6  1
   0   5  5   7  5   4   8  2
   0   5  7   5  5   2  10  2
   0   7  5   5  5   0  12  2
   0   7  6   0  8   5   8  2
   0   8  1   8  3   6   8  2
   0   8  3   6  1   8   8  2
   0   8  5   4  4   0  13  2
   0   9  1   7  5   0  12  2
   0   9  5   0  4   7   9  2
   0   9  5   0  6   3  11  2
   0   9 19   6  6   9  19  4
   0  10  0   7  3   3  11  2
   0  10  1   6  4   0  13  2
   0  10  3   0  7   4  10  2
   0  10  3   0  8   2  11  2
   0  11 16   7  2  16  16  4
   0  12  7   0 12   8  12  3
   0  13  5  16  9   9  16  4
   0  13 15   6  0  17  17  4
   0  15  5   0 10   5  16  3
   0  15 13   6  6   3  25  4
   0  17  0  17  7  10  17  4
   0  17  7  10  0  17  17  4
   0  17 11   2  4  17  17  4
   0  17 11   6  0  13  21  4
   0  19  9   0 10   9  21  4
   0  20  0  14  9   0  25  4
   0  20  1  20 12  12  20  5
   0  20  3  11  6   3  25  4
   0  23 33  12  2  33  33  8
   0  29  0  22  7  15  29  6
   0  29  0  29 16  16  29  7
   0  35 21  12  2  21  45  8
   0  49 35  14  0  53  53 12
   0  58  0  44 29   0  73 12
   0  58  0  61 29  29  61 14
   1   1  3   4  1   3   4  1
   1   1  4   3  0   4   4  1
   1   1  5   0  4   1   5  1
   1   1  5   1  3   0   6  1
   1   1  5   2  0   3   5  1
   1   2  2   4  0   4   4  1
   1   2  2   4  2   0   6  1
   1   2  4   0  2   4   4  1
   1   2  4   0  4   0   6  1
   1   2  4   2  1   0   7  1
   1   4  0   1  4   3   4  1
   1   4  0   1  5   1   5  1
   1   4  0   4  1   0   7  1
   1   4  1   0  5   0   6  1
   1   6 12   2 12   6  12  3
   1   7 11   7  7   0  18  3
   1   7 12   0 12   7  12  3
   1   8  0   8  1   8   8  2
   1   8  4   0  5   8   8  2
   1   8  4   0  9   0  12  2
   1   9 11   5  5   0  20  3
   1  12  1  12  1  12  12  3
   1  13 21   8  0  21  21  5
   1  14  0   4 14   4  14  3
   1  19  5   0 19   1  23  4
   1  25 16   0 10  25  25  6
   1  36  0  36 22  22  36  9
   2   0  3   2  4   2   4  1
   2   0  3   4  0   4   4  1
   2   0  5   0  4   0   6  1
   2   0  5   2  0   2   6  1
   2   2  0   4  1   4   4  1
   2   2  0   5  0   3   5  1
   2   5  7   4  0   3  13  2
   2   5 13   0 13   5  13  3
   2   7  0   9  0   6  10  2
   2   7  3   6  0   3  13  2
   2  13 13  24 13  13  24  6
   2  16  0   9 16   9  16  4
   2  41 27  16  0  27  57 10
   3   0  3   0  3   4   4  1
   3   0  3   0  5   0   6  1
   3   0  3   2  1   2   6  1
   3   0  4   0  3   0   7  1
   3   0  8   4  7   4   8  2
   3   0  8   7  1   7   8  2
   3   0 11   1  7   1  11  2
   3   0 11   4  1   4  11  2
   3   1  2   1  3   0   7  1
   3   2 12  10  2  10  12  3
   3   2 16   2 10   2  16  3
   3   2 16   6  2   6  16  3
   3   4 14   6  4   0  20  3
   3   5  5  14  5   5  14  3
   3   6  3   0  6   8   8  2
   3   7  0   3  9   0  12  2
   3   9 23   9  9   0  32  5
   3  10  0  14  0  10  14  3
   3  10  0  14  5   0  19  3
   3  12 13   0 15   0  25  4
   3  17  3   0 17  11  17  4
   3  17  3   0 21   3  21  4
   3  18 56  18 18  18  56 11
   4   1  3  10  3   3  10  2
   4   4  0   5  8   5   8  2
   4   5  0   9  0   4  12  2
   4   6 11   6  0   4  20  3
   5   0  5   3  9   3   9  2
   5   0  5   6  6   0  12  2
   5   0  8   0  5   8   8  2
   5   0 10   8 10   6  12  3
   5   0 10  12  2  10  12  3
   5   0 12   4 12   6  12  3
   5   0 12  10  0  12  12  3
   5   0 16   0 12   2  16  3
   5   0 16   2 10   0  18  3
   5   0 16   6  0   8  16  3
   5   2  3   2 10   2  10  2
   5   3  2   3  9   0  12  2
   5   4 19   8  5   0  27  4
   5   5  0   5  5   0  14  2
   5   8  8   0  5   8  17  3
   5  15  5   0 15   5  23  4
   7   0  7  12  1  12  12  3
   7   0  7  13  0  11  13  3
   7   0  7  13  4   3  17  3
   7   0  8  10  8   0  18  3
   7   0 21   8  3   4  25  4
   7  10  0  17  0  17  17  4
   7  20  0  36 10  10  36  7
   7  32  7   0 32  26  32  8
   7  33  0  40  0  33  40  9
   7  79  0  79  7  72  79 19
   8  19  8  19  0   8  40  6
   9   0  9   4  9   0  20  3
   9   0 19   0  9  12  19  4
   9   0 26   9  0  15  26  5
   9   2  9   0  9   2  20  3
   9   4  5   4  5   4  20  3
   9   9  0   9  9  16  16  4
  10   7 25   0 10  25  25  6
  10  11 35  10  0  35  35  8
  10  23 23  10  0  23  47  8
  11   0 20   0 20  14  20  5
  11   6 11  26 11   0  37  6
  11  18  0  34 11   0  45  7
  12  12 25  12  0  12  46  7
  13   0 13  19  0  13  27  5
  13   0 32   0 32  10  32  7
  13   3 10  28 10   3  35  6
  13  13  0  28  0  13  35  6
  14   0 14  13 24  13  24  6
  14  35 35   0 14  53  53 12
  14  49 49  14  0  73  73 16
  14 100  7 107  0 107 107 26
  14 146  7 146  7 146 146 36
  15   0 15  33  8  15  33  7
  15   0 41  12 15   0  53  8
  20   0 20  20  0  20  39  7
  20  20  0  40  0  20  53  9
  20  20 20   0 20  20  53  9
  21   0 26  44 26  26  44 11
  21   4 21   0 25   0  48  7
  21  21  0  42  0  43  43 10
  21  21 21   0 21  43  43 10
  23   0 23   0 32  26  32  8
  23   0 23   0 42   6  42  8
  23  23  0  23 39   0  62 10
  23  23  0  23 44  30  44 11
  26   0 26  45  0  45  45 11
  27  27  0  72 20   7  85 14
  29   0 29  44 29   0  73 12
  29   0 29  56 34  34  56 14
  29   0 29  61 29  29  61 14
  29  29  0  61 29   0  90 14
  29  29  0  64 43  43  64 16
  29  29  0  86 21  21  86 16
  35   0 73  35  0  73  73 17
  40  40 40  40  0  40 123 19
  42  21 21  42  0  73  73 16
  46  46  0  46 95  46  95 22
  52  52  0 107  0 107 107 25
  63   0 63  63  0 101 101 23
  80  40 40  40 40  40 179 27
  80  40 40  80  0  80 173 29
 126  63 63  63 63 202 202 46

0 extreme rays of recession cone:

27 support hyperplanes of polyhedron (homogenized):
 -5 -5  3  3  3  3 3 -11
 -3 -3 -3 -3  5  5 5 -13
 -3  1  1  1  1  1 1  -5
 -1 -1 -1 -1 -1 -1 7 -15
 -1 -1 -1 -1 -1  3 3  -7
 -1 -1 -1  1  1  1 1  -3
 -1 -1  0  1  1  1 0   0
 -1 -1  1  1  1  0 0   0
 -1  0  0  0  1  1 0   0
 -1  0  0  1  1  0 0   0
 -1  0  1  1  0  0 0   0
 -1  1  1  0  0  0 0   0
  0 -1 -1 -1  1  1 1   0
  0 -1 -1  0  0  1 1   0
  0 -1  0  0  0  0 1   0
  0  0 -1 -1  0  1 1   0
  0  0 -1  0  0  0 1   0
  0  0  0 -1 -1  1 1   0
  0  0  0 -1  0  0 1   0
  0  0  0  0 -1  0 1   0
  0  0  0  0  0 -1 1   0
  0  0  0  0  0  1 0   0
  0  0  0  0  1  0 0   0
  0  0  0  1  0  0 0   0
  0  0  1  0  0  0 0   0
  0  1  0  0  0  0 0   0
  1  0  0  0  0  0 0   0

2 equations:
 1 0 -1 -2 -3 -4 -5  45
 0 1  2  3  4  5  6 -62

6 basis elements of generated  lattice:
 1 0 0 0 0 -6   5 0
 0 1 0 0 0 -5   4 0
 0 0 1 0 0 -4   3 0
 0 0 0 1 0 -3   2 0
 0 0 0 0 1 -2   1 0
 0 0 0 0 0 40 -23 1

