19 lattice points in polytope (module generators)
0 Hilbert basis elements of recession monoid
25 vertices of polyhedron
0 extreme rays of recession cone
12 support hyperplanes of polyhedron (homogenized)

embedding dimension = 7
affine dimension of the polyhedron = 4
rank of recession monoid = 0 (polyhedron is polytope)

dehomogenization:
0 0 0 0 0 0 1 


module rank = 19

***********************************************************************

19 lattice points in polytope (module generators):
 6 6 6 6 5 7 1
 6 7 5 5 6 7 1
 7 5 5 7 5 7 1
 7 5 6 5 6 7 1
 7 5 6 6 4 8 1
 7 6 4 6 6 7 1
 7 6 5 4 7 7 1
 7 6 5 5 5 8 1
 7 7 3 5 7 7 1
 7 7 4 4 6 8 1
 8 4 5 7 4 8 1
 8 4 6 5 5 8 1
 8 4 6 6 3 9 1
 8 5 4 6 5 8 1
 8 5 5 4 6 8 1
 8 5 5 5 4 9 1
 8 6 3 5 6 8 1
 9 3 6 5 4 9 1
 9 4 5 4 5 9 1

0 Hilbert basis elements of recession monoid:

25 vertices of polyhedron:
   6  6  6  6  5   7  1
   6  7  5  5  6   7  1
   7  5  5  7  5   7  1
   7  6  5  4  7   7  1
   7  7  3  5  7   7  1
   7  7  4  4  6   8  1
   8  6  3  5  6   8  1
   9  4  5  4  5   9  1
  13 14  9  8 14  14  2
  13 15  8  8 13  15  2
  15 13  8  7 13  16  2
  17  7 10 14  7  17  2
  17  7 12 12  5  19  2
  21 13 20 17 16  21  3
  22 20 11 11 22  22  3
  27  7 20 17 10  27  3
  27 29 16 14 29  29  4
  34 19 19 19 15  38  4
  34 21 13 21 21  34  4
  36 34 20 16 37  37  5
  37 32 21 16 37  37  5
  53 19 34 38 15  57  6
  70 37 37 33 37  74  8
 106 53 53 61 45 114 12
 178 89 89 89 89 186 20

0 extreme rays of recession cone:

12 support hyperplanes of polyhedron (homogenized):
 -4 -4  3  3  3 3 -10
 -1 -1 -1 -1 -1 6 -13
 -1 -1 -1  1  1 1   0
 -1 -1  0  0  1 1   0
 -1 -1  1  1  1 0   0
 -1  0  0  0  0 1   0
 -1  0  0  1  1 0   0
 -1  0  1  1  0 0   0
 -1  1  1  0  0 0   0
  0 -1  0  0  0 1   0
  0  0 -1 -1  1 1   0
  0  0  0  0 -1 1   0

2 equations:
 1 0 -1 -2 -3 -4  55
 0 1  2  3  4  5 -91

5 basis elements of generated  lattice:
 1 0 0 0 -5   4 0
 0 1 0 0 -4   3 0
 0 0 1 0 -3   2 0
 0 0 0 1 -2   1 0
 0 0 0 0 89 -53 1

