14 lattice points in polytope (module generators)
0 Hilbert basis elements of recession monoid
14 vertices of polyhedron
0 extreme rays of recession cone
14 support hyperplanes of polyhedron (homogenized)

embedding dimension = 16
affine dimension of the polyhedron = 13
rank of recession monoid = 0 (polyhedron is polytope)

dehomogenization:
0 0 0 0 0 0 0 0 0 0 0 0 0 0 0 1 


module rank = 14

***********************************************************************

14 lattice points in polytope (module generators):
 0 2 1 1 1 1 1 1 1 1 1 1 1 1 3 1
 1 0 2 1 1 1 1 1 1 1 1 1 1 1 3 1
 1 1 0 2 1 1 1 1 1 1 1 1 1 1 3 1
 1 1 1 0 2 1 1 1 1 1 1 1 1 1 3 1
 1 1 1 1 0 2 1 1 1 1 1 1 1 1 3 1
 1 1 1 1 1 0 2 1 1 1 1 1 1 1 3 1
 1 1 1 1 1 1 0 2 1 1 1 1 1 1 3 1
 1 1 1 1 1 1 1 0 2 1 1 1 1 1 3 1
 1 1 1 1 1 1 1 1 0 2 1 1 1 1 3 1
 1 1 1 1 1 1 1 1 1 0 2 1 1 1 3 1
 1 1 1 1 1 1 1 1 1 1 0 2 1 1 3 1
 1 1 1 1 1 1 1 1 1 1 1 0 2 1 3 1
 1 1 1 1 1 1 1 1 1 1 1 1 0 2 3 1
 1 1 1 1 1 1 1 1 1 1 1 1 1 0 4 1

0 Hilbert basis elements of recession monoid:

14 vertices of polyhedron:
 0 2 1 1 1 1 1 1 1 1 1 1 1 1 3 1
 1 0 2 1 1 1 1 1 1 1 1 1 1 1 3 1
 1 1 0 2 1 1 1 1 1 1 1 1 1 1 3 1
 1 1 1 0 2 1 1 1 1 1 1 1 1 1 3 1
 1 1 1 1 0 2 1 1 1 1 1 1 1 1 3 1
 1 1 1 1 1 0 2 1 1 1 1 1 1 1 3 1
 1 1 1 1 1 1 0 2 1 1 1 1 1 1 3 1
 1 1 1 1 1 1 1 0 2 1 1 1 1 1 3 1
 1 1 1 1 1 1 1 1 0 2 1 1 1 1 3 1
 1 1 1 1 1 1 1 1 1 0 2 1 1 1 3 1
 1 1 1 1 1 1 1 1 1 1 0 2 1 1 3 1
 1 1 1 1 1 1 1 1 1 1 1 0 2 1 3 1
 1 1 1 1 1 1 1 1 1 1 1 1 0 2 3 1
 1 1 1 1 1 1 1 1 1 1 1 1 1 0 4 1

0 extreme rays of recession cone:

14 support hyperplanes of polyhedron (homogenized):
 -13 -13   3   3  3  3  3  3  3  3  3  3  3  3  3 -19
 -11 -11 -11 -11  5  5  5  5  5  5  5  5  5  5  5 -21
  -9  -9  -9  -9 -9 -9  7  7  7  7  7  7  7  7  7 -23
  -7  -7  -7  -7 -7 -7 -7 -7  9  9  9  9  9  9  9 -25
  -7   1   1   1  1  1  1  1  1  1  1  1  1  1  1  -9
  -5  -5  -5  -5 -5 -5 -5 -5 -5 -5 11 11 11 11 11 -27
  -5  -5  -5  -5 -5  3  3  3  3  3  3  3  3  3  3 -11
  -3  -3  -3  -3 -3 -3 -3 -3 -3 -3 -3 -3 13 13 13 -29
  -3  -3  -3  -3 -3 -3 -3 -3 -3  5  5  5  5  5  5 -13
  -3  -3  -3   1  1  1  1  1  1  1  1  1  1  1  1  -5
  -1  -1  -1  -1 -1 -1 -1 -1 -1 -1 -1 -1 -1 -1 15 -31
  -1  -1  -1  -1 -1 -1 -1 -1 -1 -1 -1 -1 -1  7  7 -15
  -1  -1  -1  -1 -1 -1 -1 -1 -1 -1 -1  3  3  3  3  -7
  -1  -1  -1  -1 -1 -1 -1  1  1  1  1  1  1  1  1  -3

2 equations:
 1 0 -1 -2 -3 -4 -5 -6 -7 -8 -9 -10 -11 -12 -13  117
 0 1  2  3  4  5  6  7  8  9 10  11  12  13  14 -134

14 basis elements of generated  lattice:
 1 0 0 0 0 0 0 0 0 0 0 0 0 -14  13 0
 0 1 0 0 0 0 0 0 0 0 0 0 0 -13  12 0
 0 0 1 0 0 0 0 0 0 0 0 0 0 -12  11 0
 0 0 0 1 0 0 0 0 0 0 0 0 0 -11  10 0
 0 0 0 0 1 0 0 0 0 0 0 0 0 -10   9 0
 0 0 0 0 0 1 0 0 0 0 0 0 0  -9   8 0
 0 0 0 0 0 0 1 0 0 0 0 0 0  -8   7 0
 0 0 0 0 0 0 0 1 0 0 0 0 0  -7   6 0
 0 0 0 0 0 0 0 0 1 0 0 0 0  -6   5 0
 0 0 0 0 0 0 0 0 0 1 0 0 0  -5   4 0
 0 0 0 0 0 0 0 0 0 0 1 0 0  -4   3 0
 0 0 0 0 0 0 0 0 0 0 0 1 0  -3   2 0
 0 0 0 0 0 0 0 0 0 0 0 0 1  -2   1 0
 0 0 0 0 0 0 0 0 0 0 0 0 0 104 -87 1

