93 lattice points in polytope (module generators)
0 Hilbert basis elements of recession monoid
129 vertices of polyhedron
0 extreme rays of recession cone
23 support hyperplanes of polyhedron (homogenized)

embedding dimension = 8
affine dimension of the polyhedron = 5
rank of recession monoid = 0 (polyhedron is polytope)

dehomogenization:
0 0 0 0 0 0 0 1 


module rank = 93

***********************************************************************

93 lattice points in polytope (module generators):
 4 6 4 4 5 4 6 1
 4 6 5 3 4 5 6 1
 4 7 4 3 4 4 7 1
 5 4 4 6 4 4 6 1
 5 4 5 4 5 4 6 1
 5 4 5 5 3 5 6 1
 5 4 5 5 4 3 7 1
 5 4 6 2 6 4 6 1
 5 4 6 3 4 5 6 1
 5 4 6 3 5 3 7 1
 5 5 3 5 5 4 6 1
 5 5 3 6 3 5 6 1
 5 5 3 6 4 3 7 1
 5 5 4 3 6 4 6 1
 5 5 4 4 4 5 6 1
 5 5 4 4 5 3 7 1
 5 5 4 5 2 6 6 1
 5 5 4 5 3 4 7 1
 5 5 4 5 4 2 8 1
 5 5 5 2 5 5 6 1
 5 5 5 2 6 3 7 1
 5 5 5 3 3 6 6 1
 5 5 5 3 4 4 7 1
 5 5 5 3 5 2 8 1
 5 6 2 5 4 5 6 1
 5 6 2 6 3 4 7 1
 5 6 3 3 5 5 6 1
 5 6 3 4 4 4 7 1
 5 6 3 5 3 3 8 1
 5 6 4 1 6 5 6 1
 5 6 4 2 5 4 7 1
 6 2 6 4 5 4 6 1
 6 2 6 5 3 5 6 1
 6 2 7 3 5 3 7 1
 6 3 4 5 5 4 6 1
 6 3 4 6 3 5 6 1
 6 3 4 6 4 3 7 1
 6 3 5 3 6 4 6 1
 6 3 5 4 4 5 6 1
 6 3 5 4 5 3 7 1
 6 3 5 5 2 6 6 1
 6 3 5 5 3 4 7 1
 6 3 5 5 4 2 8 1
 6 3 6 2 5 5 6 1
 6 3 6 2 6 3 7 1
 6 3 6 3 3 6 6 1
 6 3 6 3 4 4 7 1
 6 3 6 3 5 2 8 1
 6 4 3 4 6 4 6 1
 6 4 3 5 4 5 6 1
 6 4 3 5 5 3 7 1
 6 4 3 6 2 6 6 1
 6 4 3 6 3 4 7 1
 6 4 3 6 4 2 8 1
 6 4 4 3 5 5 6 1
 6 4 4 3 6 3 7 1
 6 4 4 4 3 6 6 1
 6 4 4 4 4 4 7 1
 6 4 4 4 5 2 8 1
 6 4 4 5 2 5 7 1
 6 4 4 5 3 3 8 1
 6 4 5 1 6 5 6 1
 6 4 5 1 7 3 7 1
 6 4 5 2 4 6 6 1
 6 4 5 2 5 4 7 1
 6 4 5 2 6 2 8 1
 6 4 5 3 3 5 7 1
 6 4 5 3 4 3 8 1
 6 5 1 6 4 5 6 1
 6 5 1 7 3 4 7 1
 6 5 2 4 5 5 6 1
 6 5 2 5 4 4 7 1
 6 5 2 6 3 3 8 1
 6 5 3 3 5 4 7 1
 6 5 3 4 4 3 8 1
 7 1 6 4 5 3 7 1
 7 1 6 5 3 4 7 1
 7 1 7 2 6 3 7 1
 7 1 7 3 4 4 7 1
 7 1 7 3 5 2 8 1
 7 2 5 3 6 3 7 1
 7 2 5 4 4 4 7 1
 7 2 5 4 5 2 8 1
 7 2 5 5 2 5 7 1
 7 2 6 1 7 3 7 1
 7 2 6 2 5 4 7 1
 7 2 6 2 6 2 8 1
 7 2 6 3 4 3 8 1
 7 3 4 3 5 4 7 1
 7 3 4 3 6 2 8 1
 7 3 4 4 3 5 7 1
 7 3 4 4 4 3 8 1
 7 3 5 2 5 3 8 1

0 Hilbert basis elements of recession monoid:

129 vertices of polyhedron:
   4  6  4  4  5  4   6  1
   4  6  5  3  4  5   6  1
   4  7  4  3  4  4   7  1
   5  4  4  6  4  4   6  1
   5  4  5  5  4  3   7  1
   5  4  6  2  6  4   6  1
   5  5  3  6  4  3   7  1
   5  5  4  5  2  6   6  1
   5  5  4  5  4  2   8  1
   5  5  5  3  5  2   8  1
   5  6  3  5  3  3   8  1
   5  6  4  1  6  5   6  1
   6  2  6  4  5  4   6  1
   6  2  6  5  3  5   6  1
   6  2  7  3  5  3   7  1
   6  3  5  5  2  6   6  1
   6  3  5  5  4  2   8  1
   6  3  6  3  3  6   6  1
   6  4  3  4  6  4   6  1
   6  4  3  6  2  6   6  1
   6  4  3  6  4  2   8  1
   6  4  5  1  6  5   6  1
   6  4  5  1  7  3   7  1
   6  5  1  6  4  5   6  1
   6  5  1  7  3  4   7  1
   6  5  2  4  5  5   6  1
   7  1  6  4  5  3   7  1
   7  1  6  5  3  4   7  1
   7  1  7  2  6  3   7  1
   7  1  7  3  4  4   7  1
   7  1  7  3  5  2   8  1
   7  2  5  5  2  5   7  1
   7  2  6  1  7  3   7  1
   7  2  6  3  4  3   8  1
   7  3  4  3  6  2   8  1
   7  3  5  2  5  3   8  1
   8 12  7 10  9  8  12  2
   8 14  7  8  7  8  14  2
   9  8 12  8  9  8  12  2
   9  9 12  6  9  9  12  2
   9 11  9  5 12  8  12  2
   9 12  9  3 12  9  12  2
   9 12  9  6  6 12  12  2
  10  7 11 10  7  9  12  2
  10  7 13  6 10  7  13  2
  10 10 10  3 13  7  13  2
  10 11  6 11  4 12  12  2
  10 12  3 12  7 10  12  2
  10 12  3 13  6  9  13  2
  11  9  8 10  8  3  17  2
  11 10  5 12  4 12  12  2
  11 10  7 10  7  4  17  2
  11 11  8  3 11  8  14  2
  12  5  9 11  9  8  12  2
  12  5  9 12  7  9  12  2
  12  5 12  5 12  8  12  2
  12  6 12  3 12  9  12  2
  12  9  3 12  9  9  12  2
  12  9  3 14  7  7  14  2
  12  9  6  6 12  9  12  2
  12  9  9  3  9 12  12  2
  12  9  9  6  6  9  15  2
  13  4  9 11  9  7  13  2
  13  4 13  3 13  7  13  2
  13  5  8 12  8  5  15  2
  13  7  6  8 12  7  13  2
  13  7  6 11  9  4  16  2
  13  7  7  6 13  7  13  2
  13  7 10  3 13  4  16  2
  13  8  8  8  5  8  16  2
  13 13 17 13 13 12  18  3
  13 17  9 17 13 12  18  3
  13 17 13 13 13  8  22  3
  14  5  9  5 13  6  14  2
  14  5 11  3 11  8  14  2
  14  6  8  7 11  3  17  2
  14  6  9  5 12  3  17  2
  14  7  7  7  7 10  14  2
  14  7  7  7 10  4  17  2
  15 17  7 18  7 17  18  3
  17 13 13 13 13  4  26  3
  17 16  8 16  9  8  25  3
  18 24  9 24 15 18  24  4
  18 24 15 18  9 24  24  4
  19  7 12 19 11 12  19  3
  19  9 17  9 15  4  26  3
  19 10 13 15  4 19  19  3
  19 13 13  6 13 13  22  3
  19 14  5 14 14 14  19  3
  20 10 10 10 19 10  20  3
  20 21  9 26 15 15  26  4
  21  2 21  9 16  9  21  3
  21  2 21 11 12 11  21  3
  21  2 22  8 16  8  22  3
  21  2 22  9 14  9  22  3
  21  4 17 13 14  7  23  3
  21  7 17  7 17  4  26  3
  21  8 16  5 19  5  25  3
  21  8 16  8 13  8  25  3
  21  9 13  9 17  4  26  3
  21 11 11 10 11 11  24  3
  22 19 19 12 10 25  25  4
  24 18  9 24  9 24  24  4
  25 16  9 26 15 10  31  4
  25 19  6 26 12 13  31  4
  27 12 21 12 15 12  33  4
  27 42 28 32 32 28  42  7
  27 42 33 27 27 33  42  7
  27 43 27 32 32 27  43  7
  27 48 27 27 27 27  48  7
  28 14 14 17 11 17  31  4
  29 25 16 25 13 16  41  5
  35 19 16 19 19 16  41  5
  36 45 21 48 33 33  48  8
  38 50 13 50 25 38  50  8
  40 43 29 40 14 49  49  8
  41 25 16 25 25 16  50  6
  46 26 26 35 11 35  52  7
  48 21 33 48 33 33  48  8
  48 60 21 60 27 54  60 10
  49 34 20 49 14 49  49  8
  57 37 20 57 17 52  57  9
  63 24 39 63 39 39  63 10
  74 47 47 60 14 77  77 12
  77 40 40 40 37 40  89 11
  77 44 44 63 14 77  77 12
  88 35 53 90 53 53  90 14
  88 44 44 71 17 77  88 13
 116 58 58 91 25 91 122 17

0 extreme rays of recession cone:

23 support hyperplanes of polyhedron (homogenized):
 -3 -3 -3 -3  5  5 5 -13
 -3  1  1  1  1  1 1  -5
 -1 -1 -1 -1 -1 -1 7 -15
 -1 -1 -1 -1 -1  3 3  -7
 -1 -1 -1  0  1  1 1   0
 -1 -1 -1  1  1  1 1  -3
 -1 -1  0  0  0  1 1   0
 -1 -1  0  1  1  1 0   0
 -1 -1  1  1  1  0 0   0
 -1  0  0  0  0  0 1   0
 -1  0  0  0  1  1 0   0
 -1  0  0  1  1  0 0   0
 -1  0  1  1  0  0 0   0
 -1  1  1  0  0  0 0   0
  0 -1 -1 -1  1  1 1   0
  0 -1 -1  0  0  1 1   0
  0 -1  0  0  0  0 1   0
  0  0 -1 -1  0  1 1   0
  0  0 -1  0  0  0 1   0
  0  0  0 -1 -1  1 1   0
  0  0  0 -1  0  0 1   0
  0  0  0  0 -1  0 1   0
  0  0  0  0  0 -1 1   0

2 equations:
 1 0 -1 -2 -3 -4 -5   69
 0 1  2  3  4  5  6 -102

6 basis elements of generated  lattice:
 1 0 0 0 0 -6   5 0
 0 1 0 0 0 -5   4 0
 0 0 1 0 0 -4   3 0
 0 0 0 1 0 -3   2 0
 0 0 0 0 1 -2   1 0
 0 0 0 0 0 96 -63 1

